[3.095s] Invoking command in '/home/vboxuser/ros2_ws/src/py_pubsub': PYTHONPATH=/home/vboxuser/ros2_ws/build/py_pubsub/prefix_override:/usr/lib/python3/dist-packages/colcon_core/task/python/colcon_distutils_commands:/home/vboxuser/ros2_ws/install/py_pubsub/lib/python3.10/site-packages:${PYTHONPATH} /usr/bin/python3 -W ignore:setup.py install is deprecated -W ignore:easy_install command is deprecated setup.py egg_info --egg-base ../../build/py_pubsub build --build-base /home/vboxuser/ros2_ws/build/py_pubsub/build install --record /home/vboxuser/ros2_ws/build/py_pubsub/install.log --single-version-externally-managed install_data
[3.506s] running egg_info
[3.506s] writing ../../build/py_pubsub/py_pubsub.egg-info/PKG-INFO
[3.506s] writing dependency_links to ../../build/py_pubsub/py_pubsub.egg-info/dependency_links.txt
[3.515s] writing entry points to ../../build/py_pubsub/py_pubsub.egg-info/entry_points.txt
[3.537s] writing requirements to ../../build/py_pubsub/py_pubsub.egg-info/requires.txt
[3.537s] writing top-level names to ../../build/py_pubsub/py_pubsub.egg-info/top_level.txt
[3.565s] reading manifest file '../../build/py_pubsub/py_pubsub.egg-info/SOURCES.txt'
[3.565s] adding license file 'LICENSE'
[3.565s] writing manifest file '../../build/py_pubsub/py_pubsub.egg-info/SOURCES.txt'
[3.565s] running build
[3.565s] running build_py
[3.565s] running install
[3.565s] running install_lib
[3.572s] copying /home/vboxuser/ros2_ws/build/py_pubsub/build/lib/py_pubsub/publisher_member_function.py -> /home/vboxuser/ros2_ws/install/py_pubsub/lib/python3.10/site-packages/py_pubsub
[3.572s] copying /home/vboxuser/ros2_ws/build/py_pubsub/build/lib/py_pubsub/__init__.py -> /home/vboxuser/ros2_ws/install/py_pubsub/lib/python3.10/site-packages/py_pubsub
[3.572s] copying /home/vboxuser/ros2_ws/build/py_pubsub/build/lib/py_pubsub/serial_data_receiver_COM5.py -> /home/vboxuser/ros2_ws/install/py_pubsub/lib/python3.10/site-packages/py_pubsub
[3.572s] copying /home/vboxuser/ros2_ws/build/py_pubsub/build/lib/py_pubsub/subscriber_member_function.py -> /home/vboxuser/ros2_ws/install/py_pubsub/lib/python3.10/site-packages/py_pubsub
[3.572s] copying /home/vboxuser/ros2_ws/build/py_pubsub/build/lib/py_pubsub/battery_resistance_estimator2.py -> /home/vboxuser/ros2_ws/install/py_pubsub/lib/python3.10/site-packages/py_pubsub
[3.573s] copying /home/vboxuser/ros2_ws/build/py_pubsub/build/lib/py_pubsub/serial_data_sender_COM3.py -> /home/vboxuser/ros2_ws/install/py_pubsub/lib/python3.10/site-packages/py_pubsub
[3.573s] copying /home/vboxuser/ros2_ws/build/py_pubsub/build/lib/py_pubsub/subscriber_member_function_FLOAT32_array.py -> /home/vboxuser/ros2_ws/install/py_pubsub/lib/python3.10/site-packages/py_pubsub
[3.573s] copying /home/vboxuser/ros2_ws/build/py_pubsub/build/lib/py_pubsub/battery_resistance_estimator6.py -> /home/vboxuser/ros2_ws/install/py_pubsub/lib/python3.10/site-packages/py_pubsub
[3.573s] copying /home/vboxuser/ros2_ws/build/py_pubsub/build/lib/py_pubsub/battery_resistance_estimator1.py -> /home/vboxuser/ros2_ws/install/py_pubsub/lib/python3.10/site-packages/py_pubsub
[3.573s] copying /home/vboxuser/ros2_ws/build/py_pubsub/build/lib/py_pubsub/battery_resistance_estimator5.py -> /home/vboxuser/ros2_ws/install/py_pubsub/lib/python3.10/site-packages/py_pubsub
[3.573s] copying /home/vboxuser/ros2_ws/build/py_pubsub/build/lib/py_pubsub/battery_resistance_estimator3.py -> /home/vboxuser/ros2_ws/install/py_pubsub/lib/python3.10/site-packages/py_pubsub
[3.573s] copying /home/vboxuser/ros2_ws/build/py_pubsub/build/lib/py_pubsub/publisher_member_function_UINT8.py -> /home/vboxuser/ros2_ws/install/py_pubsub/lib/python3.10/site-packages/py_pubsub
[3.573s] copying /home/vboxuser/ros2_ws/build/py_pubsub/build/lib/py_pubsub/battery_resistance_logger.py -> /home/vboxuser/ros2_ws/install/py_pubsub/lib/python3.10/site-packages/py_pubsub
[3.573s] copying /home/vboxuser/ros2_ws/build/py_pubsub/build/lib/py_pubsub/battery_resistance_estimator.py -> /home/vboxuser/ros2_ws/install/py_pubsub/lib/python3.10/site-packages/py_pubsub
[3.573s] copying /home/vboxuser/ros2_ws/build/py_pubsub/build/lib/py_pubsub/publisher_member_function_FLOAT.py -> /home/vboxuser/ros2_ws/install/py_pubsub/lib/python3.10/site-packages/py_pubsub
[3.573s] copying /home/vboxuser/ros2_ws/build/py_pubsub/build/lib/py_pubsub/subscriber_member_function_UINT8.py -> /home/vboxuser/ros2_ws/install/py_pubsub/lib/python3.10/site-packages/py_pubsub
[3.573s] copying /home/vboxuser/ros2_ws/build/py_pubsub/build/lib/py_pubsub/battery_resistance_estimator4.py -> /home/vboxuser/ros2_ws/install/py_pubsub/lib/python3.10/site-packages/py_pubsub
[3.573s] copying /home/vboxuser/ros2_ws/build/py_pubsub/build/lib/py_pubsub/subscriber_member_function_FLOAT.py -> /home/vboxuser/ros2_ws/install/py_pubsub/lib/python3.10/site-packages/py_pubsub
[3.573s] copying /home/vboxuser/ros2_ws/build/py_pubsub/build/lib/py_pubsub/publisher_member_function_FLOAT32_array.py -> /home/vboxuser/ros2_ws/install/py_pubsub/lib/python3.10/site-packages/py_pubsub
[3.573s] byte-compiling /home/vboxuser/ros2_ws/install/py_pubsub/lib/python3.10/site-packages/py_pubsub/publisher_member_function.py to publisher_member_function.cpython-310.pyc
[3.573s] byte-compiling /home/vboxuser/ros2_ws/install/py_pubsub/lib/python3.10/site-packages/py_pubsub/__init__.py to __init__.cpython-310.pyc
[3.585s] byte-compiling /home/vboxuser/ros2_ws/install/py_pubsub/lib/python3.10/site-packages/py_pubsub/serial_data_receiver_COM5.py to serial_data_receiver_COM5.cpython-310.pyc
[3.599s] byte-compiling /home/vboxuser/ros2_ws/install/py_pubsub/lib/python3.10/site-packages/py_pubsub/subscriber_member_function.py to subscriber_member_function.cpython-310.pyc
[3.599s] byte-compiling /home/vboxuser/ros2_ws/install/py_pubsub/lib/python3.10/site-packages/py_pubsub/battery_resistance_estimator2.py to battery_resistance_estimator2.cpython-310.pyc
[3.642s] byte-compiling /home/vboxuser/ros2_ws/install/py_pubsub/lib/python3.10/site-packages/py_pubsub/serial_data_sender_COM3.py to serial_data_sender_COM3.cpython-310.pyc
[3.651s] byte-compiling /home/vboxuser/ros2_ws/install/py_pubsub/lib/python3.10/site-packages/py_pubsub/subscriber_member_function_FLOAT32_array.py to subscriber_member_function_FLOAT32_array.cpython-310.pyc
[3.651s] byte-compiling /home/vboxuser/ros2_ws/install/py_pubsub/lib/python3.10/site-packages/py_pubsub/battery_resistance_estimator6.py to battery_resistance_estimator6.cpython-310.pyc
[3.651s] byte-compiling /home/vboxuser/ros2_ws/install/py_pubsub/lib/python3.10/site-packages/py_pubsub/battery_resistance_estimator1.py to battery_resistance_estimator1.cpython-310.pyc
[3.720s] byte-compiling /home/vboxuser/ros2_ws/install/py_pubsub/lib/python3.10/site-packages/py_pubsub/battery_resistance_estimator5.py to battery_resistance_estimator5.cpython-310.pyc
[3.720s] byte-compiling /home/vboxuser/ros2_ws/install/py_pubsub/lib/python3.10/site-packages/py_pubsub/battery_resistance_estimator3.py to battery_resistance_estimator3.cpython-310.pyc
[3.720s] byte-compiling /home/vboxuser/ros2_ws/install/py_pubsub/lib/python3.10/site-packages/py_pubsub/publisher_member_function_UINT8.py to publisher_member_function_UINT8.cpython-310.pyc
[3.720s] byte-compiling /home/vboxuser/ros2_ws/install/py_pubsub/lib/python3.10/site-packages/py_pubsub/battery_resistance_logger.py to battery_resistance_logger.cpython-310.pyc
[3.720s] byte-compiling /home/vboxuser/ros2_ws/install/py_pubsub/lib/python3.10/site-packages/py_pubsub/battery_resistance_estimator.py to battery_resistance_estimator.cpython-310.pyc
[3.720s] byte-compiling /home/vboxuser/ros2_ws/install/py_pubsub/lib/python3.10/site-packages/py_pubsub/publisher_member_function_FLOAT.py to publisher_member_function_FLOAT.cpython-310.pyc
[3.720s] byte-compiling /home/vboxuser/ros2_ws/install/py_pubsub/lib/python3.10/site-packages/py_pubsub/subscriber_member_function_UINT8.py to subscriber_member_function_UINT8.cpython-310.pyc
[3.720s] byte-compiling /home/vboxuser/ros2_ws/install/py_pubsub/lib/python3.10/site-packages/py_pubsub/battery_resistance_estimator4.py to battery_resistance_estimator4.cpython-310.pyc
[3.720s] byte-compiling /home/vboxuser/ros2_ws/install/py_pubsub/lib/python3.10/site-packages/py_pubsub/subscriber_member_function_FLOAT.py to subscriber_member_function_FLOAT.cpython-310.pyc
[3.720s] byte-compiling /home/vboxuser/ros2_ws/install/py_pubsub/lib/python3.10/site-packages/py_pubsub/publisher_member_function_FLOAT32_array.py to publisher_member_function_FLOAT32_array.cpython-310.pyc
[3.720s] running install_data
[3.720s] running install_egg_info
[3.723s] removing '/home/vboxuser/ros2_ws/install/py_pubsub/lib/python3.10/site-packages/py_pubsub-0.0.0-py3.10.egg-info' (and everything under it)
[3.736s] Copying ../../build/py_pubsub/py_pubsub.egg-info to /home/vboxuser/ros2_ws/install/py_pubsub/lib/python3.10/site-packages/py_pubsub-0.0.0-py3.10.egg-info
[3.736s] running install_scripts
[3.785s] Installing battery_resistance_estimator script to /home/vboxuser/ros2_ws/install/py_pubsub/lib/py_pubsub
[3.787s] Installing battery_resistance_estimator1 script to /home/vboxuser/ros2_ws/install/py_pubsub/lib/py_pubsub
[3.799s] Installing battery_resistance_estimator2 script to /home/vboxuser/ros2_ws/install/py_pubsub/lib/py_pubsub
[3.799s] Installing battery_resistance_estimator3 script to /home/vboxuser/ros2_ws/install/py_pubsub/lib/py_pubsub
[3.818s] Installing battery_resistance_estimator4 script to /home/vboxuser/ros2_ws/install/py_pubsub/lib/py_pubsub
[3.830s] Installing battery_resistance_estimator5 script to /home/vboxuser/ros2_ws/install/py_pubsub/lib/py_pubsub
[3.845s] Installing battery_resistance_estimator6 script to /home/vboxuser/ros2_ws/install/py_pubsub/lib/py_pubsub
[3.850s] Installing battery_resistance_estimator7 script to /home/vboxuser/ros2_ws/install/py_pubsub/lib/py_pubsub
[3.900s] Installing battery_resistance_logger script to /home/vboxuser/ros2_ws/install/py_pubsub/lib/py_pubsub
[3.900s] Installing listener script to /home/vboxuser/ros2_ws/install/py_pubsub/lib/py_pubsub
[3.900s] Installing listener_float script to /home/vboxuser/ros2_ws/install/py_pubsub/lib/py_pubsub
[3.900s] Installing listener_float_array script to /home/vboxuser/ros2_ws/install/py_pubsub/lib/py_pubsub
[3.900s] Installing listener_uint8 script to /home/vboxuser/ros2_ws/install/py_pubsub/lib/py_pubsub
[3.900s] Installing talker script to /home/vboxuser/ros2_ws/install/py_pubsub/lib/py_pubsub
[3.900s] Installing talker_float script to /home/vboxuser/ros2_ws/install/py_pubsub/lib/py_pubsub
[3.927s] Installing talker_float_array script to /home/vboxuser/ros2_ws/install/py_pubsub/lib/py_pubsub
[3.927s] Installing talker_uint8 script to /home/vboxuser/ros2_ws/install/py_pubsub/lib/py_pubsub
[3.935s] writing list of installed files to '/home/vboxuser/ros2_ws/build/py_pubsub/install.log'
[4.226s] Invoked command in '/home/vboxuser/ros2_ws/src/py_pubsub' returned '0': PYTHONPATH=/home/vboxuser/ros2_ws/build/py_pubsub/prefix_override:/usr/lib/python3/dist-packages/colcon_core/task/python/colcon_distutils_commands:/home/vboxuser/ros2_ws/install/py_pubsub/lib/python3.10/site-packages:${PYTHONPATH} /usr/bin/python3 -W ignore:setup.py install is deprecated -W ignore:easy_install command is deprecated setup.py egg_info --egg-base ../../build/py_pubsub build --build-base /home/vboxuser/ros2_ws/build/py_pubsub/build install --record /home/vboxuser/ros2_ws/build/py_pubsub/install.log --single-version-externally-managed install_data
