[5.227s] Invoking command in '/home/vboxuser/ros2_ws/src/read_rosbag': PYTHONPATH=/home/vboxuser/ros2_ws/build/read_rosbag/prefix_override:/usr/lib/python3/dist-packages/colcon_core/task/python/colcon_distutils_commands:/home/vboxuser/ros2_ws/install/read_rosbag/lib/python3.10/site-packages:${PYTHONPATH} /usr/bin/python3 -W ignore:setup.py install is deprecated -W ignore:easy_install command is deprecated setup.py egg_info --egg-base ../../build/read_rosbag build --build-base /home/vboxuser/ros2_ws/build/read_rosbag/build install --record /home/vboxuser/ros2_ws/build/read_rosbag/install.log --single-version-externally-managed install_data
[6.826s] running egg_info
[6.826s] writing ../../build/read_rosbag/read_rosbag.egg-info/PKG-INFO
[6.826s] writing dependency_links to ../../build/read_rosbag/read_rosbag.egg-info/dependency_links.txt
[6.827s] writing entry points to ../../build/read_rosbag/read_rosbag.egg-info/entry_points.txt
[6.831s] writing requirements to ../../build/read_rosbag/read_rosbag.egg-info/requires.txt
[6.832s] writing top-level names to ../../build/read_rosbag/read_rosbag.egg-info/top_level.txt
[6.837s] reading manifest file '../../build/read_rosbag/read_rosbag.egg-info/SOURCES.txt'
[6.839s] adding license file 'LICENSE'
[6.839s] writing manifest file '../../build/read_rosbag/read_rosbag.egg-info/SOURCES.txt'
[6.842s] running build
[6.843s] running build_py
[6.843s] running install
[6.843s] running install_lib
[6.848s] running install_data
[6.849s] running install_egg_info
[6.863s] removing '/home/vboxuser/ros2_ws/install/read_rosbag/lib/python3.10/site-packages/read_rosbag-0.0.0-py3.10.egg-info' (and everything under it)
[6.866s] Copying ../../build/read_rosbag/read_rosbag.egg-info to /home/vboxuser/ros2_ws/install/read_rosbag/lib/python3.10/site-packages/read_rosbag-0.0.0-py3.10.egg-info
[6.867s] running install_scripts
[6.983s] Installing load_rosbag script to /home/vboxuser/ros2_ws/install/read_rosbag/lib/read_rosbag
[6.983s] writing list of installed files to '/home/vboxuser/ros2_ws/build/read_rosbag/install.log'
[7.052s] Invoked command in '/home/vboxuser/ros2_ws/src/read_rosbag' returned '0': PYTHONPATH=/home/vboxuser/ros2_ws/build/read_rosbag/prefix_override:/usr/lib/python3/dist-packages/colcon_core/task/python/colcon_distutils_commands:/home/vboxuser/ros2_ws/install/read_rosbag/lib/python3.10/site-packages:${PYTHONPATH} /usr/bin/python3 -W ignore:setup.py install is deprecated -W ignore:easy_install command is deprecated setup.py egg_info --egg-base ../../build/read_rosbag build --build-base /home/vboxuser/ros2_ws/build/read_rosbag/build install --record /home/vboxuser/ros2_ws/build/read_rosbag/install.log --single-version-externally-managed install_data
