[3.842s] Invoking command in '/home/vboxuser/ros2_ws/src/py_pubsub': PYTHONPATH=/home/vboxuser/ros2_ws/build/py_pubsub/prefix_override:/usr/lib/python3/dist-packages/colcon_core/task/python/colcon_distutils_commands:/home/vboxuser/ros2_ws/install/py_pubsub/lib/python3.10/site-packages:${PYTHONPATH} /usr/bin/python3 -W ignore:setup.py install is deprecated -W ignore:easy_install command is deprecated setup.py egg_info --egg-base ../../build/py_pubsub build --build-base /home/vboxuser/ros2_ws/build/py_pubsub/build install --record /home/vboxuser/ros2_ws/build/py_pubsub/install.log --single-version-externally-managed install_data
[5.113s] running egg_info
[5.116s] writing ../../build/py_pubsub/py_pubsub.egg-info/PKG-INFO
[5.116s] writing dependency_links to ../../build/py_pubsub/py_pubsub.egg-info/dependency_links.txt
[5.183s] writing entry points to ../../build/py_pubsub/py_pubsub.egg-info/entry_points.txt
[5.188s] writing requirements to ../../build/py_pubsub/py_pubsub.egg-info/requires.txt
[5.188s] writing top-level names to ../../build/py_pubsub/py_pubsub.egg-info/top_level.txt
[5.253s] reading manifest file '../../build/py_pubsub/py_pubsub.egg-info/SOURCES.txt'
[5.254s] adding license file 'LICENSE'
[5.258s] writing manifest file '../../build/py_pubsub/py_pubsub.egg-info/SOURCES.txt'
[5.269s] running build
[5.269s] running build_py
[5.269s] copying py_pubsub/battery_resistance_estimator13.py -> /home/vboxuser/ros2_ws/build/py_pubsub/build/lib/py_pubsub
[5.269s] running install
[5.269s] running install_lib
[5.276s] copying /home/vboxuser/ros2_ws/build/py_pubsub/build/lib/py_pubsub/battery_resistance_estimator13.py -> /home/vboxuser/ros2_ws/install/py_pubsub/lib/python3.10/site-packages/py_pubsub
[5.285s] byte-compiling /home/vboxuser/ros2_ws/install/py_pubsub/lib/python3.10/site-packages/py_pubsub/battery_resistance_estimator13.py to battery_resistance_estimator13.cpython-310.pyc
[5.360s] running install_data
[5.360s] running install_egg_info
[5.360s] removing '/home/vboxuser/ros2_ws/install/py_pubsub/lib/python3.10/site-packages/py_pubsub-0.0.0-py3.10.egg-info' (and everything under it)
[5.360s] Copying ../../build/py_pubsub/py_pubsub.egg-info to /home/vboxuser/ros2_ws/install/py_pubsub/lib/python3.10/site-packages/py_pubsub-0.0.0-py3.10.egg-info
[5.361s] running install_scripts
[5.576s] Installing battery_resistance_estimator script to /home/vboxuser/ros2_ws/install/py_pubsub/lib/py_pubsub
[5.581s] Installing battery_resistance_estimator1 script to /home/vboxuser/ros2_ws/install/py_pubsub/lib/py_pubsub
[5.620s] Installing battery_resistance_estimator10 script to /home/vboxuser/ros2_ws/install/py_pubsub/lib/py_pubsub
[5.620s] Installing battery_resistance_estimator11 script to /home/vboxuser/ros2_ws/install/py_pubsub/lib/py_pubsub
[5.620s] Installing battery_resistance_estimator12 script to /home/vboxuser/ros2_ws/install/py_pubsub/lib/py_pubsub
[5.621s] Installing battery_resistance_estimator13 script to /home/vboxuser/ros2_ws/install/py_pubsub/lib/py_pubsub
[5.621s] Installing battery_resistance_estimator2 script to /home/vboxuser/ros2_ws/install/py_pubsub/lib/py_pubsub
[5.623s] Installing battery_resistance_estimator3 script to /home/vboxuser/ros2_ws/install/py_pubsub/lib/py_pubsub
[5.623s] Installing battery_resistance_estimator4 script to /home/vboxuser/ros2_ws/install/py_pubsub/lib/py_pubsub
[5.624s] Installing battery_resistance_estimator5 script to /home/vboxuser/ros2_ws/install/py_pubsub/lib/py_pubsub
[5.637s] Installing battery_resistance_estimator6 script to /home/vboxuser/ros2_ws/install/py_pubsub/lib/py_pubsub
[5.647s] Installing battery_resistance_estimator7 script to /home/vboxuser/ros2_ws/install/py_pubsub/lib/py_pubsub
[5.647s] Installing battery_resistance_estimator8 script to /home/vboxuser/ros2_ws/install/py_pubsub/lib/py_pubsub
[5.650s] Installing battery_resistance_estimator9 script to /home/vboxuser/ros2_ws/install/py_pubsub/lib/py_pubsub
[5.650s] Installing battery_resistance_logger script to /home/vboxuser/ros2_ws/install/py_pubsub/lib/py_pubsub
[5.667s] Installing battery_resistance_logger_FSG script to /home/vboxuser/ros2_ws/install/py_pubsub/lib/py_pubsub
[5.667s] Installing listener script to /home/vboxuser/ros2_ws/install/py_pubsub/lib/py_pubsub
[5.669s] Installing listener_float script to /home/vboxuser/ros2_ws/install/py_pubsub/lib/py_pubsub
[5.675s] Installing listener_float_array script to /home/vboxuser/ros2_ws/install/py_pubsub/lib/py_pubsub
[5.679s] Installing listener_uint8 script to /home/vboxuser/ros2_ws/install/py_pubsub/lib/py_pubsub
[5.682s] Installing talker script to /home/vboxuser/ros2_ws/install/py_pubsub/lib/py_pubsub
[5.684s] Installing talker_float script to /home/vboxuser/ros2_ws/install/py_pubsub/lib/py_pubsub
[5.712s] Installing talker_float_array script to /home/vboxuser/ros2_ws/install/py_pubsub/lib/py_pubsub
[5.712s] Installing talker_uint8 script to /home/vboxuser/ros2_ws/install/py_pubsub/lib/py_pubsub
[5.713s] writing list of installed files to '/home/vboxuser/ros2_ws/build/py_pubsub/install.log'
[5.895s] Invoked command in '/home/vboxuser/ros2_ws/src/py_pubsub' returned '0': PYTHONPATH=/home/vboxuser/ros2_ws/build/py_pubsub/prefix_override:/usr/lib/python3/dist-packages/colcon_core/task/python/colcon_distutils_commands:/home/vboxuser/ros2_ws/install/py_pubsub/lib/python3.10/site-packages:${PYTHONPATH} /usr/bin/python3 -W ignore:setup.py install is deprecated -W ignore:easy_install command is deprecated setup.py egg_info --egg-base ../../build/py_pubsub build --build-base /home/vboxuser/ros2_ws/build/py_pubsub/build install --record /home/vboxuser/ros2_ws/build/py_pubsub/install.log --single-version-externally-managed install_data
