[0.699s] Invoking command in '/home/vboxuser/ros2_ws/build/examples_rclcpp_async_client': /usr/bin/cmake --build /home/vboxuser/ros2_ws/build/examples_rclcpp_async_client -- -j4 -l4
[6.502s] [100%] Built target client_main
[6.550s] Invoked command in '/home/vboxuser/ros2_ws/build/examples_rclcpp_async_client' returned '0': /usr/bin/cmake --build /home/vboxuser/ros2_ws/build/examples_rclcpp_async_client -- -j4 -l4
[6.654s] Invoking command in '/home/vboxuser/ros2_ws/build/examples_rclcpp_async_client': /usr/bin/cmake --install /home/vboxuser/ros2_ws/build/examples_rclcpp_async_client
[6.695s] -- Install configuration: ""
[6.727s] -- Execute custom install script
[6.773s] -- Up-to-date symlink: /home/vboxuser/ros2_ws/install/examples_rclcpp_async_client/lib/examples_rclcpp_async_client/client_main
[6.822s] -- Up-to-date symlink: /home/vboxuser/ros2_ws/install/examples_rclcpp_async_client/share/ament_index/resource_index/package_run_dependencies/examples_rclcpp_async_client
[6.823s] -- Up-to-date symlink: /home/vboxuser/ros2_ws/install/examples_rclcpp_async_client/share/ament_index/resource_index/parent_prefix_path/examples_rclcpp_async_client
[6.824s] -- Up-to-date symlink: /home/vboxuser/ros2_ws/install/examples_rclcpp_async_client/share/examples_rclcpp_async_client/environment/ament_prefix_path.sh
[6.824s] -- Up-to-date symlink: /home/vboxuser/ros2_ws/install/examples_rclcpp_async_client/share/examples_rclcpp_async_client/environment/ament_prefix_path.dsv
[6.824s] -- Up-to-date symlink: /home/vboxuser/ros2_ws/install/examples_rclcpp_async_client/share/examples_rclcpp_async_client/environment/path.sh
[6.824s] -- Up-to-date symlink: /home/vboxuser/ros2_ws/install/examples_rclcpp_async_client/share/examples_rclcpp_async_client/environment/path.dsv
[6.850s] -- Up-to-date symlink: /home/vboxuser/ros2_ws/install/examples_rclcpp_async_client/share/examples_rclcpp_async_client/local_setup.bash
[6.850s] -- Up-to-date symlink: /home/vboxuser/ros2_ws/install/examples_rclcpp_async_client/share/examples_rclcpp_async_client/local_setup.sh
[6.851s] -- Up-to-date symlink: /home/vboxuser/ros2_ws/install/examples_rclcpp_async_client/share/examples_rclcpp_async_client/local_setup.zsh
[6.851s] -- Up-to-date symlink: /home/vboxuser/ros2_ws/install/examples_rclcpp_async_client/share/examples_rclcpp_async_client/local_setup.dsv
[6.851s] -- Symlinking: /home/vboxuser/ros2_ws/install/examples_rclcpp_async_client/share/examples_rclcpp_async_client/package.dsv
[6.907s] -- Up-to-date symlink: /home/vboxuser/ros2_ws/install/examples_rclcpp_async_client/share/ament_index/resource_index/packages/examples_rclcpp_async_client
[6.916s] -- Up-to-date symlink: /home/vboxuser/ros2_ws/install/examples_rclcpp_async_client/share/examples_rclcpp_async_client/cmake/examples_rclcpp_async_clientConfig.cmake
[6.925s] -- Up-to-date symlink: /home/vboxuser/ros2_ws/install/examples_rclcpp_async_client/share/examples_rclcpp_async_client/cmake/examples_rclcpp_async_clientConfig-version.cmake
[6.926s] -- Up-to-date symlink: /home/vboxuser/ros2_ws/install/examples_rclcpp_async_client/share/examples_rclcpp_async_client/package.xml
[6.937s] Invoked command in '/home/vboxuser/ros2_ws/build/examples_rclcpp_async_client' returned '0': /usr/bin/cmake --install /home/vboxuser/ros2_ws/build/examples_rclcpp_async_client
