[7.477s] Invoking command in '/home/vboxuser/ros2_ws/src/read_rosbag': PYTHONPATH=/home/vboxuser/ros2_ws/build/read_rosbag/prefix_override:/usr/lib/python3/dist-packages/colcon_core/task/python/colcon_distutils_commands:/home/vboxuser/ros2_ws/install/read_rosbag/lib/python3.10/site-packages:${PYTHONPATH} /usr/bin/python3 -W ignore:setup.py install is deprecated -W ignore:easy_install command is deprecated setup.py egg_info --egg-base ../../build/read_rosbag build --build-base /home/vboxuser/ros2_ws/build/read_rosbag/build install --record /home/vboxuser/ros2_ws/build/read_rosbag/install.log --single-version-externally-managed install_data
[12.370s] running egg_info
[12.390s] writing ../../build/read_rosbag/read_rosbag.egg-info/PKG-INFO
[12.432s] writing dependency_links to ../../build/read_rosbag/read_rosbag.egg-info/dependency_links.txt
[12.434s] writing entry points to ../../build/read_rosbag/read_rosbag.egg-info/entry_points.txt
[12.435s] writing requirements to ../../build/read_rosbag/read_rosbag.egg-info/requires.txt
[12.435s] writing top-level names to ../../build/read_rosbag/read_rosbag.egg-info/top_level.txt
[12.463s] reading manifest file '../../build/read_rosbag/read_rosbag.egg-info/SOURCES.txt'
[12.465s] adding license file 'LICENSE'
[12.469s] writing manifest file '../../build/read_rosbag/read_rosbag.egg-info/SOURCES.txt'
[12.473s] running build
[12.473s] running build_py
[12.477s] running install
[12.484s] running install_lib
[12.525s] running install_data
[12.526s] running install_egg_info
[12.589s] removing '/home/vboxuser/ros2_ws/install/read_rosbag/lib/python3.10/site-packages/read_rosbag-0.0.0-py3.10.egg-info' (and everything under it)
[12.608s] Copying ../../build/read_rosbag/read_rosbag.egg-info to /home/vboxuser/ros2_ws/install/read_rosbag/lib/python3.10/site-packages/read_rosbag-0.0.0-py3.10.egg-info
[12.648s] running install_scripts
[13.103s] Installing load_rosbag script to /home/vboxuser/ros2_ws/install/read_rosbag/lib/read_rosbag
[13.107s] writing list of installed files to '/home/vboxuser/ros2_ws/build/read_rosbag/install.log'
[13.523s] Invoked command in '/home/vboxuser/ros2_ws/src/read_rosbag' returned '0': PYTHONPATH=/home/vboxuser/ros2_ws/build/read_rosbag/prefix_override:/usr/lib/python3/dist-packages/colcon_core/task/python/colcon_distutils_commands:/home/vboxuser/ros2_ws/install/read_rosbag/lib/python3.10/site-packages:${PYTHONPATH} /usr/bin/python3 -W ignore:setup.py install is deprecated -W ignore:easy_install command is deprecated setup.py egg_info --egg-base ../../build/read_rosbag build --build-base /home/vboxuser/ros2_ws/build/read_rosbag/build install --record /home/vboxuser/ros2_ws/build/read_rosbag/install.log --single-version-externally-managed install_data
