[0.222s] Invoking command in '/home/vboxuser/ros2_ws/build/my_package': /usr/bin/cmake --build /home/vboxuser/ros2_ws/build/my_package -- -j4 -l4
[0.561s] [100%] Built target my_node
[1.232s] Invoked command in '/home/vboxuser/ros2_ws/build/my_package' returned '0': /usr/bin/cmake --build /home/vboxuser/ros2_ws/build/my_package -- -j4 -l4
[1.259s] Invoking command in '/home/vboxuser/ros2_ws/build/my_package': /usr/bin/cmake --install /home/vboxuser/ros2_ws/build/my_package
[1.316s] -- Install configuration: ""
[1.316s] -- Up-to-date: /home/vboxuser/ros2_ws/install/my_package/lib/my_package/my_node
[1.316s] -- Up-to-date: /home/vboxuser/ros2_ws/install/my_package/share/ament_index/resource_index/package_run_dependencies/my_package
[1.317s] -- Up-to-date: /home/vboxuser/ros2_ws/install/my_package/share/ament_index/resource_index/parent_prefix_path/my_package
[1.335s] -- Up-to-date: /home/vboxuser/ros2_ws/install/my_package/share/my_package/environment/ament_prefix_path.dsv
[1.336s] -- Up-to-date: /home/vboxuser/ros2_ws/install/my_package/share/my_package/environment/path.dsv
[1.336s] -- Up-to-date: /home/vboxuser/ros2_ws/install/my_package/share/my_package/local_setup.bash
[1.336s] -- Up-to-date: /home/vboxuser/ros2_ws/install/my_package/share/my_package/local_setup.sh
[1.336s] -- Up-to-date: /home/vboxuser/ros2_ws/install/my_package/share/my_package/local_setup.zsh
[1.336s] -- Up-to-date: /home/vboxuser/ros2_ws/install/my_package/share/my_package/local_setup.dsv
[1.336s] -- Installing: /home/vboxuser/ros2_ws/install/my_package/share/my_package/package.dsv
[1.336s] -- Up-to-date: /home/vboxuser/ros2_ws/install/my_package/share/ament_index/resource_index/packages/my_package
[1.336s] -- Up-to-date: /home/vboxuser/ros2_ws/install/my_package/share/my_package/cmake/my_packageConfig.cmake
[1.336s] -- Up-to-date: /home/vboxuser/ros2_ws/install/my_package/share/my_package/cmake/my_packageConfig-version.cmake
[1.336s] -- Up-to-date: /home/vboxuser/ros2_ws/install/my_package/share/my_package/package.xml
[1.419s] Invoked command in '/home/vboxuser/ros2_ws/build/my_package' returned '0': /usr/bin/cmake --install /home/vboxuser/ros2_ws/build/my_package
