[2.438s] Invoking command in '/home/vboxuser/ros2_ws/src/BMS_BQ769X2/src/bms_visualizer': PYTHONPATH=/home/vboxuser/ros2_ws/build/bms_visualizer/prefix_override:/usr/lib/python3/dist-packages/colcon_core/task/python/colcon_distutils_commands:/home/vboxuser/ros2_ws/install/bms_visualizer/lib/python3.10/site-packages:${PYTHONPATH} /usr/bin/python3 -W ignore:setup.py install is deprecated -W ignore:easy_install command is deprecated setup.py egg_info --egg-base ../../../../build/bms_visualizer build --build-base /home/vboxuser/ros2_ws/build/bms_visualizer/build install --record /home/vboxuser/ros2_ws/build/bms_visualizer/install.log --single-version-externally-managed install_data
[2.823s] running egg_info
[2.830s] creating ../../../../build/bms_visualizer/bms_visualizer.egg-info
[2.830s] writing ../../../../build/bms_visualizer/bms_visualizer.egg-info/PKG-INFO
[2.830s] writing dependency_links to ../../../../build/bms_visualizer/bms_visualizer.egg-info/dependency_links.txt
[2.831s] writing entry points to ../../../../build/bms_visualizer/bms_visualizer.egg-info/entry_points.txt
[2.831s] writing requirements to ../../../../build/bms_visualizer/bms_visualizer.egg-info/requires.txt
[2.831s] writing top-level names to ../../../../build/bms_visualizer/bms_visualizer.egg-info/top_level.txt
[2.831s] writing manifest file '../../../../build/bms_visualizer/bms_visualizer.egg-info/SOURCES.txt'
[2.847s] reading manifest file '../../../../build/bms_visualizer/bms_visualizer.egg-info/SOURCES.txt'
[2.847s] writing manifest file '../../../../build/bms_visualizer/bms_visualizer.egg-info/SOURCES.txt'
[2.847s] running build
[2.847s] running build_py
[2.847s] creating /home/vboxuser/ros2_ws/build/bms_visualizer/build
[2.847s] creating /home/vboxuser/ros2_ws/build/bms_visualizer/build/lib
[2.847s] creating /home/vboxuser/ros2_ws/build/bms_visualizer/build/lib/bms_visualizer
[2.847s] copying bms_visualizer/__init__.py -> /home/vboxuser/ros2_ws/build/bms_visualizer/build/lib/bms_visualizer
[2.847s] copying bms_visualizer/bms_visualizer_node.py -> /home/vboxuser/ros2_ws/build/bms_visualizer/build/lib/bms_visualizer
[2.847s] copying bms_visualizer/bms_window.py -> /home/vboxuser/ros2_ws/build/bms_visualizer/build/lib/bms_visualizer
[2.847s] running install
[2.847s] running install_lib
[2.847s] creating /home/vboxuser/ros2_ws/install/bms_visualizer/lib/python3.10/site-packages/bms_visualizer
[2.847s] copying /home/vboxuser/ros2_ws/build/bms_visualizer/build/lib/bms_visualizer/__init__.py -> /home/vboxuser/ros2_ws/install/bms_visualizer/lib/python3.10/site-packages/bms_visualizer
[2.847s] copying /home/vboxuser/ros2_ws/build/bms_visualizer/build/lib/bms_visualizer/bms_visualizer_node.py -> /home/vboxuser/ros2_ws/install/bms_visualizer/lib/python3.10/site-packages/bms_visualizer
[2.847s] copying /home/vboxuser/ros2_ws/build/bms_visualizer/build/lib/bms_visualizer/bms_window.py -> /home/vboxuser/ros2_ws/install/bms_visualizer/lib/python3.10/site-packages/bms_visualizer
[2.847s] byte-compiling /home/vboxuser/ros2_ws/install/bms_visualizer/lib/python3.10/site-packages/bms_visualizer/__init__.py to __init__.cpython-310.pyc
[2.848s] byte-compiling /home/vboxuser/ros2_ws/install/bms_visualizer/lib/python3.10/site-packages/bms_visualizer/bms_visualizer_node.py to bms_visualizer_node.cpython-310.pyc
[2.848s] byte-compiling /home/vboxuser/ros2_ws/install/bms_visualizer/lib/python3.10/site-packages/bms_visualizer/bms_window.py to bms_window.cpython-310.pyc
[2.855s] running install_data
[2.855s] creating /home/vboxuser/ros2_ws/install/bms_visualizer/share/ament_index
[2.868s] creating /home/vboxuser/ros2_ws/install/bms_visualizer/share/ament_index/resource_index
[2.870s] creating /home/vboxuser/ros2_ws/install/bms_visualizer/share/ament_index/resource_index/packages
[2.870s] copying resource/bms_visualizer -> /home/vboxuser/ros2_ws/install/bms_visualizer/share/ament_index/resource_index/packages
[2.870s] copying package.xml -> /home/vboxuser/ros2_ws/install/bms_visualizer/share/bms_visualizer
[2.870s] running install_egg_info
[2.870s] Copying ../../../../build/bms_visualizer/bms_visualizer.egg-info to /home/vboxuser/ros2_ws/install/bms_visualizer/lib/python3.10/site-packages/bms_visualizer-0.0.0-py3.10.egg-info
[2.870s] running install_scripts
[2.899s] Installing bms_visualizer_node script to /home/vboxuser/ros2_ws/install/bms_visualizer/lib/bms_visualizer
[2.899s] writing list of installed files to '/home/vboxuser/ros2_ws/build/bms_visualizer/install.log'
[2.992s] Invoked command in '/home/vboxuser/ros2_ws/src/BMS_BQ769X2/src/bms_visualizer' returned '0': PYTHONPATH=/home/vboxuser/ros2_ws/build/bms_visualizer/prefix_override:/usr/lib/python3/dist-packages/colcon_core/task/python/colcon_distutils_commands:/home/vboxuser/ros2_ws/install/bms_visualizer/lib/python3.10/site-packages:${PYTHONPATH} /usr/bin/python3 -W ignore:setup.py install is deprecated -W ignore:easy_install command is deprecated setup.py egg_info --egg-base ../../../../build/bms_visualizer build --build-base /home/vboxuser/ros2_ws/build/bms_visualizer/build install --record /home/vboxuser/ros2_ws/build/bms_visualizer/install.log --single-version-externally-managed install_data
