[7.189s] Invoking command in '/home/vboxuser/ros2_ws/src/py_pubsub': PYTHONPATH=/home/vboxuser/ros2_ws/build/py_pubsub/prefix_override:/usr/lib/python3/dist-packages/colcon_core/task/python/colcon_distutils_commands:/home/vboxuser/ros2_ws/install/py_pubsub/lib/python3.10/site-packages:${PYTHONPATH} /usr/bin/python3 -W ignore:setup.py install is deprecated -W ignore:easy_install command is deprecated setup.py egg_info --egg-base ../../build/py_pubsub build --build-base /home/vboxuser/ros2_ws/build/py_pubsub/build install --record /home/vboxuser/ros2_ws/build/py_pubsub/install.log --single-version-externally-managed install_data
[10.293s] running egg_info
[10.330s] writing ../../build/py_pubsub/py_pubsub.egg-info/PKG-INFO
[10.354s] writing dependency_links to ../../build/py_pubsub/py_pubsub.egg-info/dependency_links.txt
[10.354s] writing entry points to ../../build/py_pubsub/py_pubsub.egg-info/entry_points.txt
[10.358s] writing requirements to ../../build/py_pubsub/py_pubsub.egg-info/requires.txt
[10.364s] writing top-level names to ../../build/py_pubsub/py_pubsub.egg-info/top_level.txt
[10.374s] reading manifest file '../../build/py_pubsub/py_pubsub.egg-info/SOURCES.txt'
[10.375s] adding license file 'LICENSE'
[10.386s] writing manifest file '../../build/py_pubsub/py_pubsub.egg-info/SOURCES.txt'
[10.392s] running build
[10.392s] running build_py
[10.399s] copying py_pubsub/battery_resistance_estimator12.py -> /home/vboxuser/ros2_ws/build/py_pubsub/build/lib/py_pubsub
[10.406s] running install
[10.412s] running install_lib
[10.431s] copying /home/vboxuser/ros2_ws/build/py_pubsub/build/lib/py_pubsub/battery_resistance_estimator12.py -> /home/vboxuser/ros2_ws/install/py_pubsub/lib/python3.10/site-packages/py_pubsub
[10.446s] byte-compiling /home/vboxuser/ros2_ws/install/py_pubsub/lib/python3.10/site-packages/py_pubsub/battery_resistance_estimator12.py to battery_resistance_estimator12.cpython-310.pyc
[10.475s] running install_data
[10.475s] running install_egg_info
[10.506s] removing '/home/vboxuser/ros2_ws/install/py_pubsub/lib/python3.10/site-packages/py_pubsub-0.0.0-py3.10.egg-info' (and everything under it)
[10.522s] Copying ../../build/py_pubsub/py_pubsub.egg-info to /home/vboxuser/ros2_ws/install/py_pubsub/lib/python3.10/site-packages/py_pubsub-0.0.0-py3.10.egg-info
[10.532s] running install_scripts
[10.713s] Installing battery_resistance_estimator script to /home/vboxuser/ros2_ws/install/py_pubsub/lib/py_pubsub
[10.783s] Installing battery_resistance_estimator1 script to /home/vboxuser/ros2_ws/install/py_pubsub/lib/py_pubsub
[10.783s] Installing battery_resistance_estimator10 script to /home/vboxuser/ros2_ws/install/py_pubsub/lib/py_pubsub
[10.783s] Installing battery_resistance_estimator11 script to /home/vboxuser/ros2_ws/install/py_pubsub/lib/py_pubsub
[10.783s] Installing battery_resistance_estimator12 script to /home/vboxuser/ros2_ws/install/py_pubsub/lib/py_pubsub
[10.784s] Installing battery_resistance_estimator2 script to /home/vboxuser/ros2_ws/install/py_pubsub/lib/py_pubsub
[10.784s] Installing battery_resistance_estimator3 script to /home/vboxuser/ros2_ws/install/py_pubsub/lib/py_pubsub
[10.784s] Installing battery_resistance_estimator4 script to /home/vboxuser/ros2_ws/install/py_pubsub/lib/py_pubsub
[10.784s] Installing battery_resistance_estimator5 script to /home/vboxuser/ros2_ws/install/py_pubsub/lib/py_pubsub
[10.784s] Installing battery_resistance_estimator6 script to /home/vboxuser/ros2_ws/install/py_pubsub/lib/py_pubsub
[10.785s] Installing battery_resistance_estimator7 script to /home/vboxuser/ros2_ws/install/py_pubsub/lib/py_pubsub
[10.863s] Installing battery_resistance_estimator8 script to /home/vboxuser/ros2_ws/install/py_pubsub/lib/py_pubsub
[10.896s] Installing battery_resistance_estimator9 script to /home/vboxuser/ros2_ws/install/py_pubsub/lib/py_pubsub
[10.902s] Installing battery_resistance_logger script to /home/vboxuser/ros2_ws/install/py_pubsub/lib/py_pubsub
[10.928s] Installing listener script to /home/vboxuser/ros2_ws/install/py_pubsub/lib/py_pubsub
[10.928s] Installing listener_float script to /home/vboxuser/ros2_ws/install/py_pubsub/lib/py_pubsub
[10.928s] Installing listener_float_array script to /home/vboxuser/ros2_ws/install/py_pubsub/lib/py_pubsub
[10.928s] Installing listener_uint8 script to /home/vboxuser/ros2_ws/install/py_pubsub/lib/py_pubsub
[10.928s] Installing talker script to /home/vboxuser/ros2_ws/install/py_pubsub/lib/py_pubsub
[10.929s] Installing talker_float script to /home/vboxuser/ros2_ws/install/py_pubsub/lib/py_pubsub
[10.929s] Installing talker_float_array script to /home/vboxuser/ros2_ws/install/py_pubsub/lib/py_pubsub
[10.929s] Installing talker_uint8 script to /home/vboxuser/ros2_ws/install/py_pubsub/lib/py_pubsub
[10.929s] writing list of installed files to '/home/vboxuser/ros2_ws/build/py_pubsub/install.log'
[10.939s] Invoked command in '/home/vboxuser/ros2_ws/src/py_pubsub' returned '0': PYTHONPATH=/home/vboxuser/ros2_ws/build/py_pubsub/prefix_override:/usr/lib/python3/dist-packages/colcon_core/task/python/colcon_distutils_commands:/home/vboxuser/ros2_ws/install/py_pubsub/lib/python3.10/site-packages:${PYTHONPATH} /usr/bin/python3 -W ignore:setup.py install is deprecated -W ignore:easy_install command is deprecated setup.py egg_info --egg-base ../../build/py_pubsub build --build-base /home/vboxuser/ros2_ws/build/py_pubsub/build install --record /home/vboxuser/ros2_ws/build/py_pubsub/install.log --single-version-externally-managed install_data
