[0.256s] Invoking command in '/home/vboxuser/ros2_ws/build/vesc_driver': AMENT_PREFIX_PATH=/home/vboxuser/ros2_ws/install/serial_driver:/home/vboxuser/ros2_ws/install/io_context:/home/vboxuser/ros2_ws/install/vesc_msgs:/home/vboxuser/ros2_ws/install/asio_cmake_module CMAKE_PREFIX_PATH=/home/vboxuser/ros2_ws/install/serial_driver:/home/vboxuser/ros2_ws/install/io_context:/home/vboxuser/ros2_ws/install/vesc_msgs:/home/vboxuser/ros2_ws/install/asio_cmake_module LD_LIBRARY_PATH=/home/vboxuser/ros2_ws/install/serial_driver/lib:/home/vboxuser/ros2_ws/install/io_context/lib:/home/vboxuser/ros2_ws/install/vesc_msgs/lib PYTHONPATH=/home/vboxuser/ros2_ws/install/vesc_msgs/lib/python3.10/site-packages /usr/bin/cmake --build /home/vboxuser/ros2_ws/build/vesc_driver -- -j4 -l4
[1.251s] [ 50%] Built target vesc_driver
[1.591s] [ 70%] Built target vesc_driver_node
[1.898s] [100%] Built target vesc_device_namer
[1.958s] Invoked command in '/home/vboxuser/ros2_ws/build/vesc_driver' returned '0': AMENT_PREFIX_PATH=/home/vboxuser/ros2_ws/install/serial_driver:/home/vboxuser/ros2_ws/install/io_context:/home/vboxuser/ros2_ws/install/vesc_msgs:/home/vboxuser/ros2_ws/install/asio_cmake_module CMAKE_PREFIX_PATH=/home/vboxuser/ros2_ws/install/serial_driver:/home/vboxuser/ros2_ws/install/io_context:/home/vboxuser/ros2_ws/install/vesc_msgs:/home/vboxuser/ros2_ws/install/asio_cmake_module LD_LIBRARY_PATH=/home/vboxuser/ros2_ws/install/serial_driver/lib:/home/vboxuser/ros2_ws/install/io_context/lib:/home/vboxuser/ros2_ws/install/vesc_msgs/lib PYTHONPATH=/home/vboxuser/ros2_ws/install/vesc_msgs/lib/python3.10/site-packages /usr/bin/cmake --build /home/vboxuser/ros2_ws/build/vesc_driver -- -j4 -l4
[2.050s] Invoking command in '/home/vboxuser/ros2_ws/build/vesc_driver': AMENT_PREFIX_PATH=/home/vboxuser/ros2_ws/install/serial_driver:/home/vboxuser/ros2_ws/install/io_context:/home/vboxuser/ros2_ws/install/vesc_msgs:/home/vboxuser/ros2_ws/install/asio_cmake_module CMAKE_PREFIX_PATH=/home/vboxuser/ros2_ws/install/serial_driver:/home/vboxuser/ros2_ws/install/io_context:/home/vboxuser/ros2_ws/install/vesc_msgs:/home/vboxuser/ros2_ws/install/asio_cmake_module LD_LIBRARY_PATH=/home/vboxuser/ros2_ws/install/serial_driver/lib:/home/vboxuser/ros2_ws/install/io_context/lib:/home/vboxuser/ros2_ws/install/vesc_msgs/lib PYTHONPATH=/home/vboxuser/ros2_ws/install/vesc_msgs/lib/python3.10/site-packages /usr/bin/cmake --install /home/vboxuser/ros2_ws/build/vesc_driver
[2.100s] -- Install configuration: ""
[2.169s] -- Up-to-date: /home/vboxuser/ros2_ws/install/vesc_driver/lib/vesc_driver/vesc_driver_node
[2.173s] -- Up-to-date: /home/vboxuser/ros2_ws/install/vesc_driver/include
[2.173s] -- Up-to-date: /home/vboxuser/ros2_ws/install/vesc_driver/include/vesc_driver
[2.174s] -- Up-to-date: /home/vboxuser/ros2_ws/install/vesc_driver/include/vesc_driver/vesc_interface.hpp
[2.174s] -- Up-to-date: /home/vboxuser/ros2_ws/install/vesc_driver/include/vesc_driver/vesc_driver.hpp
[2.174s] -- Up-to-date: /home/vboxuser/ros2_ws/install/vesc_driver/include/vesc_driver/vesc_packet_factory.hpp
[2.174s] -- Up-to-date: /home/vboxuser/ros2_ws/install/vesc_driver/include/vesc_driver/crc.hpp
[2.174s] -- Up-to-date: /home/vboxuser/ros2_ws/install/vesc_driver/include/vesc_driver/datatypes.hpp
[2.174s] -- Up-to-date: /home/vboxuser/ros2_ws/install/vesc_driver/include/vesc_driver/vesc_packet.hpp
[2.174s] -- Up-to-date: /home/vboxuser/ros2_ws/install/vesc_driver/include/vesc_driver/vesc_device_uuid_lookup.hpp
[2.175s] -- Up-to-date: /home/vboxuser/ros2_ws/install/vesc_driver/share/vesc_driver/environment/library_path.sh
[2.175s] -- Up-to-date: /home/vboxuser/ros2_ws/install/vesc_driver/share/vesc_driver/environment/library_path.dsv
[2.215s] -- Up-to-date: /home/vboxuser/ros2_ws/install/vesc_driver/lib/libvesc_driver.so
[2.236s] -- Up-to-date: /home/vboxuser/ros2_ws/install/vesc_driver/lib/vesc_driver/vesc_device_namer
[2.257s] -- Up-to-date: /home/vboxuser/ros2_ws/install/vesc_driver/share/vesc_driver/launch
[2.257s] -- Up-to-date: /home/vboxuser/ros2_ws/install/vesc_driver/share/vesc_driver/launch/vesc_driver_node.launch.py
[2.266s] -- Up-to-date: /home/vboxuser/ros2_ws/install/vesc_driver/share/vesc_driver/params
[2.266s] -- Up-to-date: /home/vboxuser/ros2_ws/install/vesc_driver/share/vesc_driver/params/vesc_config.yaml
[2.266s] -- Up-to-date: /home/vboxuser/ros2_ws/install/vesc_driver/share/ament_index/resource_index/package_run_dependencies/vesc_driver
[2.276s] -- Up-to-date: /home/vboxuser/ros2_ws/install/vesc_driver/share/ament_index/resource_index/parent_prefix_path/vesc_driver
[2.277s] -- Up-to-date: /home/vboxuser/ros2_ws/install/vesc_driver/share/vesc_driver/environment/ament_prefix_path.dsv
[2.280s] -- Up-to-date: /home/vboxuser/ros2_ws/install/vesc_driver/share/vesc_driver/environment/path.dsv
[2.281s] -- Up-to-date: /home/vboxuser/ros2_ws/install/vesc_driver/share/vesc_driver/local_setup.bash
[2.282s] -- Up-to-date: /home/vboxuser/ros2_ws/install/vesc_driver/share/vesc_driver/local_setup.sh
[2.283s] -- Up-to-date: /home/vboxuser/ros2_ws/install/vesc_driver/share/vesc_driver/local_setup.zsh
[2.298s] -- Up-to-date: /home/vboxuser/ros2_ws/install/vesc_driver/share/vesc_driver/local_setup.dsv
[2.299s] -- Installing: /home/vboxuser/ros2_ws/install/vesc_driver/share/vesc_driver/package.dsv
[2.308s] -- Up-to-date: /home/vboxuser/ros2_ws/install/vesc_driver/share/ament_index/resource_index/packages/vesc_driver
[2.309s] -- Up-to-date: /home/vboxuser/ros2_ws/install/vesc_driver/share/ament_index/resource_index/rclcpp_components/vesc_driver
[2.309s] -- Up-to-date: /home/vboxuser/ros2_ws/install/vesc_driver/share/vesc_driver/cmake/ament_cmake_export_dependencies-extras.cmake
[2.310s] -- Up-to-date: /home/vboxuser/ros2_ws/install/vesc_driver/share/vesc_driver/cmake/ament_cmake_export_include_directories-extras.cmake
[2.310s] -- Up-to-date: /home/vboxuser/ros2_ws/install/vesc_driver/share/vesc_driver/cmake/ament_cmake_export_libraries-extras.cmake
[2.314s] -- Up-to-date: /home/vboxuser/ros2_ws/install/vesc_driver/share/vesc_driver/cmake/vesc_driverConfig.cmake
[2.315s] -- Up-to-date: /home/vboxuser/ros2_ws/install/vesc_driver/share/vesc_driver/cmake/vesc_driverConfig-version.cmake
[2.317s] -- Up-to-date: /home/vboxuser/ros2_ws/install/vesc_driver/share/vesc_driver/package.xml
[2.377s] Invoked command in '/home/vboxuser/ros2_ws/build/vesc_driver' returned '0': AMENT_PREFIX_PATH=/home/vboxuser/ros2_ws/install/serial_driver:/home/vboxuser/ros2_ws/install/io_context:/home/vboxuser/ros2_ws/install/vesc_msgs:/home/vboxuser/ros2_ws/install/asio_cmake_module CMAKE_PREFIX_PATH=/home/vboxuser/ros2_ws/install/serial_driver:/home/vboxuser/ros2_ws/install/io_context:/home/vboxuser/ros2_ws/install/vesc_msgs:/home/vboxuser/ros2_ws/install/asio_cmake_module LD_LIBRARY_PATH=/home/vboxuser/ros2_ws/install/serial_driver/lib:/home/vboxuser/ros2_ws/install/io_context/lib:/home/vboxuser/ros2_ws/install/vesc_msgs/lib PYTHONPATH=/home/vboxuser/ros2_ws/install/vesc_msgs/lib/python3.10/site-packages /usr/bin/cmake --install /home/vboxuser/ros2_ws/build/vesc_driver
