[0.145s] Invoking command in '/home/vboxuser/ros2_ws/build/udp_driver': AMENT_PREFIX_PATH=/home/vboxuser/ros2_ws/install/io_context:/home/vboxuser/ros2_ws/install/asio_cmake_module CMAKE_PREFIX_PATH=/home/vboxuser/ros2_ws/install/io_context:/home/vboxuser/ros2_ws/install/asio_cmake_module LD_LIBRARY_PATH=/home/vboxuser/ros2_ws/install/io_context/lib /usr/bin/cmake --build /home/vboxuser/ros2_ws/build/udp_driver -- -j4 -l4
[0.787s] [ 12%] Built target udp_driver
[0.989s] [ 20%] Built target gtest_main
[1.252s] [ 29%] Built target gtest
[1.578s] [ 41%] Built target udp_driver_nodes
[1.746s] [ 50%] Built target udp_sender_node_exe
[1.968s] [ 58%] Built target test_udp_socket
[2.148s] [ 66%] Built target test_udp_data
[2.472s] [ 75%] Built target test_udp_driver
[2.762s] [ 83%] Built target test_udp_driver_nodes
[3.007s] [ 91%] Built target udp_bridge_node_exe
[3.208s] [100%] Built target udp_receiver_node_exe
[3.254s] Invoked command in '/home/vboxuser/ros2_ws/build/udp_driver' returned '0': AMENT_PREFIX_PATH=/home/vboxuser/ros2_ws/install/io_context:/home/vboxuser/ros2_ws/install/asio_cmake_module CMAKE_PREFIX_PATH=/home/vboxuser/ros2_ws/install/io_context:/home/vboxuser/ros2_ws/install/asio_cmake_module LD_LIBRARY_PATH=/home/vboxuser/ros2_ws/install/io_context/lib /usr/bin/cmake --build /home/vboxuser/ros2_ws/build/udp_driver -- -j4 -l4
[3.287s] Invoking command in '/home/vboxuser/ros2_ws/build/udp_driver': AMENT_PREFIX_PATH=/home/vboxuser/ros2_ws/install/io_context:/home/vboxuser/ros2_ws/install/asio_cmake_module CMAKE_PREFIX_PATH=/home/vboxuser/ros2_ws/install/io_context:/home/vboxuser/ros2_ws/install/asio_cmake_module LD_LIBRARY_PATH=/home/vboxuser/ros2_ws/install/io_context/lib /usr/bin/cmake --install /home/vboxuser/ros2_ws/build/udp_driver
[3.328s] -- Install configuration: ""
[3.334s] -- Up-to-date: /home/vboxuser/ros2_ws/install/udp_driver/lib/udp_driver/udp_receiver_node_exe
[3.334s] -- Up-to-date: /home/vboxuser/ros2_ws/install/udp_driver/lib/udp_driver/udp_sender_node_exe
[3.335s] -- Up-to-date: /home/vboxuser/ros2_ws/install/udp_driver/include
[3.336s] -- Up-to-date: /home/vboxuser/ros2_ws/install/udp_driver/include/udp_driver
[3.336s] -- Up-to-date: /home/vboxuser/ros2_ws/install/udp_driver/include/udp_driver/udp_socket.hpp
[3.338s] -- Up-to-date: /home/vboxuser/ros2_ws/install/udp_driver/include/udp_driver/udp_driver.hpp
[3.339s] -- Up-to-date: /home/vboxuser/ros2_ws/install/udp_driver/include/udp_driver/udp_receiver_node.hpp
[3.340s] -- Up-to-date: /home/vboxuser/ros2_ws/install/udp_driver/include/udp_driver/visibility_control.hpp
[3.340s] -- Up-to-date: /home/vboxuser/ros2_ws/install/udp_driver/include/udp_driver/udp_sender_node.hpp
[3.343s] -- Up-to-date: /home/vboxuser/ros2_ws/install/udp_driver/share/udp_driver/environment/library_path.sh
[3.344s] -- Up-to-date: /home/vboxuser/ros2_ws/install/udp_driver/share/udp_driver/environment/library_path.dsv
[3.344s] -- Up-to-date: /home/vboxuser/ros2_ws/install/udp_driver/lib/libudp_driver.so
[3.345s] -- Up-to-date: /home/vboxuser/ros2_ws/install/udp_driver/lib/libudp_driver_nodes.so
[3.345s] -- Up-to-date: /home/vboxuser/ros2_ws/install/udp_driver/lib/udp_driver/udp_bridge_node_exe
[3.345s] -- Up-to-date: /home/vboxuser/ros2_ws/install/udp_driver/share/ament_index/resource_index/package_run_dependencies/udp_driver
[3.345s] -- Up-to-date: /home/vboxuser/ros2_ws/install/udp_driver/share/ament_index/resource_index/parent_prefix_path/udp_driver
[3.356s] -- Up-to-date: /home/vboxuser/ros2_ws/install/udp_driver/share/udp_driver/environment/ament_prefix_path.dsv
[3.372s] -- Up-to-date: /home/vboxuser/ros2_ws/install/udp_driver/share/udp_driver/environment/path.dsv
[3.372s] -- Up-to-date: /home/vboxuser/ros2_ws/install/udp_driver/share/udp_driver/local_setup.bash
[3.372s] -- Up-to-date: /home/vboxuser/ros2_ws/install/udp_driver/share/udp_driver/local_setup.sh
[3.373s] -- Up-to-date: /home/vboxuser/ros2_ws/install/udp_driver/share/udp_driver/local_setup.zsh
[3.374s] -- Up-to-date: /home/vboxuser/ros2_ws/install/udp_driver/share/udp_driver/local_setup.dsv
[3.374s] -- Installing: /home/vboxuser/ros2_ws/install/udp_driver/share/udp_driver/package.dsv
[3.374s] -- Up-to-date: /home/vboxuser/ros2_ws/install/udp_driver/share/ament_index/resource_index/packages/udp_driver
[3.374s] -- Up-to-date: /home/vboxuser/ros2_ws/install/udp_driver/share/ament_index/resource_index/rclcpp_components/udp_driver
[3.374s] -- Up-to-date: /home/vboxuser/ros2_ws/install/udp_driver/share/udp_driver/cmake/ament_cmake_export_dependencies-extras.cmake
[3.374s] -- Up-to-date: /home/vboxuser/ros2_ws/install/udp_driver/share/udp_driver/cmake/ament_cmake_export_include_directories-extras.cmake
[3.374s] -- Up-to-date: /home/vboxuser/ros2_ws/install/udp_driver/share/udp_driver/cmake/ament_cmake_export_libraries-extras.cmake
[3.375s] -- Up-to-date: /home/vboxuser/ros2_ws/install/udp_driver/share/udp_driver/cmake/udp_driver-extras.cmake
[3.375s] -- Up-to-date: /home/vboxuser/ros2_ws/install/udp_driver/share/udp_driver/cmake/udp_driverConfig.cmake
[3.376s] -- Up-to-date: /home/vboxuser/ros2_ws/install/udp_driver/share/udp_driver/cmake/udp_driverConfig-version.cmake
[3.376s] -- Up-to-date: /home/vboxuser/ros2_ws/install/udp_driver/share/udp_driver/package.xml
[3.382s] Invoked command in '/home/vboxuser/ros2_ws/build/udp_driver' returned '0': AMENT_PREFIX_PATH=/home/vboxuser/ros2_ws/install/io_context:/home/vboxuser/ros2_ws/install/asio_cmake_module CMAKE_PREFIX_PATH=/home/vboxuser/ros2_ws/install/io_context:/home/vboxuser/ros2_ws/install/asio_cmake_module LD_LIBRARY_PATH=/home/vboxuser/ros2_ws/install/io_context/lib /usr/bin/cmake --install /home/vboxuser/ros2_ws/build/udp_driver
