[0.120s] Invoking command in '/home/vboxuser/ros2_ws/build/udp_driver': AMENT_PREFIX_PATH=/home/vboxuser/ros2_ws/install/io_context:/home/vboxuser/ros2_ws/install/asio_cmake_module CMAKE_PREFIX_PATH=/home/vboxuser/ros2_ws/install/io_context:/home/vboxuser/ros2_ws/install/asio_cmake_module LD_LIBRARY_PATH=/home/vboxuser/ros2_ws/install/io_context/lib /usr/bin/cmake --build /home/vboxuser/ros2_ws/build/udp_driver -- -j4 -l4
[0.789s] [  8%] Built target udp_receiver_node_exe
[0.832s] [ 20%] Built target udp_driver
[1.070s] [ 29%] Built target gtest
[1.096s] [ 37%] Built target gtest_main
[1.446s] [ 50%] Built target udp_driver_nodes
[1.507s] [ 58%] Built target udp_sender_node_exe
[1.720s] [ 66%] Built target udp_bridge_node_exe
[1.725s] [ 75%] Built target test_udp_data
[2.049s] [ 83%] Built target test_udp_driver
[2.056s] [ 91%] Built target test_udp_driver_nodes
[2.345s] [100%] Built target test_udp_socket
[2.451s] Invoked command in '/home/vboxuser/ros2_ws/build/udp_driver' returned '0': AMENT_PREFIX_PATH=/home/vboxuser/ros2_ws/install/io_context:/home/vboxuser/ros2_ws/install/asio_cmake_module CMAKE_PREFIX_PATH=/home/vboxuser/ros2_ws/install/io_context:/home/vboxuser/ros2_ws/install/asio_cmake_module LD_LIBRARY_PATH=/home/vboxuser/ros2_ws/install/io_context/lib /usr/bin/cmake --build /home/vboxuser/ros2_ws/build/udp_driver -- -j4 -l4
[2.501s] Invoking command in '/home/vboxuser/ros2_ws/build/udp_driver': AMENT_PREFIX_PATH=/home/vboxuser/ros2_ws/install/io_context:/home/vboxuser/ros2_ws/install/asio_cmake_module CMAKE_PREFIX_PATH=/home/vboxuser/ros2_ws/install/io_context:/home/vboxuser/ros2_ws/install/asio_cmake_module LD_LIBRARY_PATH=/home/vboxuser/ros2_ws/install/io_context/lib /usr/bin/cmake --install /home/vboxuser/ros2_ws/build/udp_driver
[2.545s] -- Install configuration: ""
[2.581s] -- Up-to-date: /home/vboxuser/ros2_ws/install/udp_driver/lib/udp_driver/udp_receiver_node_exe
[2.630s] -- Up-to-date: /home/vboxuser/ros2_ws/install/udp_driver/lib/udp_driver/udp_sender_node_exe
[2.630s] -- Up-to-date: /home/vboxuser/ros2_ws/install/udp_driver/include
[2.645s] -- Up-to-date: /home/vboxuser/ros2_ws/install/udp_driver/include/udp_driver
[2.645s] -- Up-to-date: /home/vboxuser/ros2_ws/install/udp_driver/include/udp_driver/udp_socket.hpp
[2.645s] -- Up-to-date: /home/vboxuser/ros2_ws/install/udp_driver/include/udp_driver/udp_driver.hpp
[2.645s] -- Up-to-date: /home/vboxuser/ros2_ws/install/udp_driver/include/udp_driver/udp_receiver_node.hpp
[2.645s] -- Up-to-date: /home/vboxuser/ros2_ws/install/udp_driver/include/udp_driver/visibility_control.hpp
[2.646s] -- Up-to-date: /home/vboxuser/ros2_ws/install/udp_driver/include/udp_driver/udp_sender_node.hpp
[2.646s] -- Up-to-date: /home/vboxuser/ros2_ws/install/udp_driver/share/udp_driver/environment/library_path.sh
[2.646s] -- Up-to-date: /home/vboxuser/ros2_ws/install/udp_driver/share/udp_driver/environment/library_path.dsv
[2.710s] -- Up-to-date: /home/vboxuser/ros2_ws/install/udp_driver/lib/libudp_driver.so
[2.780s] -- Up-to-date: /home/vboxuser/ros2_ws/install/udp_driver/lib/libudp_driver_nodes.so
[2.821s] -- Up-to-date: /home/vboxuser/ros2_ws/install/udp_driver/lib/udp_driver/udp_bridge_node_exe
[2.824s] -- Up-to-date: /home/vboxuser/ros2_ws/install/udp_driver/share/ament_index/resource_index/package_run_dependencies/udp_driver
[2.824s] -- Up-to-date: /home/vboxuser/ros2_ws/install/udp_driver/share/ament_index/resource_index/parent_prefix_path/udp_driver
[2.826s] -- Up-to-date: /home/vboxuser/ros2_ws/install/udp_driver/share/udp_driver/environment/ament_prefix_path.dsv
[2.835s] -- Up-to-date: /home/vboxuser/ros2_ws/install/udp_driver/share/udp_driver/environment/path.dsv
[2.849s] -- Up-to-date: /home/vboxuser/ros2_ws/install/udp_driver/share/udp_driver/local_setup.bash
[2.857s] -- Up-to-date: /home/vboxuser/ros2_ws/install/udp_driver/share/udp_driver/local_setup.sh
[2.857s] -- Up-to-date: /home/vboxuser/ros2_ws/install/udp_driver/share/udp_driver/local_setup.zsh
[2.857s] -- Up-to-date: /home/vboxuser/ros2_ws/install/udp_driver/share/udp_driver/local_setup.dsv
[2.857s] -- Installing: /home/vboxuser/ros2_ws/install/udp_driver/share/udp_driver/package.dsv
[2.858s] -- Up-to-date: /home/vboxuser/ros2_ws/install/udp_driver/share/ament_index/resource_index/packages/udp_driver
[2.858s] -- Up-to-date: /home/vboxuser/ros2_ws/install/udp_driver/share/ament_index/resource_index/rclcpp_components/udp_driver
[2.859s] -- Up-to-date: /home/vboxuser/ros2_ws/install/udp_driver/share/udp_driver/cmake/ament_cmake_export_dependencies-extras.cmake
[2.859s] -- Up-to-date: /home/vboxuser/ros2_ws/install/udp_driver/share/udp_driver/cmake/ament_cmake_export_include_directories-extras.cmake
[2.859s] -- Up-to-date: /home/vboxuser/ros2_ws/install/udp_driver/share/udp_driver/cmake/ament_cmake_export_libraries-extras.cmake
[2.859s] -- Up-to-date: /home/vboxuser/ros2_ws/install/udp_driver/share/udp_driver/cmake/udp_driver-extras.cmake
[2.859s] -- Up-to-date: /home/vboxuser/ros2_ws/install/udp_driver/share/udp_driver/cmake/udp_driverConfig.cmake
[2.859s] -- Up-to-date: /home/vboxuser/ros2_ws/install/udp_driver/share/udp_driver/cmake/udp_driverConfig-version.cmake
[2.859s] -- Up-to-date: /home/vboxuser/ros2_ws/install/udp_driver/share/udp_driver/package.xml
[2.949s] Invoked command in '/home/vboxuser/ros2_ws/build/udp_driver' returned '0': AMENT_PREFIX_PATH=/home/vboxuser/ros2_ws/install/io_context:/home/vboxuser/ros2_ws/install/asio_cmake_module CMAKE_PREFIX_PATH=/home/vboxuser/ros2_ws/install/io_context:/home/vboxuser/ros2_ws/install/asio_cmake_module LD_LIBRARY_PATH=/home/vboxuser/ros2_ws/install/io_context/lib /usr/bin/cmake --install /home/vboxuser/ros2_ws/build/udp_driver
