[5.257s] Invoking command in '/home/vboxuser/ros2_ws/src/read_rosbag': PYTHONPATH=/home/vboxuser/ros2_ws/build/read_rosbag/prefix_override:/usr/lib/python3/dist-packages/colcon_core/task/python/colcon_distutils_commands:/home/vboxuser/ros2_ws/install/read_rosbag/lib/python3.10/site-packages:${PYTHONPATH} /usr/bin/python3 -W ignore:setup.py install is deprecated -W ignore:easy_install command is deprecated setup.py egg_info --egg-base ../../build/read_rosbag build --build-base /home/vboxuser/ros2_ws/build/read_rosbag/build install --record /home/vboxuser/ros2_ws/build/read_rosbag/install.log --single-version-externally-managed install_data
[7.455s] running egg_info
[7.458s] writing ../../build/read_rosbag/read_rosbag.egg-info/PKG-INFO
[7.461s] writing dependency_links to ../../build/read_rosbag/read_rosbag.egg-info/dependency_links.txt
[7.464s] writing entry points to ../../build/read_rosbag/read_rosbag.egg-info/entry_points.txt
[7.476s] writing requirements to ../../build/read_rosbag/read_rosbag.egg-info/requires.txt
[7.476s] writing top-level names to ../../build/read_rosbag/read_rosbag.egg-info/top_level.txt
[7.477s] reading manifest file '../../build/read_rosbag/read_rosbag.egg-info/SOURCES.txt'
[7.477s] adding license file 'LICENSE'
[7.477s] writing manifest file '../../build/read_rosbag/read_rosbag.egg-info/SOURCES.txt'
[7.481s] running build
[7.481s] running build_py
[7.481s] running install
[7.482s] running install_lib
[7.492s] running install_data
[7.492s] running install_egg_info
[7.503s] removing '/home/vboxuser/ros2_ws/install/read_rosbag/lib/python3.10/site-packages/read_rosbag-0.0.0-py3.10.egg-info' (and everything under it)
[7.512s] Copying ../../build/read_rosbag/read_rosbag.egg-info to /home/vboxuser/ros2_ws/install/read_rosbag/lib/python3.10/site-packages/read_rosbag-0.0.0-py3.10.egg-info
[7.512s] running install_scripts
[7.633s] Installing load_rosbag script to /home/vboxuser/ros2_ws/install/read_rosbag/lib/read_rosbag
[7.634s] writing list of installed files to '/home/vboxuser/ros2_ws/build/read_rosbag/install.log'
[7.704s] Invoked command in '/home/vboxuser/ros2_ws/src/read_rosbag' returned '0': PYTHONPATH=/home/vboxuser/ros2_ws/build/read_rosbag/prefix_override:/usr/lib/python3/dist-packages/colcon_core/task/python/colcon_distutils_commands:/home/vboxuser/ros2_ws/install/read_rosbag/lib/python3.10/site-packages:${PYTHONPATH} /usr/bin/python3 -W ignore:setup.py install is deprecated -W ignore:easy_install command is deprecated setup.py egg_info --egg-base ../../build/read_rosbag build --build-base /home/vboxuser/ros2_ws/build/read_rosbag/build install --record /home/vboxuser/ros2_ws/build/read_rosbag/install.log --single-version-externally-managed install_data
