[0.352s] Invoking command in '/home/vboxuser/ros2_ws/build/asio_cmake_module': /usr/bin/cmake --build /home/vboxuser/ros2_ws/build/asio_cmake_module -- -j4 -l4
[4.605s] Invoked command in '/home/vboxuser/ros2_ws/build/asio_cmake_module' returned '0': /usr/bin/cmake --build /home/vboxuser/ros2_ws/build/asio_cmake_module -- -j4 -l4
[4.667s] Invoking command in '/home/vboxuser/ros2_ws/build/asio_cmake_module': /usr/bin/cmake --install /home/vboxuser/ros2_ws/build/asio_cmake_module
[4.755s] -- Install configuration: ""
[4.779s] -- Up-to-date: /home/vboxuser/ros2_ws/install/asio_cmake_module/share/ament_index/resource_index/package_run_dependencies/asio_cmake_module
[4.779s] -- Up-to-date: /home/vboxuser/ros2_ws/install/asio_cmake_module/share/ament_index/resource_index/parent_prefix_path/asio_cmake_module
[4.779s] -- Up-to-date: /home/vboxuser/ros2_ws/install/asio_cmake_module/share/asio_cmake_module/environment/ament_prefix_path.dsv
[4.780s] -- Up-to-date: /home/vboxuser/ros2_ws/install/asio_cmake_module/share/asio_cmake_module/environment/path.dsv
[4.780s] -- Up-to-date: /home/vboxuser/ros2_ws/install/asio_cmake_module/share/asio_cmake_module/local_setup.bash
[4.780s] -- Up-to-date: /home/vboxuser/ros2_ws/install/asio_cmake_module/share/asio_cmake_module/local_setup.sh
[4.780s] -- Up-to-date: /home/vboxuser/ros2_ws/install/asio_cmake_module/share/asio_cmake_module/local_setup.zsh
[4.780s] -- Up-to-date: /home/vboxuser/ros2_ws/install/asio_cmake_module/share/asio_cmake_module/local_setup.dsv
[4.780s] -- Installing: /home/vboxuser/ros2_ws/install/asio_cmake_module/share/asio_cmake_module/package.dsv
[4.798s] -- Up-to-date: /home/vboxuser/ros2_ws/install/asio_cmake_module/share/ament_index/resource_index/packages/asio_cmake_module
[4.799s] -- Up-to-date: /home/vboxuser/ros2_ws/install/asio_cmake_module/share/asio_cmake_module/cmake/asio_cmake_module-extras.cmake
[4.799s] -- Up-to-date: /home/vboxuser/ros2_ws/install/asio_cmake_module/share/asio_cmake_module/cmake/asio_cmake_moduleConfig.cmake
[4.799s] -- Up-to-date: /home/vboxuser/ros2_ws/install/asio_cmake_module/share/asio_cmake_module/cmake/asio_cmake_moduleConfig-version.cmake
[4.800s] -- Up-to-date: /home/vboxuser/ros2_ws/install/asio_cmake_module/share/asio_cmake_module/package.xml
[4.800s] -- Up-to-date: /home/vboxuser/ros2_ws/install/asio_cmake_module/share/asio_cmake_module/cmake
[4.801s] -- Up-to-date: /home/vboxuser/ros2_ws/install/asio_cmake_module/share/asio_cmake_module/cmake/Modules
[4.803s] -- Up-to-date: /home/vboxuser/ros2_ws/install/asio_cmake_module/share/asio_cmake_module/cmake/Modules/FindASIO.cmake
[4.809s] Invoked command in '/home/vboxuser/ros2_ws/build/asio_cmake_module' returned '0': /usr/bin/cmake --install /home/vboxuser/ros2_ws/build/asio_cmake_module
