[0.351s] Invoking command in '/home/vboxuser/ros2_ws/build/vesc_driver': AMENT_PREFIX_PATH=/home/vboxuser/ros2_ws/install/serial_driver:/home/vboxuser/ros2_ws/install/io_context:/home/vboxuser/ros2_ws/install/vesc_msgs:/home/vboxuser/ros2_ws/install/asio_cmake_module CMAKE_PREFIX_PATH=/home/vboxuser/ros2_ws/install/serial_driver:/home/vboxuser/ros2_ws/install/io_context:/home/vboxuser/ros2_ws/install/vesc_msgs:/home/vboxuser/ros2_ws/install/asio_cmake_module LD_LIBRARY_PATH=/home/vboxuser/ros2_ws/install/serial_driver/lib:/home/vboxuser/ros2_ws/install/io_context/lib:/home/vboxuser/ros2_ws/install/vesc_msgs/lib PYTHONPATH=/home/vboxuser/ros2_ws/install/vesc_msgs/lib/python3.10/site-packages /usr/bin/cmake --build /home/vboxuser/ros2_ws/build/vesc_driver -- -j4 -l4
[1.503s] [ 50%] Built target vesc_driver
[1.643s] [ 70%] Built target vesc_driver_node
[1.851s] [100%] Built target vesc_device_namer
[2.463s] Invoked command in '/home/vboxuser/ros2_ws/build/vesc_driver' returned '0': AMENT_PREFIX_PATH=/home/vboxuser/ros2_ws/install/serial_driver:/home/vboxuser/ros2_ws/install/io_context:/home/vboxuser/ros2_ws/install/vesc_msgs:/home/vboxuser/ros2_ws/install/asio_cmake_module CMAKE_PREFIX_PATH=/home/vboxuser/ros2_ws/install/serial_driver:/home/vboxuser/ros2_ws/install/io_context:/home/vboxuser/ros2_ws/install/vesc_msgs:/home/vboxuser/ros2_ws/install/asio_cmake_module LD_LIBRARY_PATH=/home/vboxuser/ros2_ws/install/serial_driver/lib:/home/vboxuser/ros2_ws/install/io_context/lib:/home/vboxuser/ros2_ws/install/vesc_msgs/lib PYTHONPATH=/home/vboxuser/ros2_ws/install/vesc_msgs/lib/python3.10/site-packages /usr/bin/cmake --build /home/vboxuser/ros2_ws/build/vesc_driver -- -j4 -l4
[2.478s] Invoking command in '/home/vboxuser/ros2_ws/build/vesc_driver': AMENT_PREFIX_PATH=/home/vboxuser/ros2_ws/install/serial_driver:/home/vboxuser/ros2_ws/install/io_context:/home/vboxuser/ros2_ws/install/vesc_msgs:/home/vboxuser/ros2_ws/install/asio_cmake_module CMAKE_PREFIX_PATH=/home/vboxuser/ros2_ws/install/serial_driver:/home/vboxuser/ros2_ws/install/io_context:/home/vboxuser/ros2_ws/install/vesc_msgs:/home/vboxuser/ros2_ws/install/asio_cmake_module LD_LIBRARY_PATH=/home/vboxuser/ros2_ws/install/serial_driver/lib:/home/vboxuser/ros2_ws/install/io_context/lib:/home/vboxuser/ros2_ws/install/vesc_msgs/lib PYTHONPATH=/home/vboxuser/ros2_ws/install/vesc_msgs/lib/python3.10/site-packages /usr/bin/cmake --install /home/vboxuser/ros2_ws/build/vesc_driver
[2.545s] -- Install configuration: ""
[2.605s] -- Up-to-date: /home/vboxuser/ros2_ws/install/vesc_driver/lib/vesc_driver/vesc_driver_node
[2.605s] -- Up-to-date: /home/vboxuser/ros2_ws/install/vesc_driver/include
[2.605s] -- Up-to-date: /home/vboxuser/ros2_ws/install/vesc_driver/include/vesc_driver
[2.605s] -- Up-to-date: /home/vboxuser/ros2_ws/install/vesc_driver/include/vesc_driver/vesc_interface.hpp
[2.605s] -- Up-to-date: /home/vboxuser/ros2_ws/install/vesc_driver/include/vesc_driver/vesc_driver.hpp
[2.605s] -- Up-to-date: /home/vboxuser/ros2_ws/install/vesc_driver/include/vesc_driver/vesc_packet_factory.hpp
[2.605s] -- Up-to-date: /home/vboxuser/ros2_ws/install/vesc_driver/include/vesc_driver/crc.hpp
[2.605s] -- Up-to-date: /home/vboxuser/ros2_ws/install/vesc_driver/include/vesc_driver/datatypes.hpp
[2.605s] -- Up-to-date: /home/vboxuser/ros2_ws/install/vesc_driver/include/vesc_driver/vesc_packet.hpp
[2.605s] -- Up-to-date: /home/vboxuser/ros2_ws/install/vesc_driver/include/vesc_driver/vesc_device_uuid_lookup.hpp
[2.605s] -- Up-to-date: /home/vboxuser/ros2_ws/install/vesc_driver/share/vesc_driver/environment/library_path.sh
[2.605s] -- Up-to-date: /home/vboxuser/ros2_ws/install/vesc_driver/share/vesc_driver/environment/library_path.dsv
[2.688s] -- Up-to-date: /home/vboxuser/ros2_ws/install/vesc_driver/lib/libvesc_driver.so
[2.719s] -- Up-to-date: /home/vboxuser/ros2_ws/install/vesc_driver/lib/vesc_driver/vesc_device_namer
[2.733s] -- Up-to-date: /home/vboxuser/ros2_ws/install/vesc_driver/share/vesc_driver/launch
[2.734s] -- Up-to-date: /home/vboxuser/ros2_ws/install/vesc_driver/share/vesc_driver/launch/vesc_driver_node.launch.py
[2.734s] -- Up-to-date: /home/vboxuser/ros2_ws/install/vesc_driver/share/vesc_driver/params
[2.734s] -- Up-to-date: /home/vboxuser/ros2_ws/install/vesc_driver/share/vesc_driver/params/vesc_config.yaml
[2.734s] -- Up-to-date: /home/vboxuser/ros2_ws/install/vesc_driver/share/ament_index/resource_index/package_run_dependencies/vesc_driver
[2.734s] -- Up-to-date: /home/vboxuser/ros2_ws/install/vesc_driver/share/ament_index/resource_index/parent_prefix_path/vesc_driver
[2.734s] -- Up-to-date: /home/vboxuser/ros2_ws/install/vesc_driver/share/vesc_driver/environment/ament_prefix_path.sh
[2.734s] -- Up-to-date: /home/vboxuser/ros2_ws/install/vesc_driver/share/vesc_driver/environment/ament_prefix_path.dsv
[2.734s] -- Up-to-date: /home/vboxuser/ros2_ws/install/vesc_driver/share/vesc_driver/environment/path.sh
[2.735s] -- Up-to-date: /home/vboxuser/ros2_ws/install/vesc_driver/share/vesc_driver/environment/path.dsv
[2.735s] -- Up-to-date: /home/vboxuser/ros2_ws/install/vesc_driver/share/vesc_driver/local_setup.bash
[2.735s] -- Up-to-date: /home/vboxuser/ros2_ws/install/vesc_driver/share/vesc_driver/local_setup.sh
[2.735s] -- Up-to-date: /home/vboxuser/ros2_ws/install/vesc_driver/share/vesc_driver/local_setup.zsh
[2.735s] -- Up-to-date: /home/vboxuser/ros2_ws/install/vesc_driver/share/vesc_driver/local_setup.dsv
[2.735s] -- Installing: /home/vboxuser/ros2_ws/install/vesc_driver/share/vesc_driver/package.dsv
[2.735s] -- Up-to-date: /home/vboxuser/ros2_ws/install/vesc_driver/share/ament_index/resource_index/packages/vesc_driver
[2.735s] -- Up-to-date: /home/vboxuser/ros2_ws/install/vesc_driver/share/ament_index/resource_index/rclcpp_components/vesc_driver
[2.735s] -- Up-to-date: /home/vboxuser/ros2_ws/install/vesc_driver/share/vesc_driver/cmake/ament_cmake_export_dependencies-extras.cmake
[2.735s] -- Up-to-date: /home/vboxuser/ros2_ws/install/vesc_driver/share/vesc_driver/cmake/ament_cmake_export_include_directories-extras.cmake
[2.735s] -- Up-to-date: /home/vboxuser/ros2_ws/install/vesc_driver/share/vesc_driver/cmake/ament_cmake_export_libraries-extras.cmake
[2.735s] -- Up-to-date: /home/vboxuser/ros2_ws/install/vesc_driver/share/vesc_driver/cmake/vesc_driverConfig.cmake
[2.735s] -- Up-to-date: /home/vboxuser/ros2_ws/install/vesc_driver/share/vesc_driver/cmake/vesc_driverConfig-version.cmake
[2.735s] -- Up-to-date: /home/vboxuser/ros2_ws/install/vesc_driver/share/vesc_driver/package.xml
[2.773s] Invoked command in '/home/vboxuser/ros2_ws/build/vesc_driver' returned '0': AMENT_PREFIX_PATH=/home/vboxuser/ros2_ws/install/serial_driver:/home/vboxuser/ros2_ws/install/io_context:/home/vboxuser/ros2_ws/install/vesc_msgs:/home/vboxuser/ros2_ws/install/asio_cmake_module CMAKE_PREFIX_PATH=/home/vboxuser/ros2_ws/install/serial_driver:/home/vboxuser/ros2_ws/install/io_context:/home/vboxuser/ros2_ws/install/vesc_msgs:/home/vboxuser/ros2_ws/install/asio_cmake_module LD_LIBRARY_PATH=/home/vboxuser/ros2_ws/install/serial_driver/lib:/home/vboxuser/ros2_ws/install/io_context/lib:/home/vboxuser/ros2_ws/install/vesc_msgs/lib PYTHONPATH=/home/vboxuser/ros2_ws/install/vesc_msgs/lib/python3.10/site-packages /usr/bin/cmake --install /home/vboxuser/ros2_ws/build/vesc_driver
