[5.063s] Invoking command in '/home/vboxuser/ros2_ws/src/examples/rclpy/topics/minimal_subscriber': PYTHONPATH=/home/vboxuser/ros2_ws/build/examples_rclpy_minimal_subscriber/prefix_override:/usr/lib/python3/dist-packages/colcon_core/task/python/colcon_distutils_commands:/home/vboxuser/ros2_ws/install/examples_rclpy_minimal_subscriber/lib/python3.10/site-packages:${PYTHONPATH} /usr/bin/python3 -W ignore:setup.py install is deprecated -W ignore:easy_install command is deprecated setup.py egg_info --egg-base ../../../../../build/examples_rclpy_minimal_subscriber build --build-base /home/vboxuser/ros2_ws/build/examples_rclpy_minimal_subscriber/build install --record /home/vboxuser/ros2_ws/build/examples_rclpy_minimal_subscriber/install.log --single-version-externally-managed install_data
[6.622s] running egg_info
[6.629s] writing ../../../../../build/examples_rclpy_minimal_subscriber/examples_rclpy_minimal_subscriber.egg-info/PKG-INFO
[6.631s] writing dependency_links to ../../../../../build/examples_rclpy_minimal_subscriber/examples_rclpy_minimal_subscriber.egg-info/dependency_links.txt
[6.636s] writing entry points to ../../../../../build/examples_rclpy_minimal_subscriber/examples_rclpy_minimal_subscriber.egg-info/entry_points.txt
[6.636s] writing requirements to ../../../../../build/examples_rclpy_minimal_subscriber/examples_rclpy_minimal_subscriber.egg-info/requires.txt
[6.646s] writing top-level names to ../../../../../build/examples_rclpy_minimal_subscriber/examples_rclpy_minimal_subscriber.egg-info/top_level.txt
[6.646s] reading manifest file '../../../../../build/examples_rclpy_minimal_subscriber/examples_rclpy_minimal_subscriber.egg-info/SOURCES.txt'
[6.647s] writing manifest file '../../../../../build/examples_rclpy_minimal_subscriber/examples_rclpy_minimal_subscriber.egg-info/SOURCES.txt'
[6.657s] running build
[6.659s] running build_py
[6.660s] running install
[6.664s] running install_lib
[6.691s] running install_data
[6.697s] running install_egg_info
[6.702s] removing '/home/vboxuser/ros2_ws/install/examples_rclpy_minimal_subscriber/lib/python3.10/site-packages/examples_rclpy_minimal_subscriber-0.18.2-py3.10.egg-info' (and everything under it)
[6.706s] Copying ../../../../../build/examples_rclpy_minimal_subscriber/examples_rclpy_minimal_subscriber.egg-info to /home/vboxuser/ros2_ws/install/examples_rclpy_minimal_subscriber/lib/python3.10/site-packages/examples_rclpy_minimal_subscriber-0.18.2-py3.10.egg-info
[6.734s] running install_scripts
[6.870s] Installing subscriber_lambda script to /home/vboxuser/ros2_ws/install/examples_rclpy_minimal_subscriber/lib/examples_rclpy_minimal_subscriber
[6.881s] Installing subscriber_member_function script to /home/vboxuser/ros2_ws/install/examples_rclpy_minimal_subscriber/lib/examples_rclpy_minimal_subscriber
[6.881s] Installing subscriber_old_school script to /home/vboxuser/ros2_ws/install/examples_rclpy_minimal_subscriber/lib/examples_rclpy_minimal_subscriber
[6.889s] writing list of installed files to '/home/vboxuser/ros2_ws/build/examples_rclpy_minimal_subscriber/install.log'
[7.750s] Invoked command in '/home/vboxuser/ros2_ws/src/examples/rclpy/topics/minimal_subscriber' returned '0': PYTHONPATH=/home/vboxuser/ros2_ws/build/examples_rclpy_minimal_subscriber/prefix_override:/usr/lib/python3/dist-packages/colcon_core/task/python/colcon_distutils_commands:/home/vboxuser/ros2_ws/install/examples_rclpy_minimal_subscriber/lib/python3.10/site-packages:${PYTHONPATH} /usr/bin/python3 -W ignore:setup.py install is deprecated -W ignore:easy_install command is deprecated setup.py egg_info --egg-base ../../../../../build/examples_rclpy_minimal_subscriber build --build-base /home/vboxuser/ros2_ws/build/examples_rclpy_minimal_subscriber/build install --record /home/vboxuser/ros2_ws/build/examples_rclpy_minimal_subscriber/install.log --single-version-externally-managed install_data
