[6.284s] Invoking command in '/home/vboxuser/ros2_ws/src/examples/rclpy/topics/minimal_subscriber': PYTHONPATH=/home/vboxuser/ros2_ws/build/examples_rclpy_minimal_subscriber/prefix_override:/usr/lib/python3/dist-packages/colcon_core/task/python/colcon_distutils_commands:/home/vboxuser/ros2_ws/install/examples_rclpy_minimal_subscriber/lib/python3.10/site-packages:${PYTHONPATH} /usr/bin/python3 -W ignore:setup.py install is deprecated -W ignore:easy_install command is deprecated setup.py egg_info --egg-base ../../../../../build/examples_rclpy_minimal_subscriber build --build-base /home/vboxuser/ros2_ws/build/examples_rclpy_minimal_subscriber/build install --record /home/vboxuser/ros2_ws/build/examples_rclpy_minimal_subscriber/install.log --single-version-externally-managed install_data
[8.498s] running egg_info
[8.501s] writing ../../../../../build/examples_rclpy_minimal_subscriber/examples_rclpy_minimal_subscriber.egg-info/PKG-INFO
[8.505s] writing dependency_links to ../../../../../build/examples_rclpy_minimal_subscriber/examples_rclpy_minimal_subscriber.egg-info/dependency_links.txt
[8.510s] writing entry points to ../../../../../build/examples_rclpy_minimal_subscriber/examples_rclpy_minimal_subscriber.egg-info/entry_points.txt
[8.511s] writing requirements to ../../../../../build/examples_rclpy_minimal_subscriber/examples_rclpy_minimal_subscriber.egg-info/requires.txt
[8.511s] writing top-level names to ../../../../../build/examples_rclpy_minimal_subscriber/examples_rclpy_minimal_subscriber.egg-info/top_level.txt
[8.530s] reading manifest file '../../../../../build/examples_rclpy_minimal_subscriber/examples_rclpy_minimal_subscriber.egg-info/SOURCES.txt'
[8.604s] writing manifest file '../../../../../build/examples_rclpy_minimal_subscriber/examples_rclpy_minimal_subscriber.egg-info/SOURCES.txt'
[8.604s] running build
[8.605s] running build_py
[8.608s] running install
[8.613s] running install_lib
[8.641s] running install_data
[8.641s] running install_egg_info
[8.666s] removing '/home/vboxuser/ros2_ws/install/examples_rclpy_minimal_subscriber/lib/python3.10/site-packages/examples_rclpy_minimal_subscriber-0.18.2-py3.10.egg-info' (and everything under it)
[8.695s] Copying ../../../../../build/examples_rclpy_minimal_subscriber/examples_rclpy_minimal_subscriber.egg-info to /home/vboxuser/ros2_ws/install/examples_rclpy_minimal_subscriber/lib/python3.10/site-packages/examples_rclpy_minimal_subscriber-0.18.2-py3.10.egg-info
[9.412s] running install_scripts
[9.413s] Installing subscriber_lambda script to /home/vboxuser/ros2_ws/install/examples_rclpy_minimal_subscriber/lib/examples_rclpy_minimal_subscriber
[9.413s] Installing subscriber_member_function script to /home/vboxuser/ros2_ws/install/examples_rclpy_minimal_subscriber/lib/examples_rclpy_minimal_subscriber
[9.413s] Installing subscriber_old_school script to /home/vboxuser/ros2_ws/install/examples_rclpy_minimal_subscriber/lib/examples_rclpy_minimal_subscriber
[9.414s] writing list of installed files to '/home/vboxuser/ros2_ws/build/examples_rclpy_minimal_subscriber/install.log'
[10.657s] Invoked command in '/home/vboxuser/ros2_ws/src/examples/rclpy/topics/minimal_subscriber' returned '0': PYTHONPATH=/home/vboxuser/ros2_ws/build/examples_rclpy_minimal_subscriber/prefix_override:/usr/lib/python3/dist-packages/colcon_core/task/python/colcon_distutils_commands:/home/vboxuser/ros2_ws/install/examples_rclpy_minimal_subscriber/lib/python3.10/site-packages:${PYTHONPATH} /usr/bin/python3 -W ignore:setup.py install is deprecated -W ignore:easy_install command is deprecated setup.py egg_info --egg-base ../../../../../build/examples_rclpy_minimal_subscriber build --build-base /home/vboxuser/ros2_ws/build/examples_rclpy_minimal_subscriber/build install --record /home/vboxuser/ros2_ws/build/examples_rclpy_minimal_subscriber/install.log --single-version-externally-managed install_data
