[5.966s] Invoking command in '/home/vboxuser/ros2_ws/src/BMS_BQ769X2/src/bms_visualizer': PYTHONPATH=/home/vboxuser/ros2_ws/build/bms_visualizer/prefix_override:/usr/lib/python3/dist-packages/colcon_core/task/python/colcon_distutils_commands:/home/vboxuser/ros2_ws/install/bms_visualizer/lib/python3.10/site-packages:${PYTHONPATH} /usr/bin/python3 -W ignore:setup.py install is deprecated -W ignore:easy_install command is deprecated setup.py egg_info --egg-base ../../../../build/bms_visualizer build --build-base /home/vboxuser/ros2_ws/build/bms_visualizer/build install --record /home/vboxuser/ros2_ws/build/bms_visualizer/install.log --single-version-externally-managed install_data
[9.480s] Traceback (most recent call last):
[9.481s]   File "/home/vboxuser/ros2_ws/src/BMS_BQ769X2/src/bms_visualizer/setup.py", line 1, in <module>
[9.481s]     from setuptools import find_packages, setup
[9.481s]   File "/usr/lib/python3/dist-packages/setuptools/__init__.py", line 18, in <module>
[9.497s]     from setuptools.dist import Distribution
[9.498s]   File "/usr/lib/python3/dist-packages/setuptools/dist.py", line 31, in <module>
[9.511s]     from setuptools.extern.more_itertools import unique_everseen
[9.511s]   File "<frozen importlib._bootstrap>", line 1027, in _find_and_load
[9.518s]   File "<frozen importlib._bootstrap>", line 1006, in _find_and_load_unlocked
[9.520s]   File "<frozen importlib._bootstrap>", line 674, in _load_unlocked
[9.526s]   File "<frozen importlib._bootstrap>", line 571, in module_from_spec
[9.526s]   File "/usr/lib/python3/dist-packages/setuptools/extern/__init__.py", line 52, in create_module
[9.528s]     return self.load_module(spec.name)
[9.528s]   File "/usr/lib/python3/dist-packages/setuptools/extern/__init__.py", line 37, in load_module
[9.528s]     __import__(extant)
[9.528s]   File "/usr/lib/python3/dist-packages/setuptools/_vendor/more_itertools/__init__.py", line 1, in <module>
[9.537s]     from .more import *  # noqa
[9.539s]   File "/usr/lib/python3/dist-packages/setuptools/_vendor/more_itertools/more.py", line 5, in <module>
[9.550s]     from concurrent.futures import ThreadPoolExecutor
[9.550s]   File "<frozen importlib._bootstrap>", line 1075, in _handle_fromlist
[9.553s]   File "/usr/lib/python3.10/concurrent/futures/__init__.py", line 49, in __getattr__
[9.572s]     from .thread import ThreadPoolExecutor as te
[9.572s]   File "/usr/lib/python3.10/concurrent/futures/thread.py", line 10, in <module>
[9.573s]     import queue
[9.573s]   File "/usr/lib/python3.10/queue.py", line 9, in <module>
[9.581s]     from _queue import SimpleQueue
[9.581s]   File "<frozen importlib._bootstrap>", line 1027, in _find_and_load
[9.586s]   File "<frozen importlib._bootstrap>", line 1002, in _find_and_load_unlocked
[9.589s]   File "<frozen importlib._bootstrap>", line 945, in _find_spec
[9.594s]   File "<frozen importlib._bootstrap_external>", line 1439, in find_spec
[9.599s]   File "<frozen importlib._bootstrap_external>", line 1411, in _get_spec
[9.602s]   File "<frozen importlib._bootstrap_external>", line 1572, in find_spec
[9.605s]   File "<frozen importlib._bootstrap_external>", line 128, in _path_join
[9.609s] KeyboardInterrupt
