-- The C compiler identification is GNU 11.4.0
-- The CXX compiler identification is GNU 11.4.0
-- Detecting C compiler ABI info
-- Detecting C compiler ABI info - done
-- Check for working C compiler: /usr/bin/cc - skipped
-- Detecting C compile features
-- Detecting C compile features - done
-- Detecting CXX compiler ABI info
-- Detecting CXX compiler ABI info - done
-- Check for working CXX compiler: /usr/bin/c++ - skipped
-- Detecting CXX compile features
-- Detecting CXX compile features - done
-- Found ament_cmake_auto: 2.0.7 (/home/vboxuser/ros2_iron/install/ament_cmake_auto/share/ament_cmake_auto/cmake)
-- Found Python3: /usr/bin/python3.10 (found version "3.10.12") found components: Interpreter 
-- Found rosidl_generator_c: 4.0.1 (/home/vboxuser/ros2_iron/install/rosidl_generator_c/share/rosidl_generator_c/cmake)
-- Found rosidl_generator_cpp: 4.0.1 (/home/vboxuser/ros2_iron/install/rosidl_generator_cpp/share/rosidl_generator_cpp/cmake)
-- Using all available rosidl_typesupport_c: rosidl_typesupport_fastrtps_c;rosidl_typesupport_introspection_c
-- Using all available rosidl_typesupport_cpp: rosidl_typesupport_fastrtps_cpp;rosidl_typesupport_introspection_cpp
-- Found rmw_implementation_cmake: 7.1.0 (/home/vboxuser/ros2_iron/install/rmw_implementation_cmake/share/rmw_implementation_cmake/cmake)
-- Found rmw_fastrtps_cpp: 7.1.4 (/home/vboxuser/ros2_iron/install/rmw_fastrtps_cpp/share/rmw_fastrtps_cpp/cmake)
-- Found OpenSSL: /usr/lib/x86_64-linux-gnu/libcrypto.so (found version "3.0.2")  
-- Found FastRTPS: /home/vboxuser/ros2_iron/install/fastrtps/include  
-- Using RMW implementation 'rmw_fastrtps_cpp' as default
-- Found ASIO: /usr/include  
-- Found ament_lint_auto: 0.14.4 (/home/vboxuser/ros2_iron/install/ament_lint_auto/share/ament_lint_auto/cmake)
-- Found gtest sources under '/home/vboxuser/ros2_iron/install/gtest_vendor/src/gtest_vendor': C++ tests using 'Google Test' will be built
-- Looking for pthread.h
-- Looking for pthread.h - found
-- Performing Test CMAKE_HAVE_LIBC_PTHREAD
-- Performing Test CMAKE_HAVE_LIBC_PTHREAD - Success
-- Found Threads: TRUE  
-- Added test 'copyright' to check source files copyright and LICENSE
-- Added test 'cppcheck' to perform static code analysis on C / C++ code
-- Configured cppcheck include dirs: /home/vboxuser/ros2_ws/src/transport_drivers/io_context/include
-- Configured cppcheck exclude dirs and/or files: 
-- Added test 'cpplint' to check C / C++ code against the Google style
-- Configured cpplint exclude dirs and/or files: 
-- Added test 'lint_cmake' to check CMake code style
-- Added test 'uncrustify' to check C / C++ code style
-- Configured uncrustify additional arguments: 
-- Added test 'xmllint' to check XML markup files
-- Configuring done
-- Generating done
-- Build files have been written to: /home/vboxuser/ros2_ws/build/io_context
[ 11%] [32mBuilding CXX object gtest/CMakeFiles/gtest_main.dir/src/gtest_main.cc.o[0m
[ 22%] [32mBuilding CXX object gtest/CMakeFiles/gtest.dir/src/gtest-all.cc.o[0m
[ 33%] [32mBuilding CXX object CMakeFiles/io_context.dir/src/io_context.cpp.o[0m
[ 44%] [32mBuilding CXX object CMakeFiles/io_context.dir/src/msg_converters/std_msgs.cpp.o[0m
[ 55%] [32m[1mLinking CXX static library libgtest_main.a[0m
[ 66%] [32m[1mLinking CXX shared library libio_context.so[0m
[ 77%] [32m[1mLinking CXX static library libgtest.a[0m
[ 77%] Built target gtest_main
[ 77%] Built target gtest
[ 77%] Built target io_context
[ 88%] [32mBuilding CXX object CMakeFiles/test_io_context.dir/test/test_io_context.cpp.o[0m
[100%] [32m[1mLinking CXX executable test_io_context[0m
[100%] Built target test_io_context
-- Install configuration: ""
-- Up-to-date: /home/vboxuser/ros2_ws/install/io_context/include
-- Up-to-date: /home/vboxuser/ros2_ws/install/io_context/include/io_context
-- Up-to-date: /home/vboxuser/ros2_ws/install/io_context/include/io_context/common.hpp
-- Up-to-date: /home/vboxuser/ros2_ws/install/io_context/include/io_context/io_context.hpp
-- Up-to-date: /home/vboxuser/ros2_ws/install/io_context/include/msg_converters
-- Up-to-date: /home/vboxuser/ros2_ws/install/io_context/include/msg_converters/converters.hpp
-- Up-to-date: /home/vboxuser/ros2_ws/install/io_context/include/msg_converters/udp_msgs.hpp
-- Up-to-date: /home/vboxuser/ros2_ws/install/io_context/include/msg_converters/std_msgs.hpp
-- Up-to-date: /home/vboxuser/ros2_ws/install/io_context/share/io_context/environment/library_path.sh
-- Installing: /home/vboxuser/ros2_ws/install/io_context/share/io_context/environment/library_path.dsv
-- Installing: /home/vboxuser/ros2_ws/install/io_context/lib/libio_context.so
-- Set runtime path of "/home/vboxuser/ros2_ws/install/io_context/lib/libio_context.so" to ""
-- Installing: /home/vboxuser/ros2_ws/install/io_context/share/ament_index/resource_index/package_run_dependencies/io_context
-- Installing: /home/vboxuser/ros2_ws/install/io_context/share/ament_index/resource_index/parent_prefix_path/io_context
-- Installing: /home/vboxuser/ros2_ws/install/io_context/share/io_context/environment/ament_prefix_path.dsv
-- Installing: /home/vboxuser/ros2_ws/install/io_context/share/io_context/environment/path.dsv
-- Installing: /home/vboxuser/ros2_ws/install/io_context/share/io_context/local_setup.bash
-- Installing: /home/vboxuser/ros2_ws/install/io_context/share/io_context/local_setup.sh
-- Installing: /home/vboxuser/ros2_ws/install/io_context/share/io_context/local_setup.zsh
-- Installing: /home/vboxuser/ros2_ws/install/io_context/share/io_context/local_setup.dsv
-- Installing: /home/vboxuser/ros2_ws/install/io_context/share/io_context/package.dsv
-- Installing: /home/vboxuser/ros2_ws/install/io_context/share/ament_index/resource_index/packages/io_context
-- Installing: /home/vboxuser/ros2_ws/install/io_context/share/io_context/cmake/ament_cmake_export_dependencies-extras.cmake
-- Installing: /home/vboxuser/ros2_ws/install/io_context/share/io_context/cmake/ament_cmake_export_include_directories-extras.cmake
-- Installing: /home/vboxuser/ros2_ws/install/io_context/share/io_context/cmake/ament_cmake_export_libraries-extras.cmake
-- Up-to-date: /home/vboxuser/ros2_ws/install/io_context/share/io_context/cmake/io_context-extras.cmake
-- Installing: /home/vboxuser/ros2_ws/install/io_context/share/io_context/cmake/io_contextConfig.cmake
-- Installing: /home/vboxuser/ros2_ws/install/io_context/share/io_context/cmake/io_contextConfig-version.cmake
-- Up-to-date: /home/vboxuser/ros2_ws/install/io_context/share/io_context/package.xml
