[0.779s] Invoking command in '/home/vboxuser/ros2_ws/build/my_package': CMAKE_PREFIX_PATH=${CMAKE_PREFIX_PATH}:/home/vboxuser/ros2_ws/install/read_rosbag:/home/vboxuser/ros2_ws/install/py_pubsub:/home/vboxuser/ros2_ws/install/launch_testing_examples:/home/vboxuser/ros2_ws/install/examples_rclpy_pointcloud_publisher:/home/vboxuser/ros2_ws/install/examples_rclpy_minimal_subscriber:/home/vboxuser/ros2_ws/install/examples_rclpy_minimal_service:/home/vboxuser/ros2_ws/install/examples_rclpy_minimal_publisher:/home/vboxuser/ros2_ws/install/examples_rclpy_minimal_client:/home/vboxuser/ros2_ws/install/examples_rclpy_minimal_action_server:/home/vboxuser/ros2_ws/install/examples_rclpy_minimal_action_client:/home/vboxuser/ros2_ws/install/examples_rclpy_guard_conditions:/home/vboxuser/ros2_ws/install/examples_rclpy_executors:/home/vboxuser/ros2_ws/install/bms_visualizer:/opt/ros/iron /usr/bin/cmake --build /home/vboxuser/ros2_ws/build/my_package -- -j16 -l16
[1.622s] -- Found ament_cmake: 2.0.7 (/opt/ros/iron/share/ament_cmake/cmake)
[2.291s] -- Found ament_lint_auto: 0.14.4 (/opt/ros/iron/share/ament_lint_auto/cmake)
[2.926s] -- Added test 'cppcheck' to perform static code analysis on C / C++ code
[2.926s] -- Configured cppcheck include dirs: $<BUILD_INTERFACE:/home/vboxuser/ros2_ws/src/my_package/include>
[2.926s] -- Configured cppcheck exclude dirs and/or files: 
[2.964s] -- Added test 'lint_cmake' to check CMake code style
[2.966s] -- Added test 'uncrustify' to check C / C++ code style
[2.966s] -- Configured uncrustify additional arguments: 
[2.976s] -- Added test 'xmllint' to check XML markup files
[3.027s] -- Configuring done
[3.418s] -- Generating done
[3.473s] -- Build files have been written to: /home/vboxuser/ros2_ws/build/my_package
[3.617s] [35m[1mConsolidate compiler generated dependencies of target my_node[0m
[3.719s] [100%] Built target my_node
[3.832s] Invoked command in '/home/vboxuser/ros2_ws/build/my_package' returned '0': CMAKE_PREFIX_PATH=${CMAKE_PREFIX_PATH}:/home/vboxuser/ros2_ws/install/read_rosbag:/home/vboxuser/ros2_ws/install/py_pubsub:/home/vboxuser/ros2_ws/install/launch_testing_examples:/home/vboxuser/ros2_ws/install/examples_rclpy_pointcloud_publisher:/home/vboxuser/ros2_ws/install/examples_rclpy_minimal_subscriber:/home/vboxuser/ros2_ws/install/examples_rclpy_minimal_service:/home/vboxuser/ros2_ws/install/examples_rclpy_minimal_publisher:/home/vboxuser/ros2_ws/install/examples_rclpy_minimal_client:/home/vboxuser/ros2_ws/install/examples_rclpy_minimal_action_server:/home/vboxuser/ros2_ws/install/examples_rclpy_minimal_action_client:/home/vboxuser/ros2_ws/install/examples_rclpy_guard_conditions:/home/vboxuser/ros2_ws/install/examples_rclpy_executors:/home/vboxuser/ros2_ws/install/bms_visualizer:/opt/ros/iron /usr/bin/cmake --build /home/vboxuser/ros2_ws/build/my_package -- -j16 -l16
[3.901s] Invoking command in '/home/vboxuser/ros2_ws/build/my_package': CMAKE_PREFIX_PATH=${CMAKE_PREFIX_PATH}:/home/vboxuser/ros2_ws/install/read_rosbag:/home/vboxuser/ros2_ws/install/py_pubsub:/home/vboxuser/ros2_ws/install/launch_testing_examples:/home/vboxuser/ros2_ws/install/examples_rclpy_pointcloud_publisher:/home/vboxuser/ros2_ws/install/examples_rclpy_minimal_subscriber:/home/vboxuser/ros2_ws/install/examples_rclpy_minimal_service:/home/vboxuser/ros2_ws/install/examples_rclpy_minimal_publisher:/home/vboxuser/ros2_ws/install/examples_rclpy_minimal_client:/home/vboxuser/ros2_ws/install/examples_rclpy_minimal_action_server:/home/vboxuser/ros2_ws/install/examples_rclpy_minimal_action_client:/home/vboxuser/ros2_ws/install/examples_rclpy_guard_conditions:/home/vboxuser/ros2_ws/install/examples_rclpy_executors:/home/vboxuser/ros2_ws/install/bms_visualizer:/opt/ros/iron /usr/bin/cmake --install /home/vboxuser/ros2_ws/build/my_package
[3.985s] -- Install configuration: ""
[3.985s] -- Installing: /home/vboxuser/ros2_ws/install/my_package/lib/my_package/my_node
[3.985s] -- Installing: /home/vboxuser/ros2_ws/install/my_package/share/ament_index/resource_index/package_run_dependencies/my_package
[4.013s] -- Installing: /home/vboxuser/ros2_ws/install/my_package/share/ament_index/resource_index/parent_prefix_path/my_package
[4.017s] -- Installing: /home/vboxuser/ros2_ws/install/my_package/share/my_package/environment/ament_prefix_path.sh
[4.026s] -- Installing: /home/vboxuser/ros2_ws/install/my_package/share/my_package/environment/ament_prefix_path.dsv
[4.028s] -- Installing: /home/vboxuser/ros2_ws/install/my_package/share/my_package/environment/path.sh
[4.028s] -- Installing: /home/vboxuser/ros2_ws/install/my_package/share/my_package/environment/path.dsv
[4.028s] -- Up-to-date: /home/vboxuser/ros2_ws/install/my_package/share/my_package/local_setup.bash
[4.065s] -- Up-to-date: /home/vboxuser/ros2_ws/install/my_package/share/my_package/local_setup.sh
[4.068s] -- Up-to-date: /home/vboxuser/ros2_ws/install/my_package/share/my_package/local_setup.zsh
[4.068s] -- Installing: /home/vboxuser/ros2_ws/install/my_package/share/my_package/local_setup.dsv
[4.068s] -- Installing: /home/vboxuser/ros2_ws/install/my_package/share/my_package/package.dsv
[4.068s] -- Installing: /home/vboxuser/ros2_ws/install/my_package/share/ament_index/resource_index/packages/my_package
[4.068s] -- Up-to-date: /home/vboxuser/ros2_ws/install/my_package/share/my_package/cmake/my_packageConfig.cmake
[4.068s] -- Up-to-date: /home/vboxuser/ros2_ws/install/my_package/share/my_package/cmake/my_packageConfig-version.cmake
[4.068s] -- Installing: /home/vboxuser/ros2_ws/install/my_package/share/my_package/package.xml
[4.451s] Invoked command in '/home/vboxuser/ros2_ws/build/my_package' returned '0': CMAKE_PREFIX_PATH=${CMAKE_PREFIX_PATH}:/home/vboxuser/ros2_ws/install/read_rosbag:/home/vboxuser/ros2_ws/install/py_pubsub:/home/vboxuser/ros2_ws/install/launch_testing_examples:/home/vboxuser/ros2_ws/install/examples_rclpy_pointcloud_publisher:/home/vboxuser/ros2_ws/install/examples_rclpy_minimal_subscriber:/home/vboxuser/ros2_ws/install/examples_rclpy_minimal_service:/home/vboxuser/ros2_ws/install/examples_rclpy_minimal_publisher:/home/vboxuser/ros2_ws/install/examples_rclpy_minimal_client:/home/vboxuser/ros2_ws/install/examples_rclpy_minimal_action_server:/home/vboxuser/ros2_ws/install/examples_rclpy_minimal_action_client:/home/vboxuser/ros2_ws/install/examples_rclpy_guard_conditions:/home/vboxuser/ros2_ws/install/examples_rclpy_executors:/home/vboxuser/ros2_ws/install/bms_visualizer:/opt/ros/iron /usr/bin/cmake --install /home/vboxuser/ros2_ws/build/my_package
