[2.359s] Invoking command in '/home/vboxuser/ros2_ws/src/py_pubsub': PYTHONPATH=/home/vboxuser/ros2_ws/build/py_pubsub/prefix_override:/usr/lib/python3/dist-packages/colcon_core/task/python/colcon_distutils_commands:/home/vboxuser/ros2_ws/install/py_pubsub/lib/python3.10/site-packages:${PYTHONPATH} /usr/bin/python3 -W ignore:setup.py install is deprecated -W ignore:easy_install command is deprecated setup.py egg_info --egg-base ../../build/py_pubsub build --build-base /home/vboxuser/ros2_ws/build/py_pubsub/build install --record /home/vboxuser/ros2_ws/build/py_pubsub/install.log --single-version-externally-managed install_data
[2.788s] running egg_info
[2.823s] writing ../../build/py_pubsub/py_pubsub.egg-info/PKG-INFO
[2.823s] writing dependency_links to ../../build/py_pubsub/py_pubsub.egg-info/dependency_links.txt
[2.823s] writing entry points to ../../build/py_pubsub/py_pubsub.egg-info/entry_points.txt
[2.823s] writing requirements to ../../build/py_pubsub/py_pubsub.egg-info/requires.txt
[2.826s] writing top-level names to ../../build/py_pubsub/py_pubsub.egg-info/top_level.txt
[2.871s] reading manifest file '../../build/py_pubsub/py_pubsub.egg-info/SOURCES.txt'
[2.880s] adding license file 'LICENSE'
[2.880s] writing manifest file '../../build/py_pubsub/py_pubsub.egg-info/SOURCES.txt'
[2.880s] running build
[2.880s] running build_py
[2.880s] copying py_pubsub/serial_data_receiver_COM5.py -> /home/vboxuser/ros2_ws/build/py_pubsub/build/lib/py_pubsub
[2.880s] copying py_pubsub/serial_data_sender_COM3.py -> /home/vboxuser/ros2_ws/build/py_pubsub/build/lib/py_pubsub
[2.880s] running install
[2.880s] running install_lib
[2.880s] copying /home/vboxuser/ros2_ws/build/py_pubsub/build/lib/py_pubsub/serial_data_receiver_COM5.py -> /home/vboxuser/ros2_ws/install/py_pubsub/lib/python3.10/site-packages/py_pubsub
[2.880s] copying /home/vboxuser/ros2_ws/build/py_pubsub/build/lib/py_pubsub/serial_data_sender_COM3.py -> /home/vboxuser/ros2_ws/install/py_pubsub/lib/python3.10/site-packages/py_pubsub
[2.880s] byte-compiling /home/vboxuser/ros2_ws/install/py_pubsub/lib/python3.10/site-packages/py_pubsub/serial_data_receiver_COM5.py to serial_data_receiver_COM5.cpython-310.pyc
[2.880s] byte-compiling /home/vboxuser/ros2_ws/install/py_pubsub/lib/python3.10/site-packages/py_pubsub/serial_data_sender_COM3.py to serial_data_sender_COM3.cpython-310.pyc
[2.880s] running install_data
[2.880s] running install_egg_info
[2.880s] removing '/home/vboxuser/ros2_ws/install/py_pubsub/lib/python3.10/site-packages/py_pubsub-0.0.0-py3.10.egg-info' (and everything under it)
[2.880s] Copying ../../build/py_pubsub/py_pubsub.egg-info to /home/vboxuser/ros2_ws/install/py_pubsub/lib/python3.10/site-packages/py_pubsub-0.0.0-py3.10.egg-info
[2.880s] running install_scripts
[2.920s] Installing listener script to /home/vboxuser/ros2_ws/install/py_pubsub/lib/py_pubsub
[2.939s] Installing listener_float script to /home/vboxuser/ros2_ws/install/py_pubsub/lib/py_pubsub
[2.939s] Installing listener_float_array script to /home/vboxuser/ros2_ws/install/py_pubsub/lib/py_pubsub
[2.939s] Installing listener_uint8 script to /home/vboxuser/ros2_ws/install/py_pubsub/lib/py_pubsub
[2.943s] Installing talker script to /home/vboxuser/ros2_ws/install/py_pubsub/lib/py_pubsub
[2.943s] Installing talker_float script to /home/vboxuser/ros2_ws/install/py_pubsub/lib/py_pubsub
[2.963s] Installing talker_float_array script to /home/vboxuser/ros2_ws/install/py_pubsub/lib/py_pubsub
[2.996s] Installing talker_uint8 script to /home/vboxuser/ros2_ws/install/py_pubsub/lib/py_pubsub
[2.996s] writing list of installed files to '/home/vboxuser/ros2_ws/build/py_pubsub/install.log'
[3.094s] Invoked command in '/home/vboxuser/ros2_ws/src/py_pubsub' returned '0': PYTHONPATH=/home/vboxuser/ros2_ws/build/py_pubsub/prefix_override:/usr/lib/python3/dist-packages/colcon_core/task/python/colcon_distutils_commands:/home/vboxuser/ros2_ws/install/py_pubsub/lib/python3.10/site-packages:${PYTHONPATH} /usr/bin/python3 -W ignore:setup.py install is deprecated -W ignore:easy_install command is deprecated setup.py egg_info --egg-base ../../build/py_pubsub build --build-base /home/vboxuser/ros2_ws/build/py_pubsub/build install --record /home/vboxuser/ros2_ws/build/py_pubsub/install.log --single-version-externally-managed install_data
