[0.362s] Invoking command in '/home/vboxuser/ros2_ws/build/vesc_msgs': CMAKE_PREFIX_PATH=${CMAKE_PREFIX_PATH}:/opt/ros/iron:/home/vboxuser/ros2_iron/install/rqt_bag_plugins:/home/vboxuser/ros2_iron/install/rqt_bag:/home/vboxuser/ros2_iron/install/rosbag2_examples_py:/home/vboxuser/ros2_iron/install/launch_testing_examples:/home/vboxuser/ros2_iron/install/ros2bag:/home/vboxuser/ros2_iron/install/tracetools_test:/home/vboxuser/ros2_iron/install/tracetools_launch:/home/vboxuser/ros2_iron/install/topic_monitor:/home/vboxuser/ros2_iron/install/tf2_tools:/home/vboxuser/ros2_iron/install/examples_tf2_py:/home/vboxuser/ros2_iron/install/tf2_ros_py:/home/vboxuser/ros2_iron/install/examples_rclpy_pointcloud_publisher:/home/vboxuser/ros2_iron/install/sensor_msgs_py:/home/vboxuser/ros2_iron/install/quality_of_service_demo_py:/home/vboxuser/ros2_iron/install/rqt_plot:/home/vboxuser/ros2_iron/install/ros2doctor:/home/vboxuser/ros2_iron/install/lifecycle_py:/home/vboxuser/ros2_iron/install/examples_rclpy_minimal_subscriber:/home/vboxuser/ros2_iron/install/examples_rclpy_minimal_service:/home/vboxuser/ros2_iron/install/examples_rclpy_minimal_publisher:/home/vboxuser/ros2_iron/install/examples_rclpy_minimal_client:/home/vboxuser/ros2_iron/install/examples_rclpy_executors:/home/vboxuser/ros2_iron/install/demo_nodes_py:/home/vboxuser/ros2_iron/install/rqt:/home/vboxuser/ros2_iron/install/ros2component:/home/vboxuser/ros2_iron/install/sros2:/home/vboxuser/ros2_iron/install/rqt_topic:/home/vboxuser/ros2_iron/install/rqt_srv:/home/vboxuser/ros2_iron/install/rqt_shell:/home/vboxuser/ros2_iron/install/rqt_service_caller:/home/vboxuser/ros2_iron/install/rqt_reconfigure:/home/vboxuser/ros2_iron/install/rqt_py_console:/home/vboxuser/ros2_iron/install/rqt_publisher:/home/vboxuser/ros2_iron/install/rqt_action:/home/vboxuser/ros2_iron/install/rqt_msg:/home/vboxuser/ros2_iron/install/rqt_console:/home/vboxuser/ros2_iron/install/rqt_graph:/home/vboxuser/ros2_iron/install/rqt_gui_py:/home/vboxuser/ros2_iron/install/rqt_gui:/home/vboxuser/ros2_iron/install/ros2trace:/home/vboxuser/ros2_iron/install/ros2topic:/home/vboxuser/ros2_iron/install/ros2test:/home/vboxuser/ros2_iron/install/ros2param:/home/vboxuser/ros2_iron/install/ros2lifecycle:/home/vboxuser/ros2_iron/install/ros2service:/home/vboxuser/ros2_iron/install/ros2run:/home/vboxuser/ros2_iron/install/ros2launch:/home/vboxuser/ros2_iron/install/ros2pkg:/home/vboxuser/ros2_iron/install/ros2node:/home/vboxuser/ros2_iron/install/ros2multicast:/home/vboxuser/ros2_iron/install/ros2interface:/home/vboxuser/ros2_iron/install/ros2action:/home/vboxuser/ros2_iron/install/ros2cli:/home/vboxuser/ros2_iron/install/launch_testing_ros:/home/vboxuser/ros2_iron/install/launch_ros:/home/vboxuser/ros2_iron/install/examples_rclpy_minimal_action_server:/home/vboxuser/ros2_iron/install/examples_rclpy_minimal_action_client:/home/vboxuser/ros2_iron/install/examples_rclpy_guard_conditions:/home/vboxuser/ros2_iron/install/action_tutorials_py:/home/vboxuser/ros2_iron/install/ament_uncrustify:/home/vboxuser/ros2_iron/install/tracetools_trace:/home/vboxuser/ros2_iron/install/tracetools_read:/home/vboxuser/ros2_iron/install/test_tracetools_launch:/home/vboxuser/ros2_iron/install/test_ros2trace:/home/vboxuser/ros2_iron/install/test_launch_ros:/home/vboxuser/ros2_iron/install/rpyutils:/home/vboxuser/ros2_iron/install/rosidl_runtime_py:/home/vboxuser/ros2_iron/install/rosidl_pycommon:/home/vboxuser/ros2_iron/install/rosidl_cli:/home/vboxuser/ros2_iron/install/launch_pytest:/home/vboxuser/ros2_iron/install/launch_testing:/home/vboxuser/ros2_iron/install/launch_yaml:/home/vboxuser/ros2_iron/install/launch_xml:/home/vboxuser/ros2_iron/install/launch:/home/vboxuser/ros2_iron/install/osrf_pycommon:/home/vboxuser/ros2_iron/install/domain_coordinator:/home/vboxuser/ros2_iron/install/ament_xmllint:/home/vboxuser/ros2_iron/install/ament_pyflakes:/home/vboxuser/ros2_iron/install/ament_pycodestyle:/home/vboxuser/ros2_iron/install/ament_pep257:/home/vboxuser/ros2_iron/install/ament_pclint:/home/vboxuser/ros2_iron/install/ament_package:/home/vboxuser/ros2_iron/install/ament_mypy:/home/vboxuser/ros2_iron/install/ament_lint_cmake:/home/vboxuser/ros2_iron/install/ament_flake8:/home/vboxuser/ros2_iron/install/ament_copyright:/home/vboxuser/ros2_iron/install/ament_lint:/home/vboxuser/ros2_iron/install/ament_index_python:/home/vboxuser/ros2_iron/install/ament_cpplint:/home/vboxuser/ros2_iron/install/ament_cppcheck:/home/vboxuser/ros2_iron/install/ament_clang_tidy:/home/vboxuser/ros2_iron/install/ament_clang_format /usr/bin/cmake --build /home/vboxuser/ros2_ws/build/vesc_msgs -- -j4 -l4
[4.564s] [  1%] Built target vesc_msgs__rosidl_generator_type_description
[5.005s] [  1%] Built target ament_cmake_python_copy_vesc_msgs
[5.567s] [  3%] Built target vesc_msgs__cpp
[5.850s] [ 25%] Built target vesc_msgs__rosidl_generator_c
[6.328s] [ 34%] Built target vesc_msgs__rosidl_typesupport_c
[6.749s] [ 43%] Built target vesc_msgs__rosidl_typesupport_fastrtps_cpp
[6.799s] [ 53%] Built target vesc_msgs__rosidl_typesupport_introspection_cpp
[7.290s] [ 62%] Built target vesc_msgs__rosidl_typesupport_cpp
[7.314s] [ 71%] Built target vesc_msgs__rosidl_typesupport_fastrtps_c
[7.478s] [ 81%] Built target vesc_msgs__rosidl_typesupport_introspection_c
[7.862s] [ 81%] Built target vesc_msgs
[8.525s] [ 82%] Built target vesc_msgs__py
[8.670s] running egg_info
[8.671s] writing vesc_msgs.egg-info/PKG-INFO
[8.677s] writing dependency_links to vesc_msgs.egg-info/dependency_links.txt
[8.679s] writing top-level names to vesc_msgs.egg-info/top_level.txt
[8.704s] reading manifest file 'vesc_msgs.egg-info/SOURCES.txt'
[8.726s] writing manifest file 'vesc_msgs.egg-info/SOURCES.txt'
[8.959s] [ 82%] Built target ament_cmake_python_build_vesc_msgs_egg
[9.162s] [ 90%] Built target vesc_msgs__rosidl_generator_py
[9.741s] [ 93%] Built target vesc_msgs__rosidl_typesupport_fastrtps_c__pyext
[9.741s] [ 96%] Built target vesc_msgs__rosidl_typesupport_introspection_c__pyext
[9.744s] [100%] Built target vesc_msgs__rosidl_typesupport_c__pyext
[9.945s] Invoked command in '/home/vboxuser/ros2_ws/build/vesc_msgs' returned '0': CMAKE_PREFIX_PATH=${CMAKE_PREFIX_PATH}:/opt/ros/iron:/home/vboxuser/ros2_iron/install/rqt_bag_plugins:/home/vboxuser/ros2_iron/install/rqt_bag:/home/vboxuser/ros2_iron/install/rosbag2_examples_py:/home/vboxuser/ros2_iron/install/launch_testing_examples:/home/vboxuser/ros2_iron/install/ros2bag:/home/vboxuser/ros2_iron/install/tracetools_test:/home/vboxuser/ros2_iron/install/tracetools_launch:/home/vboxuser/ros2_iron/install/topic_monitor:/home/vboxuser/ros2_iron/install/tf2_tools:/home/vboxuser/ros2_iron/install/examples_tf2_py:/home/vboxuser/ros2_iron/install/tf2_ros_py:/home/vboxuser/ros2_iron/install/examples_rclpy_pointcloud_publisher:/home/vboxuser/ros2_iron/install/sensor_msgs_py:/home/vboxuser/ros2_iron/install/quality_of_service_demo_py:/home/vboxuser/ros2_iron/install/rqt_plot:/home/vboxuser/ros2_iron/install/ros2doctor:/home/vboxuser/ros2_iron/install/lifecycle_py:/home/vboxuser/ros2_iron/install/examples_rclpy_minimal_subscriber:/home/vboxuser/ros2_iron/install/examples_rclpy_minimal_service:/home/vboxuser/ros2_iron/install/examples_rclpy_minimal_publisher:/home/vboxuser/ros2_iron/install/examples_rclpy_minimal_client:/home/vboxuser/ros2_iron/install/examples_rclpy_executors:/home/vboxuser/ros2_iron/install/demo_nodes_py:/home/vboxuser/ros2_iron/install/rqt:/home/vboxuser/ros2_iron/install/ros2component:/home/vboxuser/ros2_iron/install/sros2:/home/vboxuser/ros2_iron/install/rqt_topic:/home/vboxuser/ros2_iron/install/rqt_srv:/home/vboxuser/ros2_iron/install/rqt_shell:/home/vboxuser/ros2_iron/install/rqt_service_caller:/home/vboxuser/ros2_iron/install/rqt_reconfigure:/home/vboxuser/ros2_iron/install/rqt_py_console:/home/vboxuser/ros2_iron/install/rqt_publisher:/home/vboxuser/ros2_iron/install/rqt_action:/home/vboxuser/ros2_iron/install/rqt_msg:/home/vboxuser/ros2_iron/install/rqt_console:/home/vboxuser/ros2_iron/install/rqt_graph:/home/vboxuser/ros2_iron/install/rqt_gui_py:/home/vboxuser/ros2_iron/install/rqt_gui:/home/vboxuser/ros2_iron/install/ros2trace:/home/vboxuser/ros2_iron/install/ros2topic:/home/vboxuser/ros2_iron/install/ros2test:/home/vboxuser/ros2_iron/install/ros2param:/home/vboxuser/ros2_iron/install/ros2lifecycle:/home/vboxuser/ros2_iron/install/ros2service:/home/vboxuser/ros2_iron/install/ros2run:/home/vboxuser/ros2_iron/install/ros2launch:/home/vboxuser/ros2_iron/install/ros2pkg:/home/vboxuser/ros2_iron/install/ros2node:/home/vboxuser/ros2_iron/install/ros2multicast:/home/vboxuser/ros2_iron/install/ros2interface:/home/vboxuser/ros2_iron/install/ros2action:/home/vboxuser/ros2_iron/install/ros2cli:/home/vboxuser/ros2_iron/install/launch_testing_ros:/home/vboxuser/ros2_iron/install/launch_ros:/home/vboxuser/ros2_iron/install/examples_rclpy_minimal_action_server:/home/vboxuser/ros2_iron/install/examples_rclpy_minimal_action_client:/home/vboxuser/ros2_iron/install/examples_rclpy_guard_conditions:/home/vboxuser/ros2_iron/install/action_tutorials_py:/home/vboxuser/ros2_iron/install/ament_uncrustify:/home/vboxuser/ros2_iron/install/tracetools_trace:/home/vboxuser/ros2_iron/install/tracetools_read:/home/vboxuser/ros2_iron/install/test_tracetools_launch:/home/vboxuser/ros2_iron/install/test_ros2trace:/home/vboxuser/ros2_iron/install/test_launch_ros:/home/vboxuser/ros2_iron/install/rpyutils:/home/vboxuser/ros2_iron/install/rosidl_runtime_py:/home/vboxuser/ros2_iron/install/rosidl_pycommon:/home/vboxuser/ros2_iron/install/rosidl_cli:/home/vboxuser/ros2_iron/install/launch_pytest:/home/vboxuser/ros2_iron/install/launch_testing:/home/vboxuser/ros2_iron/install/launch_yaml:/home/vboxuser/ros2_iron/install/launch_xml:/home/vboxuser/ros2_iron/install/launch:/home/vboxuser/ros2_iron/install/osrf_pycommon:/home/vboxuser/ros2_iron/install/domain_coordinator:/home/vboxuser/ros2_iron/install/ament_xmllint:/home/vboxuser/ros2_iron/install/ament_pyflakes:/home/vboxuser/ros2_iron/install/ament_pycodestyle:/home/vboxuser/ros2_iron/install/ament_pep257:/home/vboxuser/ros2_iron/install/ament_pclint:/home/vboxuser/ros2_iron/install/ament_package:/home/vboxuser/ros2_iron/install/ament_mypy:/home/vboxuser/ros2_iron/install/ament_lint_cmake:/home/vboxuser/ros2_iron/install/ament_flake8:/home/vboxuser/ros2_iron/install/ament_copyright:/home/vboxuser/ros2_iron/install/ament_lint:/home/vboxuser/ros2_iron/install/ament_index_python:/home/vboxuser/ros2_iron/install/ament_cpplint:/home/vboxuser/ros2_iron/install/ament_cppcheck:/home/vboxuser/ros2_iron/install/ament_clang_tidy:/home/vboxuser/ros2_iron/install/ament_clang_format /usr/bin/cmake --build /home/vboxuser/ros2_ws/build/vesc_msgs -- -j4 -l4
[9.982s] Invoking command in '/home/vboxuser/ros2_ws/build/vesc_msgs': CMAKE_PREFIX_PATH=${CMAKE_PREFIX_PATH}:/opt/ros/iron:/home/vboxuser/ros2_iron/install/rqt_bag_plugins:/home/vboxuser/ros2_iron/install/rqt_bag:/home/vboxuser/ros2_iron/install/rosbag2_examples_py:/home/vboxuser/ros2_iron/install/launch_testing_examples:/home/vboxuser/ros2_iron/install/ros2bag:/home/vboxuser/ros2_iron/install/tracetools_test:/home/vboxuser/ros2_iron/install/tracetools_launch:/home/vboxuser/ros2_iron/install/topic_monitor:/home/vboxuser/ros2_iron/install/tf2_tools:/home/vboxuser/ros2_iron/install/examples_tf2_py:/home/vboxuser/ros2_iron/install/tf2_ros_py:/home/vboxuser/ros2_iron/install/examples_rclpy_pointcloud_publisher:/home/vboxuser/ros2_iron/install/sensor_msgs_py:/home/vboxuser/ros2_iron/install/quality_of_service_demo_py:/home/vboxuser/ros2_iron/install/rqt_plot:/home/vboxuser/ros2_iron/install/ros2doctor:/home/vboxuser/ros2_iron/install/lifecycle_py:/home/vboxuser/ros2_iron/install/examples_rclpy_minimal_subscriber:/home/vboxuser/ros2_iron/install/examples_rclpy_minimal_service:/home/vboxuser/ros2_iron/install/examples_rclpy_minimal_publisher:/home/vboxuser/ros2_iron/install/examples_rclpy_minimal_client:/home/vboxuser/ros2_iron/install/examples_rclpy_executors:/home/vboxuser/ros2_iron/install/demo_nodes_py:/home/vboxuser/ros2_iron/install/rqt:/home/vboxuser/ros2_iron/install/ros2component:/home/vboxuser/ros2_iron/install/sros2:/home/vboxuser/ros2_iron/install/rqt_topic:/home/vboxuser/ros2_iron/install/rqt_srv:/home/vboxuser/ros2_iron/install/rqt_shell:/home/vboxuser/ros2_iron/install/rqt_service_caller:/home/vboxuser/ros2_iron/install/rqt_reconfigure:/home/vboxuser/ros2_iron/install/rqt_py_console:/home/vboxuser/ros2_iron/install/rqt_publisher:/home/vboxuser/ros2_iron/install/rqt_action:/home/vboxuser/ros2_iron/install/rqt_msg:/home/vboxuser/ros2_iron/install/rqt_console:/home/vboxuser/ros2_iron/install/rqt_graph:/home/vboxuser/ros2_iron/install/rqt_gui_py:/home/vboxuser/ros2_iron/install/rqt_gui:/home/vboxuser/ros2_iron/install/ros2trace:/home/vboxuser/ros2_iron/install/ros2topic:/home/vboxuser/ros2_iron/install/ros2test:/home/vboxuser/ros2_iron/install/ros2param:/home/vboxuser/ros2_iron/install/ros2lifecycle:/home/vboxuser/ros2_iron/install/ros2service:/home/vboxuser/ros2_iron/install/ros2run:/home/vboxuser/ros2_iron/install/ros2launch:/home/vboxuser/ros2_iron/install/ros2pkg:/home/vboxuser/ros2_iron/install/ros2node:/home/vboxuser/ros2_iron/install/ros2multicast:/home/vboxuser/ros2_iron/install/ros2interface:/home/vboxuser/ros2_iron/install/ros2action:/home/vboxuser/ros2_iron/install/ros2cli:/home/vboxuser/ros2_iron/install/launch_testing_ros:/home/vboxuser/ros2_iron/install/launch_ros:/home/vboxuser/ros2_iron/install/examples_rclpy_minimal_action_server:/home/vboxuser/ros2_iron/install/examples_rclpy_minimal_action_client:/home/vboxuser/ros2_iron/install/examples_rclpy_guard_conditions:/home/vboxuser/ros2_iron/install/action_tutorials_py:/home/vboxuser/ros2_iron/install/ament_uncrustify:/home/vboxuser/ros2_iron/install/tracetools_trace:/home/vboxuser/ros2_iron/install/tracetools_read:/home/vboxuser/ros2_iron/install/test_tracetools_launch:/home/vboxuser/ros2_iron/install/test_ros2trace:/home/vboxuser/ros2_iron/install/test_launch_ros:/home/vboxuser/ros2_iron/install/rpyutils:/home/vboxuser/ros2_iron/install/rosidl_runtime_py:/home/vboxuser/ros2_iron/install/rosidl_pycommon:/home/vboxuser/ros2_iron/install/rosidl_cli:/home/vboxuser/ros2_iron/install/launch_pytest:/home/vboxuser/ros2_iron/install/launch_testing:/home/vboxuser/ros2_iron/install/launch_yaml:/home/vboxuser/ros2_iron/install/launch_xml:/home/vboxuser/ros2_iron/install/launch:/home/vboxuser/ros2_iron/install/osrf_pycommon:/home/vboxuser/ros2_iron/install/domain_coordinator:/home/vboxuser/ros2_iron/install/ament_xmllint:/home/vboxuser/ros2_iron/install/ament_pyflakes:/home/vboxuser/ros2_iron/install/ament_pycodestyle:/home/vboxuser/ros2_iron/install/ament_pep257:/home/vboxuser/ros2_iron/install/ament_pclint:/home/vboxuser/ros2_iron/install/ament_package:/home/vboxuser/ros2_iron/install/ament_mypy:/home/vboxuser/ros2_iron/install/ament_lint_cmake:/home/vboxuser/ros2_iron/install/ament_flake8:/home/vboxuser/ros2_iron/install/ament_copyright:/home/vboxuser/ros2_iron/install/ament_lint:/home/vboxuser/ros2_iron/install/ament_index_python:/home/vboxuser/ros2_iron/install/ament_cpplint:/home/vboxuser/ros2_iron/install/ament_cppcheck:/home/vboxuser/ros2_iron/install/ament_clang_tidy:/home/vboxuser/ros2_iron/install/ament_clang_format /usr/bin/cmake --install /home/vboxuser/ros2_ws/build/vesc_msgs
[10.146s] -- Install configuration: ""
[10.146s] -- Up-to-date: /home/vboxuser/ros2_ws/install/vesc_msgs/share/ament_index/resource_index/rosidl_interfaces/vesc_msgs
[10.146s] -- Up-to-date: /home/vboxuser/ros2_ws/install/vesc_msgs/share/vesc_msgs/msg/VescState.json
[10.147s] -- Up-to-date: /home/vboxuser/ros2_ws/install/vesc_msgs/share/vesc_msgs/msg/VescStateStamped.json
[10.152s] -- Up-to-date: /home/vboxuser/ros2_ws/install/vesc_msgs/share/vesc_msgs/msg/VescImu.json
[10.152s] -- Up-to-date: /home/vboxuser/ros2_ws/install/vesc_msgs/share/vesc_msgs/msg/VescImuStamped.json
[10.153s] -- Up-to-date: /home/vboxuser/ros2_ws/install/vesc_msgs/include/vesc_msgs/vesc_msgs
[10.153s] -- Up-to-date: /home/vboxuser/ros2_ws/install/vesc_msgs/include/vesc_msgs/vesc_msgs/msg
[10.161s] -- Up-to-date: /home/vboxuser/ros2_ws/install/vesc_msgs/include/vesc_msgs/vesc_msgs/msg/vesc_imu.h
[10.162s] -- Up-to-date: /home/vboxuser/ros2_ws/install/vesc_msgs/include/vesc_msgs/vesc_msgs/msg/rosidl_generator_c__visibility_control.h
[10.172s] -- Up-to-date: /home/vboxuser/ros2_ws/install/vesc_msgs/include/vesc_msgs/vesc_msgs/msg/vesc_state_stamped.h
[10.173s] -- Up-to-date: /home/vboxuser/ros2_ws/install/vesc_msgs/include/vesc_msgs/vesc_msgs/msg/detail
[10.181s] -- Up-to-date: /home/vboxuser/ros2_ws/install/vesc_msgs/include/vesc_msgs/vesc_msgs/msg/detail/vesc_state_stamped__functions.c
[10.181s] -- Up-to-date: /home/vboxuser/ros2_ws/install/vesc_msgs/include/vesc_msgs/vesc_msgs/msg/detail/vesc_imu_stamped__type_support.h
[10.181s] -- Up-to-date: /home/vboxuser/ros2_ws/install/vesc_msgs/include/vesc_msgs/vesc_msgs/msg/detail/vesc_imu_stamped__functions.h
[10.181s] -- Up-to-date: /home/vboxuser/ros2_ws/install/vesc_msgs/include/vesc_msgs/vesc_msgs/msg/detail/vesc_imu__type_support.h
[10.181s] -- Up-to-date: /home/vboxuser/ros2_ws/install/vesc_msgs/include/vesc_msgs/vesc_msgs/msg/detail/vesc_imu__description.c
[10.182s] -- Up-to-date: /home/vboxuser/ros2_ws/install/vesc_msgs/include/vesc_msgs/vesc_msgs/msg/detail/vesc_imu__functions.h
[10.187s] -- Up-to-date: /home/vboxuser/ros2_ws/install/vesc_msgs/include/vesc_msgs/vesc_msgs/msg/detail/vesc_state_stamped__description.c
[10.216s] -- Up-to-date: /home/vboxuser/ros2_ws/install/vesc_msgs/include/vesc_msgs/vesc_msgs/msg/detail/vesc_imu_stamped__struct.h
[10.217s] -- Up-to-date: /home/vboxuser/ros2_ws/install/vesc_msgs/include/vesc_msgs/vesc_msgs/msg/detail/vesc_imu_stamped__description.c
[10.217s] -- Up-to-date: /home/vboxuser/ros2_ws/install/vesc_msgs/include/vesc_msgs/vesc_msgs/msg/detail/vesc_state__type_support.h
[10.218s] -- Up-to-date: /home/vboxuser/ros2_ws/install/vesc_msgs/include/vesc_msgs/vesc_msgs/msg/detail/vesc_state_stamped__type_support.h
[10.218s] -- Installing: /home/vboxuser/ros2_ws/install/vesc_msgs/include/vesc_msgs/vesc_msgs/msg/detail/vesc_state__type_support.c
[10.257s] -- Up-to-date: /home/vboxuser/ros2_ws/install/vesc_msgs/include/vesc_msgs/vesc_msgs/msg/detail/vesc_state_stamped__functions.h
[10.258s] -- Up-to-date: /home/vboxuser/ros2_ws/install/vesc_msgs/include/vesc_msgs/vesc_msgs/msg/detail/vesc_imu_stamped__functions.c
[10.258s] -- Installing: /home/vboxuser/ros2_ws/install/vesc_msgs/include/vesc_msgs/vesc_msgs/msg/detail/vesc_state_stamped__type_support.c
[10.324s] -- Up-to-date: /home/vboxuser/ros2_ws/install/vesc_msgs/include/vesc_msgs/vesc_msgs/msg/detail/vesc_imu__struct.h
[10.329s] -- Up-to-date: /home/vboxuser/ros2_ws/install/vesc_msgs/include/vesc_msgs/vesc_msgs/msg/detail/vesc_state__functions.h
[10.329s] -- Up-to-date: /home/vboxuser/ros2_ws/install/vesc_msgs/include/vesc_msgs/vesc_msgs/msg/detail/vesc_state__struct.h
[10.330s] -- Up-to-date: /home/vboxuser/ros2_ws/install/vesc_msgs/include/vesc_msgs/vesc_msgs/msg/detail/vesc_state__description.c
[10.330s] -- Installing: /home/vboxuser/ros2_ws/install/vesc_msgs/include/vesc_msgs/vesc_msgs/msg/detail/vesc_imu_stamped__type_support.c
[10.330s] -- Up-to-date: /home/vboxuser/ros2_ws/install/vesc_msgs/include/vesc_msgs/vesc_msgs/msg/detail/vesc_state_stamped__struct.h
[10.330s] -- Up-to-date: /home/vboxuser/ros2_ws/install/vesc_msgs/include/vesc_msgs/vesc_msgs/msg/detail/vesc_state__functions.c
[10.330s] -- Up-to-date: /home/vboxuser/ros2_ws/install/vesc_msgs/include/vesc_msgs/vesc_msgs/msg/detail/vesc_imu__functions.c
[10.330s] -- Installing: /home/vboxuser/ros2_ws/install/vesc_msgs/include/vesc_msgs/vesc_msgs/msg/detail/vesc_imu__type_support.c
[10.374s] -- Up-to-date: /home/vboxuser/ros2_ws/install/vesc_msgs/include/vesc_msgs/vesc_msgs/msg/vesc_imu_stamped.h
[10.374s] -- Up-to-date: /home/vboxuser/ros2_ws/install/vesc_msgs/include/vesc_msgs/vesc_msgs/msg/vesc_state.h
[10.374s] -- Up-to-date: /home/vboxuser/ros2_ws/install/vesc_msgs/share/vesc_msgs/environment/library_path.sh
[10.374s] -- Up-to-date: /home/vboxuser/ros2_ws/install/vesc_msgs/share/vesc_msgs/environment/library_path.dsv
[10.449s] -- Up-to-date: /home/vboxuser/ros2_ws/install/vesc_msgs/lib/libvesc_msgs__rosidl_generator_c.so
[10.456s] -- Up-to-date: /home/vboxuser/ros2_ws/install/vesc_msgs/include/vesc_msgs/vesc_msgs
[10.457s] -- Up-to-date: /home/vboxuser/ros2_ws/install/vesc_msgs/include/vesc_msgs/vesc_msgs/msg
[10.459s] -- Up-to-date: /home/vboxuser/ros2_ws/install/vesc_msgs/include/vesc_msgs/vesc_msgs/msg/detail
[10.459s] -- Up-to-date: /home/vboxuser/ros2_ws/install/vesc_msgs/include/vesc_msgs/vesc_msgs/msg/detail/vesc_imu__rosidl_typesupport_introspection_c.h
[10.460s] -- Up-to-date: /home/vboxuser/ros2_ws/install/vesc_msgs/include/vesc_msgs/vesc_msgs/msg/detail/vesc_state__rosidl_typesupport_introspection_c.h
[10.460s] -- Up-to-date: /home/vboxuser/ros2_ws/install/vesc_msgs/include/vesc_msgs/vesc_msgs/msg/detail/vesc_state_stamped__rosidl_typesupport_introspection_c.h
[10.460s] -- Installing: /home/vboxuser/ros2_ws/install/vesc_msgs/include/vesc_msgs/vesc_msgs/msg/detail/vesc_state__type_support.c
[10.466s] -- Installing: /home/vboxuser/ros2_ws/install/vesc_msgs/include/vesc_msgs/vesc_msgs/msg/detail/vesc_state_stamped__type_support.c
[10.467s] -- Installing: /home/vboxuser/ros2_ws/install/vesc_msgs/include/vesc_msgs/vesc_msgs/msg/detail/vesc_imu_stamped__type_support.c
[10.467s] -- Up-to-date: /home/vboxuser/ros2_ws/install/vesc_msgs/include/vesc_msgs/vesc_msgs/msg/detail/vesc_imu_stamped__rosidl_typesupport_introspection_c.h
[10.467s] -- Installing: /home/vboxuser/ros2_ws/install/vesc_msgs/include/vesc_msgs/vesc_msgs/msg/detail/vesc_imu__type_support.c
[10.468s] -- Up-to-date: /home/vboxuser/ros2_ws/install/vesc_msgs/include/vesc_msgs/vesc_msgs/msg/rosidl_typesupport_introspection_c__visibility_control.h
[10.469s] -- Up-to-date: /home/vboxuser/ros2_ws/install/vesc_msgs/lib/libvesc_msgs__rosidl_typesupport_introspection_c.so
[10.469s] -- Up-to-date: /home/vboxuser/ros2_ws/install/vesc_msgs/include/vesc_msgs/vesc_msgs
[10.469s] -- Up-to-date: /home/vboxuser/ros2_ws/install/vesc_msgs/include/vesc_msgs/vesc_msgs/msg
[10.469s] -- Up-to-date: /home/vboxuser/ros2_ws/install/vesc_msgs/include/vesc_msgs/vesc_msgs/msg/rosidl_typesupport_fastrtps_c__visibility_control.h
[10.469s] -- Up-to-date: /home/vboxuser/ros2_ws/install/vesc_msgs/include/vesc_msgs/vesc_msgs/msg/detail
[10.470s] -- Up-to-date: /home/vboxuser/ros2_ws/install/vesc_msgs/include/vesc_msgs/vesc_msgs/msg/detail/vesc_imu_stamped__rosidl_typesupport_fastrtps_c.h
[10.470s] -- Up-to-date: /home/vboxuser/ros2_ws/install/vesc_msgs/include/vesc_msgs/vesc_msgs/msg/detail/vesc_imu__rosidl_typesupport_fastrtps_c.h
[10.470s] -- Up-to-date: /home/vboxuser/ros2_ws/install/vesc_msgs/include/vesc_msgs/vesc_msgs/msg/detail/vesc_state_stamped__rosidl_typesupport_fastrtps_c.h
[10.470s] -- Up-to-date: /home/vboxuser/ros2_ws/install/vesc_msgs/include/vesc_msgs/vesc_msgs/msg/detail/vesc_state__rosidl_typesupport_fastrtps_c.h
[10.548s] -- Up-to-date: /home/vboxuser/ros2_ws/install/vesc_msgs/lib/libvesc_msgs__rosidl_typesupport_fastrtps_c.so
[10.553s] -- Up-to-date: /home/vboxuser/ros2_ws/install/vesc_msgs/lib/libvesc_msgs__rosidl_typesupport_c.so
[10.554s] -- Up-to-date: /home/vboxuser/ros2_ws/install/vesc_msgs/include/vesc_msgs/vesc_msgs
[10.554s] -- Up-to-date: /home/vboxuser/ros2_ws/install/vesc_msgs/include/vesc_msgs/vesc_msgs/msg
[10.554s] -- Up-to-date: /home/vboxuser/ros2_ws/install/vesc_msgs/include/vesc_msgs/vesc_msgs/msg/vesc_imu_stamped.hpp
[10.554s] -- Up-to-date: /home/vboxuser/ros2_ws/install/vesc_msgs/include/vesc_msgs/vesc_msgs/msg/vesc_imu.hpp
[10.554s] -- Up-to-date: /home/vboxuser/ros2_ws/install/vesc_msgs/include/vesc_msgs/vesc_msgs/msg/vesc_state.hpp
[10.554s] -- Up-to-date: /home/vboxuser/ros2_ws/install/vesc_msgs/include/vesc_msgs/vesc_msgs/msg/detail
[10.554s] -- Up-to-date: /home/vboxuser/ros2_ws/install/vesc_msgs/include/vesc_msgs/vesc_msgs/msg/detail/vesc_imu__builder.hpp
[10.554s] -- Up-to-date: /home/vboxuser/ros2_ws/install/vesc_msgs/include/vesc_msgs/vesc_msgs/msg/detail/vesc_imu_stamped__builder.hpp
[10.554s] -- Up-to-date: /home/vboxuser/ros2_ws/install/vesc_msgs/include/vesc_msgs/vesc_msgs/msg/detail/vesc_imu_stamped__struct.hpp
[10.554s] -- Up-to-date: /home/vboxuser/ros2_ws/install/vesc_msgs/include/vesc_msgs/vesc_msgs/msg/detail/vesc_imu__struct.hpp
[10.555s] -- Up-to-date: /home/vboxuser/ros2_ws/install/vesc_msgs/include/vesc_msgs/vesc_msgs/msg/detail/vesc_state__struct.hpp
[10.555s] -- Up-to-date: /home/vboxuser/ros2_ws/install/vesc_msgs/include/vesc_msgs/vesc_msgs/msg/detail/vesc_state_stamped__builder.hpp
[10.555s] -- Up-to-date: /home/vboxuser/ros2_ws/install/vesc_msgs/include/vesc_msgs/vesc_msgs/msg/detail/vesc_state_stamped__traits.hpp
[10.568s] -- Up-to-date: /home/vboxuser/ros2_ws/install/vesc_msgs/include/vesc_msgs/vesc_msgs/msg/detail/vesc_imu_stamped__traits.hpp
[10.568s] -- Up-to-date: /home/vboxuser/ros2_ws/install/vesc_msgs/include/vesc_msgs/vesc_msgs/msg/detail/vesc_imu__traits.hpp
[10.569s] -- Up-to-date: /home/vboxuser/ros2_ws/install/vesc_msgs/include/vesc_msgs/vesc_msgs/msg/detail/vesc_state__builder.hpp
[10.570s] -- Up-to-date: /home/vboxuser/ros2_ws/install/vesc_msgs/include/vesc_msgs/vesc_msgs/msg/detail/vesc_state__traits.hpp
[10.570s] -- Up-to-date: /home/vboxuser/ros2_ws/install/vesc_msgs/include/vesc_msgs/vesc_msgs/msg/detail/vesc_state_stamped__struct.hpp
[10.570s] -- Up-to-date: /home/vboxuser/ros2_ws/install/vesc_msgs/include/vesc_msgs/vesc_msgs/msg/vesc_state_stamped.hpp
[10.570s] -- Up-to-date: /home/vboxuser/ros2_ws/install/vesc_msgs/include/vesc_msgs/vesc_msgs
[10.570s] -- Up-to-date: /home/vboxuser/ros2_ws/install/vesc_msgs/include/vesc_msgs/vesc_msgs/msg
[10.575s] -- Up-to-date: /home/vboxuser/ros2_ws/install/vesc_msgs/include/vesc_msgs/vesc_msgs/msg/detail
[10.575s] -- Up-to-date: /home/vboxuser/ros2_ws/install/vesc_msgs/include/vesc_msgs/vesc_msgs/msg/detail/vesc_state_stamped__type_support.cpp
[10.575s] -- Up-to-date: /home/vboxuser/ros2_ws/install/vesc_msgs/include/vesc_msgs/vesc_msgs/msg/detail/vesc_state__type_support.cpp
[10.578s] -- Up-to-date: /home/vboxuser/ros2_ws/install/vesc_msgs/include/vesc_msgs/vesc_msgs/msg/detail/vesc_state__rosidl_typesupport_introspection_cpp.hpp
[10.578s] -- Up-to-date: /home/vboxuser/ros2_ws/install/vesc_msgs/include/vesc_msgs/vesc_msgs/msg/detail/vesc_imu_stamped__rosidl_typesupport_introspection_cpp.hpp
[10.583s] -- Up-to-date: /home/vboxuser/ros2_ws/install/vesc_msgs/include/vesc_msgs/vesc_msgs/msg/detail/vesc_imu_stamped__type_support.cpp
[10.584s] -- Up-to-date: /home/vboxuser/ros2_ws/install/vesc_msgs/include/vesc_msgs/vesc_msgs/msg/detail/vesc_imu__rosidl_typesupport_introspection_cpp.hpp
[10.584s] -- Up-to-date: /home/vboxuser/ros2_ws/install/vesc_msgs/include/vesc_msgs/vesc_msgs/msg/detail/vesc_state_stamped__rosidl_typesupport_introspection_cpp.hpp
[10.584s] -- Up-to-date: /home/vboxuser/ros2_ws/install/vesc_msgs/include/vesc_msgs/vesc_msgs/msg/detail/vesc_imu__type_support.cpp
[10.584s] -- Up-to-date: /home/vboxuser/ros2_ws/install/vesc_msgs/lib/libvesc_msgs__rosidl_typesupport_introspection_cpp.so
[10.584s] -- Up-to-date: /home/vboxuser/ros2_ws/install/vesc_msgs/include/vesc_msgs/vesc_msgs
[10.584s] -- Up-to-date: /home/vboxuser/ros2_ws/install/vesc_msgs/include/vesc_msgs/vesc_msgs/msg
[10.585s] -- Up-to-date: /home/vboxuser/ros2_ws/install/vesc_msgs/include/vesc_msgs/vesc_msgs/msg/rosidl_typesupport_fastrtps_cpp__visibility_control.h
[10.585s] -- Up-to-date: /home/vboxuser/ros2_ws/install/vesc_msgs/include/vesc_msgs/vesc_msgs/msg/detail
[10.585s] -- Up-to-date: /home/vboxuser/ros2_ws/install/vesc_msgs/include/vesc_msgs/vesc_msgs/msg/detail/vesc_state_stamped__rosidl_typesupport_fastrtps_cpp.hpp
[10.585s] -- Up-to-date: /home/vboxuser/ros2_ws/install/vesc_msgs/include/vesc_msgs/vesc_msgs/msg/detail/vesc_state__rosidl_typesupport_fastrtps_cpp.hpp
[10.585s] -- Up-to-date: /home/vboxuser/ros2_ws/install/vesc_msgs/include/vesc_msgs/vesc_msgs/msg/detail/dds_fastrtps
[10.585s] -- Up-to-date: /home/vboxuser/ros2_ws/install/vesc_msgs/include/vesc_msgs/vesc_msgs/msg/detail/vesc_imu__rosidl_typesupport_fastrtps_cpp.hpp
[10.585s] -- Up-to-date: /home/vboxuser/ros2_ws/install/vesc_msgs/include/vesc_msgs/vesc_msgs/msg/detail/vesc_imu_stamped__rosidl_typesupport_fastrtps_cpp.hpp
[10.585s] -- Up-to-date: /home/vboxuser/ros2_ws/install/vesc_msgs/lib/libvesc_msgs__rosidl_typesupport_fastrtps_cpp.so
[10.585s] -- Up-to-date: /home/vboxuser/ros2_ws/install/vesc_msgs/lib/libvesc_msgs__rosidl_typesupport_cpp.so
[10.585s] -- Up-to-date: /home/vboxuser/ros2_ws/install/vesc_msgs/share/vesc_msgs/environment/pythonpath.sh
[10.586s] -- Up-to-date: /home/vboxuser/ros2_ws/install/vesc_msgs/share/vesc_msgs/environment/pythonpath.dsv
[10.586s] -- Up-to-date: /home/vboxuser/ros2_ws/install/vesc_msgs/lib/python3.10/site-packages/vesc_msgs-1.1.0-py3.10.egg-info
[10.586s] -- Installing: /home/vboxuser/ros2_ws/install/vesc_msgs/lib/python3.10/site-packages/vesc_msgs-1.1.0-py3.10.egg-info/top_level.txt
[10.586s] -- Installing: /home/vboxuser/ros2_ws/install/vesc_msgs/lib/python3.10/site-packages/vesc_msgs-1.1.0-py3.10.egg-info/SOURCES.txt
[10.586s] -- Installing: /home/vboxuser/ros2_ws/install/vesc_msgs/lib/python3.10/site-packages/vesc_msgs-1.1.0-py3.10.egg-info/PKG-INFO
[10.586s] -- Installing: /home/vboxuser/ros2_ws/install/vesc_msgs/lib/python3.10/site-packages/vesc_msgs-1.1.0-py3.10.egg-info/dependency_links.txt
[10.586s] -- Up-to-date: /home/vboxuser/ros2_ws/install/vesc_msgs/lib/python3.10/site-packages/vesc_msgs
[10.586s] -- Up-to-date: /home/vboxuser/ros2_ws/install/vesc_msgs/lib/python3.10/site-packages/vesc_msgs/libvesc_msgs__rosidl_generator_py.so
[10.586s] -- Up-to-date: /home/vboxuser/ros2_ws/install/vesc_msgs/lib/python3.10/site-packages/vesc_msgs/_vesc_msgs_s.ep.rosidl_typesupport_introspection_c.c
[10.586s] -- Up-to-date: /home/vboxuser/ros2_ws/install/vesc_msgs/lib/python3.10/site-packages/vesc_msgs/_vesc_msgs_s.ep.rosidl_typesupport_c.c
[10.587s] -- Up-to-date: /home/vboxuser/ros2_ws/install/vesc_msgs/lib/python3.10/site-packages/vesc_msgs/vesc_msgs_s__rosidl_typesupport_introspection_c.cpython-310-x86_64-linux-gnu.so
[10.597s] -- Up-to-date: /home/vboxuser/ros2_ws/install/vesc_msgs/lib/python3.10/site-packages/vesc_msgs/_vesc_msgs_s.ep.rosidl_typesupport_fastrtps_c.c
[10.597s] -- Up-to-date: /home/vboxuser/ros2_ws/install/vesc_msgs/lib/python3.10/site-packages/vesc_msgs/vesc_msgs_s__rosidl_typesupport_fastrtps_c.cpython-310-x86_64-linux-gnu.so
[10.597s] -- Up-to-date: /home/vboxuser/ros2_ws/install/vesc_msgs/lib/python3.10/site-packages/vesc_msgs/vesc_msgs_s__rosidl_typesupport_c.cpython-310-x86_64-linux-gnu.so
[10.597s] -- Up-to-date: /home/vboxuser/ros2_ws/install/vesc_msgs/lib/python3.10/site-packages/vesc_msgs/msg
[10.597s] -- Up-to-date: /home/vboxuser/ros2_ws/install/vesc_msgs/lib/python3.10/site-packages/vesc_msgs/msg/_vesc_state_s.c
[10.597s] -- Up-to-date: /home/vboxuser/ros2_ws/install/vesc_msgs/lib/python3.10/site-packages/vesc_msgs/msg/_vesc_state_stamped_s.c
[10.598s] -- Up-to-date: /home/vboxuser/ros2_ws/install/vesc_msgs/lib/python3.10/site-packages/vesc_msgs/msg/_vesc_imu.py
[10.598s] -- Up-to-date: /home/vboxuser/ros2_ws/install/vesc_msgs/lib/python3.10/site-packages/vesc_msgs/msg/_vesc_imu_s.c
[10.598s] -- Up-to-date: /home/vboxuser/ros2_ws/install/vesc_msgs/lib/python3.10/site-packages/vesc_msgs/msg/_vesc_imu_stamped.py
[10.598s] -- Up-to-date: /home/vboxuser/ros2_ws/install/vesc_msgs/lib/python3.10/site-packages/vesc_msgs/msg/_vesc_state_stamped.py
[10.598s] -- Up-to-date: /home/vboxuser/ros2_ws/install/vesc_msgs/lib/python3.10/site-packages/vesc_msgs/msg/_vesc_state.py
[10.598s] -- Up-to-date: /home/vboxuser/ros2_ws/install/vesc_msgs/lib/python3.10/site-packages/vesc_msgs/msg/__init__.py
[10.598s] -- Up-to-date: /home/vboxuser/ros2_ws/install/vesc_msgs/lib/python3.10/site-packages/vesc_msgs/msg/_vesc_imu_stamped_s.c
[10.598s] -- Up-to-date: /home/vboxuser/ros2_ws/install/vesc_msgs/lib/python3.10/site-packages/vesc_msgs/__init__.py
[11.544s] Listing '/home/vboxuser/ros2_ws/install/vesc_msgs/lib/python3.10/site-packages/vesc_msgs'...
[11.544s] Listing '/home/vboxuser/ros2_ws/install/vesc_msgs/lib/python3.10/site-packages/vesc_msgs/msg'...
[11.598s] -- Up-to-date: /home/vboxuser/ros2_ws/install/vesc_msgs/lib/python3.10/site-packages/vesc_msgs/vesc_msgs_s__rosidl_typesupport_introspection_c.cpython-310-x86_64-linux-gnu.so
[11.657s] -- Up-to-date: /home/vboxuser/ros2_ws/install/vesc_msgs/lib/python3.10/site-packages/vesc_msgs/vesc_msgs_s__rosidl_typesupport_fastrtps_c.cpython-310-x86_64-linux-gnu.so
[11.691s] -- Up-to-date: /home/vboxuser/ros2_ws/install/vesc_msgs/lib/python3.10/site-packages/vesc_msgs/vesc_msgs_s__rosidl_typesupport_c.cpython-310-x86_64-linux-gnu.so
[11.796s] -- Up-to-date: /home/vboxuser/ros2_ws/install/vesc_msgs/lib/libvesc_msgs__rosidl_generator_py.so
[11.802s] -- Up-to-date: /home/vboxuser/ros2_ws/install/vesc_msgs/share/vesc_msgs/msg/VescState.idl
[11.802s] -- Up-to-date: /home/vboxuser/ros2_ws/install/vesc_msgs/share/vesc_msgs/msg/VescStateStamped.idl
[11.802s] -- Up-to-date: /home/vboxuser/ros2_ws/install/vesc_msgs/share/vesc_msgs/msg/VescImu.idl
[11.802s] -- Up-to-date: /home/vboxuser/ros2_ws/install/vesc_msgs/share/vesc_msgs/msg/VescImuStamped.idl
[11.802s] -- Up-to-date: /home/vboxuser/ros2_ws/install/vesc_msgs/share/vesc_msgs/msg/VescState.msg
[11.802s] -- Up-to-date: /home/vboxuser/ros2_ws/install/vesc_msgs/share/vesc_msgs/msg/VescStateStamped.msg
[11.803s] -- Up-to-date: /home/vboxuser/ros2_ws/install/vesc_msgs/share/vesc_msgs/msg/VescImu.msg
[11.803s] -- Up-to-date: /home/vboxuser/ros2_ws/install/vesc_msgs/share/vesc_msgs/msg/VescImuStamped.msg
[11.803s] -- Up-to-date: /home/vboxuser/ros2_ws/install/vesc_msgs/share/ament_index/resource_index/package_run_dependencies/vesc_msgs
[11.805s] -- Up-to-date: /home/vboxuser/ros2_ws/install/vesc_msgs/share/ament_index/resource_index/parent_prefix_path/vesc_msgs
[11.807s] -- Up-to-date: /home/vboxuser/ros2_ws/install/vesc_msgs/share/vesc_msgs/environment/ament_prefix_path.dsv
[11.807s] -- Up-to-date: /home/vboxuser/ros2_ws/install/vesc_msgs/share/vesc_msgs/environment/path.dsv
[11.808s] -- Up-to-date: /home/vboxuser/ros2_ws/install/vesc_msgs/share/vesc_msgs/local_setup.bash
[11.808s] -- Up-to-date: /home/vboxuser/ros2_ws/install/vesc_msgs/share/vesc_msgs/local_setup.sh
[11.808s] -- Up-to-date: /home/vboxuser/ros2_ws/install/vesc_msgs/share/vesc_msgs/local_setup.zsh
[11.808s] -- Up-to-date: /home/vboxuser/ros2_ws/install/vesc_msgs/share/vesc_msgs/local_setup.dsv
[11.808s] -- Installing: /home/vboxuser/ros2_ws/install/vesc_msgs/share/vesc_msgs/package.dsv
[11.843s] -- Up-to-date: /home/vboxuser/ros2_ws/install/vesc_msgs/share/ament_index/resource_index/packages/vesc_msgs
[11.878s] -- Up-to-date: /home/vboxuser/ros2_ws/install/vesc_msgs/share/vesc_msgs/cmake/export_vesc_msgs__rosidl_generator_cExport.cmake
[11.880s] -- Up-to-date: /home/vboxuser/ros2_ws/install/vesc_msgs/share/vesc_msgs/cmake/export_vesc_msgs__rosidl_generator_cExport-noconfig.cmake
[11.923s] -- Up-to-date: /home/vboxuser/ros2_ws/install/vesc_msgs/share/vesc_msgs/cmake/vesc_msgs__rosidl_typesupport_introspection_cExport.cmake
[11.925s] -- Up-to-date: /home/vboxuser/ros2_ws/install/vesc_msgs/share/vesc_msgs/cmake/vesc_msgs__rosidl_typesupport_introspection_cExport-noconfig.cmake
[11.971s] -- Up-to-date: /home/vboxuser/ros2_ws/install/vesc_msgs/share/vesc_msgs/cmake/export_vesc_msgs__rosidl_typesupport_fastrtps_cExport.cmake
[11.973s] -- Up-to-date: /home/vboxuser/ros2_ws/install/vesc_msgs/share/vesc_msgs/cmake/export_vesc_msgs__rosidl_typesupport_fastrtps_cExport-noconfig.cmake
[12.051s] -- Up-to-date: /home/vboxuser/ros2_ws/install/vesc_msgs/share/vesc_msgs/cmake/vesc_msgs__rosidl_typesupport_cExport.cmake
[12.052s] -- Up-to-date: /home/vboxuser/ros2_ws/install/vesc_msgs/share/vesc_msgs/cmake/vesc_msgs__rosidl_typesupport_cExport-noconfig.cmake
[12.086s] -- Up-to-date: /home/vboxuser/ros2_ws/install/vesc_msgs/share/vesc_msgs/cmake/export_vesc_msgs__rosidl_generator_cppExport.cmake
[12.156s] -- Up-to-date: /home/vboxuser/ros2_ws/install/vesc_msgs/share/vesc_msgs/cmake/vesc_msgs__rosidl_typesupport_introspection_cppExport.cmake
[12.156s] -- Up-to-date: /home/vboxuser/ros2_ws/install/vesc_msgs/share/vesc_msgs/cmake/vesc_msgs__rosidl_typesupport_introspection_cppExport-noconfig.cmake
[12.225s] -- Up-to-date: /home/vboxuser/ros2_ws/install/vesc_msgs/share/vesc_msgs/cmake/export_vesc_msgs__rosidl_typesupport_fastrtps_cppExport.cmake
[12.225s] -- Up-to-date: /home/vboxuser/ros2_ws/install/vesc_msgs/share/vesc_msgs/cmake/export_vesc_msgs__rosidl_typesupport_fastrtps_cppExport-noconfig.cmake
[12.251s] -- Up-to-date: /home/vboxuser/ros2_ws/install/vesc_msgs/share/vesc_msgs/cmake/vesc_msgs__rosidl_typesupport_cppExport.cmake
[12.251s] -- Up-to-date: /home/vboxuser/ros2_ws/install/vesc_msgs/share/vesc_msgs/cmake/vesc_msgs__rosidl_typesupport_cppExport-noconfig.cmake
[12.270s] -- Up-to-date: /home/vboxuser/ros2_ws/install/vesc_msgs/share/vesc_msgs/cmake/export_vesc_msgs__rosidl_generator_pyExport.cmake
[12.270s] -- Up-to-date: /home/vboxuser/ros2_ws/install/vesc_msgs/share/vesc_msgs/cmake/export_vesc_msgs__rosidl_generator_pyExport-noconfig.cmake
[12.270s] -- Up-to-date: /home/vboxuser/ros2_ws/install/vesc_msgs/share/vesc_msgs/cmake/rosidl_cmake-extras.cmake
[12.282s] -- Up-to-date: /home/vboxuser/ros2_ws/install/vesc_msgs/share/vesc_msgs/cmake/ament_cmake_export_dependencies-extras.cmake
[12.282s] -- Up-to-date: /home/vboxuser/ros2_ws/install/vesc_msgs/share/vesc_msgs/cmake/ament_cmake_export_include_directories-extras.cmake
[12.283s] -- Up-to-date: /home/vboxuser/ros2_ws/install/vesc_msgs/share/vesc_msgs/cmake/ament_cmake_export_libraries-extras.cmake
[12.283s] -- Up-to-date: /home/vboxuser/ros2_ws/install/vesc_msgs/share/vesc_msgs/cmake/ament_cmake_export_targets-extras.cmake
[12.288s] -- Up-to-date: /home/vboxuser/ros2_ws/install/vesc_msgs/share/vesc_msgs/cmake/rosidl_cmake_export_typesupport_targets-extras.cmake
[12.289s] -- Up-to-date: /home/vboxuser/ros2_ws/install/vesc_msgs/share/vesc_msgs/cmake/rosidl_cmake_export_typesupport_libraries-extras.cmake
[12.290s] -- Up-to-date: /home/vboxuser/ros2_ws/install/vesc_msgs/share/vesc_msgs/cmake/vesc_msgsConfig.cmake
[12.293s] -- Up-to-date: /home/vboxuser/ros2_ws/install/vesc_msgs/share/vesc_msgs/cmake/vesc_msgsConfig-version.cmake
[12.294s] -- Up-to-date: /home/vboxuser/ros2_ws/install/vesc_msgs/share/vesc_msgs/package.xml
[12.609s] Invoked command in '/home/vboxuser/ros2_ws/build/vesc_msgs' returned '0': CMAKE_PREFIX_PATH=${CMAKE_PREFIX_PATH}:/opt/ros/iron:/home/vboxuser/ros2_iron/install/rqt_bag_plugins:/home/vboxuser/ros2_iron/install/rqt_bag:/home/vboxuser/ros2_iron/install/rosbag2_examples_py:/home/vboxuser/ros2_iron/install/launch_testing_examples:/home/vboxuser/ros2_iron/install/ros2bag:/home/vboxuser/ros2_iron/install/tracetools_test:/home/vboxuser/ros2_iron/install/tracetools_launch:/home/vboxuser/ros2_iron/install/topic_monitor:/home/vboxuser/ros2_iron/install/tf2_tools:/home/vboxuser/ros2_iron/install/examples_tf2_py:/home/vboxuser/ros2_iron/install/tf2_ros_py:/home/vboxuser/ros2_iron/install/examples_rclpy_pointcloud_publisher:/home/vboxuser/ros2_iron/install/sensor_msgs_py:/home/vboxuser/ros2_iron/install/quality_of_service_demo_py:/home/vboxuser/ros2_iron/install/rqt_plot:/home/vboxuser/ros2_iron/install/ros2doctor:/home/vboxuser/ros2_iron/install/lifecycle_py:/home/vboxuser/ros2_iron/install/examples_rclpy_minimal_subscriber:/home/vboxuser/ros2_iron/install/examples_rclpy_minimal_service:/home/vboxuser/ros2_iron/install/examples_rclpy_minimal_publisher:/home/vboxuser/ros2_iron/install/examples_rclpy_minimal_client:/home/vboxuser/ros2_iron/install/examples_rclpy_executors:/home/vboxuser/ros2_iron/install/demo_nodes_py:/home/vboxuser/ros2_iron/install/rqt:/home/vboxuser/ros2_iron/install/ros2component:/home/vboxuser/ros2_iron/install/sros2:/home/vboxuser/ros2_iron/install/rqt_topic:/home/vboxuser/ros2_iron/install/rqt_srv:/home/vboxuser/ros2_iron/install/rqt_shell:/home/vboxuser/ros2_iron/install/rqt_service_caller:/home/vboxuser/ros2_iron/install/rqt_reconfigure:/home/vboxuser/ros2_iron/install/rqt_py_console:/home/vboxuser/ros2_iron/install/rqt_publisher:/home/vboxuser/ros2_iron/install/rqt_action:/home/vboxuser/ros2_iron/install/rqt_msg:/home/vboxuser/ros2_iron/install/rqt_console:/home/vboxuser/ros2_iron/install/rqt_graph:/home/vboxuser/ros2_iron/install/rqt_gui_py:/home/vboxuser/ros2_iron/install/rqt_gui:/home/vboxuser/ros2_iron/install/ros2trace:/home/vboxuser/ros2_iron/install/ros2topic:/home/vboxuser/ros2_iron/install/ros2test:/home/vboxuser/ros2_iron/install/ros2param:/home/vboxuser/ros2_iron/install/ros2lifecycle:/home/vboxuser/ros2_iron/install/ros2service:/home/vboxuser/ros2_iron/install/ros2run:/home/vboxuser/ros2_iron/install/ros2launch:/home/vboxuser/ros2_iron/install/ros2pkg:/home/vboxuser/ros2_iron/install/ros2node:/home/vboxuser/ros2_iron/install/ros2multicast:/home/vboxuser/ros2_iron/install/ros2interface:/home/vboxuser/ros2_iron/install/ros2action:/home/vboxuser/ros2_iron/install/ros2cli:/home/vboxuser/ros2_iron/install/launch_testing_ros:/home/vboxuser/ros2_iron/install/launch_ros:/home/vboxuser/ros2_iron/install/examples_rclpy_minimal_action_server:/home/vboxuser/ros2_iron/install/examples_rclpy_minimal_action_client:/home/vboxuser/ros2_iron/install/examples_rclpy_guard_conditions:/home/vboxuser/ros2_iron/install/action_tutorials_py:/home/vboxuser/ros2_iron/install/ament_uncrustify:/home/vboxuser/ros2_iron/install/tracetools_trace:/home/vboxuser/ros2_iron/install/tracetools_read:/home/vboxuser/ros2_iron/install/test_tracetools_launch:/home/vboxuser/ros2_iron/install/test_ros2trace:/home/vboxuser/ros2_iron/install/test_launch_ros:/home/vboxuser/ros2_iron/install/rpyutils:/home/vboxuser/ros2_iron/install/rosidl_runtime_py:/home/vboxuser/ros2_iron/install/rosidl_pycommon:/home/vboxuser/ros2_iron/install/rosidl_cli:/home/vboxuser/ros2_iron/install/launch_pytest:/home/vboxuser/ros2_iron/install/launch_testing:/home/vboxuser/ros2_iron/install/launch_yaml:/home/vboxuser/ros2_iron/install/launch_xml:/home/vboxuser/ros2_iron/install/launch:/home/vboxuser/ros2_iron/install/osrf_pycommon:/home/vboxuser/ros2_iron/install/domain_coordinator:/home/vboxuser/ros2_iron/install/ament_xmllint:/home/vboxuser/ros2_iron/install/ament_pyflakes:/home/vboxuser/ros2_iron/install/ament_pycodestyle:/home/vboxuser/ros2_iron/install/ament_pep257:/home/vboxuser/ros2_iron/install/ament_pclint:/home/vboxuser/ros2_iron/install/ament_package:/home/vboxuser/ros2_iron/install/ament_mypy:/home/vboxuser/ros2_iron/install/ament_lint_cmake:/home/vboxuser/ros2_iron/install/ament_flake8:/home/vboxuser/ros2_iron/install/ament_copyright:/home/vboxuser/ros2_iron/install/ament_lint:/home/vboxuser/ros2_iron/install/ament_index_python:/home/vboxuser/ros2_iron/install/ament_cpplint:/home/vboxuser/ros2_iron/install/ament_cppcheck:/home/vboxuser/ros2_iron/install/ament_clang_tidy:/home/vboxuser/ros2_iron/install/ament_clang_format /usr/bin/cmake --install /home/vboxuser/ros2_ws/build/vesc_msgs
