[3.448s] Invoking command in '/home/vboxuser/ros2_ws/src/examples/rclpy/executors': PYTHONPATH=/home/vboxuser/ros2_ws/build/examples_rclpy_executors/prefix_override:/usr/lib/python3/dist-packages/colcon_core/task/python/colcon_distutils_commands:/home/vboxuser/ros2_ws/install/examples_rclpy_executors/lib/python3.10/site-packages: /usr/bin/python3 -W ignore:setup.py install is deprecated -W ignore:easy_install command is deprecated setup.py egg_info --egg-base ../../../../build/examples_rclpy_executors build --build-base /home/vboxuser/ros2_ws/build/examples_rclpy_executors/build install --record /home/vboxuser/ros2_ws/build/examples_rclpy_executors/install.log --single-version-externally-managed install_data
[4.431s] running egg_info
[4.431s] writing ../../../../build/examples_rclpy_executors/examples_rclpy_executors.egg-info/PKG-INFO
[4.437s] writing dependency_links to ../../../../build/examples_rclpy_executors/examples_rclpy_executors.egg-info/dependency_links.txt
[4.441s] writing entry points to ../../../../build/examples_rclpy_executors/examples_rclpy_executors.egg-info/entry_points.txt
[4.445s] writing requirements to ../../../../build/examples_rclpy_executors/examples_rclpy_executors.egg-info/requires.txt
[4.466s] writing top-level names to ../../../../build/examples_rclpy_executors/examples_rclpy_executors.egg-info/top_level.txt
[4.468s] reading manifest file '../../../../build/examples_rclpy_executors/examples_rclpy_executors.egg-info/SOURCES.txt'
[4.497s] writing manifest file '../../../../build/examples_rclpy_executors/examples_rclpy_executors.egg-info/SOURCES.txt'
[4.498s] running build
[4.498s] running build_py
[4.498s] running install
[4.498s] running install_lib
[4.502s] running install_data
[4.503s] running install_egg_info
[4.515s] removing '/home/vboxuser/ros2_ws/install/examples_rclpy_executors/lib/python3.10/site-packages/examples_rclpy_executors-0.18.2-py3.10.egg-info' (and everything under it)
[4.519s] Copying ../../../../build/examples_rclpy_executors/examples_rclpy_executors.egg-info to /home/vboxuser/ros2_ws/install/examples_rclpy_executors/lib/python3.10/site-packages/examples_rclpy_executors-0.18.2-py3.10.egg-info
[4.548s] running install_scripts
[4.672s] Installing callback_group script to /home/vboxuser/ros2_ws/install/examples_rclpy_executors/lib/examples_rclpy_executors
[4.673s] Installing composed script to /home/vboxuser/ros2_ws/install/examples_rclpy_executors/lib/examples_rclpy_executors
[4.683s] Installing custom_callback_group script to /home/vboxuser/ros2_ws/install/examples_rclpy_executors/lib/examples_rclpy_executors
[4.689s] Installing custom_executor script to /home/vboxuser/ros2_ws/install/examples_rclpy_executors/lib/examples_rclpy_executors
[4.689s] Installing listener script to /home/vboxuser/ros2_ws/install/examples_rclpy_executors/lib/examples_rclpy_executors
[4.689s] Installing talker script to /home/vboxuser/ros2_ws/install/examples_rclpy_executors/lib/examples_rclpy_executors
[4.689s] writing list of installed files to '/home/vboxuser/ros2_ws/build/examples_rclpy_executors/install.log'
[4.846s] Invoked command in '/home/vboxuser/ros2_ws/src/examples/rclpy/executors' returned '0': PYTHONPATH=/home/vboxuser/ros2_ws/build/examples_rclpy_executors/prefix_override:/usr/lib/python3/dist-packages/colcon_core/task/python/colcon_distutils_commands:/home/vboxuser/ros2_ws/install/examples_rclpy_executors/lib/python3.10/site-packages: /usr/bin/python3 -W ignore:setup.py install is deprecated -W ignore:easy_install command is deprecated setup.py egg_info --egg-base ../../../../build/examples_rclpy_executors build --build-base /home/vboxuser/ros2_ws/build/examples_rclpy_executors/build install --record /home/vboxuser/ros2_ws/build/examples_rclpy_executors/install.log --single-version-externally-managed install_data
