[3.100s] Invoking command in '/home/vboxuser/ros2_ws/src/read_rosbag': PYTHONPATH=/home/vboxuser/ros2_ws/build/read_rosbag/prefix_override:/usr/lib/python3/dist-packages/colcon_core/task/python/colcon_distutils_commands:/home/vboxuser/ros2_ws/install/read_rosbag/lib/python3.10/site-packages:${PYTHONPATH} /usr/bin/python3 -W ignore:setup.py install is deprecated -W ignore:easy_install command is deprecated setup.py egg_info --egg-base ../../build/read_rosbag build --build-base /home/vboxuser/ros2_ws/build/read_rosbag/build install --record /home/vboxuser/ros2_ws/build/read_rosbag/install.log --single-version-externally-managed install_data
[4.621s] running egg_info
[4.624s] writing ../../build/read_rosbag/read_rosbag.egg-info/PKG-INFO
[4.624s] writing dependency_links to ../../build/read_rosbag/read_rosbag.egg-info/dependency_links.txt
[4.626s] writing entry points to ../../build/read_rosbag/read_rosbag.egg-info/entry_points.txt
[4.629s] writing requirements to ../../build/read_rosbag/read_rosbag.egg-info/requires.txt
[4.631s] writing top-level names to ../../build/read_rosbag/read_rosbag.egg-info/top_level.txt
[4.637s] reading manifest file '../../build/read_rosbag/read_rosbag.egg-info/SOURCES.txt'
[4.639s] adding license file 'LICENSE'
[4.642s] writing manifest file '../../build/read_rosbag/read_rosbag.egg-info/SOURCES.txt'
[4.644s] running build
[4.644s] running build_py
[4.647s] running install
[4.647s] running install_lib
[4.658s] running install_data
[4.659s] running install_egg_info
[4.668s] removing '/home/vboxuser/ros2_ws/install/read_rosbag/lib/python3.10/site-packages/read_rosbag-0.0.0-py3.10.egg-info' (and everything under it)
[4.668s] Copying ../../build/read_rosbag/read_rosbag.egg-info to /home/vboxuser/ros2_ws/install/read_rosbag/lib/python3.10/site-packages/read_rosbag-0.0.0-py3.10.egg-info
[4.671s] running install_scripts
[4.759s] Installing load_rosbag script to /home/vboxuser/ros2_ws/install/read_rosbag/lib/read_rosbag
[4.771s] writing list of installed files to '/home/vboxuser/ros2_ws/build/read_rosbag/install.log'
[4.831s] Invoked command in '/home/vboxuser/ros2_ws/src/read_rosbag' returned '0': PYTHONPATH=/home/vboxuser/ros2_ws/build/read_rosbag/prefix_override:/usr/lib/python3/dist-packages/colcon_core/task/python/colcon_distutils_commands:/home/vboxuser/ros2_ws/install/read_rosbag/lib/python3.10/site-packages:${PYTHONPATH} /usr/bin/python3 -W ignore:setup.py install is deprecated -W ignore:easy_install command is deprecated setup.py egg_info --egg-base ../../build/read_rosbag build --build-base /home/vboxuser/ros2_ws/build/read_rosbag/build install --record /home/vboxuser/ros2_ws/build/read_rosbag/install.log --single-version-externally-managed install_data
