[0.309s] Invoking command in '/home/vboxuser/ros2_ws/build/examples_rclcpp_minimal_subscriber': /usr/bin/cmake --build /home/vboxuser/ros2_ws/build/examples_rclcpp_minimal_subscriber -- -j4 -l4
[1.012s] [  8%] Built target subscriber_lambda
[1.338s] [ 16%] Built target subscriber_member_function_with_type_adapter
[1.626s] [ 25%] Built target subscriber_member_function_with_unique_network_flow_endpoints
[1.834s] [ 33%] Built target subscriber_not_composable
[2.124s] [ 41%] Built target subscriber_content_filtering
[2.471s] [ 58%] Built target wait_set_subscriber_library
[2.787s] [ 66%] Built target wait_set_subscriber
[2.987s] [ 75%] Built target static_wait_set_subscriber
[3.259s] [ 83%] Built target time_triggered_wait_set_subscriber
[3.534s] [ 91%] Built target subscriber_member_function_with_topic_statistics
[3.822s] [100%] Built target subscriber_member_function
[3.971s] Invoked command in '/home/vboxuser/ros2_ws/build/examples_rclcpp_minimal_subscriber' returned '0': /usr/bin/cmake --build /home/vboxuser/ros2_ws/build/examples_rclcpp_minimal_subscriber -- -j4 -l4
[3.993s] Invoking command in '/home/vboxuser/ros2_ws/build/examples_rclcpp_minimal_subscriber': /usr/bin/cmake --install /home/vboxuser/ros2_ws/build/examples_rclcpp_minimal_subscriber
[4.094s] -- Install configuration: ""
[4.095s] -- Up-to-date: /home/vboxuser/ros2_ws/install/examples_rclcpp_minimal_subscriber/lib/examples_rclcpp_minimal_subscriber/wait_set_subscriber
[4.114s] -- Up-to-date: /home/vboxuser/ros2_ws/install/examples_rclcpp_minimal_subscriber/lib/examples_rclcpp_minimal_subscriber/static_wait_set_subscriber
[4.114s] -- Up-to-date: /home/vboxuser/ros2_ws/install/examples_rclcpp_minimal_subscriber/lib/examples_rclcpp_minimal_subscriber/time_triggered_wait_set_subscriber
[4.114s] -- Up-to-date: /home/vboxuser/ros2_ws/install/examples_rclcpp_minimal_subscriber/lib/libwait_set_subscriber_library.so
[4.126s] -- Up-to-date: /home/vboxuser/ros2_ws/install/examples_rclcpp_minimal_subscriber/lib/examples_rclcpp_minimal_subscriber/subscriber_lambda
[4.131s] -- Up-to-date: /home/vboxuser/ros2_ws/install/examples_rclcpp_minimal_subscriber/lib/examples_rclcpp_minimal_subscriber/subscriber_member_function
[4.133s] -- Up-to-date: /home/vboxuser/ros2_ws/install/examples_rclcpp_minimal_subscriber/lib/examples_rclcpp_minimal_subscriber/subscriber_member_function_with_topic_statistics
[4.134s] -- Up-to-date: /home/vboxuser/ros2_ws/install/examples_rclcpp_minimal_subscriber/lib/examples_rclcpp_minimal_subscriber/subscriber_member_function_with_type_adapter
[4.136s] -- Up-to-date: /home/vboxuser/ros2_ws/install/examples_rclcpp_minimal_subscriber/lib/examples_rclcpp_minimal_subscriber/subscriber_member_function_with_unique_network_flow_endpoints
[4.137s] -- Up-to-date: /home/vboxuser/ros2_ws/install/examples_rclcpp_minimal_subscriber/lib/examples_rclcpp_minimal_subscriber/subscriber_not_composable
[4.141s] -- Up-to-date: /home/vboxuser/ros2_ws/install/examples_rclcpp_minimal_subscriber/lib/examples_rclcpp_minimal_subscriber/subscriber_content_filtering
[4.143s] -- Up-to-date: /home/vboxuser/ros2_ws/install/examples_rclcpp_minimal_subscriber/share/ament_index/resource_index/package_run_dependencies/examples_rclcpp_minimal_subscriber
[4.144s] -- Up-to-date: /home/vboxuser/ros2_ws/install/examples_rclcpp_minimal_subscriber/share/ament_index/resource_index/parent_prefix_path/examples_rclcpp_minimal_subscriber
[4.149s] -- Up-to-date: /home/vboxuser/ros2_ws/install/examples_rclcpp_minimal_subscriber/share/examples_rclcpp_minimal_subscriber/environment/ament_prefix_path.dsv
[4.150s] -- Up-to-date: /home/vboxuser/ros2_ws/install/examples_rclcpp_minimal_subscriber/share/examples_rclcpp_minimal_subscriber/environment/path.dsv
[4.150s] -- Up-to-date: /home/vboxuser/ros2_ws/install/examples_rclcpp_minimal_subscriber/share/examples_rclcpp_minimal_subscriber/local_setup.bash
[4.150s] -- Up-to-date: /home/vboxuser/ros2_ws/install/examples_rclcpp_minimal_subscriber/share/examples_rclcpp_minimal_subscriber/local_setup.sh
[4.150s] -- Up-to-date: /home/vboxuser/ros2_ws/install/examples_rclcpp_minimal_subscriber/share/examples_rclcpp_minimal_subscriber/local_setup.zsh
[4.150s] -- Up-to-date: /home/vboxuser/ros2_ws/install/examples_rclcpp_minimal_subscriber/share/examples_rclcpp_minimal_subscriber/local_setup.dsv
[4.157s] -- Installing: /home/vboxuser/ros2_ws/install/examples_rclcpp_minimal_subscriber/share/examples_rclcpp_minimal_subscriber/package.dsv
[4.157s] -- Up-to-date: /home/vboxuser/ros2_ws/install/examples_rclcpp_minimal_subscriber/share/ament_index/resource_index/packages/examples_rclcpp_minimal_subscriber
[4.160s] -- Up-to-date: /home/vboxuser/ros2_ws/install/examples_rclcpp_minimal_subscriber/share/ament_index/resource_index/rclcpp_components/examples_rclcpp_minimal_subscriber
[4.161s] -- Up-to-date: /home/vboxuser/ros2_ws/install/examples_rclcpp_minimal_subscriber/share/examples_rclcpp_minimal_subscriber/cmake/examples_rclcpp_minimal_subscriberConfig.cmake
[4.164s] -- Up-to-date: /home/vboxuser/ros2_ws/install/examples_rclcpp_minimal_subscriber/share/examples_rclcpp_minimal_subscriber/cmake/examples_rclcpp_minimal_subscriberConfig-version.cmake
[4.165s] -- Up-to-date: /home/vboxuser/ros2_ws/install/examples_rclcpp_minimal_subscriber/share/examples_rclcpp_minimal_subscriber/package.xml
[5.383s] Invoked command in '/home/vboxuser/ros2_ws/build/examples_rclcpp_minimal_subscriber' returned '0': /usr/bin/cmake --install /home/vboxuser/ros2_ws/build/examples_rclcpp_minimal_subscriber
