[0.385s] Invoking command in '/home/vboxuser/ros2_ws/build/vesc_msgs': /usr/bin/cmake --build /home/vboxuser/ros2_ws/build/vesc_msgs -- -j4 -l4
[9.741s] [  1%] Built target vesc_msgs__rosidl_generator_type_description
[10.491s] [  1%] Built target ament_cmake_python_copy_vesc_msgs
[11.387s] [  3%] Built target vesc_msgs__cpp
[12.105s] running egg_info
[12.121s] writing vesc_msgs.egg-info/PKG-INFO
[12.121s] writing dependency_links to vesc_msgs.egg-info/dependency_links.txt
[12.121s] writing top-level names to vesc_msgs.egg-info/top_level.txt
[12.133s] reading manifest file 'vesc_msgs.egg-info/SOURCES.txt'
[12.133s] writing manifest file 'vesc_msgs.egg-info/SOURCES.txt'
[12.312s] [  3%] Built target ament_cmake_python_build_vesc_msgs_egg
[13.250s] [ 25%] Built target vesc_msgs__rosidl_generator_c
[14.026s] [ 34%] Built target vesc_msgs__rosidl_typesupport_fastrtps_c
[14.910s] [ 43%] Built target vesc_msgs__rosidl_typesupport_introspection_c
[15.373s] [ 53%] Built target vesc_msgs__rosidl_typesupport_c
[15.911s] [ 62%] Built target vesc_msgs__rosidl_typesupport_fastrtps_cpp
[16.434s] [ 71%] Built target vesc_msgs__rosidl_typesupport_cpp
[16.975s] [ 81%] Built target vesc_msgs__rosidl_typesupport_introspection_cpp
[17.239s] [ 81%] Built target vesc_msgs
[17.807s] [ 82%] Built target vesc_msgs__py
[18.622s] [ 90%] Built target vesc_msgs__rosidl_generator_py
[18.939s] [ 93%] Built target vesc_msgs__rosidl_typesupport_fastrtps_c__pyext
[19.208s] [ 96%] Built target vesc_msgs__rosidl_typesupport_c__pyext
[19.527s] [100%] Built target vesc_msgs__rosidl_typesupport_introspection_c__pyext
[19.700s] Invoked command in '/home/vboxuser/ros2_ws/build/vesc_msgs' returned '0': /usr/bin/cmake --build /home/vboxuser/ros2_ws/build/vesc_msgs -- -j4 -l4
[19.747s] Invoking command in '/home/vboxuser/ros2_ws/build/vesc_msgs': /usr/bin/cmake --install /home/vboxuser/ros2_ws/build/vesc_msgs
[19.813s] -- Install configuration: ""
[19.813s] -- Up-to-date: /home/vboxuser/ros2_ws/install/vesc_msgs/share/ament_index/resource_index/rosidl_interfaces/vesc_msgs
[19.813s] -- Up-to-date: /home/vboxuser/ros2_ws/install/vesc_msgs/share/vesc_msgs/msg/VescState.json
[19.813s] -- Up-to-date: /home/vboxuser/ros2_ws/install/vesc_msgs/share/vesc_msgs/msg/VescStateStamped.json
[19.814s] -- Up-to-date: /home/vboxuser/ros2_ws/install/vesc_msgs/share/vesc_msgs/msg/VescImu.json
[19.814s] -- Up-to-date: /home/vboxuser/ros2_ws/install/vesc_msgs/share/vesc_msgs/msg/VescImuStamped.json
[19.814s] -- Up-to-date: /home/vboxuser/ros2_ws/install/vesc_msgs/include/vesc_msgs/vesc_msgs
[19.814s] -- Up-to-date: /home/vboxuser/ros2_ws/install/vesc_msgs/include/vesc_msgs/vesc_msgs/msg
[19.814s] -- Up-to-date: /home/vboxuser/ros2_ws/install/vesc_msgs/include/vesc_msgs/vesc_msgs/msg/vesc_imu.h
[19.815s] -- Up-to-date: /home/vboxuser/ros2_ws/install/vesc_msgs/include/vesc_msgs/vesc_msgs/msg/rosidl_generator_c__visibility_control.h
[19.821s] -- Up-to-date: /home/vboxuser/ros2_ws/install/vesc_msgs/include/vesc_msgs/vesc_msgs/msg/vesc_state_stamped.h
[19.823s] -- Up-to-date: /home/vboxuser/ros2_ws/install/vesc_msgs/include/vesc_msgs/vesc_msgs/msg/detail
[19.823s] -- Up-to-date: /home/vboxuser/ros2_ws/install/vesc_msgs/include/vesc_msgs/vesc_msgs/msg/detail/vesc_state_stamped__functions.c
[19.824s] -- Up-to-date: /home/vboxuser/ros2_ws/install/vesc_msgs/include/vesc_msgs/vesc_msgs/msg/detail/vesc_imu_stamped__type_support.h
[19.824s] -- Up-to-date: /home/vboxuser/ros2_ws/install/vesc_msgs/include/vesc_msgs/vesc_msgs/msg/detail/vesc_imu_stamped__functions.h
[19.824s] -- Up-to-date: /home/vboxuser/ros2_ws/install/vesc_msgs/include/vesc_msgs/vesc_msgs/msg/detail/vesc_imu__type_support.h
[19.824s] -- Up-to-date: /home/vboxuser/ros2_ws/install/vesc_msgs/include/vesc_msgs/vesc_msgs/msg/detail/vesc_imu__description.c
[19.839s] -- Up-to-date: /home/vboxuser/ros2_ws/install/vesc_msgs/include/vesc_msgs/vesc_msgs/msg/detail/vesc_imu__functions.h
[19.840s] -- Up-to-date: /home/vboxuser/ros2_ws/install/vesc_msgs/include/vesc_msgs/vesc_msgs/msg/detail/vesc_state_stamped__description.c
[19.840s] -- Up-to-date: /home/vboxuser/ros2_ws/install/vesc_msgs/include/vesc_msgs/vesc_msgs/msg/detail/vesc_imu_stamped__struct.h
[19.840s] -- Up-to-date: /home/vboxuser/ros2_ws/install/vesc_msgs/include/vesc_msgs/vesc_msgs/msg/detail/vesc_imu_stamped__description.c
[19.840s] -- Up-to-date: /home/vboxuser/ros2_ws/install/vesc_msgs/include/vesc_msgs/vesc_msgs/msg/detail/vesc_state__type_support.h
[19.840s] -- Up-to-date: /home/vboxuser/ros2_ws/install/vesc_msgs/include/vesc_msgs/vesc_msgs/msg/detail/vesc_state_stamped__type_support.h
[19.840s] -- Installing: /home/vboxuser/ros2_ws/install/vesc_msgs/include/vesc_msgs/vesc_msgs/msg/detail/vesc_state__type_support.c
[19.875s] -- Up-to-date: /home/vboxuser/ros2_ws/install/vesc_msgs/include/vesc_msgs/vesc_msgs/msg/detail/vesc_state_stamped__functions.h
[19.875s] -- Up-to-date: /home/vboxuser/ros2_ws/install/vesc_msgs/include/vesc_msgs/vesc_msgs/msg/detail/vesc_imu_stamped__functions.c
[19.875s] -- Installing: /home/vboxuser/ros2_ws/install/vesc_msgs/include/vesc_msgs/vesc_msgs/msg/detail/vesc_state_stamped__type_support.c
[19.907s] -- Up-to-date: /home/vboxuser/ros2_ws/install/vesc_msgs/include/vesc_msgs/vesc_msgs/msg/detail/vesc_imu__struct.h
[19.909s] -- Up-to-date: /home/vboxuser/ros2_ws/install/vesc_msgs/include/vesc_msgs/vesc_msgs/msg/detail/vesc_state__functions.h
[19.909s] -- Up-to-date: /home/vboxuser/ros2_ws/install/vesc_msgs/include/vesc_msgs/vesc_msgs/msg/detail/vesc_state__struct.h
[19.909s] -- Up-to-date: /home/vboxuser/ros2_ws/install/vesc_msgs/include/vesc_msgs/vesc_msgs/msg/detail/vesc_state__description.c
[19.909s] -- Installing: /home/vboxuser/ros2_ws/install/vesc_msgs/include/vesc_msgs/vesc_msgs/msg/detail/vesc_imu_stamped__type_support.c
[19.949s] -- Up-to-date: /home/vboxuser/ros2_ws/install/vesc_msgs/include/vesc_msgs/vesc_msgs/msg/detail/vesc_state_stamped__struct.h
[19.949s] -- Up-to-date: /home/vboxuser/ros2_ws/install/vesc_msgs/include/vesc_msgs/vesc_msgs/msg/detail/vesc_state__functions.c
[19.949s] -- Up-to-date: /home/vboxuser/ros2_ws/install/vesc_msgs/include/vesc_msgs/vesc_msgs/msg/detail/vesc_imu__functions.c
[19.949s] -- Installing: /home/vboxuser/ros2_ws/install/vesc_msgs/include/vesc_msgs/vesc_msgs/msg/detail/vesc_imu__type_support.c
[19.964s] -- Up-to-date: /home/vboxuser/ros2_ws/install/vesc_msgs/include/vesc_msgs/vesc_msgs/msg/vesc_imu_stamped.h
[19.972s] -- Up-to-date: /home/vboxuser/ros2_ws/install/vesc_msgs/include/vesc_msgs/vesc_msgs/msg/vesc_state.h
[19.972s] -- Up-to-date: /home/vboxuser/ros2_ws/install/vesc_msgs/share/vesc_msgs/environment/library_path.sh
[19.972s] -- Up-to-date: /home/vboxuser/ros2_ws/install/vesc_msgs/share/vesc_msgs/environment/library_path.dsv
[19.972s] -- Up-to-date: /home/vboxuser/ros2_ws/install/vesc_msgs/lib/libvesc_msgs__rosidl_generator_c.so
[19.972s] -- Up-to-date: /home/vboxuser/ros2_ws/install/vesc_msgs/include/vesc_msgs/vesc_msgs
[19.972s] -- Up-to-date: /home/vboxuser/ros2_ws/install/vesc_msgs/include/vesc_msgs/vesc_msgs/msg
[19.972s] -- Up-to-date: /home/vboxuser/ros2_ws/install/vesc_msgs/include/vesc_msgs/vesc_msgs/msg/rosidl_typesupport_fastrtps_c__visibility_control.h
[19.973s] -- Up-to-date: /home/vboxuser/ros2_ws/install/vesc_msgs/include/vesc_msgs/vesc_msgs/msg/detail
[19.973s] -- Up-to-date: /home/vboxuser/ros2_ws/install/vesc_msgs/include/vesc_msgs/vesc_msgs/msg/detail/vesc_imu_stamped__rosidl_typesupport_fastrtps_c.h
[19.973s] -- Up-to-date: /home/vboxuser/ros2_ws/install/vesc_msgs/include/vesc_msgs/vesc_msgs/msg/detail/vesc_imu__rosidl_typesupport_fastrtps_c.h
[19.973s] -- Up-to-date: /home/vboxuser/ros2_ws/install/vesc_msgs/include/vesc_msgs/vesc_msgs/msg/detail/vesc_state_stamped__rosidl_typesupport_fastrtps_c.h
[19.973s] -- Up-to-date: /home/vboxuser/ros2_ws/install/vesc_msgs/include/vesc_msgs/vesc_msgs/msg/detail/vesc_state__rosidl_typesupport_fastrtps_c.h
[19.973s] -- Up-to-date: /home/vboxuser/ros2_ws/install/vesc_msgs/lib/libvesc_msgs__rosidl_typesupport_fastrtps_c.so
[19.973s] -- Up-to-date: /home/vboxuser/ros2_ws/install/vesc_msgs/include/vesc_msgs/vesc_msgs
[19.973s] -- Up-to-date: /home/vboxuser/ros2_ws/install/vesc_msgs/include/vesc_msgs/vesc_msgs/msg
[19.973s] -- Up-to-date: /home/vboxuser/ros2_ws/install/vesc_msgs/include/vesc_msgs/vesc_msgs/msg/detail
[19.973s] -- Up-to-date: /home/vboxuser/ros2_ws/install/vesc_msgs/include/vesc_msgs/vesc_msgs/msg/detail/vesc_imu__rosidl_typesupport_introspection_c.h
[19.973s] -- Up-to-date: /home/vboxuser/ros2_ws/install/vesc_msgs/include/vesc_msgs/vesc_msgs/msg/detail/vesc_state__rosidl_typesupport_introspection_c.h
[19.974s] -- Up-to-date: /home/vboxuser/ros2_ws/install/vesc_msgs/include/vesc_msgs/vesc_msgs/msg/detail/vesc_state_stamped__rosidl_typesupport_introspection_c.h
[19.974s] -- Installing: /home/vboxuser/ros2_ws/install/vesc_msgs/include/vesc_msgs/vesc_msgs/msg/detail/vesc_state__type_support.c
[20.051s] -- Installing: /home/vboxuser/ros2_ws/install/vesc_msgs/include/vesc_msgs/vesc_msgs/msg/detail/vesc_state_stamped__type_support.c
[20.084s] -- Installing: /home/vboxuser/ros2_ws/install/vesc_msgs/include/vesc_msgs/vesc_msgs/msg/detail/vesc_imu_stamped__type_support.c
[20.111s] -- Up-to-date: /home/vboxuser/ros2_ws/install/vesc_msgs/include/vesc_msgs/vesc_msgs/msg/detail/vesc_imu_stamped__rosidl_typesupport_introspection_c.h
[20.111s] -- Installing: /home/vboxuser/ros2_ws/install/vesc_msgs/include/vesc_msgs/vesc_msgs/msg/detail/vesc_imu__type_support.c
[20.129s] -- Up-to-date: /home/vboxuser/ros2_ws/install/vesc_msgs/include/vesc_msgs/vesc_msgs/msg/rosidl_typesupport_introspection_c__visibility_control.h
[20.129s] -- Up-to-date: /home/vboxuser/ros2_ws/install/vesc_msgs/lib/libvesc_msgs__rosidl_typesupport_introspection_c.so
[20.131s] -- Up-to-date: /home/vboxuser/ros2_ws/install/vesc_msgs/lib/libvesc_msgs__rosidl_typesupport_c.so
[20.137s] -- Up-to-date: /home/vboxuser/ros2_ws/install/vesc_msgs/include/vesc_msgs/vesc_msgs
[20.137s] -- Up-to-date: /home/vboxuser/ros2_ws/install/vesc_msgs/include/vesc_msgs/vesc_msgs/msg
[20.137s] -- Up-to-date: /home/vboxuser/ros2_ws/install/vesc_msgs/include/vesc_msgs/vesc_msgs/msg/vesc_imu_stamped.hpp
[20.137s] -- Up-to-date: /home/vboxuser/ros2_ws/install/vesc_msgs/include/vesc_msgs/vesc_msgs/msg/vesc_imu.hpp
[20.138s] -- Up-to-date: /home/vboxuser/ros2_ws/install/vesc_msgs/include/vesc_msgs/vesc_msgs/msg/vesc_state.hpp
[20.138s] -- Up-to-date: /home/vboxuser/ros2_ws/install/vesc_msgs/include/vesc_msgs/vesc_msgs/msg/detail
[20.138s] -- Up-to-date: /home/vboxuser/ros2_ws/install/vesc_msgs/include/vesc_msgs/vesc_msgs/msg/detail/vesc_imu__builder.hpp
[20.138s] -- Up-to-date: /home/vboxuser/ros2_ws/install/vesc_msgs/include/vesc_msgs/vesc_msgs/msg/detail/vesc_imu_stamped__builder.hpp
[20.138s] -- Up-to-date: /home/vboxuser/ros2_ws/install/vesc_msgs/include/vesc_msgs/vesc_msgs/msg/detail/vesc_imu_stamped__struct.hpp
[20.138s] -- Up-to-date: /home/vboxuser/ros2_ws/install/vesc_msgs/include/vesc_msgs/vesc_msgs/msg/detail/vesc_imu__struct.hpp
[20.138s] -- Up-to-date: /home/vboxuser/ros2_ws/install/vesc_msgs/include/vesc_msgs/vesc_msgs/msg/detail/vesc_state__struct.hpp
[20.144s] -- Up-to-date: /home/vboxuser/ros2_ws/install/vesc_msgs/include/vesc_msgs/vesc_msgs/msg/detail/vesc_state_stamped__builder.hpp
[20.148s] -- Up-to-date: /home/vboxuser/ros2_ws/install/vesc_msgs/include/vesc_msgs/vesc_msgs/msg/detail/vesc_state_stamped__traits.hpp
[20.148s] -- Up-to-date: /home/vboxuser/ros2_ws/install/vesc_msgs/include/vesc_msgs/vesc_msgs/msg/detail/vesc_imu_stamped__traits.hpp
[20.148s] -- Up-to-date: /home/vboxuser/ros2_ws/install/vesc_msgs/include/vesc_msgs/vesc_msgs/msg/detail/vesc_imu__traits.hpp
[20.149s] -- Up-to-date: /home/vboxuser/ros2_ws/install/vesc_msgs/include/vesc_msgs/vesc_msgs/msg/detail/vesc_state__builder.hpp
[20.149s] -- Up-to-date: /home/vboxuser/ros2_ws/install/vesc_msgs/include/vesc_msgs/vesc_msgs/msg/detail/vesc_state__traits.hpp
[20.149s] -- Up-to-date: /home/vboxuser/ros2_ws/install/vesc_msgs/include/vesc_msgs/vesc_msgs/msg/detail/vesc_state_stamped__struct.hpp
[20.149s] -- Up-to-date: /home/vboxuser/ros2_ws/install/vesc_msgs/include/vesc_msgs/vesc_msgs/msg/vesc_state_stamped.hpp
[20.149s] -- Up-to-date: /home/vboxuser/ros2_ws/install/vesc_msgs/include/vesc_msgs/vesc_msgs
[20.149s] -- Up-to-date: /home/vboxuser/ros2_ws/install/vesc_msgs/include/vesc_msgs/vesc_msgs/msg
[20.149s] -- Up-to-date: /home/vboxuser/ros2_ws/install/vesc_msgs/include/vesc_msgs/vesc_msgs/msg/rosidl_typesupport_fastrtps_cpp__visibility_control.h
[20.149s] -- Up-to-date: /home/vboxuser/ros2_ws/install/vesc_msgs/include/vesc_msgs/vesc_msgs/msg/detail
[20.149s] -- Up-to-date: /home/vboxuser/ros2_ws/install/vesc_msgs/include/vesc_msgs/vesc_msgs/msg/detail/vesc_state_stamped__rosidl_typesupport_fastrtps_cpp.hpp
[20.149s] -- Up-to-date: /home/vboxuser/ros2_ws/install/vesc_msgs/include/vesc_msgs/vesc_msgs/msg/detail/vesc_state__rosidl_typesupport_fastrtps_cpp.hpp
[20.149s] -- Up-to-date: /home/vboxuser/ros2_ws/install/vesc_msgs/include/vesc_msgs/vesc_msgs/msg/detail/dds_fastrtps
[20.149s] -- Up-to-date: /home/vboxuser/ros2_ws/install/vesc_msgs/include/vesc_msgs/vesc_msgs/msg/detail/vesc_imu__rosidl_typesupport_fastrtps_cpp.hpp
[20.150s] -- Up-to-date: /home/vboxuser/ros2_ws/install/vesc_msgs/include/vesc_msgs/vesc_msgs/msg/detail/vesc_imu_stamped__rosidl_typesupport_fastrtps_cpp.hpp
[20.152s] -- Up-to-date: /home/vboxuser/ros2_ws/install/vesc_msgs/lib/libvesc_msgs__rosidl_typesupport_fastrtps_cpp.so
[20.155s] -- Up-to-date: /home/vboxuser/ros2_ws/install/vesc_msgs/include/vesc_msgs/vesc_msgs
[20.155s] -- Up-to-date: /home/vboxuser/ros2_ws/install/vesc_msgs/include/vesc_msgs/vesc_msgs/msg
[20.155s] -- Up-to-date: /home/vboxuser/ros2_ws/install/vesc_msgs/include/vesc_msgs/vesc_msgs/msg/detail
[20.155s] -- Up-to-date: /home/vboxuser/ros2_ws/install/vesc_msgs/include/vesc_msgs/vesc_msgs/msg/detail/vesc_state_stamped__type_support.cpp
[20.156s] -- Up-to-date: /home/vboxuser/ros2_ws/install/vesc_msgs/include/vesc_msgs/vesc_msgs/msg/detail/vesc_state__type_support.cpp
[20.156s] -- Up-to-date: /home/vboxuser/ros2_ws/install/vesc_msgs/include/vesc_msgs/vesc_msgs/msg/detail/vesc_state__rosidl_typesupport_introspection_cpp.hpp
[20.156s] -- Up-to-date: /home/vboxuser/ros2_ws/install/vesc_msgs/include/vesc_msgs/vesc_msgs/msg/detail/vesc_imu_stamped__rosidl_typesupport_introspection_cpp.hpp
[20.156s] -- Up-to-date: /home/vboxuser/ros2_ws/install/vesc_msgs/include/vesc_msgs/vesc_msgs/msg/detail/vesc_imu_stamped__type_support.cpp
[20.156s] -- Up-to-date: /home/vboxuser/ros2_ws/install/vesc_msgs/include/vesc_msgs/vesc_msgs/msg/detail/vesc_imu__rosidl_typesupport_introspection_cpp.hpp
[20.156s] -- Up-to-date: /home/vboxuser/ros2_ws/install/vesc_msgs/include/vesc_msgs/vesc_msgs/msg/detail/vesc_state_stamped__rosidl_typesupport_introspection_cpp.hpp
[20.156s] -- Up-to-date: /home/vboxuser/ros2_ws/install/vesc_msgs/include/vesc_msgs/vesc_msgs/msg/detail/vesc_imu__type_support.cpp
[20.161s] -- Up-to-date: /home/vboxuser/ros2_ws/install/vesc_msgs/lib/libvesc_msgs__rosidl_typesupport_introspection_cpp.so
[20.162s] -- Up-to-date: /home/vboxuser/ros2_ws/install/vesc_msgs/lib/libvesc_msgs__rosidl_typesupport_cpp.so
[20.162s] -- Up-to-date: /home/vboxuser/ros2_ws/install/vesc_msgs/share/vesc_msgs/environment/pythonpath.sh
[20.162s] -- Up-to-date: /home/vboxuser/ros2_ws/install/vesc_msgs/share/vesc_msgs/environment/pythonpath.dsv
[20.162s] -- Up-to-date: /home/vboxuser/ros2_ws/install/vesc_msgs/lib/python3.10/site-packages/vesc_msgs-1.1.0-py3.10.egg-info
[20.162s] -- Installing: /home/vboxuser/ros2_ws/install/vesc_msgs/lib/python3.10/site-packages/vesc_msgs-1.1.0-py3.10.egg-info/top_level.txt
[20.162s] -- Installing: /home/vboxuser/ros2_ws/install/vesc_msgs/lib/python3.10/site-packages/vesc_msgs-1.1.0-py3.10.egg-info/SOURCES.txt
[20.163s] -- Installing: /home/vboxuser/ros2_ws/install/vesc_msgs/lib/python3.10/site-packages/vesc_msgs-1.1.0-py3.10.egg-info/PKG-INFO
[20.163s] -- Installing: /home/vboxuser/ros2_ws/install/vesc_msgs/lib/python3.10/site-packages/vesc_msgs-1.1.0-py3.10.egg-info/dependency_links.txt
[20.163s] -- Up-to-date: /home/vboxuser/ros2_ws/install/vesc_msgs/lib/python3.10/site-packages/vesc_msgs
[20.163s] -- Up-to-date: /home/vboxuser/ros2_ws/install/vesc_msgs/lib/python3.10/site-packages/vesc_msgs/libvesc_msgs__rosidl_generator_py.so
[20.163s] -- Up-to-date: /home/vboxuser/ros2_ws/install/vesc_msgs/lib/python3.10/site-packages/vesc_msgs/_vesc_msgs_s.ep.rosidl_typesupport_introspection_c.c
[20.163s] -- Up-to-date: /home/vboxuser/ros2_ws/install/vesc_msgs/lib/python3.10/site-packages/vesc_msgs/_vesc_msgs_s.ep.rosidl_typesupport_c.c
[20.163s] -- Up-to-date: /home/vboxuser/ros2_ws/install/vesc_msgs/lib/python3.10/site-packages/vesc_msgs/vesc_msgs_s__rosidl_typesupport_introspection_c.cpython-310-x86_64-linux-gnu.so
[20.164s] -- Up-to-date: /home/vboxuser/ros2_ws/install/vesc_msgs/lib/python3.10/site-packages/vesc_msgs/_vesc_msgs_s.ep.rosidl_typesupport_fastrtps_c.c
[20.164s] -- Up-to-date: /home/vboxuser/ros2_ws/install/vesc_msgs/lib/python3.10/site-packages/vesc_msgs/vesc_msgs_s__rosidl_typesupport_fastrtps_c.cpython-310-x86_64-linux-gnu.so
[20.164s] -- Up-to-date: /home/vboxuser/ros2_ws/install/vesc_msgs/lib/python3.10/site-packages/vesc_msgs/vesc_msgs_s__rosidl_typesupport_c.cpython-310-x86_64-linux-gnu.so
[20.164s] -- Up-to-date: /home/vboxuser/ros2_ws/install/vesc_msgs/lib/python3.10/site-packages/vesc_msgs/msg
[20.164s] -- Up-to-date: /home/vboxuser/ros2_ws/install/vesc_msgs/lib/python3.10/site-packages/vesc_msgs/msg/_vesc_state_s.c
[20.164s] -- Up-to-date: /home/vboxuser/ros2_ws/install/vesc_msgs/lib/python3.10/site-packages/vesc_msgs/msg/_vesc_state_stamped_s.c
[20.164s] -- Up-to-date: /home/vboxuser/ros2_ws/install/vesc_msgs/lib/python3.10/site-packages/vesc_msgs/msg/_vesc_imu.py
[20.165s] -- Up-to-date: /home/vboxuser/ros2_ws/install/vesc_msgs/lib/python3.10/site-packages/vesc_msgs/msg/_vesc_imu_s.c
[20.165s] -- Up-to-date: /home/vboxuser/ros2_ws/install/vesc_msgs/lib/python3.10/site-packages/vesc_msgs/msg/_vesc_imu_stamped.py
[20.165s] -- Up-to-date: /home/vboxuser/ros2_ws/install/vesc_msgs/lib/python3.10/site-packages/vesc_msgs/msg/_vesc_state_stamped.py
[20.165s] -- Up-to-date: /home/vboxuser/ros2_ws/install/vesc_msgs/lib/python3.10/site-packages/vesc_msgs/msg/_vesc_state.py
[20.165s] -- Up-to-date: /home/vboxuser/ros2_ws/install/vesc_msgs/lib/python3.10/site-packages/vesc_msgs/msg/__init__.py
[20.165s] -- Up-to-date: /home/vboxuser/ros2_ws/install/vesc_msgs/lib/python3.10/site-packages/vesc_msgs/msg/_vesc_imu_stamped_s.c
[20.166s] -- Up-to-date: /home/vboxuser/ros2_ws/install/vesc_msgs/lib/python3.10/site-packages/vesc_msgs/__init__.py
[20.368s] Listing '/home/vboxuser/ros2_ws/install/vesc_msgs/lib/python3.10/site-packages/vesc_msgs'...
[20.368s] Listing '/home/vboxuser/ros2_ws/install/vesc_msgs/lib/python3.10/site-packages/vesc_msgs/msg'...
[20.380s] -- Up-to-date: /home/vboxuser/ros2_ws/install/vesc_msgs/lib/python3.10/site-packages/vesc_msgs/vesc_msgs_s__rosidl_typesupport_fastrtps_c.cpython-310-x86_64-linux-gnu.so
[20.380s] -- Up-to-date: /home/vboxuser/ros2_ws/install/vesc_msgs/lib/python3.10/site-packages/vesc_msgs/vesc_msgs_s__rosidl_typesupport_introspection_c.cpython-310-x86_64-linux-gnu.so
[20.391s] -- Up-to-date: /home/vboxuser/ros2_ws/install/vesc_msgs/lib/python3.10/site-packages/vesc_msgs/vesc_msgs_s__rosidl_typesupport_c.cpython-310-x86_64-linux-gnu.so
[20.391s] -- Up-to-date: /home/vboxuser/ros2_ws/install/vesc_msgs/lib/libvesc_msgs__rosidl_generator_py.so
[20.391s] -- Up-to-date: /home/vboxuser/ros2_ws/install/vesc_msgs/share/vesc_msgs/msg/VescState.idl
[20.391s] -- Up-to-date: /home/vboxuser/ros2_ws/install/vesc_msgs/share/vesc_msgs/msg/VescStateStamped.idl
[20.391s] -- Up-to-date: /home/vboxuser/ros2_ws/install/vesc_msgs/share/vesc_msgs/msg/VescImu.idl
[20.391s] -- Up-to-date: /home/vboxuser/ros2_ws/install/vesc_msgs/share/vesc_msgs/msg/VescImuStamped.idl
[20.391s] -- Up-to-date: /home/vboxuser/ros2_ws/install/vesc_msgs/share/vesc_msgs/msg/VescState.msg
[20.391s] -- Up-to-date: /home/vboxuser/ros2_ws/install/vesc_msgs/share/vesc_msgs/msg/VescStateStamped.msg
[20.392s] -- Up-to-date: /home/vboxuser/ros2_ws/install/vesc_msgs/share/vesc_msgs/msg/VescImu.msg
[20.392s] -- Up-to-date: /home/vboxuser/ros2_ws/install/vesc_msgs/share/vesc_msgs/msg/VescImuStamped.msg
[20.392s] -- Up-to-date: /home/vboxuser/ros2_ws/install/vesc_msgs/share/ament_index/resource_index/package_run_dependencies/vesc_msgs
[20.392s] -- Up-to-date: /home/vboxuser/ros2_ws/install/vesc_msgs/share/ament_index/resource_index/parent_prefix_path/vesc_msgs
[20.440s] -- Up-to-date: /home/vboxuser/ros2_ws/install/vesc_msgs/share/vesc_msgs/environment/ament_prefix_path.dsv
[20.475s] -- Up-to-date: /home/vboxuser/ros2_ws/install/vesc_msgs/share/vesc_msgs/environment/path.dsv
[20.476s] -- Up-to-date: /home/vboxuser/ros2_ws/install/vesc_msgs/share/vesc_msgs/local_setup.bash
[20.476s] -- Up-to-date: /home/vboxuser/ros2_ws/install/vesc_msgs/share/vesc_msgs/local_setup.sh
[20.476s] -- Up-to-date: /home/vboxuser/ros2_ws/install/vesc_msgs/share/vesc_msgs/local_setup.zsh
[20.476s] -- Up-to-date: /home/vboxuser/ros2_ws/install/vesc_msgs/share/vesc_msgs/local_setup.dsv
[20.476s] -- Installing: /home/vboxuser/ros2_ws/install/vesc_msgs/share/vesc_msgs/package.dsv
[20.502s] -- Up-to-date: /home/vboxuser/ros2_ws/install/vesc_msgs/share/ament_index/resource_index/packages/vesc_msgs
[20.526s] -- Up-to-date: /home/vboxuser/ros2_ws/install/vesc_msgs/share/vesc_msgs/cmake/export_vesc_msgs__rosidl_generator_cExport.cmake
[20.527s] -- Up-to-date: /home/vboxuser/ros2_ws/install/vesc_msgs/share/vesc_msgs/cmake/export_vesc_msgs__rosidl_generator_cExport-noconfig.cmake
[20.559s] -- Up-to-date: /home/vboxuser/ros2_ws/install/vesc_msgs/share/vesc_msgs/cmake/export_vesc_msgs__rosidl_typesupport_fastrtps_cExport.cmake
[20.559s] -- Up-to-date: /home/vboxuser/ros2_ws/install/vesc_msgs/share/vesc_msgs/cmake/export_vesc_msgs__rosidl_typesupport_fastrtps_cExport-noconfig.cmake
[20.594s] -- Up-to-date: /home/vboxuser/ros2_ws/install/vesc_msgs/share/vesc_msgs/cmake/vesc_msgs__rosidl_typesupport_introspection_cExport.cmake
[20.594s] -- Up-to-date: /home/vboxuser/ros2_ws/install/vesc_msgs/share/vesc_msgs/cmake/vesc_msgs__rosidl_typesupport_introspection_cExport-noconfig.cmake
[20.660s] -- Up-to-date: /home/vboxuser/ros2_ws/install/vesc_msgs/share/vesc_msgs/cmake/vesc_msgs__rosidl_typesupport_cExport.cmake
[20.660s] -- Up-to-date: /home/vboxuser/ros2_ws/install/vesc_msgs/share/vesc_msgs/cmake/vesc_msgs__rosidl_typesupport_cExport-noconfig.cmake
[20.660s] -- Up-to-date: /home/vboxuser/ros2_ws/install/vesc_msgs/share/vesc_msgs/cmake/export_vesc_msgs__rosidl_generator_cppExport.cmake
[20.661s] -- Up-to-date: /home/vboxuser/ros2_ws/install/vesc_msgs/share/vesc_msgs/cmake/export_vesc_msgs__rosidl_typesupport_fastrtps_cppExport.cmake
[20.661s] -- Up-to-date: /home/vboxuser/ros2_ws/install/vesc_msgs/share/vesc_msgs/cmake/export_vesc_msgs__rosidl_typesupport_fastrtps_cppExport-noconfig.cmake
[20.661s] -- Up-to-date: /home/vboxuser/ros2_ws/install/vesc_msgs/share/vesc_msgs/cmake/vesc_msgs__rosidl_typesupport_introspection_cppExport.cmake
[20.665s] -- Up-to-date: /home/vboxuser/ros2_ws/install/vesc_msgs/share/vesc_msgs/cmake/vesc_msgs__rosidl_typesupport_introspection_cppExport-noconfig.cmake
[20.672s] -- Up-to-date: /home/vboxuser/ros2_ws/install/vesc_msgs/share/vesc_msgs/cmake/vesc_msgs__rosidl_typesupport_cppExport.cmake
[20.672s] -- Up-to-date: /home/vboxuser/ros2_ws/install/vesc_msgs/share/vesc_msgs/cmake/vesc_msgs__rosidl_typesupport_cppExport-noconfig.cmake
[20.673s] -- Up-to-date: /home/vboxuser/ros2_ws/install/vesc_msgs/share/vesc_msgs/cmake/export_vesc_msgs__rosidl_generator_pyExport.cmake
[20.673s] -- Up-to-date: /home/vboxuser/ros2_ws/install/vesc_msgs/share/vesc_msgs/cmake/export_vesc_msgs__rosidl_generator_pyExport-noconfig.cmake
[20.673s] -- Up-to-date: /home/vboxuser/ros2_ws/install/vesc_msgs/share/vesc_msgs/cmake/rosidl_cmake-extras.cmake
[20.683s] -- Up-to-date: /home/vboxuser/ros2_ws/install/vesc_msgs/share/vesc_msgs/cmake/ament_cmake_export_dependencies-extras.cmake
[20.684s] -- Up-to-date: /home/vboxuser/ros2_ws/install/vesc_msgs/share/vesc_msgs/cmake/ament_cmake_export_include_directories-extras.cmake
[20.685s] -- Up-to-date: /home/vboxuser/ros2_ws/install/vesc_msgs/share/vesc_msgs/cmake/ament_cmake_export_libraries-extras.cmake
[20.690s] -- Up-to-date: /home/vboxuser/ros2_ws/install/vesc_msgs/share/vesc_msgs/cmake/ament_cmake_export_targets-extras.cmake
[20.690s] -- Up-to-date: /home/vboxuser/ros2_ws/install/vesc_msgs/share/vesc_msgs/cmake/rosidl_cmake_export_typesupport_targets-extras.cmake
[20.690s] -- Up-to-date: /home/vboxuser/ros2_ws/install/vesc_msgs/share/vesc_msgs/cmake/rosidl_cmake_export_typesupport_libraries-extras.cmake
[20.690s] -- Up-to-date: /home/vboxuser/ros2_ws/install/vesc_msgs/share/vesc_msgs/cmake/vesc_msgsConfig.cmake
[20.706s] -- Up-to-date: /home/vboxuser/ros2_ws/install/vesc_msgs/share/vesc_msgs/cmake/vesc_msgsConfig-version.cmake
[20.706s] -- Up-to-date: /home/vboxuser/ros2_ws/install/vesc_msgs/share/vesc_msgs/package.xml
[20.753s] Invoked command in '/home/vboxuser/ros2_ws/build/vesc_msgs' returned '0': /usr/bin/cmake --install /home/vboxuser/ros2_ws/build/vesc_msgs
