running egg_info
creating ../../build/py_pubsub/py_pubsub.egg-info
writing ../../build/py_pubsub/py_pubsub.egg-info/PKG-INFO
writing dependency_links to ../../build/py_pubsub/py_pubsub.egg-info/dependency_links.txt
writing entry points to ../../build/py_pubsub/py_pubsub.egg-info/entry_points.txt
writing requirements to ../../build/py_pubsub/py_pubsub.egg-info/requires.txt
writing top-level names to ../../build/py_pubsub/py_pubsub.egg-info/top_level.txt
writing manifest file '../../build/py_pubsub/py_pubsub.egg-info/SOURCES.txt'
reading manifest file '../../build/py_pubsub/py_pubsub.egg-info/SOURCES.txt'
adding license file 'LICENSE'
writing manifest file '../../build/py_pubsub/py_pubsub.egg-info/SOURCES.txt'
running build
running build_py
creating /home/vboxuser/ros2_ws/build/py_pubsub/build
creating /home/vboxuser/ros2_ws/build/py_pubsub/build/lib
creating /home/vboxuser/ros2_ws/build/py_pubsub/build/lib/py_pubsub
copying py_pubsub/serial_data_receiver_COM5.py -> /home/vboxuser/ros2_ws/build/py_pubsub/build/lib/py_pubsub
copying py_pubsub/battery_resistance_estimator3.py -> /home/vboxuser/ros2_ws/build/py_pubsub/build/lib/py_pubsub
copying py_pubsub/battery_resistance_estimator.py -> /home/vboxuser/ros2_ws/build/py_pubsub/build/lib/py_pubsub
copying py_pubsub/publisher_member_function_FLOAT.py -> /home/vboxuser/ros2_ws/build/py_pubsub/build/lib/py_pubsub
copying py_pubsub/battery_resistance_estimator4.py -> /home/vboxuser/ros2_ws/build/py_pubsub/build/lib/py_pubsub
copying py_pubsub/battery_resistance_estimator5.py -> /home/vboxuser/ros2_ws/build/py_pubsub/build/lib/py_pubsub
copying py_pubsub/publisher_member_function.py -> /home/vboxuser/ros2_ws/build/py_pubsub/build/lib/py_pubsub
copying py_pubsub/subscriber_member_function.py -> /home/vboxuser/ros2_ws/build/py_pubsub/build/lib/py_pubsub
copying py_pubsub/subscriber_member_function_UINT8.py -> /home/vboxuser/ros2_ws/build/py_pubsub/build/lib/py_pubsub
copying py_pubsub/battery_resistance_estimator1.py -> /home/vboxuser/ros2_ws/build/py_pubsub/build/lib/py_pubsub
copying py_pubsub/serial_data_sender_COM3.py -> /home/vboxuser/ros2_ws/build/py_pubsub/build/lib/py_pubsub
copying py_pubsub/subscriber_member_function_FLOAT32_array.py -> /home/vboxuser/ros2_ws/build/py_pubsub/build/lib/py_pubsub
copying py_pubsub/battery_resistance_estimator2.py -> /home/vboxuser/ros2_ws/build/py_pubsub/build/lib/py_pubsub
copying py_pubsub/subscriber_member_function_FLOAT.py -> /home/vboxuser/ros2_ws/build/py_pubsub/build/lib/py_pubsub
copying py_pubsub/battery_resistance_logger.py -> /home/vboxuser/ros2_ws/build/py_pubsub/build/lib/py_pubsub
copying py_pubsub/__init__.py -> /home/vboxuser/ros2_ws/build/py_pubsub/build/lib/py_pubsub
copying py_pubsub/publisher_member_function_FLOAT32_array.py -> /home/vboxuser/ros2_ws/build/py_pubsub/build/lib/py_pubsub
copying py_pubsub/battery_resistance_estimator6.py -> /home/vboxuser/ros2_ws/build/py_pubsub/build/lib/py_pubsub
copying py_pubsub/battery_resistance_estimator7.py -> /home/vboxuser/ros2_ws/build/py_pubsub/build/lib/py_pubsub
copying py_pubsub/publisher_member_function_UINT8.py -> /home/vboxuser/ros2_ws/build/py_pubsub/build/lib/py_pubsub
running install
running install_lib
creating /home/vboxuser/ros2_ws/install/py_pubsub/lib/python3.10/site-packages/py_pubsub
copying /home/vboxuser/ros2_ws/build/py_pubsub/build/lib/py_pubsub/serial_data_receiver_COM5.py -> /home/vboxuser/ros2_ws/install/py_pubsub/lib/python3.10/site-packages/py_pubsub
copying /home/vboxuser/ros2_ws/build/py_pubsub/build/lib/py_pubsub/battery_resistance_estimator3.py -> /home/vboxuser/ros2_ws/install/py_pubsub/lib/python3.10/site-packages/py_pubsub
copying /home/vboxuser/ros2_ws/build/py_pubsub/build/lib/py_pubsub/battery_resistance_estimator.py -> /home/vboxuser/ros2_ws/install/py_pubsub/lib/python3.10/site-packages/py_pubsub
copying /home/vboxuser/ros2_ws/build/py_pubsub/build/lib/py_pubsub/publisher_member_function_FLOAT.py -> /home/vboxuser/ros2_ws/install/py_pubsub/lib/python3.10/site-packages/py_pubsub
copying /home/vboxuser/ros2_ws/build/py_pubsub/build/lib/py_pubsub/battery_resistance_estimator4.py -> /home/vboxuser/ros2_ws/install/py_pubsub/lib/python3.10/site-packages/py_pubsub
copying /home/vboxuser/ros2_ws/build/py_pubsub/build/lib/py_pubsub/battery_resistance_estimator5.py -> /home/vboxuser/ros2_ws/install/py_pubsub/lib/python3.10/site-packages/py_pubsub
copying /home/vboxuser/ros2_ws/build/py_pubsub/build/lib/py_pubsub/publisher_member_function.py -> /home/vboxuser/ros2_ws/install/py_pubsub/lib/python3.10/site-packages/py_pubsub
copying /home/vboxuser/ros2_ws/build/py_pubsub/build/lib/py_pubsub/subscriber_member_function.py -> /home/vboxuser/ros2_ws/install/py_pubsub/lib/python3.10/site-packages/py_pubsub
copying /home/vboxuser/ros2_ws/build/py_pubsub/build/lib/py_pubsub/subscriber_member_function_UINT8.py -> /home/vboxuser/ros2_ws/install/py_pubsub/lib/python3.10/site-packages/py_pubsub
copying /home/vboxuser/ros2_ws/build/py_pubsub/build/lib/py_pubsub/battery_resistance_estimator1.py -> /home/vboxuser/ros2_ws/install/py_pubsub/lib/python3.10/site-packages/py_pubsub
copying /home/vboxuser/ros2_ws/build/py_pubsub/build/lib/py_pubsub/serial_data_sender_COM3.py -> /home/vboxuser/ros2_ws/install/py_pubsub/lib/python3.10/site-packages/py_pubsub
copying /home/vboxuser/ros2_ws/build/py_pubsub/build/lib/py_pubsub/subscriber_member_function_FLOAT32_array.py -> /home/vboxuser/ros2_ws/install/py_pubsub/lib/python3.10/site-packages/py_pubsub
copying /home/vboxuser/ros2_ws/build/py_pubsub/build/lib/py_pubsub/battery_resistance_estimator2.py -> /home/vboxuser/ros2_ws/install/py_pubsub/lib/python3.10/site-packages/py_pubsub
copying /home/vboxuser/ros2_ws/build/py_pubsub/build/lib/py_pubsub/subscriber_member_function_FLOAT.py -> /home/vboxuser/ros2_ws/install/py_pubsub/lib/python3.10/site-packages/py_pubsub
copying /home/vboxuser/ros2_ws/build/py_pubsub/build/lib/py_pubsub/battery_resistance_logger.py -> /home/vboxuser/ros2_ws/install/py_pubsub/lib/python3.10/site-packages/py_pubsub
copying /home/vboxuser/ros2_ws/build/py_pubsub/build/lib/py_pubsub/__init__.py -> /home/vboxuser/ros2_ws/install/py_pubsub/lib/python3.10/site-packages/py_pubsub
copying /home/vboxuser/ros2_ws/build/py_pubsub/build/lib/py_pubsub/publisher_member_function_FLOAT32_array.py -> /home/vboxuser/ros2_ws/install/py_pubsub/lib/python3.10/site-packages/py_pubsub
copying /home/vboxuser/ros2_ws/build/py_pubsub/build/lib/py_pubsub/battery_resistance_estimator6.py -> /home/vboxuser/ros2_ws/install/py_pubsub/lib/python3.10/site-packages/py_pubsub
copying /home/vboxuser/ros2_ws/build/py_pubsub/build/lib/py_pubsub/battery_resistance_estimator7.py -> /home/vboxuser/ros2_ws/install/py_pubsub/lib/python3.10/site-packages/py_pubsub
copying /home/vboxuser/ros2_ws/build/py_pubsub/build/lib/py_pubsub/publisher_member_function_UINT8.py -> /home/vboxuser/ros2_ws/install/py_pubsub/lib/python3.10/site-packages/py_pubsub
byte-compiling /home/vboxuser/ros2_ws/install/py_pubsub/lib/python3.10/site-packages/py_pubsub/serial_data_receiver_COM5.py to serial_data_receiver_COM5.cpython-310.pyc
byte-compiling /home/vboxuser/ros2_ws/install/py_pubsub/lib/python3.10/site-packages/py_pubsub/battery_resistance_estimator3.py to battery_resistance_estimator3.cpython-310.pyc
byte-compiling /home/vboxuser/ros2_ws/install/py_pubsub/lib/python3.10/site-packages/py_pubsub/battery_resistance_estimator.py to battery_resistance_estimator.cpython-310.pyc
byte-compiling /home/vboxuser/ros2_ws/install/py_pubsub/lib/python3.10/site-packages/py_pubsub/publisher_member_function_FLOAT.py to publisher_member_function_FLOAT.cpython-310.pyc
byte-compiling /home/vboxuser/ros2_ws/install/py_pubsub/lib/python3.10/site-packages/py_pubsub/battery_resistance_estimator4.py to battery_resistance_estimator4.cpython-310.pyc
byte-compiling /home/vboxuser/ros2_ws/install/py_pubsub/lib/python3.10/site-packages/py_pubsub/battery_resistance_estimator5.py to battery_resistance_estimator5.cpython-310.pyc
byte-compiling /home/vboxuser/ros2_ws/install/py_pubsub/lib/python3.10/site-packages/py_pubsub/publisher_member_function.py to publisher_member_function.cpython-310.pyc
byte-compiling /home/vboxuser/ros2_ws/install/py_pubsub/lib/python3.10/site-packages/py_pubsub/subscriber_member_function.py to subscriber_member_function.cpython-310.pyc
byte-compiling /home/vboxuser/ros2_ws/install/py_pubsub/lib/python3.10/site-packages/py_pubsub/subscriber_member_function_UINT8.py to subscriber_member_function_UINT8.cpython-310.pyc
byte-compiling /home/vboxuser/ros2_ws/install/py_pubsub/lib/python3.10/site-packages/py_pubsub/battery_resistance_estimator1.py to battery_resistance_estimator1.cpython-310.pyc
byte-compiling /home/vboxuser/ros2_ws/install/py_pubsub/lib/python3.10/site-packages/py_pubsub/serial_data_sender_COM3.py to serial_data_sender_COM3.cpython-310.pyc
byte-compiling /home/vboxuser/ros2_ws/install/py_pubsub/lib/python3.10/site-packages/py_pubsub/subscriber_member_function_FLOAT32_array.py to subscriber_member_function_FLOAT32_array.cpython-310.pyc
byte-compiling /home/vboxuser/ros2_ws/install/py_pubsub/lib/python3.10/site-packages/py_pubsub/battery_resistance_estimator2.py to battery_resistance_estimator2.cpython-310.pyc
byte-compiling /home/vboxuser/ros2_ws/install/py_pubsub/lib/python3.10/site-packages/py_pubsub/subscriber_member_function_FLOAT.py to subscriber_member_function_FLOAT.cpython-310.pyc
byte-compiling /home/vboxuser/ros2_ws/install/py_pubsub/lib/python3.10/site-packages/py_pubsub/battery_resistance_logger.py to battery_resistance_logger.cpython-310.pyc
byte-compiling /home/vboxuser/ros2_ws/install/py_pubsub/lib/python3.10/site-packages/py_pubsub/__init__.py to __init__.cpython-310.pyc
byte-compiling /home/vboxuser/ros2_ws/install/py_pubsub/lib/python3.10/site-packages/py_pubsub/publisher_member_function_FLOAT32_array.py to publisher_member_function_FLOAT32_array.cpython-310.pyc
byte-compiling /home/vboxuser/ros2_ws/install/py_pubsub/lib/python3.10/site-packages/py_pubsub/battery_resistance_estimator6.py to battery_resistance_estimator6.cpython-310.pyc
byte-compiling /home/vboxuser/ros2_ws/install/py_pubsub/lib/python3.10/site-packages/py_pubsub/battery_resistance_estimator7.py to battery_resistance_estimator7.cpython-310.pyc
byte-compiling /home/vboxuser/ros2_ws/install/py_pubsub/lib/python3.10/site-packages/py_pubsub/publisher_member_function_UINT8.py to publisher_member_function_UINT8.cpython-310.pyc
running install_data
creating /home/vboxuser/ros2_ws/install/py_pubsub/share/ament_index
creating /home/vboxuser/ros2_ws/install/py_pubsub/share/ament_index/resource_index
creating /home/vboxuser/ros2_ws/install/py_pubsub/share/ament_index/resource_index/packages
copying resource/py_pubsub -> /home/vboxuser/ros2_ws/install/py_pubsub/share/ament_index/resource_index/packages
copying package.xml -> /home/vboxuser/ros2_ws/install/py_pubsub/share/py_pubsub
running install_egg_info
Copying ../../build/py_pubsub/py_pubsub.egg-info to /home/vboxuser/ros2_ws/install/py_pubsub/lib/python3.10/site-packages/py_pubsub-0.0.0-py3.10.egg-info
running install_scripts
Installing battery_resistance_estimator script to /home/vboxuser/ros2_ws/install/py_pubsub/lib/py_pubsub
Installing battery_resistance_estimator1 script to /home/vboxuser/ros2_ws/install/py_pubsub/lib/py_pubsub
Installing battery_resistance_estimator2 script to /home/vboxuser/ros2_ws/install/py_pubsub/lib/py_pubsub
Installing battery_resistance_estimator3 script to /home/vboxuser/ros2_ws/install/py_pubsub/lib/py_pubsub
Installing battery_resistance_estimator4 script to /home/vboxuser/ros2_ws/install/py_pubsub/lib/py_pubsub
Installing battery_resistance_estimator5 script to /home/vboxuser/ros2_ws/install/py_pubsub/lib/py_pubsub
Installing battery_resistance_estimator6 script to /home/vboxuser/ros2_ws/install/py_pubsub/lib/py_pubsub
Installing battery_resistance_estimator7 script to /home/vboxuser/ros2_ws/install/py_pubsub/lib/py_pubsub
Installing battery_resistance_logger script to /home/vboxuser/ros2_ws/install/py_pubsub/lib/py_pubsub
Installing listener script to /home/vboxuser/ros2_ws/install/py_pubsub/lib/py_pubsub
Installing listener_float script to /home/vboxuser/ros2_ws/install/py_pubsub/lib/py_pubsub
Installing listener_float_array script to /home/vboxuser/ros2_ws/install/py_pubsub/lib/py_pubsub
Installing listener_uint8 script to /home/vboxuser/ros2_ws/install/py_pubsub/lib/py_pubsub
Installing talker script to /home/vboxuser/ros2_ws/install/py_pubsub/lib/py_pubsub
Installing talker_float script to /home/vboxuser/ros2_ws/install/py_pubsub/lib/py_pubsub
Installing talker_float_array script to /home/vboxuser/ros2_ws/install/py_pubsub/lib/py_pubsub
Installing talker_uint8 script to /home/vboxuser/ros2_ws/install/py_pubsub/lib/py_pubsub
writing list of installed files to '/home/vboxuser/ros2_ws/build/py_pubsub/install.log'
