[4.379s] Invoking command in '/home/vboxuser/ros2_ws/src/py_pubsub': PYTHONPATH=/home/vboxuser/ros2_ws/build/py_pubsub/prefix_override:/usr/lib/python3/dist-packages/colcon_core/task/python/colcon_distutils_commands:/home/vboxuser/ros2_ws/install/py_pubsub/lib/python3.10/site-packages:${PYTHONPATH} /usr/bin/python3 -W ignore:setup.py install is deprecated -W ignore:easy_install command is deprecated setup.py egg_info --egg-base ../../build/py_pubsub build --build-base /home/vboxuser/ros2_ws/build/py_pubsub/build install --record /home/vboxuser/ros2_ws/build/py_pubsub/install.log --single-version-externally-managed install_data
[6.024s] running egg_info
[6.035s] creating ../../build/py_pubsub/py_pubsub.egg-info
[6.064s] writing ../../build/py_pubsub/py_pubsub.egg-info/PKG-INFO
[6.064s] writing dependency_links to ../../build/py_pubsub/py_pubsub.egg-info/dependency_links.txt
[6.064s] writing entry points to ../../build/py_pubsub/py_pubsub.egg-info/entry_points.txt
[6.064s] writing requirements to ../../build/py_pubsub/py_pubsub.egg-info/requires.txt
[6.064s] writing top-level names to ../../build/py_pubsub/py_pubsub.egg-info/top_level.txt
[6.065s] writing manifest file '../../build/py_pubsub/py_pubsub.egg-info/SOURCES.txt'
[6.078s] reading manifest file '../../build/py_pubsub/py_pubsub.egg-info/SOURCES.txt'
[6.079s] adding license file 'LICENSE'
[6.115s] writing manifest file '../../build/py_pubsub/py_pubsub.egg-info/SOURCES.txt'
[6.115s] running build
[6.116s] running build_py
[6.116s] creating /home/vboxuser/ros2_ws/build/py_pubsub/build
[6.116s] creating /home/vboxuser/ros2_ws/build/py_pubsub/build/lib
[6.116s] creating /home/vboxuser/ros2_ws/build/py_pubsub/build/lib/py_pubsub
[6.116s] copying py_pubsub/serial_data_receiver_COM5.py -> /home/vboxuser/ros2_ws/build/py_pubsub/build/lib/py_pubsub
[6.119s] copying py_pubsub/battery_resistance_estimator3.py -> /home/vboxuser/ros2_ws/build/py_pubsub/build/lib/py_pubsub
[6.162s] copying py_pubsub/battery_resistance_estimator.py -> /home/vboxuser/ros2_ws/build/py_pubsub/build/lib/py_pubsub
[6.169s] copying py_pubsub/publisher_member_function_FLOAT.py -> /home/vboxuser/ros2_ws/build/py_pubsub/build/lib/py_pubsub
[6.187s] copying py_pubsub/battery_resistance_estimator4.py -> /home/vboxuser/ros2_ws/build/py_pubsub/build/lib/py_pubsub
[6.205s] copying py_pubsub/battery_resistance_estimator5.py -> /home/vboxuser/ros2_ws/build/py_pubsub/build/lib/py_pubsub
[6.215s] copying py_pubsub/publisher_member_function.py -> /home/vboxuser/ros2_ws/build/py_pubsub/build/lib/py_pubsub
[6.236s] copying py_pubsub/subscriber_member_function.py -> /home/vboxuser/ros2_ws/build/py_pubsub/build/lib/py_pubsub
[6.248s] copying py_pubsub/subscriber_member_function_UINT8.py -> /home/vboxuser/ros2_ws/build/py_pubsub/build/lib/py_pubsub
[6.264s] copying py_pubsub/battery_resistance_estimator1.py -> /home/vboxuser/ros2_ws/build/py_pubsub/build/lib/py_pubsub
[6.278s] copying py_pubsub/serial_data_sender_COM3.py -> /home/vboxuser/ros2_ws/build/py_pubsub/build/lib/py_pubsub
[6.282s] copying py_pubsub/subscriber_member_function_FLOAT32_array.py -> /home/vboxuser/ros2_ws/build/py_pubsub/build/lib/py_pubsub
[6.290s] copying py_pubsub/battery_resistance_estimator2.py -> /home/vboxuser/ros2_ws/build/py_pubsub/build/lib/py_pubsub
[6.311s] copying py_pubsub/subscriber_member_function_FLOAT.py -> /home/vboxuser/ros2_ws/build/py_pubsub/build/lib/py_pubsub
[6.361s] copying py_pubsub/battery_resistance_logger.py -> /home/vboxuser/ros2_ws/build/py_pubsub/build/lib/py_pubsub
[6.381s] copying py_pubsub/__init__.py -> /home/vboxuser/ros2_ws/build/py_pubsub/build/lib/py_pubsub
[6.384s] copying py_pubsub/publisher_member_function_FLOAT32_array.py -> /home/vboxuser/ros2_ws/build/py_pubsub/build/lib/py_pubsub
[6.389s] copying py_pubsub/battery_resistance_estimator6.py -> /home/vboxuser/ros2_ws/build/py_pubsub/build/lib/py_pubsub
[6.405s] copying py_pubsub/battery_resistance_estimator7.py -> /home/vboxuser/ros2_ws/build/py_pubsub/build/lib/py_pubsub
[6.433s] copying py_pubsub/publisher_member_function_UINT8.py -> /home/vboxuser/ros2_ws/build/py_pubsub/build/lib/py_pubsub
[6.443s] running install
[6.452s] running install_lib
[6.456s] creating /home/vboxuser/ros2_ws/install/py_pubsub/lib/python3.10/site-packages/py_pubsub
[6.456s] copying /home/vboxuser/ros2_ws/build/py_pubsub/build/lib/py_pubsub/serial_data_receiver_COM5.py -> /home/vboxuser/ros2_ws/install/py_pubsub/lib/python3.10/site-packages/py_pubsub
[6.456s] copying /home/vboxuser/ros2_ws/build/py_pubsub/build/lib/py_pubsub/battery_resistance_estimator3.py -> /home/vboxuser/ros2_ws/install/py_pubsub/lib/python3.10/site-packages/py_pubsub
[6.457s] copying /home/vboxuser/ros2_ws/build/py_pubsub/build/lib/py_pubsub/battery_resistance_estimator.py -> /home/vboxuser/ros2_ws/install/py_pubsub/lib/python3.10/site-packages/py_pubsub
[6.457s] copying /home/vboxuser/ros2_ws/build/py_pubsub/build/lib/py_pubsub/publisher_member_function_FLOAT.py -> /home/vboxuser/ros2_ws/install/py_pubsub/lib/python3.10/site-packages/py_pubsub
[6.457s] copying /home/vboxuser/ros2_ws/build/py_pubsub/build/lib/py_pubsub/battery_resistance_estimator4.py -> /home/vboxuser/ros2_ws/install/py_pubsub/lib/python3.10/site-packages/py_pubsub
[6.457s] copying /home/vboxuser/ros2_ws/build/py_pubsub/build/lib/py_pubsub/battery_resistance_estimator5.py -> /home/vboxuser/ros2_ws/install/py_pubsub/lib/python3.10/site-packages/py_pubsub
[6.457s] copying /home/vboxuser/ros2_ws/build/py_pubsub/build/lib/py_pubsub/publisher_member_function.py -> /home/vboxuser/ros2_ws/install/py_pubsub/lib/python3.10/site-packages/py_pubsub
[6.457s] copying /home/vboxuser/ros2_ws/build/py_pubsub/build/lib/py_pubsub/subscriber_member_function.py -> /home/vboxuser/ros2_ws/install/py_pubsub/lib/python3.10/site-packages/py_pubsub
[6.457s] copying /home/vboxuser/ros2_ws/build/py_pubsub/build/lib/py_pubsub/subscriber_member_function_UINT8.py -> /home/vboxuser/ros2_ws/install/py_pubsub/lib/python3.10/site-packages/py_pubsub
[6.457s] copying /home/vboxuser/ros2_ws/build/py_pubsub/build/lib/py_pubsub/battery_resistance_estimator1.py -> /home/vboxuser/ros2_ws/install/py_pubsub/lib/python3.10/site-packages/py_pubsub
[6.457s] copying /home/vboxuser/ros2_ws/build/py_pubsub/build/lib/py_pubsub/serial_data_sender_COM3.py -> /home/vboxuser/ros2_ws/install/py_pubsub/lib/python3.10/site-packages/py_pubsub
[6.460s] copying /home/vboxuser/ros2_ws/build/py_pubsub/build/lib/py_pubsub/subscriber_member_function_FLOAT32_array.py -> /home/vboxuser/ros2_ws/install/py_pubsub/lib/python3.10/site-packages/py_pubsub
[6.460s] copying /home/vboxuser/ros2_ws/build/py_pubsub/build/lib/py_pubsub/battery_resistance_estimator2.py -> /home/vboxuser/ros2_ws/install/py_pubsub/lib/python3.10/site-packages/py_pubsub
[6.461s] copying /home/vboxuser/ros2_ws/build/py_pubsub/build/lib/py_pubsub/subscriber_member_function_FLOAT.py -> /home/vboxuser/ros2_ws/install/py_pubsub/lib/python3.10/site-packages/py_pubsub
[6.461s] copying /home/vboxuser/ros2_ws/build/py_pubsub/build/lib/py_pubsub/battery_resistance_logger.py -> /home/vboxuser/ros2_ws/install/py_pubsub/lib/python3.10/site-packages/py_pubsub
[6.461s] copying /home/vboxuser/ros2_ws/build/py_pubsub/build/lib/py_pubsub/__init__.py -> /home/vboxuser/ros2_ws/install/py_pubsub/lib/python3.10/site-packages/py_pubsub
[6.467s] copying /home/vboxuser/ros2_ws/build/py_pubsub/build/lib/py_pubsub/publisher_member_function_FLOAT32_array.py -> /home/vboxuser/ros2_ws/install/py_pubsub/lib/python3.10/site-packages/py_pubsub
[6.480s] copying /home/vboxuser/ros2_ws/build/py_pubsub/build/lib/py_pubsub/battery_resistance_estimator6.py -> /home/vboxuser/ros2_ws/install/py_pubsub/lib/python3.10/site-packages/py_pubsub
[6.480s] copying /home/vboxuser/ros2_ws/build/py_pubsub/build/lib/py_pubsub/battery_resistance_estimator7.py -> /home/vboxuser/ros2_ws/install/py_pubsub/lib/python3.10/site-packages/py_pubsub
[6.480s] copying /home/vboxuser/ros2_ws/build/py_pubsub/build/lib/py_pubsub/publisher_member_function_UINT8.py -> /home/vboxuser/ros2_ws/install/py_pubsub/lib/python3.10/site-packages/py_pubsub
[6.480s] byte-compiling /home/vboxuser/ros2_ws/install/py_pubsub/lib/python3.10/site-packages/py_pubsub/serial_data_receiver_COM5.py to serial_data_receiver_COM5.cpython-310.pyc
[6.480s] byte-compiling /home/vboxuser/ros2_ws/install/py_pubsub/lib/python3.10/site-packages/py_pubsub/battery_resistance_estimator3.py to battery_resistance_estimator3.cpython-310.pyc
[6.482s] byte-compiling /home/vboxuser/ros2_ws/install/py_pubsub/lib/python3.10/site-packages/py_pubsub/battery_resistance_estimator.py to battery_resistance_estimator.cpython-310.pyc
[6.485s] byte-compiling /home/vboxuser/ros2_ws/install/py_pubsub/lib/python3.10/site-packages/py_pubsub/publisher_member_function_FLOAT.py to publisher_member_function_FLOAT.cpython-310.pyc
[6.486s] byte-compiling /home/vboxuser/ros2_ws/install/py_pubsub/lib/python3.10/site-packages/py_pubsub/battery_resistance_estimator4.py to battery_resistance_estimator4.cpython-310.pyc
[6.489s] byte-compiling /home/vboxuser/ros2_ws/install/py_pubsub/lib/python3.10/site-packages/py_pubsub/battery_resistance_estimator5.py to battery_resistance_estimator5.cpython-310.pyc
[6.498s] byte-compiling /home/vboxuser/ros2_ws/install/py_pubsub/lib/python3.10/site-packages/py_pubsub/publisher_member_function.py to publisher_member_function.cpython-310.pyc
[6.499s] byte-compiling /home/vboxuser/ros2_ws/install/py_pubsub/lib/python3.10/site-packages/py_pubsub/subscriber_member_function.py to subscriber_member_function.cpython-310.pyc
[6.500s] byte-compiling /home/vboxuser/ros2_ws/install/py_pubsub/lib/python3.10/site-packages/py_pubsub/subscriber_member_function_UINT8.py to subscriber_member_function_UINT8.cpython-310.pyc
[6.501s] byte-compiling /home/vboxuser/ros2_ws/install/py_pubsub/lib/python3.10/site-packages/py_pubsub/battery_resistance_estimator1.py to battery_resistance_estimator1.cpython-310.pyc
[6.507s] byte-compiling /home/vboxuser/ros2_ws/install/py_pubsub/lib/python3.10/site-packages/py_pubsub/serial_data_sender_COM3.py to serial_data_sender_COM3.cpython-310.pyc
[6.512s] byte-compiling /home/vboxuser/ros2_ws/install/py_pubsub/lib/python3.10/site-packages/py_pubsub/subscriber_member_function_FLOAT32_array.py to subscriber_member_function_FLOAT32_array.cpython-310.pyc
[6.512s] byte-compiling /home/vboxuser/ros2_ws/install/py_pubsub/lib/python3.10/site-packages/py_pubsub/battery_resistance_estimator2.py to battery_resistance_estimator2.cpython-310.pyc
[6.513s] byte-compiling /home/vboxuser/ros2_ws/install/py_pubsub/lib/python3.10/site-packages/py_pubsub/subscriber_member_function_FLOAT.py to subscriber_member_function_FLOAT.cpython-310.pyc
[6.514s] byte-compiling /home/vboxuser/ros2_ws/install/py_pubsub/lib/python3.10/site-packages/py_pubsub/battery_resistance_logger.py to battery_resistance_logger.cpython-310.pyc
[6.517s] byte-compiling /home/vboxuser/ros2_ws/install/py_pubsub/lib/python3.10/site-packages/py_pubsub/__init__.py to __init__.cpython-310.pyc
[6.518s] byte-compiling /home/vboxuser/ros2_ws/install/py_pubsub/lib/python3.10/site-packages/py_pubsub/publisher_member_function_FLOAT32_array.py to publisher_member_function_FLOAT32_array.cpython-310.pyc
[6.518s] byte-compiling /home/vboxuser/ros2_ws/install/py_pubsub/lib/python3.10/site-packages/py_pubsub/battery_resistance_estimator6.py to battery_resistance_estimator6.cpython-310.pyc
[6.523s] byte-compiling /home/vboxuser/ros2_ws/install/py_pubsub/lib/python3.10/site-packages/py_pubsub/battery_resistance_estimator7.py to battery_resistance_estimator7.cpython-310.pyc
[6.534s] byte-compiling /home/vboxuser/ros2_ws/install/py_pubsub/lib/python3.10/site-packages/py_pubsub/publisher_member_function_UINT8.py to publisher_member_function_UINT8.cpython-310.pyc
[6.534s] running install_data
[6.542s] creating /home/vboxuser/ros2_ws/install/py_pubsub/share/ament_index
[6.542s] creating /home/vboxuser/ros2_ws/install/py_pubsub/share/ament_index/resource_index
[6.542s] creating /home/vboxuser/ros2_ws/install/py_pubsub/share/ament_index/resource_index/packages
[6.542s] copying resource/py_pubsub -> /home/vboxuser/ros2_ws/install/py_pubsub/share/ament_index/resource_index/packages
[6.543s] copying package.xml -> /home/vboxuser/ros2_ws/install/py_pubsub/share/py_pubsub
[6.543s] running install_egg_info
[6.557s] Copying ../../build/py_pubsub/py_pubsub.egg-info to /home/vboxuser/ros2_ws/install/py_pubsub/lib/python3.10/site-packages/py_pubsub-0.0.0-py3.10.egg-info
[6.560s] running install_scripts
[6.786s] Installing battery_resistance_estimator script to /home/vboxuser/ros2_ws/install/py_pubsub/lib/py_pubsub
[6.791s] Installing battery_resistance_estimator1 script to /home/vboxuser/ros2_ws/install/py_pubsub/lib/py_pubsub
[6.791s] Installing battery_resistance_estimator2 script to /home/vboxuser/ros2_ws/install/py_pubsub/lib/py_pubsub
[6.791s] Installing battery_resistance_estimator3 script to /home/vboxuser/ros2_ws/install/py_pubsub/lib/py_pubsub
[6.792s] Installing battery_resistance_estimator4 script to /home/vboxuser/ros2_ws/install/py_pubsub/lib/py_pubsub
[6.792s] Installing battery_resistance_estimator5 script to /home/vboxuser/ros2_ws/install/py_pubsub/lib/py_pubsub
[6.792s] Installing battery_resistance_estimator6 script to /home/vboxuser/ros2_ws/install/py_pubsub/lib/py_pubsub
[6.792s] Installing battery_resistance_estimator7 script to /home/vboxuser/ros2_ws/install/py_pubsub/lib/py_pubsub
[6.792s] Installing battery_resistance_logger script to /home/vboxuser/ros2_ws/install/py_pubsub/lib/py_pubsub
[6.792s] Installing listener script to /home/vboxuser/ros2_ws/install/py_pubsub/lib/py_pubsub
[6.793s] Installing listener_float script to /home/vboxuser/ros2_ws/install/py_pubsub/lib/py_pubsub
[6.793s] Installing listener_float_array script to /home/vboxuser/ros2_ws/install/py_pubsub/lib/py_pubsub
[6.793s] Installing listener_uint8 script to /home/vboxuser/ros2_ws/install/py_pubsub/lib/py_pubsub
[6.793s] Installing talker script to /home/vboxuser/ros2_ws/install/py_pubsub/lib/py_pubsub
[6.793s] Installing talker_float script to /home/vboxuser/ros2_ws/install/py_pubsub/lib/py_pubsub
[6.793s] Installing talker_float_array script to /home/vboxuser/ros2_ws/install/py_pubsub/lib/py_pubsub
[6.794s] Installing talker_uint8 script to /home/vboxuser/ros2_ws/install/py_pubsub/lib/py_pubsub
[6.794s] writing list of installed files to '/home/vboxuser/ros2_ws/build/py_pubsub/install.log'
[6.872s] Invoked command in '/home/vboxuser/ros2_ws/src/py_pubsub' returned '0': PYTHONPATH=/home/vboxuser/ros2_ws/build/py_pubsub/prefix_override:/usr/lib/python3/dist-packages/colcon_core/task/python/colcon_distutils_commands:/home/vboxuser/ros2_ws/install/py_pubsub/lib/python3.10/site-packages:${PYTHONPATH} /usr/bin/python3 -W ignore:setup.py install is deprecated -W ignore:easy_install command is deprecated setup.py egg_info --egg-base ../../build/py_pubsub build --build-base /home/vboxuser/ros2_ws/build/py_pubsub/build install --record /home/vboxuser/ros2_ws/build/py_pubsub/install.log --single-version-externally-managed install_data
