/home/vboxuser/ros2_ws/install/py_pubsub/lib/python3.10/site-packages/py_pubsub/publisher_member_function.py
/home/vboxuser/ros2_ws/install/py_pubsub/lib/python3.10/site-packages/py_pubsub/__init__.py
/home/vboxuser/ros2_ws/install/py_pubsub/lib/python3.10/site-packages/py_pubsub/serial_data_receiver_COM5.py
/home/vboxuser/ros2_ws/install/py_pubsub/lib/python3.10/site-packages/py_pubsub/subscriber_member_function.py
/home/vboxuser/ros2_ws/install/py_pubsub/lib/python3.10/site-packages/py_pubsub/battery_resistance_estimator2.py
/home/vboxuser/ros2_ws/install/py_pubsub/lib/python3.10/site-packages/py_pubsub/serial_data_sender_COM3.py
/home/vboxuser/ros2_ws/install/py_pubsub/lib/python3.10/site-packages/py_pubsub/subscriber_member_function_FLOAT32_array.py
/home/vboxuser/ros2_ws/install/py_pubsub/lib/python3.10/site-packages/py_pubsub/battery_resistance_estimator6.py
/home/vboxuser/ros2_ws/install/py_pubsub/lib/python3.10/site-packages/py_pubsub/battery_resistance_estimator1.py
/home/vboxuser/ros2_ws/install/py_pubsub/lib/python3.10/site-packages/py_pubsub/battery_resistance_estimator5.py
/home/vboxuser/ros2_ws/install/py_pubsub/lib/python3.10/site-packages/py_pubsub/battery_resistance_estimator3.py
/home/vboxuser/ros2_ws/install/py_pubsub/lib/python3.10/site-packages/py_pubsub/publisher_member_function_UINT8.py
/home/vboxuser/ros2_ws/install/py_pubsub/lib/python3.10/site-packages/py_pubsub/battery_resistance_logger.py
/home/vboxuser/ros2_ws/install/py_pubsub/lib/python3.10/site-packages/py_pubsub/battery_resistance_estimator.py
/home/vboxuser/ros2_ws/install/py_pubsub/lib/python3.10/site-packages/py_pubsub/publisher_member_function_FLOAT.py
/home/vboxuser/ros2_ws/install/py_pubsub/lib/python3.10/site-packages/py_pubsub/subscriber_member_function_UINT8.py
/home/vboxuser/ros2_ws/install/py_pubsub/lib/python3.10/site-packages/py_pubsub/battery_resistance_estimator4.py
/home/vboxuser/ros2_ws/install/py_pubsub/lib/python3.10/site-packages/py_pubsub/subscriber_member_function_FLOAT.py
/home/vboxuser/ros2_ws/install/py_pubsub/lib/python3.10/site-packages/py_pubsub/publisher_member_function_FLOAT32_array.py
/home/vboxuser/ros2_ws/install/py_pubsub/lib/python3.10/site-packages/py_pubsub/battery_resistance_estimator7.py
/home/vboxuser/ros2_ws/install/py_pubsub/lib/python3.10/site-packages/py_pubsub/__pycache__/publisher_member_function.cpython-310.pyc
/home/vboxuser/ros2_ws/install/py_pubsub/lib/python3.10/site-packages/py_pubsub/__pycache__/__init__.cpython-310.pyc
/home/vboxuser/ros2_ws/install/py_pubsub/lib/python3.10/site-packages/py_pubsub/__pycache__/serial_data_receiver_COM5.cpython-310.pyc
/home/vboxuser/ros2_ws/install/py_pubsub/lib/python3.10/site-packages/py_pubsub/__pycache__/subscriber_member_function.cpython-310.pyc
/home/vboxuser/ros2_ws/install/py_pubsub/lib/python3.10/site-packages/py_pubsub/__pycache__/battery_resistance_estimator2.cpython-310.pyc
/home/vboxuser/ros2_ws/install/py_pubsub/lib/python3.10/site-packages/py_pubsub/__pycache__/serial_data_sender_COM3.cpython-310.pyc
/home/vboxuser/ros2_ws/install/py_pubsub/lib/python3.10/site-packages/py_pubsub/__pycache__/subscriber_member_function_FLOAT32_array.cpython-310.pyc
/home/vboxuser/ros2_ws/install/py_pubsub/lib/python3.10/site-packages/py_pubsub/__pycache__/battery_resistance_estimator6.cpython-310.pyc
/home/vboxuser/ros2_ws/install/py_pubsub/lib/python3.10/site-packages/py_pubsub/__pycache__/battery_resistance_estimator1.cpython-310.pyc
/home/vboxuser/ros2_ws/install/py_pubsub/lib/python3.10/site-packages/py_pubsub/__pycache__/battery_resistance_estimator5.cpython-310.pyc
/home/vboxuser/ros2_ws/install/py_pubsub/lib/python3.10/site-packages/py_pubsub/__pycache__/battery_resistance_estimator3.cpython-310.pyc
/home/vboxuser/ros2_ws/install/py_pubsub/lib/python3.10/site-packages/py_pubsub/__pycache__/publisher_member_function_UINT8.cpython-310.pyc
/home/vboxuser/ros2_ws/install/py_pubsub/lib/python3.10/site-packages/py_pubsub/__pycache__/battery_resistance_logger.cpython-310.pyc
/home/vboxuser/ros2_ws/install/py_pubsub/lib/python3.10/site-packages/py_pubsub/__pycache__/battery_resistance_estimator.cpython-310.pyc
/home/vboxuser/ros2_ws/install/py_pubsub/lib/python3.10/site-packages/py_pubsub/__pycache__/publisher_member_function_FLOAT.cpython-310.pyc
/home/vboxuser/ros2_ws/install/py_pubsub/lib/python3.10/site-packages/py_pubsub/__pycache__/subscriber_member_function_UINT8.cpython-310.pyc
/home/vboxuser/ros2_ws/install/py_pubsub/lib/python3.10/site-packages/py_pubsub/__pycache__/battery_resistance_estimator4.cpython-310.pyc
/home/vboxuser/ros2_ws/install/py_pubsub/lib/python3.10/site-packages/py_pubsub/__pycache__/subscriber_member_function_FLOAT.cpython-310.pyc
/home/vboxuser/ros2_ws/install/py_pubsub/lib/python3.10/site-packages/py_pubsub/__pycache__/publisher_member_function_FLOAT32_array.cpython-310.pyc
/home/vboxuser/ros2_ws/install/py_pubsub/lib/python3.10/site-packages/py_pubsub/__pycache__/battery_resistance_estimator7.cpython-310.pyc
/home/vboxuser/ros2_ws/install/py_pubsub/share/ament_index/resource_index/packages/py_pubsub
/home/vboxuser/ros2_ws/install/py_pubsub/share/py_pubsub/package.xml
/home/vboxuser/ros2_ws/install/py_pubsub/lib/python3.10/site-packages/py_pubsub-0.0.0-py3.10.egg-info/requires.txt
/home/vboxuser/ros2_ws/install/py_pubsub/lib/python3.10/site-packages/py_pubsub-0.0.0-py3.10.egg-info/entry_points.txt
/home/vboxuser/ros2_ws/install/py_pubsub/lib/python3.10/site-packages/py_pubsub-0.0.0-py3.10.egg-info/dependency_links.txt
/home/vboxuser/ros2_ws/install/py_pubsub/lib/python3.10/site-packages/py_pubsub-0.0.0-py3.10.egg-info/PKG-INFO
/home/vboxuser/ros2_ws/install/py_pubsub/lib/python3.10/site-packages/py_pubsub-0.0.0-py3.10.egg-info/zip-safe
/home/vboxuser/ros2_ws/install/py_pubsub/lib/python3.10/site-packages/py_pubsub-0.0.0-py3.10.egg-info/SOURCES.txt
/home/vboxuser/ros2_ws/install/py_pubsub/lib/python3.10/site-packages/py_pubsub-0.0.0-py3.10.egg-info/top_level.txt
/home/vboxuser/ros2_ws/install/py_pubsub/lib/py_pubsub/battery_resistance_estimator
/home/vboxuser/ros2_ws/install/py_pubsub/lib/py_pubsub/battery_resistance_estimator1
/home/vboxuser/ros2_ws/install/py_pubsub/lib/py_pubsub/battery_resistance_estimator2
/home/vboxuser/ros2_ws/install/py_pubsub/lib/py_pubsub/battery_resistance_estimator3
/home/vboxuser/ros2_ws/install/py_pubsub/lib/py_pubsub/battery_resistance_estimator4
/home/vboxuser/ros2_ws/install/py_pubsub/lib/py_pubsub/battery_resistance_estimator5
/home/vboxuser/ros2_ws/install/py_pubsub/lib/py_pubsub/battery_resistance_estimator6
/home/vboxuser/ros2_ws/install/py_pubsub/lib/py_pubsub/battery_resistance_estimator7
/home/vboxuser/ros2_ws/install/py_pubsub/lib/py_pubsub/battery_resistance_logger
/home/vboxuser/ros2_ws/install/py_pubsub/lib/py_pubsub/listener
/home/vboxuser/ros2_ws/install/py_pubsub/lib/py_pubsub/listener_float
/home/vboxuser/ros2_ws/install/py_pubsub/lib/py_pubsub/listener_float_array
/home/vboxuser/ros2_ws/install/py_pubsub/lib/py_pubsub/listener_uint8
/home/vboxuser/ros2_ws/install/py_pubsub/lib/py_pubsub/talker
/home/vboxuser/ros2_ws/install/py_pubsub/lib/py_pubsub/talker_float
/home/vboxuser/ros2_ws/install/py_pubsub/lib/py_pubsub/talker_float_array
/home/vboxuser/ros2_ws/install/py_pubsub/lib/py_pubsub/talker_uint8
