[3.838s] Invoking command in '/home/vboxuser/ros2_ws/src/examples/rclpy/services/minimal_client': PYTHONPATH=/home/vboxuser/ros2_ws/src/build/examples_rclpy_minimal_client/prefix_override:/usr/lib/python3/dist-packages/colcon_core/task/python/colcon_distutils_commands:/home/vboxuser/ros2_ws/src/install/examples_rclpy_minimal_client/lib/python3.10/site-packages:${PYTHONPATH} /usr/bin/python3 -W ignore:setup.py install is deprecated -W ignore:easy_install command is deprecated setup.py egg_info --egg-base ../../../../build/examples_rclpy_minimal_client build --build-base /home/vboxuser/ros2_ws/src/build/examples_rclpy_minimal_client/build install --record /home/vboxuser/ros2_ws/src/build/examples_rclpy_minimal_client/install.log --single-version-externally-managed install_data
[4.863s] running egg_info
[4.863s] creating ../../../../build/examples_rclpy_minimal_client/examples_rclpy_minimal_client.egg-info
[4.863s] writing ../../../../build/examples_rclpy_minimal_client/examples_rclpy_minimal_client.egg-info/PKG-INFO
[4.866s] writing dependency_links to ../../../../build/examples_rclpy_minimal_client/examples_rclpy_minimal_client.egg-info/dependency_links.txt
[4.866s] writing entry points to ../../../../build/examples_rclpy_minimal_client/examples_rclpy_minimal_client.egg-info/entry_points.txt
[4.866s] writing requirements to ../../../../build/examples_rclpy_minimal_client/examples_rclpy_minimal_client.egg-info/requires.txt
[4.866s] writing top-level names to ../../../../build/examples_rclpy_minimal_client/examples_rclpy_minimal_client.egg-info/top_level.txt
[4.866s] writing manifest file '../../../../build/examples_rclpy_minimal_client/examples_rclpy_minimal_client.egg-info/SOURCES.txt'
[4.866s] reading manifest file '../../../../build/examples_rclpy_minimal_client/examples_rclpy_minimal_client.egg-info/SOURCES.txt'
[4.866s] writing manifest file '../../../../build/examples_rclpy_minimal_client/examples_rclpy_minimal_client.egg-info/SOURCES.txt'
[4.866s] running build
[4.866s] running build_py
[4.866s] creating /home/vboxuser/ros2_ws/src/build/examples_rclpy_minimal_client/build
[4.866s] creating /home/vboxuser/ros2_ws/src/build/examples_rclpy_minimal_client/build/lib
[4.867s] creating /home/vboxuser/ros2_ws/src/build/examples_rclpy_minimal_client/build/lib/examples_rclpy_minimal_client
[4.867s] copying examples_rclpy_minimal_client/client.py -> /home/vboxuser/ros2_ws/src/build/examples_rclpy_minimal_client/build/lib/examples_rclpy_minimal_client
[4.867s] copying examples_rclpy_minimal_client/client_async_member_function.py -> /home/vboxuser/ros2_ws/src/build/examples_rclpy_minimal_client/build/lib/examples_rclpy_minimal_client
[4.867s] copying examples_rclpy_minimal_client/__init__.py -> /home/vboxuser/ros2_ws/src/build/examples_rclpy_minimal_client/build/lib/examples_rclpy_minimal_client
[4.867s] copying examples_rclpy_minimal_client/client_async_callback.py -> /home/vboxuser/ros2_ws/src/build/examples_rclpy_minimal_client/build/lib/examples_rclpy_minimal_client
[4.867s] copying examples_rclpy_minimal_client/client_async.py -> /home/vboxuser/ros2_ws/src/build/examples_rclpy_minimal_client/build/lib/examples_rclpy_minimal_client
[4.867s] running install
[4.867s] running install_lib
[4.867s] creating /home/vboxuser/ros2_ws/src/install/examples_rclpy_minimal_client/lib/python3.10/site-packages/examples_rclpy_minimal_client
[4.867s] copying /home/vboxuser/ros2_ws/src/build/examples_rclpy_minimal_client/build/lib/examples_rclpy_minimal_client/client.py -> /home/vboxuser/ros2_ws/src/install/examples_rclpy_minimal_client/lib/python3.10/site-packages/examples_rclpy_minimal_client
[4.867s] copying /home/vboxuser/ros2_ws/src/build/examples_rclpy_minimal_client/build/lib/examples_rclpy_minimal_client/client_async_member_function.py -> /home/vboxuser/ros2_ws/src/install/examples_rclpy_minimal_client/lib/python3.10/site-packages/examples_rclpy_minimal_client
[4.867s] copying /home/vboxuser/ros2_ws/src/build/examples_rclpy_minimal_client/build/lib/examples_rclpy_minimal_client/__init__.py -> /home/vboxuser/ros2_ws/src/install/examples_rclpy_minimal_client/lib/python3.10/site-packages/examples_rclpy_minimal_client
[4.868s] copying /home/vboxuser/ros2_ws/src/build/examples_rclpy_minimal_client/build/lib/examples_rclpy_minimal_client/client_async_callback.py -> /home/vboxuser/ros2_ws/src/install/examples_rclpy_minimal_client/lib/python3.10/site-packages/examples_rclpy_minimal_client
[4.868s] copying /home/vboxuser/ros2_ws/src/build/examples_rclpy_minimal_client/build/lib/examples_rclpy_minimal_client/client_async.py -> /home/vboxuser/ros2_ws/src/install/examples_rclpy_minimal_client/lib/python3.10/site-packages/examples_rclpy_minimal_client
[4.868s] byte-compiling /home/vboxuser/ros2_ws/src/install/examples_rclpy_minimal_client/lib/python3.10/site-packages/examples_rclpy_minimal_client/client.py to client.cpython-310.pyc
[4.868s] byte-compiling /home/vboxuser/ros2_ws/src/install/examples_rclpy_minimal_client/lib/python3.10/site-packages/examples_rclpy_minimal_client/client_async_member_function.py to client_async_member_function.cpython-310.pyc
[4.868s] byte-compiling /home/vboxuser/ros2_ws/src/install/examples_rclpy_minimal_client/lib/python3.10/site-packages/examples_rclpy_minimal_client/__init__.py to __init__.cpython-310.pyc
[4.868s] byte-compiling /home/vboxuser/ros2_ws/src/install/examples_rclpy_minimal_client/lib/python3.10/site-packages/examples_rclpy_minimal_client/client_async_callback.py to client_async_callback.cpython-310.pyc
[4.868s] byte-compiling /home/vboxuser/ros2_ws/src/install/examples_rclpy_minimal_client/lib/python3.10/site-packages/examples_rclpy_minimal_client/client_async.py to client_async.cpython-310.pyc
[4.868s] running install_data
[4.868s] creating /home/vboxuser/ros2_ws/src/install/examples_rclpy_minimal_client/share/ament_index
[4.868s] creating /home/vboxuser/ros2_ws/src/install/examples_rclpy_minimal_client/share/ament_index/resource_index
[4.868s] creating /home/vboxuser/ros2_ws/src/install/examples_rclpy_minimal_client/share/ament_index/resource_index/packages
[4.868s] copying resource/examples_rclpy_minimal_client -> /home/vboxuser/ros2_ws/src/install/examples_rclpy_minimal_client/share/ament_index/resource_index/packages
[4.869s] copying package.xml -> /home/vboxuser/ros2_ws/src/install/examples_rclpy_minimal_client/share/examples_rclpy_minimal_client
[4.869s] running install_egg_info
[4.961s] Copying ../../../../build/examples_rclpy_minimal_client/examples_rclpy_minimal_client.egg-info to /home/vboxuser/ros2_ws/src/install/examples_rclpy_minimal_client/lib/python3.10/site-packages/examples_rclpy_minimal_client-0.18.2-py3.10.egg-info
[4.962s] running install_scripts
[4.981s] Installing client script to /home/vboxuser/ros2_ws/src/install/examples_rclpy_minimal_client/lib/examples_rclpy_minimal_client
[4.981s] Installing client_async script to /home/vboxuser/ros2_ws/src/install/examples_rclpy_minimal_client/lib/examples_rclpy_minimal_client
[4.981s] Installing client_async_callback script to /home/vboxuser/ros2_ws/src/install/examples_rclpy_minimal_client/lib/examples_rclpy_minimal_client
[4.981s] Installing client_async_member_function script to /home/vboxuser/ros2_ws/src/install/examples_rclpy_minimal_client/lib/examples_rclpy_minimal_client
[4.981s] writing list of installed files to '/home/vboxuser/ros2_ws/src/build/examples_rclpy_minimal_client/install.log'
[5.056s] Invoked command in '/home/vboxuser/ros2_ws/src/examples/rclpy/services/minimal_client' returned '0': PYTHONPATH=/home/vboxuser/ros2_ws/src/build/examples_rclpy_minimal_client/prefix_override:/usr/lib/python3/dist-packages/colcon_core/task/python/colcon_distutils_commands:/home/vboxuser/ros2_ws/src/install/examples_rclpy_minimal_client/lib/python3.10/site-packages:${PYTHONPATH} /usr/bin/python3 -W ignore:setup.py install is deprecated -W ignore:easy_install command is deprecated setup.py egg_info --egg-base ../../../../build/examples_rclpy_minimal_client build --build-base /home/vboxuser/ros2_ws/src/build/examples_rclpy_minimal_client/build install --record /home/vboxuser/ros2_ws/src/build/examples_rclpy_minimal_client/install.log --single-version-externally-managed install_data
