[35m[1mConsolidate compiler generated dependencies of target subscriber_member_function[0m
[35m[1mConsolidate compiler generated dependencies of target subscriber_member_function_with_topic_statistics[0m
[35m[1mConsolidate compiler generated dependencies of target subscriber_member_function_with_type_adapter[0m
[  8%] Built target subscriber_member_function
[35m[1mConsolidate compiler generated dependencies of target subscriber_lambda[0m
[ 16%] Built target subscriber_member_function_with_topic_statistics
[35m[1mConsolidate compiler generated dependencies of target subscriber_member_function_with_unique_network_flow_endpoints[0m
[35m[1mConsolidate compiler generated dependencies of target subscriber_not_composable[0m
[ 25%] Built target subscriber_lambda
[ 33%] Built target subscriber_member_function_with_type_adapter
[35m[1mConsolidate compiler generated dependencies of target wait_set_subscriber_library[0m
[ 41%] Built target subscriber_not_composable
[ 50%] Built target subscriber_member_function_with_unique_network_flow_endpoints
[35m[1mConsolidate compiler generated dependencies of target subscriber_content_filtering[0m
[35m[1mConsolidate compiler generated dependencies of target static_wait_set_subscriber[0m
[35m[1mConsolidate compiler generated dependencies of target wait_set_subscriber[0m
[ 75%] Built target subscriber_content_filtering
[ 66%] Built target wait_set_subscriber_library
[35m[1mConsolidate compiler generated dependencies of target time_triggered_wait_set_subscriber[0m
[ 83%] Built target wait_set_subscriber
[ 91%] Built target static_wait_set_subscriber
[100%] Built target time_triggered_wait_set_subscriber
-- Install configuration: ""
-- Installing: /home/vboxuser/ros2_ws/install/examples_rclcpp_minimal_subscriber/share/examples_rclcpp_minimal_subscriber/package.dsv
