[1.146s] Invoking command in '/home/vboxuser/ros2_ws/build/my_package': /usr/bin/cmake --build /home/vboxuser/ros2_ws/build/my_package -- -j4 -l4
[1.674s] [100%] Built target my_node
[2.608s] Invoked command in '/home/vboxuser/ros2_ws/build/my_package' returned '0': /usr/bin/cmake --build /home/vboxuser/ros2_ws/build/my_package -- -j4 -l4
[2.657s] Invoking command in '/home/vboxuser/ros2_ws/build/my_package': /usr/bin/cmake --install /home/vboxuser/ros2_ws/build/my_package
[2.739s] -- Install configuration: ""
[2.739s] -- Up-to-date: /home/vboxuser/ros2_ws/install/my_package/lib/my_package/my_node
[2.754s] -- Up-to-date: /home/vboxuser/ros2_ws/install/my_package/share/ament_index/resource_index/package_run_dependencies/my_package
[2.758s] -- Up-to-date: /home/vboxuser/ros2_ws/install/my_package/share/ament_index/resource_index/parent_prefix_path/my_package
[2.761s] -- Up-to-date: /home/vboxuser/ros2_ws/install/my_package/share/my_package/environment/ament_prefix_path.sh
[2.761s] -- Up-to-date: /home/vboxuser/ros2_ws/install/my_package/share/my_package/environment/ament_prefix_path.dsv
[2.761s] -- Up-to-date: /home/vboxuser/ros2_ws/install/my_package/share/my_package/environment/path.sh
[2.761s] -- Up-to-date: /home/vboxuser/ros2_ws/install/my_package/share/my_package/environment/path.dsv
[2.762s] -- Up-to-date: /home/vboxuser/ros2_ws/install/my_package/share/my_package/local_setup.bash
[2.762s] -- Up-to-date: /home/vboxuser/ros2_ws/install/my_package/share/my_package/local_setup.sh
[2.762s] -- Up-to-date: /home/vboxuser/ros2_ws/install/my_package/share/my_package/local_setup.zsh
[2.762s] -- Up-to-date: /home/vboxuser/ros2_ws/install/my_package/share/my_package/local_setup.dsv
[2.762s] -- Installing: /home/vboxuser/ros2_ws/install/my_package/share/my_package/package.dsv
[2.762s] -- Up-to-date: /home/vboxuser/ros2_ws/install/my_package/share/ament_index/resource_index/packages/my_package
[2.763s] -- Up-to-date: /home/vboxuser/ros2_ws/install/my_package/share/my_package/cmake/my_packageConfig.cmake
[2.763s] -- Up-to-date: /home/vboxuser/ros2_ws/install/my_package/share/my_package/cmake/my_packageConfig-version.cmake
[2.782s] -- Up-to-date: /home/vboxuser/ros2_ws/install/my_package/share/my_package/package.xml
[2.997s] Invoked command in '/home/vboxuser/ros2_ws/build/my_package' returned '0': /usr/bin/cmake --install /home/vboxuser/ros2_ws/build/my_package
