[0.211s] Invoking command in '/home/vboxuser/ros2_ws/build/vesc_msgs': /usr/bin/cmake /home/vboxuser/ros2_ws/src/vesc/vesc_msgs -DCATKIN_INSTALL_INTO_PREFIX_ROOT=0 -DCMAKE_INSTALL_PREFIX=/home/vboxuser/ros2_ws/install/vesc_msgs
[1.028s] -- Configuring incomplete, errors occurred!
[1.034s] See also "/home/vboxuser/ros2_ws/build/vesc_msgs/CMakeFiles/CMakeOutput.log".
[1.034s] [0mCMake Deprecation Warning at CMakeLists.txt:1 (cmake_minimum_required):
[1.034s]   Compatibility with CMake < 2.8.12 will be removed from a future version of
[1.034s]   CMake.
[1.034s] 
[1.035s]   Update the VERSION argument <min> value or use a ...<max> suffix to tell
[1.035s]   CMake that the project does not need compatibility with older versions.
[1.035s] 
[1.035s] [0m
[1.035s] [31mCMake Error at CMakeLists.txt:4 (find_package):
[1.043s]   By not providing "Findcatkin.cmake" in CMAKE_MODULE_PATH this project has
[1.043s]   asked CMake to find a package configuration file provided by "catkin", but
[1.044s]   CMake did not find one.
[1.044s] 
[1.044s]   Could not find a package configuration file provided by "catkin" with any
[1.049s]   of the following names:
[1.049s] 
[1.049s]     catkinConfig.cmake
[1.049s]     catkin-config.cmake
[1.049s] 
[1.049s]   Add the installation prefix of "catkin" to CMAKE_PREFIX_PATH or set
[1.049s]   "catkin_DIR" to a directory containing one of the above files.  If "catkin"
[1.049s]   provides a separate development package or SDK, be sure it has been
[1.050s]   installed.
[1.050s] 
[1.050s] [0m
[1.090s] Invoked command in '/home/vboxuser/ros2_ws/build/vesc_msgs' returned '1': /usr/bin/cmake /home/vboxuser/ros2_ws/src/vesc/vesc_msgs -DCATKIN_INSTALL_INTO_PREFIX_ROOT=0 -DCMAKE_INSTALL_PREFIX=/home/vboxuser/ros2_ws/install/vesc_msgs
