[35m[1mConsolidate compiler generated dependencies of target wait_set_talker[0m
[35m[1mConsolidate compiler generated dependencies of target listener[0m
[35m[1mConsolidate compiler generated dependencies of target talker[0m
[35m[1mConsolidate compiler generated dependencies of target wait_set_listener[0m
[ 12%] Built target listener
[ 16%] Built target wait_set_talker
[35m[1mConsolidate compiler generated dependencies of target wait_set[0m
[35m[1mConsolidate compiler generated dependencies of target static_wait_set[0m
[ 25%] Built target wait_set_listener
[ 33%] Built target wait_set
[35m[1mConsolidate compiler generated dependencies of target thread_safe_wait_set[0m
[ 41%] Built target talker
[ 50%] Built target static_wait_set
[35m[1mConsolidate compiler generated dependencies of target executor_random_order[0m
[35m[1mConsolidate compiler generated dependencies of target wait_set_topics_and_timer[0m
[ 58%] Built target thread_safe_wait_set
[35m[1mConsolidate compiler generated dependencies of target wait_set_random_order[0m
[ 66%] Built target wait_set_random_order
[ 75%] Built target wait_set_topics_and_timer
[35m[1mConsolidate compiler generated dependencies of target wait_set_topics_with_different_rates[0m
[ 83%] Built target executor_random_order
[35m[1mConsolidate compiler generated dependencies of target wait_set_composed[0m
[ 91%] Built target wait_set_topics_with_different_rates
[100%] Built target wait_set_composed
-- Install configuration: ""
-- Installing: /home/vboxuser/ros2_ws/install/examples_rclcpp_wait_set/share/examples_rclcpp_wait_set/package.dsv
