[0.707s] Invoking command in '/home/vboxuser/ros2_ws/build/vesc_ackermann': AMENT_PREFIX_PATH=/home/vboxuser/ros2_ws/install/vesc_msgs CMAKE_PREFIX_PATH=/home/vboxuser/ros2_ws/install/vesc_msgs LD_LIBRARY_PATH=/home/vboxuser/ros2_ws/install/vesc_msgs/lib PYTHONPATH=/home/vboxuser/ros2_ws/install/vesc_msgs/lib/python3.10/site-packages /usr/bin/cmake --build /home/vboxuser/ros2_ws/build/vesc_ackermann -- -j4 -l4
[2.012s] [ 42%] Built target vesc_ackermann
[2.298s] [ 71%] Built target vesc_to_odom_node
[2.816s] [100%] Built target ackermann_to_vesc_node
[2.872s] Invoked command in '/home/vboxuser/ros2_ws/build/vesc_ackermann' returned '0': AMENT_PREFIX_PATH=/home/vboxuser/ros2_ws/install/vesc_msgs CMAKE_PREFIX_PATH=/home/vboxuser/ros2_ws/install/vesc_msgs LD_LIBRARY_PATH=/home/vboxuser/ros2_ws/install/vesc_msgs/lib PYTHONPATH=/home/vboxuser/ros2_ws/install/vesc_msgs/lib/python3.10/site-packages /usr/bin/cmake --build /home/vboxuser/ros2_ws/build/vesc_ackermann -- -j4 -l4
[2.889s] Invoking command in '/home/vboxuser/ros2_ws/build/vesc_ackermann': AMENT_PREFIX_PATH=/home/vboxuser/ros2_ws/install/vesc_msgs CMAKE_PREFIX_PATH=/home/vboxuser/ros2_ws/install/vesc_msgs LD_LIBRARY_PATH=/home/vboxuser/ros2_ws/install/vesc_msgs/lib PYTHONPATH=/home/vboxuser/ros2_ws/install/vesc_msgs/lib/python3.10/site-packages /usr/bin/cmake --install /home/vboxuser/ros2_ws/build/vesc_ackermann
[2.975s] -- Install configuration: ""
[2.979s] -- Up-to-date: /home/vboxuser/ros2_ws/install/vesc_ackermann/lib/vesc_ackermann/ackermann_to_vesc_node
[2.979s] -- Up-to-date: /home/vboxuser/ros2_ws/install/vesc_ackermann/lib/vesc_ackermann/vesc_to_odom_node
[2.979s] -- Up-to-date: /home/vboxuser/ros2_ws/install/vesc_ackermann/include
[2.980s] -- Up-to-date: /home/vboxuser/ros2_ws/install/vesc_ackermann/include/vesc_ackermann
[2.980s] -- Up-to-date: /home/vboxuser/ros2_ws/install/vesc_ackermann/include/vesc_ackermann/ackermann_to_vesc.hpp
[2.980s] -- Up-to-date: /home/vboxuser/ros2_ws/install/vesc_ackermann/include/vesc_ackermann/vesc_to_odom.hpp
[2.980s] -- Up-to-date: /home/vboxuser/ros2_ws/install/vesc_ackermann/share/vesc_ackermann/environment/library_path.sh
[2.983s] -- Up-to-date: /home/vboxuser/ros2_ws/install/vesc_ackermann/share/vesc_ackermann/environment/library_path.dsv
[2.983s] -- Up-to-date: /home/vboxuser/ros2_ws/install/vesc_ackermann/lib/libvesc_ackermann.so
[2.984s] -- Up-to-date: /home/vboxuser/ros2_ws/install/vesc_ackermann/share/vesc_ackermann/launch
[2.987s] -- Up-to-date: /home/vboxuser/ros2_ws/install/vesc_ackermann/share/vesc_ackermann/launch/vesc_to_odom_node.launch.xml
[2.987s] -- Up-to-date: /home/vboxuser/ros2_ws/install/vesc_ackermann/share/vesc_ackermann/launch/ackermann_to_vesc_node.launch.xml
[2.987s] -- Up-to-date: /home/vboxuser/ros2_ws/install/vesc_ackermann/share/ament_index/resource_index/package_run_dependencies/vesc_ackermann
[2.987s] -- Up-to-date: /home/vboxuser/ros2_ws/install/vesc_ackermann/share/ament_index/resource_index/parent_prefix_path/vesc_ackermann
[2.988s] -- Up-to-date: /home/vboxuser/ros2_ws/install/vesc_ackermann/share/vesc_ackermann/environment/ament_prefix_path.dsv
[2.988s] -- Up-to-date: /home/vboxuser/ros2_ws/install/vesc_ackermann/share/vesc_ackermann/environment/path.dsv
[2.988s] -- Up-to-date: /home/vboxuser/ros2_ws/install/vesc_ackermann/share/vesc_ackermann/local_setup.bash
[2.988s] -- Up-to-date: /home/vboxuser/ros2_ws/install/vesc_ackermann/share/vesc_ackermann/local_setup.sh
[2.988s] -- Up-to-date: /home/vboxuser/ros2_ws/install/vesc_ackermann/share/vesc_ackermann/local_setup.zsh
[2.995s] -- Up-to-date: /home/vboxuser/ros2_ws/install/vesc_ackermann/share/vesc_ackermann/local_setup.dsv
[3.009s] -- Installing: /home/vboxuser/ros2_ws/install/vesc_ackermann/share/vesc_ackermann/package.dsv
[3.010s] -- Up-to-date: /home/vboxuser/ros2_ws/install/vesc_ackermann/share/ament_index/resource_index/packages/vesc_ackermann
[3.010s] -- Up-to-date: /home/vboxuser/ros2_ws/install/vesc_ackermann/share/ament_index/resource_index/rclcpp_components/vesc_ackermann
[3.010s] -- Up-to-date: /home/vboxuser/ros2_ws/install/vesc_ackermann/share/vesc_ackermann/cmake/ament_cmake_export_dependencies-extras.cmake
[3.010s] -- Up-to-date: /home/vboxuser/ros2_ws/install/vesc_ackermann/share/vesc_ackermann/cmake/ament_cmake_export_include_directories-extras.cmake
[3.010s] -- Up-to-date: /home/vboxuser/ros2_ws/install/vesc_ackermann/share/vesc_ackermann/cmake/ament_cmake_export_libraries-extras.cmake
[3.010s] -- Up-to-date: /home/vboxuser/ros2_ws/install/vesc_ackermann/share/vesc_ackermann/cmake/vesc_ackermannConfig.cmake
[3.011s] -- Up-to-date: /home/vboxuser/ros2_ws/install/vesc_ackermann/share/vesc_ackermann/cmake/vesc_ackermannConfig-version.cmake
[3.011s] -- Up-to-date: /home/vboxuser/ros2_ws/install/vesc_ackermann/share/vesc_ackermann/package.xml
[3.023s] Invoked command in '/home/vboxuser/ros2_ws/build/vesc_ackermann' returned '0': AMENT_PREFIX_PATH=/home/vboxuser/ros2_ws/install/vesc_msgs CMAKE_PREFIX_PATH=/home/vboxuser/ros2_ws/install/vesc_msgs LD_LIBRARY_PATH=/home/vboxuser/ros2_ws/install/vesc_msgs/lib PYTHONPATH=/home/vboxuser/ros2_ws/install/vesc_msgs/lib/python3.10/site-packages /usr/bin/cmake --install /home/vboxuser/ros2_ws/build/vesc_ackermann
