[3.813s] Invoking command in '/home/vboxuser/ros2_ws/src/examples/rclpy/services/minimal_service': PYTHONPATH=/home/vboxuser/ros2_ws/src/build/examples_rclpy_minimal_service/prefix_override:/usr/lib/python3/dist-packages/colcon_core/task/python/colcon_distutils_commands:/home/vboxuser/ros2_ws/src/install/examples_rclpy_minimal_service/lib/python3.10/site-packages:${PYTHONPATH} /usr/bin/python3 -W ignore:setup.py install is deprecated -W ignore:easy_install command is deprecated setup.py egg_info --egg-base ../../../../build/examples_rclpy_minimal_service build --build-base /home/vboxuser/ros2_ws/src/build/examples_rclpy_minimal_service/build install --record /home/vboxuser/ros2_ws/src/build/examples_rclpy_minimal_service/install.log --single-version-externally-managed install_data
[4.961s] running egg_info
[4.961s] creating ../../../../build/examples_rclpy_minimal_service/examples_rclpy_minimal_service.egg-info
[4.976s] writing ../../../../build/examples_rclpy_minimal_service/examples_rclpy_minimal_service.egg-info/PKG-INFO
[4.976s] writing dependency_links to ../../../../build/examples_rclpy_minimal_service/examples_rclpy_minimal_service.egg-info/dependency_links.txt
[4.976s] writing entry points to ../../../../build/examples_rclpy_minimal_service/examples_rclpy_minimal_service.egg-info/entry_points.txt
[4.976s] writing requirements to ../../../../build/examples_rclpy_minimal_service/examples_rclpy_minimal_service.egg-info/requires.txt
[4.977s] writing top-level names to ../../../../build/examples_rclpy_minimal_service/examples_rclpy_minimal_service.egg-info/top_level.txt
[4.977s] writing manifest file '../../../../build/examples_rclpy_minimal_service/examples_rclpy_minimal_service.egg-info/SOURCES.txt'
[4.998s] reading manifest file '../../../../build/examples_rclpy_minimal_service/examples_rclpy_minimal_service.egg-info/SOURCES.txt'
[4.998s] writing manifest file '../../../../build/examples_rclpy_minimal_service/examples_rclpy_minimal_service.egg-info/SOURCES.txt'
[4.999s] running build
[5.000s] running build_py
[5.000s] creating /home/vboxuser/ros2_ws/src/build/examples_rclpy_minimal_service/build
[5.000s] creating /home/vboxuser/ros2_ws/src/build/examples_rclpy_minimal_service/build/lib
[5.000s] creating /home/vboxuser/ros2_ws/src/build/examples_rclpy_minimal_service/build/lib/examples_rclpy_minimal_service
[5.000s] copying examples_rclpy_minimal_service/service.py -> /home/vboxuser/ros2_ws/src/build/examples_rclpy_minimal_service/build/lib/examples_rclpy_minimal_service
[5.000s] copying examples_rclpy_minimal_service/service_member_function.py -> /home/vboxuser/ros2_ws/src/build/examples_rclpy_minimal_service/build/lib/examples_rclpy_minimal_service
[5.000s] copying examples_rclpy_minimal_service/__init__.py -> /home/vboxuser/ros2_ws/src/build/examples_rclpy_minimal_service/build/lib/examples_rclpy_minimal_service
[5.000s] running install
[5.001s] running install_lib
[5.025s] creating /home/vboxuser/ros2_ws/src/install/examples_rclpy_minimal_service/lib/python3.10/site-packages/examples_rclpy_minimal_service
[5.025s] copying /home/vboxuser/ros2_ws/src/build/examples_rclpy_minimal_service/build/lib/examples_rclpy_minimal_service/service.py -> /home/vboxuser/ros2_ws/src/install/examples_rclpy_minimal_service/lib/python3.10/site-packages/examples_rclpy_minimal_service
[5.026s] copying /home/vboxuser/ros2_ws/src/build/examples_rclpy_minimal_service/build/lib/examples_rclpy_minimal_service/service_member_function.py -> /home/vboxuser/ros2_ws/src/install/examples_rclpy_minimal_service/lib/python3.10/site-packages/examples_rclpy_minimal_service
[5.026s] copying /home/vboxuser/ros2_ws/src/build/examples_rclpy_minimal_service/build/lib/examples_rclpy_minimal_service/__init__.py -> /home/vboxuser/ros2_ws/src/install/examples_rclpy_minimal_service/lib/python3.10/site-packages/examples_rclpy_minimal_service
[5.027s] byte-compiling /home/vboxuser/ros2_ws/src/install/examples_rclpy_minimal_service/lib/python3.10/site-packages/examples_rclpy_minimal_service/service.py to service.cpython-310.pyc
[5.034s] byte-compiling /home/vboxuser/ros2_ws/src/install/examples_rclpy_minimal_service/lib/python3.10/site-packages/examples_rclpy_minimal_service/service_member_function.py to service_member_function.cpython-310.pyc
[5.065s] byte-compiling /home/vboxuser/ros2_ws/src/install/examples_rclpy_minimal_service/lib/python3.10/site-packages/examples_rclpy_minimal_service/__init__.py to __init__.cpython-310.pyc
[5.065s] running install_data
[5.066s] creating /home/vboxuser/ros2_ws/src/install/examples_rclpy_minimal_service/share/ament_index
[5.069s] creating /home/vboxuser/ros2_ws/src/install/examples_rclpy_minimal_service/share/ament_index/resource_index
[5.069s] creating /home/vboxuser/ros2_ws/src/install/examples_rclpy_minimal_service/share/ament_index/resource_index/packages
[5.069s] copying resource/examples_rclpy_minimal_service -> /home/vboxuser/ros2_ws/src/install/examples_rclpy_minimal_service/share/ament_index/resource_index/packages
[5.069s] copying package.xml -> /home/vboxuser/ros2_ws/src/install/examples_rclpy_minimal_service/share/examples_rclpy_minimal_service
[5.069s] running install_egg_info
[5.096s] Copying ../../../../build/examples_rclpy_minimal_service/examples_rclpy_minimal_service.egg-info to /home/vboxuser/ros2_ws/src/install/examples_rclpy_minimal_service/lib/python3.10/site-packages/examples_rclpy_minimal_service-0.18.2-py3.10.egg-info
[5.102s] running install_scripts
[5.456s] Installing service script to /home/vboxuser/ros2_ws/src/install/examples_rclpy_minimal_service/lib/examples_rclpy_minimal_service
[5.457s] Installing service_member_function script to /home/vboxuser/ros2_ws/src/install/examples_rclpy_minimal_service/lib/examples_rclpy_minimal_service
[5.457s] writing list of installed files to '/home/vboxuser/ros2_ws/src/build/examples_rclpy_minimal_service/install.log'
[5.633s] Invoked command in '/home/vboxuser/ros2_ws/src/examples/rclpy/services/minimal_service' returned '0': PYTHONPATH=/home/vboxuser/ros2_ws/src/build/examples_rclpy_minimal_service/prefix_override:/usr/lib/python3/dist-packages/colcon_core/task/python/colcon_distutils_commands:/home/vboxuser/ros2_ws/src/install/examples_rclpy_minimal_service/lib/python3.10/site-packages:${PYTHONPATH} /usr/bin/python3 -W ignore:setup.py install is deprecated -W ignore:easy_install command is deprecated setup.py egg_info --egg-base ../../../../build/examples_rclpy_minimal_service build --build-base /home/vboxuser/ros2_ws/src/build/examples_rclpy_minimal_service/build install --record /home/vboxuser/ros2_ws/src/build/examples_rclpy_minimal_service/install.log --single-version-externally-managed install_data
