[3.663s] Invoking command in '/home/vboxuser/ros2_ws/src/read_rosbag': PYTHONPATH=/home/vboxuser/ros2_ws/build/read_rosbag/prefix_override:/usr/lib/python3/dist-packages/colcon_core/task/python/colcon_distutils_commands:/home/vboxuser/ros2_ws/install/read_rosbag/lib/python3.10/site-packages:${PYTHONPATH} /usr/bin/python3 -W ignore:setup.py install is deprecated -W ignore:easy_install command is deprecated setup.py egg_info --egg-base ../../build/read_rosbag build --build-base /home/vboxuser/ros2_ws/build/read_rosbag/build install --record /home/vboxuser/ros2_ws/build/read_rosbag/install.log --single-version-externally-managed install_data
[4.839s] running egg_info
[4.841s] writing ../../build/read_rosbag/read_rosbag.egg-info/PKG-INFO
[4.842s] writing dependency_links to ../../build/read_rosbag/read_rosbag.egg-info/dependency_links.txt
[4.842s] writing entry points to ../../build/read_rosbag/read_rosbag.egg-info/entry_points.txt
[4.842s] writing requirements to ../../build/read_rosbag/read_rosbag.egg-info/requires.txt
[4.843s] writing top-level names to ../../build/read_rosbag/read_rosbag.egg-info/top_level.txt
[4.847s] reading manifest file '../../build/read_rosbag/read_rosbag.egg-info/SOURCES.txt'
[4.848s] adding license file 'LICENSE'
[4.850s] writing manifest file '../../build/read_rosbag/read_rosbag.egg-info/SOURCES.txt'
[4.850s] running build
[4.850s] running build_py
[4.850s] copying read_rosbag/load_rosbag.py -> /home/vboxuser/ros2_ws/build/read_rosbag/build/lib/read_rosbag
[4.850s] running install
[4.850s] running install_lib
[4.852s] copying /home/vboxuser/ros2_ws/build/read_rosbag/build/lib/read_rosbag/load_rosbag.py -> /home/vboxuser/ros2_ws/install/read_rosbag/lib/python3.10/site-packages/read_rosbag
[4.857s] byte-compiling /home/vboxuser/ros2_ws/install/read_rosbag/lib/python3.10/site-packages/read_rosbag/load_rosbag.py to load_rosbag.cpython-310.pyc
[4.860s] running install_data
[4.861s] running install_egg_info
[4.868s] removing '/home/vboxuser/ros2_ws/install/read_rosbag/lib/python3.10/site-packages/read_rosbag-0.0.0-py3.10.egg-info' (and everything under it)
[4.870s] Copying ../../build/read_rosbag/read_rosbag.egg-info to /home/vboxuser/ros2_ws/install/read_rosbag/lib/python3.10/site-packages/read_rosbag-0.0.0-py3.10.egg-info
[4.876s] running install_scripts
[4.939s] Installing load_rosbag script to /home/vboxuser/ros2_ws/install/read_rosbag/lib/read_rosbag
[4.940s] writing list of installed files to '/home/vboxuser/ros2_ws/build/read_rosbag/install.log'
[4.991s] Invoked command in '/home/vboxuser/ros2_ws/src/read_rosbag' returned '0': PYTHONPATH=/home/vboxuser/ros2_ws/build/read_rosbag/prefix_override:/usr/lib/python3/dist-packages/colcon_core/task/python/colcon_distutils_commands:/home/vboxuser/ros2_ws/install/read_rosbag/lib/python3.10/site-packages:${PYTHONPATH} /usr/bin/python3 -W ignore:setup.py install is deprecated -W ignore:easy_install command is deprecated setup.py egg_info --egg-base ../../build/read_rosbag build --build-base /home/vboxuser/ros2_ws/build/read_rosbag/build install --record /home/vboxuser/ros2_ws/build/read_rosbag/install.log --single-version-externally-managed install_data
