[0.170s] Invoking command in '/home/vboxuser/ros2_ws/build/serial_driver': AMENT_PREFIX_PATH=/home/vboxuser/ros2_ws/install/io_context:/home/vboxuser/ros2_ws/install/asio_cmake_module CMAKE_PREFIX_PATH=/home/vboxuser/ros2_ws/install/io_context:/home/vboxuser/ros2_ws/install/asio_cmake_module LD_LIBRARY_PATH=/home/vboxuser/ros2_ws/install/io_context/lib /usr/bin/cmake --build /home/vboxuser/ros2_ws/build/serial_driver -- -j4 -l4
[1.140s] [ 20%] Built target serial_driver
[1.266s] [ 33%] Built target gtest
[1.701s] [ 46%] Built target serial_driver_nodes
[1.996s] [ 60%] Built target gtest_main
[2.229s] [ 73%] Built target serial_bridge
[2.378s] [ 86%] Built target test_serial_port
[2.576s] [100%] Built target test_serial_driver
[2.623s] Invoked command in '/home/vboxuser/ros2_ws/build/serial_driver' returned '0': AMENT_PREFIX_PATH=/home/vboxuser/ros2_ws/install/io_context:/home/vboxuser/ros2_ws/install/asio_cmake_module CMAKE_PREFIX_PATH=/home/vboxuser/ros2_ws/install/io_context:/home/vboxuser/ros2_ws/install/asio_cmake_module LD_LIBRARY_PATH=/home/vboxuser/ros2_ws/install/io_context/lib /usr/bin/cmake --build /home/vboxuser/ros2_ws/build/serial_driver -- -j4 -l4
[2.635s] Invoking command in '/home/vboxuser/ros2_ws/build/serial_driver': AMENT_PREFIX_PATH=/home/vboxuser/ros2_ws/install/io_context:/home/vboxuser/ros2_ws/install/asio_cmake_module CMAKE_PREFIX_PATH=/home/vboxuser/ros2_ws/install/io_context:/home/vboxuser/ros2_ws/install/asio_cmake_module LD_LIBRARY_PATH=/home/vboxuser/ros2_ws/install/io_context/lib /usr/bin/cmake --install /home/vboxuser/ros2_ws/build/serial_driver
[2.674s] -- Install configuration: ""
[2.699s] -- Up-to-date: /home/vboxuser/ros2_ws/install/serial_driver/lib/serial_driver/serial_bridge
[2.718s] -- Up-to-date: /home/vboxuser/ros2_ws/install/serial_driver/include
[2.719s] -- Up-to-date: /home/vboxuser/ros2_ws/install/serial_driver/include/serial_driver
[2.719s] -- Up-to-date: /home/vboxuser/ros2_ws/install/serial_driver/include/serial_driver/serial_port.hpp
[2.719s] -- Up-to-date: /home/vboxuser/ros2_ws/install/serial_driver/include/serial_driver/visibility_control.hpp
[2.719s] -- Up-to-date: /home/vboxuser/ros2_ws/install/serial_driver/include/serial_driver/serial_driver.hpp
[2.719s] -- Up-to-date: /home/vboxuser/ros2_ws/install/serial_driver/include/serial_driver/serial_bridge_node.hpp
[2.719s] -- Up-to-date: /home/vboxuser/ros2_ws/install/serial_driver/share/serial_driver/environment/library_path.sh
[2.719s] -- Up-to-date: /home/vboxuser/ros2_ws/install/serial_driver/share/serial_driver/environment/library_path.dsv
[2.747s] -- Up-to-date: /home/vboxuser/ros2_ws/install/serial_driver/lib/libserial_driver.so
[2.841s] -- Up-to-date: /home/vboxuser/ros2_ws/install/serial_driver/lib/libserial_driver_nodes.so
[2.842s] -- Up-to-date: /home/vboxuser/ros2_ws/install/serial_driver/share/serial_driver/launch
[2.842s] -- Up-to-date: /home/vboxuser/ros2_ws/install/serial_driver/share/serial_driver/launch/serial_driver_bridge_node.launch.py
[2.842s] -- Up-to-date: /home/vboxuser/ros2_ws/install/serial_driver/share/serial_driver/params
[2.842s] -- Up-to-date: /home/vboxuser/ros2_ws/install/serial_driver/share/serial_driver/params/example.params.yaml
[2.842s] -- Up-to-date: /home/vboxuser/ros2_ws/install/serial_driver/share/ament_index/resource_index/package_run_dependencies/serial_driver
[2.842s] -- Up-to-date: /home/vboxuser/ros2_ws/install/serial_driver/share/ament_index/resource_index/parent_prefix_path/serial_driver
[2.842s] -- Up-to-date: /home/vboxuser/ros2_ws/install/serial_driver/share/serial_driver/environment/ament_prefix_path.dsv
[2.845s] -- Up-to-date: /home/vboxuser/ros2_ws/install/serial_driver/share/serial_driver/environment/path.dsv
[2.845s] -- Up-to-date: /home/vboxuser/ros2_ws/install/serial_driver/share/serial_driver/local_setup.bash
[2.845s] -- Up-to-date: /home/vboxuser/ros2_ws/install/serial_driver/share/serial_driver/local_setup.sh
[2.845s] -- Up-to-date: /home/vboxuser/ros2_ws/install/serial_driver/share/serial_driver/local_setup.zsh
[2.846s] -- Up-to-date: /home/vboxuser/ros2_ws/install/serial_driver/share/serial_driver/local_setup.dsv
[2.846s] -- Installing: /home/vboxuser/ros2_ws/install/serial_driver/share/serial_driver/package.dsv
[2.870s] -- Up-to-date: /home/vboxuser/ros2_ws/install/serial_driver/share/ament_index/resource_index/packages/serial_driver
[2.870s] -- Up-to-date: /home/vboxuser/ros2_ws/install/serial_driver/share/ament_index/resource_index/rclcpp_components/serial_driver
[2.870s] -- Up-to-date: /home/vboxuser/ros2_ws/install/serial_driver/share/serial_driver/cmake/ament_cmake_export_dependencies-extras.cmake
[2.870s] -- Up-to-date: /home/vboxuser/ros2_ws/install/serial_driver/share/serial_driver/cmake/ament_cmake_export_include_directories-extras.cmake
[2.870s] -- Up-to-date: /home/vboxuser/ros2_ws/install/serial_driver/share/serial_driver/cmake/ament_cmake_export_libraries-extras.cmake
[2.870s] -- Up-to-date: /home/vboxuser/ros2_ws/install/serial_driver/share/serial_driver/cmake/serial_driver-extras.cmake
[2.870s] -- Up-to-date: /home/vboxuser/ros2_ws/install/serial_driver/share/serial_driver/cmake/serial_driverConfig.cmake
[2.870s] -- Up-to-date: /home/vboxuser/ros2_ws/install/serial_driver/share/serial_driver/cmake/serial_driverConfig-version.cmake
[2.871s] -- Up-to-date: /home/vboxuser/ros2_ws/install/serial_driver/share/serial_driver/package.xml
[2.929s] Invoked command in '/home/vboxuser/ros2_ws/build/serial_driver' returned '0': AMENT_PREFIX_PATH=/home/vboxuser/ros2_ws/install/io_context:/home/vboxuser/ros2_ws/install/asio_cmake_module CMAKE_PREFIX_PATH=/home/vboxuser/ros2_ws/install/io_context:/home/vboxuser/ros2_ws/install/asio_cmake_module LD_LIBRARY_PATH=/home/vboxuser/ros2_ws/install/io_context/lib /usr/bin/cmake --install /home/vboxuser/ros2_ws/build/serial_driver
