[0.273s] Invoking command in '/home/vboxuser/ros2_ws/build/vesc_driver': AMENT_PREFIX_PATH=/home/vboxuser/ros2_ws/install/serial_driver:/home/vboxuser/ros2_ws/install/io_context:/home/vboxuser/ros2_ws/install/vesc_msgs:/home/vboxuser/ros2_ws/install/asio_cmake_module:${AMENT_PREFIX_PATH} CMAKE_PREFIX_PATH=/home/vboxuser/ros2_ws/install/serial_driver:/home/vboxuser/ros2_ws/install/io_context:/opt/ros/iron:/home/vboxuser/ros2_ws/install/vesc_msgs:/home/vboxuser/ros2_ws/install/asio_cmake_module LD_LIBRARY_PATH=/home/vboxuser/ros2_ws/install/serial_driver/lib:/home/vboxuser/ros2_ws/install/io_context/lib:/home/vboxuser/ros2_ws/install/vesc_msgs/lib:${LD_LIBRARY_PATH} PYTHONPATH=/home/vboxuser/ros2_ws/install/vesc_msgs/lib/python3.10/site-packages:${PYTHONPATH} /usr/bin/cmake --build /home/vboxuser/ros2_ws/build/vesc_driver -- -j4 -l4
[0.745s] [ 20%] Built target vesc_driver_node
[0.840s] [ 70%] Built target vesc_driver
[1.132s] [100%] Built target vesc_device_namer
[1.235s] Invoked command in '/home/vboxuser/ros2_ws/build/vesc_driver' returned '0': AMENT_PREFIX_PATH=/home/vboxuser/ros2_ws/install/serial_driver:/home/vboxuser/ros2_ws/install/io_context:/home/vboxuser/ros2_ws/install/vesc_msgs:/home/vboxuser/ros2_ws/install/asio_cmake_module:${AMENT_PREFIX_PATH} CMAKE_PREFIX_PATH=/home/vboxuser/ros2_ws/install/serial_driver:/home/vboxuser/ros2_ws/install/io_context:/opt/ros/iron:/home/vboxuser/ros2_ws/install/vesc_msgs:/home/vboxuser/ros2_ws/install/asio_cmake_module LD_LIBRARY_PATH=/home/vboxuser/ros2_ws/install/serial_driver/lib:/home/vboxuser/ros2_ws/install/io_context/lib:/home/vboxuser/ros2_ws/install/vesc_msgs/lib:${LD_LIBRARY_PATH} PYTHONPATH=/home/vboxuser/ros2_ws/install/vesc_msgs/lib/python3.10/site-packages:${PYTHONPATH} /usr/bin/cmake --build /home/vboxuser/ros2_ws/build/vesc_driver -- -j4 -l4
[1.244s] Invoking command in '/home/vboxuser/ros2_ws/build/vesc_driver': AMENT_PREFIX_PATH=/home/vboxuser/ros2_ws/install/serial_driver:/home/vboxuser/ros2_ws/install/io_context:/home/vboxuser/ros2_ws/install/vesc_msgs:/home/vboxuser/ros2_ws/install/asio_cmake_module:${AMENT_PREFIX_PATH} CMAKE_PREFIX_PATH=/home/vboxuser/ros2_ws/install/serial_driver:/home/vboxuser/ros2_ws/install/io_context:/opt/ros/iron:/home/vboxuser/ros2_ws/install/vesc_msgs:/home/vboxuser/ros2_ws/install/asio_cmake_module LD_LIBRARY_PATH=/home/vboxuser/ros2_ws/install/serial_driver/lib:/home/vboxuser/ros2_ws/install/io_context/lib:/home/vboxuser/ros2_ws/install/vesc_msgs/lib:${LD_LIBRARY_PATH} PYTHONPATH=/home/vboxuser/ros2_ws/install/vesc_msgs/lib/python3.10/site-packages:${PYTHONPATH} /usr/bin/cmake --install /home/vboxuser/ros2_ws/build/vesc_driver
[1.324s] -- Install configuration: ""
[1.370s] -- Up-to-date: /home/vboxuser/ros2_ws/install/vesc_driver/lib/vesc_driver/vesc_driver_node
[1.370s] -- Up-to-date: /home/vboxuser/ros2_ws/install/vesc_driver/include
[1.370s] -- Up-to-date: /home/vboxuser/ros2_ws/install/vesc_driver/include/vesc_driver
[1.370s] -- Up-to-date: /home/vboxuser/ros2_ws/install/vesc_driver/include/vesc_driver/vesc_interface.hpp
[1.371s] -- Up-to-date: /home/vboxuser/ros2_ws/install/vesc_driver/include/vesc_driver/vesc_driver.hpp
[1.371s] -- Up-to-date: /home/vboxuser/ros2_ws/install/vesc_driver/include/vesc_driver/vesc_packet_factory.hpp
[1.371s] -- Up-to-date: /home/vboxuser/ros2_ws/install/vesc_driver/include/vesc_driver/crc.hpp
[1.371s] -- Up-to-date: /home/vboxuser/ros2_ws/install/vesc_driver/include/vesc_driver/datatypes.hpp
[1.371s] -- Up-to-date: /home/vboxuser/ros2_ws/install/vesc_driver/include/vesc_driver/vesc_packet.hpp
[1.371s] -- Up-to-date: /home/vboxuser/ros2_ws/install/vesc_driver/include/vesc_driver/vesc_device_uuid_lookup.hpp
[1.371s] -- Up-to-date: /home/vboxuser/ros2_ws/install/vesc_driver/share/vesc_driver/environment/library_path.sh
[1.371s] -- Up-to-date: /home/vboxuser/ros2_ws/install/vesc_driver/share/vesc_driver/environment/library_path.dsv
[1.433s] -- Up-to-date: /home/vboxuser/ros2_ws/install/vesc_driver/lib/libvesc_driver.so
[1.454s] -- Up-to-date: /home/vboxuser/ros2_ws/install/vesc_driver/lib/vesc_driver/vesc_device_namer
[1.455s] -- Up-to-date: /home/vboxuser/ros2_ws/install/vesc_driver/share/vesc_driver/launch
[1.455s] -- Up-to-date: /home/vboxuser/ros2_ws/install/vesc_driver/share/vesc_driver/launch/vesc_driver_node.launch.py
[1.455s] -- Up-to-date: /home/vboxuser/ros2_ws/install/vesc_driver/share/vesc_driver/params
[1.455s] -- Up-to-date: /home/vboxuser/ros2_ws/install/vesc_driver/share/vesc_driver/params/vesc_config.yaml
[1.455s] -- Up-to-date: /home/vboxuser/ros2_ws/install/vesc_driver/share/ament_index/resource_index/package_run_dependencies/vesc_driver
[1.455s] -- Up-to-date: /home/vboxuser/ros2_ws/install/vesc_driver/share/ament_index/resource_index/parent_prefix_path/vesc_driver
[1.456s] -- Up-to-date: /home/vboxuser/ros2_ws/install/vesc_driver/share/vesc_driver/environment/ament_prefix_path.sh
[1.465s] -- Up-to-date: /home/vboxuser/ros2_ws/install/vesc_driver/share/vesc_driver/environment/ament_prefix_path.dsv
[1.465s] -- Up-to-date: /home/vboxuser/ros2_ws/install/vesc_driver/share/vesc_driver/environment/path.sh
[1.465s] -- Up-to-date: /home/vboxuser/ros2_ws/install/vesc_driver/share/vesc_driver/environment/path.dsv
[1.466s] -- Up-to-date: /home/vboxuser/ros2_ws/install/vesc_driver/share/vesc_driver/local_setup.bash
[1.468s] -- Up-to-date: /home/vboxuser/ros2_ws/install/vesc_driver/share/vesc_driver/local_setup.sh
[1.468s] -- Up-to-date: /home/vboxuser/ros2_ws/install/vesc_driver/share/vesc_driver/local_setup.zsh
[1.468s] -- Up-to-date: /home/vboxuser/ros2_ws/install/vesc_driver/share/vesc_driver/local_setup.dsv
[1.470s] -- Installing: /home/vboxuser/ros2_ws/install/vesc_driver/share/vesc_driver/package.dsv
[1.470s] -- Up-to-date: /home/vboxuser/ros2_ws/install/vesc_driver/share/ament_index/resource_index/packages/vesc_driver
[1.478s] -- Up-to-date: /home/vboxuser/ros2_ws/install/vesc_driver/share/ament_index/resource_index/rclcpp_components/vesc_driver
[1.478s] -- Up-to-date: /home/vboxuser/ros2_ws/install/vesc_driver/share/vesc_driver/cmake/ament_cmake_export_dependencies-extras.cmake
[1.479s] -- Up-to-date: /home/vboxuser/ros2_ws/install/vesc_driver/share/vesc_driver/cmake/ament_cmake_export_include_directories-extras.cmake
[1.480s] -- Up-to-date: /home/vboxuser/ros2_ws/install/vesc_driver/share/vesc_driver/cmake/ament_cmake_export_libraries-extras.cmake
[1.481s] -- Up-to-date: /home/vboxuser/ros2_ws/install/vesc_driver/share/vesc_driver/cmake/vesc_driverConfig.cmake
[1.481s] -- Up-to-date: /home/vboxuser/ros2_ws/install/vesc_driver/share/vesc_driver/cmake/vesc_driverConfig-version.cmake
[1.481s] -- Up-to-date: /home/vboxuser/ros2_ws/install/vesc_driver/share/vesc_driver/package.xml
[1.521s] Invoked command in '/home/vboxuser/ros2_ws/build/vesc_driver' returned '0': AMENT_PREFIX_PATH=/home/vboxuser/ros2_ws/install/serial_driver:/home/vboxuser/ros2_ws/install/io_context:/home/vboxuser/ros2_ws/install/vesc_msgs:/home/vboxuser/ros2_ws/install/asio_cmake_module:${AMENT_PREFIX_PATH} CMAKE_PREFIX_PATH=/home/vboxuser/ros2_ws/install/serial_driver:/home/vboxuser/ros2_ws/install/io_context:/opt/ros/iron:/home/vboxuser/ros2_ws/install/vesc_msgs:/home/vboxuser/ros2_ws/install/asio_cmake_module LD_LIBRARY_PATH=/home/vboxuser/ros2_ws/install/serial_driver/lib:/home/vboxuser/ros2_ws/install/io_context/lib:/home/vboxuser/ros2_ws/install/vesc_msgs/lib:${LD_LIBRARY_PATH} PYTHONPATH=/home/vboxuser/ros2_ws/install/vesc_msgs/lib/python3.10/site-packages:${PYTHONPATH} /usr/bin/cmake --install /home/vboxuser/ros2_ws/build/vesc_driver
