[0.074s] Invoking command in '/home/vboxuser/ros2_ws/build/my_package': /usr/bin/cmake --build /home/vboxuser/ros2_ws/build/my_package -- -j4 -l4
[0.544s] [100%] Built target my_node
[0.669s] Invoked command in '/home/vboxuser/ros2_ws/build/my_package' returned '0': /usr/bin/cmake --build /home/vboxuser/ros2_ws/build/my_package -- -j4 -l4
[0.698s] Invoking command in '/home/vboxuser/ros2_ws/build/my_package': /usr/bin/cmake --install /home/vboxuser/ros2_ws/build/my_package
[0.711s] -- Install configuration: ""
[0.713s] -- Up-to-date: /home/vboxuser/ros2_ws/install/my_package/lib/my_package/my_node
[0.713s] -- Up-to-date: /home/vboxuser/ros2_ws/install/my_package/share/ament_index/resource_index/package_run_dependencies/my_package
[0.713s] -- Up-to-date: /home/vboxuser/ros2_ws/install/my_package/share/ament_index/resource_index/parent_prefix_path/my_package
[0.714s] -- Up-to-date: /home/vboxuser/ros2_ws/install/my_package/share/my_package/environment/ament_prefix_path.dsv
[0.714s] -- Up-to-date: /home/vboxuser/ros2_ws/install/my_package/share/my_package/environment/path.dsv
[0.715s] -- Up-to-date: /home/vboxuser/ros2_ws/install/my_package/share/my_package/local_setup.bash
[0.715s] -- Up-to-date: /home/vboxuser/ros2_ws/install/my_package/share/my_package/local_setup.sh
[0.715s] -- Up-to-date: /home/vboxuser/ros2_ws/install/my_package/share/my_package/local_setup.zsh
[0.715s] -- Up-to-date: /home/vboxuser/ros2_ws/install/my_package/share/my_package/local_setup.dsv
[0.715s] -- Installing: /home/vboxuser/ros2_ws/install/my_package/share/my_package/package.dsv
[0.715s] -- Up-to-date: /home/vboxuser/ros2_ws/install/my_package/share/ament_index/resource_index/packages/my_package
[0.715s] -- Up-to-date: /home/vboxuser/ros2_ws/install/my_package/share/my_package/cmake/my_packageConfig.cmake
[0.716s] -- Up-to-date: /home/vboxuser/ros2_ws/install/my_package/share/my_package/cmake/my_packageConfig-version.cmake
[0.716s] -- Up-to-date: /home/vboxuser/ros2_ws/install/my_package/share/my_package/package.xml
[1.560s] Invoked command in '/home/vboxuser/ros2_ws/build/my_package' returned '0': /usr/bin/cmake --install /home/vboxuser/ros2_ws/build/my_package
