[5.016s] Invoking command in '/home/vboxuser/ros2_ws/src/BMS_BQ769X2/src/bms_visualizer': PYTHONPATH=/home/vboxuser/ros2_ws/build/bms_visualizer/prefix_override:/usr/lib/python3/dist-packages/colcon_core/task/python/colcon_distutils_commands:/home/vboxuser/ros2_ws/install/bms_visualizer/lib/python3.10/site-packages: /usr/bin/python3 -W ignore:setup.py install is deprecated -W ignore:easy_install command is deprecated setup.py egg_info --egg-base ../../../../build/bms_visualizer build --build-base /home/vboxuser/ros2_ws/build/bms_visualizer/build install --record /home/vboxuser/ros2_ws/build/bms_visualizer/install.log --single-version-externally-managed install_data
[6.138s] running egg_info
[6.193s] writing ../../../../build/bms_visualizer/bms_visualizer.egg-info/PKG-INFO
[6.194s] writing dependency_links to ../../../../build/bms_visualizer/bms_visualizer.egg-info/dependency_links.txt
[6.194s] writing entry points to ../../../../build/bms_visualizer/bms_visualizer.egg-info/entry_points.txt
[6.195s] writing requirements to ../../../../build/bms_visualizer/bms_visualizer.egg-info/requires.txt
[6.200s] writing top-level names to ../../../../build/bms_visualizer/bms_visualizer.egg-info/top_level.txt
[6.200s] reading manifest file '../../../../build/bms_visualizer/bms_visualizer.egg-info/SOURCES.txt'
[6.201s] writing manifest file '../../../../build/bms_visualizer/bms_visualizer.egg-info/SOURCES.txt'
[6.201s] running build
[6.202s] running build_py
[6.202s] running install
[6.202s] running install_lib
[6.202s] running install_data
[6.202s] running install_egg_info
[6.203s] removing '/home/vboxuser/ros2_ws/install/bms_visualizer/lib/python3.10/site-packages/bms_visualizer-0.0.0-py3.10.egg-info' (and everything under it)
[6.203s] Copying ../../../../build/bms_visualizer/bms_visualizer.egg-info to /home/vboxuser/ros2_ws/install/bms_visualizer/lib/python3.10/site-packages/bms_visualizer-0.0.0-py3.10.egg-info
[6.271s] running install_scripts
[6.781s] Installing bms_visualizer_node script to /home/vboxuser/ros2_ws/install/bms_visualizer/lib/bms_visualizer
[6.797s] writing list of installed files to '/home/vboxuser/ros2_ws/build/bms_visualizer/install.log'
[7.316s] Invoked command in '/home/vboxuser/ros2_ws/src/BMS_BQ769X2/src/bms_visualizer' returned '0': PYTHONPATH=/home/vboxuser/ros2_ws/build/bms_visualizer/prefix_override:/usr/lib/python3/dist-packages/colcon_core/task/python/colcon_distutils_commands:/home/vboxuser/ros2_ws/install/bms_visualizer/lib/python3.10/site-packages: /usr/bin/python3 -W ignore:setup.py install is deprecated -W ignore:easy_install command is deprecated setup.py egg_info --egg-base ../../../../build/bms_visualizer build --build-base /home/vboxuser/ros2_ws/build/bms_visualizer/build install --record /home/vboxuser/ros2_ws/build/bms_visualizer/install.log --single-version-externally-managed install_data
