running egg_info
writing ../../../../build/bms_visualizer/bms_visualizer.egg-info/PKG-INFO
writing dependency_links to ../../../../build/bms_visualizer/bms_visualizer.egg-info/dependency_links.txt
writing entry points to ../../../../build/bms_visualizer/bms_visualizer.egg-info/entry_points.txt
writing requirements to ../../../../build/bms_visualizer/bms_visualizer.egg-info/requires.txt
writing top-level names to ../../../../build/bms_visualizer/bms_visualizer.egg-info/top_level.txt
reading manifest file '../../../../build/bms_visualizer/bms_visualizer.egg-info/SOURCES.txt'
writing manifest file '../../../../build/bms_visualizer/bms_visualizer.egg-info/SOURCES.txt'
running build
running build_py
copying bms_visualizer/bms_visualizer_node.py -> /home/vboxuser/ros2_ws/build/bms_visualizer/build/lib/bms_visualizer
running install
running install_lib
copying /home/vboxuser/ros2_ws/build/bms_visualizer/build/lib/bms_visualizer/bms_visualizer_node.py -> /home/vboxuser/ros2_ws/install/bms_visualizer/lib/python3.10/site-packages/bms_visualizer
byte-compiling /home/vboxuser/ros2_ws/install/bms_visualizer/lib/python3.10/site-packages/bms_visualizer/bms_visualizer_node.py to bms_visualizer_node.cpython-310.pyc
running install_data
running install_egg_info
removing '/home/vboxuser/ros2_ws/install/bms_visualizer/lib/python3.10/site-packages/bms_visualizer-0.0.0-py3.10.egg-info' (and everything under it)
Copying ../../../../build/bms_visualizer/bms_visualizer.egg-info to /home/vboxuser/ros2_ws/install/bms_visualizer/lib/python3.10/site-packages/bms_visualizer-0.0.0-py3.10.egg-info
running install_scripts
Installing bms_visualizer_node script to /home/vboxuser/ros2_ws/install/bms_visualizer/lib/bms_visualizer
writing list of installed files to '/home/vboxuser/ros2_ws/build/bms_visualizer/install.log'
