[  0%] Built target turtlesim__rosidl_generator_type_description
[  1%] Built target turtlesim__cpp
[  1%] Built target ament_cmake_python_copy_turtlesim
[35m[1mConsolidate compiler generated dependencies of target turtlesim__rosidl_generator_c[0m
[ 24%] Built target turtlesim__rosidl_generator_c
[35m[1mConsolidate compiler generated dependencies of target turtlesim__rosidl_typesupport_fastrtps_cpp[0m
[35m[1mConsolidate compiler generated dependencies of target turtlesim__rosidl_typesupport_introspection_c[0m
[35m[1mConsolidate compiler generated dependencies of target turtlesim__rosidl_typesupport_fastrtps_c[0m
[ 32%] Built target turtlesim__rosidl_typesupport_fastrtps_cpp
[ 41%] Built target turtlesim__rosidl_typesupport_introspection_c
[ 50%] Built target turtlesim__rosidl_typesupport_fastrtps_c
[35m[1mConsolidate compiler generated dependencies of target turtlesim__rosidl_typesupport_introspection_cpp[0m
[ 58%] Built target turtlesim__rosidl_typesupport_introspection_cpp
[35m[1mConsolidate compiler generated dependencies of target turtlesim__rosidl_typesupport_c[0m
[35m[1mConsolidate compiler generated dependencies of target turtlesim__rosidl_typesupport_cpp[0m
[ 67%] Built target turtlesim__rosidl_typesupport_c
[ 75%] Built target turtlesim__rosidl_typesupport_cpp
[35m[1mConsolidate compiler generated dependencies of target turtlesim_node[0m
[ 75%] Built target turtlesim
[35m[1mConsolidate compiler generated dependencies of target turtle_teleop_key[0m
[35m[1mConsolidate compiler generated dependencies of target draw_square[0m
[ 76%] Built target draw_square
[ 78%] Built target turtle_teleop_key
[ 84%] Built target turtlesim_node
[35m[1mConsolidate compiler generated dependencies of target mimic[0m
[ 84%] Built target turtlesim__py
[ 86%] Built target mimic
running egg_info
writing turtlesim.egg-info/PKG-INFO
writing dependency_links to turtlesim.egg-info/dependency_links.txt
writing top-level names to turtlesim.egg-info/top_level.txt
reading manifest file 'turtlesim.egg-info/SOURCES.txt'
writing manifest file 'turtlesim.egg-info/SOURCES.txt'
[ 86%] Built target ament_cmake_python_build_turtlesim_egg
[35m[1mConsolidate compiler generated dependencies of target turtlesim__rosidl_generator_py[0m
[ 94%] Built target turtlesim__rosidl_generator_py
[35m[1mConsolidate compiler generated dependencies of target turtlesim__rosidl_typesupport_introspection_c__pyext[0m
[ 96%] Built target turtlesim__rosidl_typesupport_introspection_c__pyext
[35m[1mConsolidate compiler generated dependencies of target turtlesim__rosidl_typesupport_fastrtps_c__pyext[0m
[35m[1mConsolidate compiler generated dependencies of target turtlesim__rosidl_typesupport_c__pyext[0m
[ 98%] Built target turtlesim__rosidl_typesupport_fastrtps_c__pyext
[100%] Built target turtlesim__rosidl_typesupport_c__pyext
-- Install configuration: ""
-- Up-to-date: /home/vboxuser/ros2_ws/install/turtlesim/include/turtlesim/turtlesim
-- Up-to-date: /home/vboxuser/ros2_ws/install/turtlesim/include/turtlesim/turtlesim/action
-- Up-to-date: /home/vboxuser/ros2_ws/install/turtlesim/include/turtlesim/turtlesim/action/detail
-- Up-to-date: /home/vboxuser/ros2_ws/install/turtlesim/include/turtlesim/turtlesim/action/detail/rotate_absolute__description.c
-- Up-to-date: /home/vboxuser/ros2_ws/install/turtlesim/include/turtlesim/turtlesim/action/detail/rotate_absolute__functions.c
-- Installing: /home/vboxuser/ros2_ws/install/turtlesim/include/turtlesim/turtlesim/action/detail/rotate_absolute__type_support.c
-- Up-to-date: /home/vboxuser/ros2_ws/install/turtlesim/include/turtlesim/turtlesim/srv
-- Up-to-date: /home/vboxuser/ros2_ws/install/turtlesim/include/turtlesim/turtlesim/srv/detail
-- Up-to-date: /home/vboxuser/ros2_ws/install/turtlesim/include/turtlesim/turtlesim/srv/detail/teleport_relative__description.c
-- Up-to-date: /home/vboxuser/ros2_ws/install/turtlesim/include/turtlesim/turtlesim/srv/detail/teleport_relative__functions.c
-- Up-to-date: /home/vboxuser/ros2_ws/install/turtlesim/include/turtlesim/turtlesim/srv/detail/set_pen__functions.c
-- Up-to-date: /home/vboxuser/ros2_ws/install/turtlesim/include/turtlesim/turtlesim/srv/detail/kill__functions.c
-- Up-to-date: /home/vboxuser/ros2_ws/install/turtlesim/include/turtlesim/turtlesim/srv/detail/teleport_absolute__functions.c
-- Installing: /home/vboxuser/ros2_ws/install/turtlesim/include/turtlesim/turtlesim/srv/detail/spawn__type_support.c
-- Installing: /home/vboxuser/ros2_ws/install/turtlesim/include/turtlesim/turtlesim/srv/detail/teleport_absolute__type_support.c
-- Installing: /home/vboxuser/ros2_ws/install/turtlesim/include/turtlesim/turtlesim/srv/detail/teleport_relative__type_support.c
-- Up-to-date: /home/vboxuser/ros2_ws/install/turtlesim/include/turtlesim/turtlesim/srv/detail/set_pen__description.c
-- Up-to-date: /home/vboxuser/ros2_ws/install/turtlesim/include/turtlesim/turtlesim/srv/detail/spawn__description.c
-- Installing: /home/vboxuser/ros2_ws/install/turtlesim/include/turtlesim/turtlesim/srv/detail/set_pen__type_support.c
-- Installing: /home/vboxuser/ros2_ws/install/turtlesim/include/turtlesim/turtlesim/srv/detail/kill__type_support.c
-- Up-to-date: /home/vboxuser/ros2_ws/install/turtlesim/include/turtlesim/turtlesim/srv/detail/teleport_absolute__description.c
-- Up-to-date: /home/vboxuser/ros2_ws/install/turtlesim/include/turtlesim/turtlesim/srv/detail/kill__description.c
-- Up-to-date: /home/vboxuser/ros2_ws/install/turtlesim/include/turtlesim/turtlesim/srv/detail/spawn__functions.c
-- Up-to-date: /home/vboxuser/ros2_ws/install/turtlesim/include/turtlesim/turtlesim/msg
-- Up-to-date: /home/vboxuser/ros2_ws/install/turtlesim/include/turtlesim/turtlesim/msg/detail
-- Up-to-date: /home/vboxuser/ros2_ws/install/turtlesim/include/turtlesim/turtlesim/msg/detail/color__functions.c
-- Up-to-date: /home/vboxuser/ros2_ws/install/turtlesim/include/turtlesim/turtlesim/msg/detail/pose__functions.c
-- Installing: /home/vboxuser/ros2_ws/install/turtlesim/include/turtlesim/turtlesim/msg/detail/pose__type_support.c
-- Up-to-date: /home/vboxuser/ros2_ws/install/turtlesim/include/turtlesim/turtlesim/msg/detail/color__description.c
-- Up-to-date: /home/vboxuser/ros2_ws/install/turtlesim/include/turtlesim/turtlesim/msg/detail/pose__description.c
-- Installing: /home/vboxuser/ros2_ws/install/turtlesim/include/turtlesim/turtlesim/msg/detail/color__type_support.c
-- Up-to-date: /home/vboxuser/ros2_ws/install/turtlesim/lib/libturtlesim__rosidl_generator_c.so
-- Up-to-date: /home/vboxuser/ros2_ws/install/turtlesim/include/turtlesim/turtlesim
-- Up-to-date: /home/vboxuser/ros2_ws/install/turtlesim/include/turtlesim/turtlesim/action
-- Up-to-date: /home/vboxuser/ros2_ws/install/turtlesim/include/turtlesim/turtlesim/action/detail
-- Up-to-date: /home/vboxuser/ros2_ws/install/turtlesim/include/turtlesim/turtlesim/srv
-- Up-to-date: /home/vboxuser/ros2_ws/install/turtlesim/include/turtlesim/turtlesim/srv/detail
-- Up-to-date: /home/vboxuser/ros2_ws/install/turtlesim/include/turtlesim/turtlesim/msg
-- Up-to-date: /home/vboxuser/ros2_ws/install/turtlesim/include/turtlesim/turtlesim/msg/detail
-- Up-to-date: /home/vboxuser/ros2_ws/install/turtlesim/lib/libturtlesim__rosidl_typesupport_fastrtps_c.so
-- Up-to-date: /home/vboxuser/ros2_ws/install/turtlesim/include/turtlesim/turtlesim
-- Up-to-date: /home/vboxuser/ros2_ws/install/turtlesim/include/turtlesim/turtlesim/action
-- Up-to-date: /home/vboxuser/ros2_ws/install/turtlesim/include/turtlesim/turtlesim/action/detail
-- Up-to-date: /home/vboxuser/ros2_ws/install/turtlesim/include/turtlesim/turtlesim/srv
-- Up-to-date: /home/vboxuser/ros2_ws/install/turtlesim/include/turtlesim/turtlesim/srv/detail
-- Up-to-date: /home/vboxuser/ros2_ws/install/turtlesim/include/turtlesim/turtlesim/msg
-- Up-to-date: /home/vboxuser/ros2_ws/install/turtlesim/include/turtlesim/turtlesim/msg/detail
-- Up-to-date: /home/vboxuser/ros2_ws/install/turtlesim/include/turtlesim/turtlesim
-- Up-to-date: /home/vboxuser/ros2_ws/install/turtlesim/include/turtlesim/turtlesim/action
-- Up-to-date: /home/vboxuser/ros2_ws/install/turtlesim/include/turtlesim/turtlesim/action/detail
-- Up-to-date: /home/vboxuser/ros2_ws/install/turtlesim/include/turtlesim/turtlesim/action/detail/dds_fastrtps
-- Up-to-date: /home/vboxuser/ros2_ws/install/turtlesim/include/turtlesim/turtlesim/srv
-- Up-to-date: /home/vboxuser/ros2_ws/install/turtlesim/include/turtlesim/turtlesim/srv/detail
-- Up-to-date: /home/vboxuser/ros2_ws/install/turtlesim/include/turtlesim/turtlesim/srv/detail/dds_fastrtps
-- Up-to-date: /home/vboxuser/ros2_ws/install/turtlesim/include/turtlesim/turtlesim/msg
-- Up-to-date: /home/vboxuser/ros2_ws/install/turtlesim/include/turtlesim/turtlesim/msg/detail
-- Up-to-date: /home/vboxuser/ros2_ws/install/turtlesim/include/turtlesim/turtlesim/msg/detail/dds_fastrtps
-- Up-to-date: /home/vboxuser/ros2_ws/install/turtlesim/lib/libturtlesim__rosidl_typesupport_fastrtps_cpp.so
-- Up-to-date: /home/vboxuser/ros2_ws/install/turtlesim/include/turtlesim/turtlesim
-- Up-to-date: /home/vboxuser/ros2_ws/install/turtlesim/include/turtlesim/turtlesim/action
-- Up-to-date: /home/vboxuser/ros2_ws/install/turtlesim/include/turtlesim/turtlesim/action/detail
-- Installing: /home/vboxuser/ros2_ws/install/turtlesim/include/turtlesim/turtlesim/action/detail/rotate_absolute__type_support.c
-- Up-to-date: /home/vboxuser/ros2_ws/install/turtlesim/include/turtlesim/turtlesim/srv
-- Up-to-date: /home/vboxuser/ros2_ws/install/turtlesim/include/turtlesim/turtlesim/srv/detail
-- Installing: /home/vboxuser/ros2_ws/install/turtlesim/include/turtlesim/turtlesim/srv/detail/spawn__type_support.c
-- Installing: /home/vboxuser/ros2_ws/install/turtlesim/include/turtlesim/turtlesim/srv/detail/teleport_absolute__type_support.c
-- Installing: /home/vboxuser/ros2_ws/install/turtlesim/include/turtlesim/turtlesim/srv/detail/teleport_relative__type_support.c
-- Installing: /home/vboxuser/ros2_ws/install/turtlesim/include/turtlesim/turtlesim/srv/detail/set_pen__type_support.c
-- Installing: /home/vboxuser/ros2_ws/install/turtlesim/include/turtlesim/turtlesim/srv/detail/kill__type_support.c
-- Up-to-date: /home/vboxuser/ros2_ws/install/turtlesim/include/turtlesim/turtlesim/msg
-- Up-to-date: /home/vboxuser/ros2_ws/install/turtlesim/include/turtlesim/turtlesim/msg/detail
-- Installing: /home/vboxuser/ros2_ws/install/turtlesim/include/turtlesim/turtlesim/msg/detail/pose__type_support.c
-- Installing: /home/vboxuser/ros2_ws/install/turtlesim/include/turtlesim/turtlesim/msg/detail/color__type_support.c
-- Up-to-date: /home/vboxuser/ros2_ws/install/turtlesim/lib/libturtlesim__rosidl_typesupport_introspection_c.so
-- Up-to-date: /home/vboxuser/ros2_ws/install/turtlesim/lib/libturtlesim__rosidl_typesupport_c.so
-- Up-to-date: /home/vboxuser/ros2_ws/install/turtlesim/include/turtlesim/turtlesim
-- Up-to-date: /home/vboxuser/ros2_ws/install/turtlesim/include/turtlesim/turtlesim/action
-- Up-to-date: /home/vboxuser/ros2_ws/install/turtlesim/include/turtlesim/turtlesim/action/detail
-- Up-to-date: /home/vboxuser/ros2_ws/install/turtlesim/include/turtlesim/turtlesim/action/detail/rotate_absolute__type_support.cpp
-- Up-to-date: /home/vboxuser/ros2_ws/install/turtlesim/include/turtlesim/turtlesim/srv
-- Up-to-date: /home/vboxuser/ros2_ws/install/turtlesim/include/turtlesim/turtlesim/srv/detail
-- Up-to-date: /home/vboxuser/ros2_ws/install/turtlesim/include/turtlesim/turtlesim/srv/detail/spawn__type_support.cpp
-- Up-to-date: /home/vboxuser/ros2_ws/install/turtlesim/include/turtlesim/turtlesim/srv/detail/teleport_relative__type_support.cpp
-- Up-to-date: /home/vboxuser/ros2_ws/install/turtlesim/include/turtlesim/turtlesim/srv/detail/teleport_absolute__type_support.cpp
-- Up-to-date: /home/vboxuser/ros2_ws/install/turtlesim/include/turtlesim/turtlesim/srv/detail/set_pen__type_support.cpp
-- Up-to-date: /home/vboxuser/ros2_ws/install/turtlesim/include/turtlesim/turtlesim/srv/detail/kill__type_support.cpp
-- Up-to-date: /home/vboxuser/ros2_ws/install/turtlesim/include/turtlesim/turtlesim/msg
-- Up-to-date: /home/vboxuser/ros2_ws/install/turtlesim/include/turtlesim/turtlesim/msg/detail
-- Up-to-date: /home/vboxuser/ros2_ws/install/turtlesim/include/turtlesim/turtlesim/msg/detail/color__type_support.cpp
-- Up-to-date: /home/vboxuser/ros2_ws/install/turtlesim/include/turtlesim/turtlesim/msg/detail/pose__type_support.cpp
-- Up-to-date: /home/vboxuser/ros2_ws/install/turtlesim/lib/libturtlesim__rosidl_typesupport_introspection_cpp.so
-- Up-to-date: /home/vboxuser/ros2_ws/install/turtlesim/lib/libturtlesim__rosidl_typesupport_cpp.so
-- Up-to-date: /home/vboxuser/ros2_ws/install/turtlesim/lib/python3.10/site-packages/turtlesim-1.6.1-py3.10.egg-info
-- Up-to-date: /home/vboxuser/ros2_ws/install/turtlesim/lib/python3.10/site-packages/turtlesim
-- Up-to-date: /home/vboxuser/ros2_ws/install/turtlesim/lib/python3.10/site-packages/turtlesim/action
-- Up-to-date: /home/vboxuser/ros2_ws/install/turtlesim/lib/python3.10/site-packages/turtlesim/srv
-- Up-to-date: /home/vboxuser/ros2_ws/install/turtlesim/lib/python3.10/site-packages/turtlesim/msg
Listing '/home/vboxuser/ros2_ws/install/turtlesim/lib/python3.10/site-packages/turtlesim'...
Listing '/home/vboxuser/ros2_ws/install/turtlesim/lib/python3.10/site-packages/turtlesim/action'...
Listing '/home/vboxuser/ros2_ws/install/turtlesim/lib/python3.10/site-packages/turtlesim/msg'...
Listing '/home/vboxuser/ros2_ws/install/turtlesim/lib/python3.10/site-packages/turtlesim/srv'...
-- Up-to-date: /home/vboxuser/ros2_ws/install/turtlesim/lib/libturtlesim__rosidl_generator_py.so
-- Up-to-date: /home/vboxuser/ros2_ws/install/turtlesim/share/turtlesim/images
-- Up-to-date: /home/vboxuser/ros2_ws/install/turtlesim/share/turtlesim/images/iron.png
-- Up-to-date: /home/vboxuser/ros2_ws/install/turtlesim/share/turtlesim/images/dashing.png
-- Up-to-date: /home/vboxuser/ros2_ws/install/turtlesim/share/turtlesim/images/eloquent.png
-- Up-to-date: /home/vboxuser/ros2_ws/install/turtlesim/share/turtlesim/images/humble.png
-- Up-to-date: /home/vboxuser/ros2_ws/install/turtlesim/share/turtlesim/images/bouncy.png
-- Up-to-date: /home/vboxuser/ros2_ws/install/turtlesim/share/turtlesim/images/ardent.png
-- Up-to-date: /home/vboxuser/ros2_ws/install/turtlesim/share/turtlesim/images/rolling.png
-- Up-to-date: /home/vboxuser/ros2_ws/install/turtlesim/share/turtlesim/images/foxy.png
-- Up-to-date: /home/vboxuser/ros2_ws/install/turtlesim/share/turtlesim/images/galactic.png
-- Up-to-date: /home/vboxuser/ros2_ws/install/turtlesim/share/turtlesim/images/crystal.png
-- Up-to-date: /home/vboxuser/ros2_ws/install/turtlesim/share/turtlesim/launch
-- Installing: /home/vboxuser/ros2_ws/install/turtlesim/share/turtlesim/package.dsv
-- Up-to-date: /home/vboxuser/ros2_ws/install/turtlesim/share/turtlesim/cmake/export_turtlesim__rosidl_generator_cExport.cmake
-- Up-to-date: /home/vboxuser/ros2_ws/install/turtlesim/share/turtlesim/cmake/export_turtlesim__rosidl_generator_cExport-noconfig.cmake
-- Up-to-date: /home/vboxuser/ros2_ws/install/turtlesim/share/turtlesim/cmake/export_turtlesim__rosidl_typesupport_fastrtps_cExport.cmake
-- Up-to-date: /home/vboxuser/ros2_ws/install/turtlesim/share/turtlesim/cmake/export_turtlesim__rosidl_typesupport_fastrtps_cExport-noconfig.cmake
-- Up-to-date: /home/vboxuser/ros2_ws/install/turtlesim/share/turtlesim/cmake/export_turtlesim__rosidl_generator_cppExport.cmake
-- Up-to-date: /home/vboxuser/ros2_ws/install/turtlesim/share/turtlesim/cmake/export_turtlesim__rosidl_typesupport_fastrtps_cppExport.cmake
-- Up-to-date: /home/vboxuser/ros2_ws/install/turtlesim/share/turtlesim/cmake/export_turtlesim__rosidl_typesupport_fastrtps_cppExport-noconfig.cmake
-- Up-to-date: /home/vboxuser/ros2_ws/install/turtlesim/share/turtlesim/cmake/turtlesim__rosidl_typesupport_introspection_cExport.cmake
-- Up-to-date: /home/vboxuser/ros2_ws/install/turtlesim/share/turtlesim/cmake/turtlesim__rosidl_typesupport_introspection_cExport-noconfig.cmake
-- Up-to-date: /home/vboxuser/ros2_ws/install/turtlesim/share/turtlesim/cmake/turtlesim__rosidl_typesupport_cExport.cmake
-- Up-to-date: /home/vboxuser/ros2_ws/install/turtlesim/share/turtlesim/cmake/turtlesim__rosidl_typesupport_cExport-noconfig.cmake
-- Up-to-date: /home/vboxuser/ros2_ws/install/turtlesim/share/turtlesim/cmake/turtlesim__rosidl_typesupport_introspection_cppExport.cmake
-- Up-to-date: /home/vboxuser/ros2_ws/install/turtlesim/share/turtlesim/cmake/turtlesim__rosidl_typesupport_introspection_cppExport-noconfig.cmake
-- Up-to-date: /home/vboxuser/ros2_ws/install/turtlesim/share/turtlesim/cmake/turtlesim__rosidl_typesupport_cppExport.cmake
-- Up-to-date: /home/vboxuser/ros2_ws/install/turtlesim/share/turtlesim/cmake/turtlesim__rosidl_typesupport_cppExport-noconfig.cmake
-- Up-to-date: /home/vboxuser/ros2_ws/install/turtlesim/share/turtlesim/cmake/export_turtlesim__rosidl_generator_pyExport.cmake
-- Up-to-date: /home/vboxuser/ros2_ws/install/turtlesim/share/turtlesim/cmake/export_turtlesim__rosidl_generator_pyExport-noconfig.cmake
