[0.139s] Invoking command in '/home/vboxuser/ros2_ws/build/serial_driver': AMENT_PREFIX_PATH=/home/vboxuser/ros2_ws/install/io_context:/home/vboxuser/ros2_ws/install/asio_cmake_module:${AMENT_PREFIX_PATH} CMAKE_PREFIX_PATH=/home/vboxuser/ros2_ws/install/io_context:/home/vboxuser/ros2_ws/install/asio_cmake_module:/opt/ros/iron LD_LIBRARY_PATH=/home/vboxuser/ros2_ws/install/io_context/lib:${LD_LIBRARY_PATH} /usr/bin/cmake --build /home/vboxuser/ros2_ws/build/serial_driver -- -j4 -l4
[0.422s] [ 13%] Built target gtest_main
[0.460s] [ 26%] Built target gtest
[0.470s] [ 40%] Built target serial_bridge
[0.478s] [ 60%] Built target serial_driver
[0.631s] [ 73%] Built target test_serial_driver
[0.651s] [ 86%] Built target serial_driver_nodes
[0.657s] [100%] Built target test_serial_port
[0.711s] Invoked command in '/home/vboxuser/ros2_ws/build/serial_driver' returned '0': AMENT_PREFIX_PATH=/home/vboxuser/ros2_ws/install/io_context:/home/vboxuser/ros2_ws/install/asio_cmake_module:${AMENT_PREFIX_PATH} CMAKE_PREFIX_PATH=/home/vboxuser/ros2_ws/install/io_context:/home/vboxuser/ros2_ws/install/asio_cmake_module:/opt/ros/iron LD_LIBRARY_PATH=/home/vboxuser/ros2_ws/install/io_context/lib:${LD_LIBRARY_PATH} /usr/bin/cmake --build /home/vboxuser/ros2_ws/build/serial_driver -- -j4 -l4
[0.712s] Invoking command in '/home/vboxuser/ros2_ws/build/serial_driver': AMENT_PREFIX_PATH=/home/vboxuser/ros2_ws/install/io_context:/home/vboxuser/ros2_ws/install/asio_cmake_module:${AMENT_PREFIX_PATH} CMAKE_PREFIX_PATH=/home/vboxuser/ros2_ws/install/io_context:/home/vboxuser/ros2_ws/install/asio_cmake_module:/opt/ros/iron LD_LIBRARY_PATH=/home/vboxuser/ros2_ws/install/io_context/lib:${LD_LIBRARY_PATH} /usr/bin/cmake --install /home/vboxuser/ros2_ws/build/serial_driver
[0.750s] -- Install configuration: ""
[0.753s] -- Up-to-date: /home/vboxuser/ros2_ws/install/serial_driver/lib/serial_driver/serial_bridge
[0.753s] -- Up-to-date: /home/vboxuser/ros2_ws/install/serial_driver/include
[0.754s] -- Up-to-date: /home/vboxuser/ros2_ws/install/serial_driver/include/serial_driver
[0.754s] -- Up-to-date: /home/vboxuser/ros2_ws/install/serial_driver/include/serial_driver/serial_port.hpp
[0.754s] -- Up-to-date: /home/vboxuser/ros2_ws/install/serial_driver/include/serial_driver/visibility_control.hpp
[0.754s] -- Up-to-date: /home/vboxuser/ros2_ws/install/serial_driver/include/serial_driver/serial_driver.hpp
[0.755s] -- Up-to-date: /home/vboxuser/ros2_ws/install/serial_driver/include/serial_driver/serial_bridge_node.hpp
[0.755s] -- Up-to-date: /home/vboxuser/ros2_ws/install/serial_driver/share/serial_driver/environment/library_path.sh
[0.760s] -- Up-to-date: /home/vboxuser/ros2_ws/install/serial_driver/share/serial_driver/environment/library_path.dsv
[0.760s] -- Up-to-date: /home/vboxuser/ros2_ws/install/serial_driver/lib/libserial_driver.so
[0.760s] -- Up-to-date: /home/vboxuser/ros2_ws/install/serial_driver/lib/libserial_driver_nodes.so
[0.760s] -- Up-to-date: /home/vboxuser/ros2_ws/install/serial_driver/share/serial_driver/launch
[0.760s] -- Up-to-date: /home/vboxuser/ros2_ws/install/serial_driver/share/serial_driver/launch/serial_driver_bridge_node.launch.py
[0.760s] -- Up-to-date: /home/vboxuser/ros2_ws/install/serial_driver/share/serial_driver/params
[0.761s] -- Up-to-date: /home/vboxuser/ros2_ws/install/serial_driver/share/serial_driver/params/example.params.yaml
[0.761s] -- Up-to-date: /home/vboxuser/ros2_ws/install/serial_driver/share/ament_index/resource_index/package_run_dependencies/serial_driver
[0.768s] -- Up-to-date: /home/vboxuser/ros2_ws/install/serial_driver/share/ament_index/resource_index/parent_prefix_path/serial_driver
[0.768s] -- Up-to-date: /home/vboxuser/ros2_ws/install/serial_driver/share/serial_driver/environment/ament_prefix_path.dsv
[0.772s] -- Up-to-date: /home/vboxuser/ros2_ws/install/serial_driver/share/serial_driver/environment/path.dsv
[0.772s] -- Up-to-date: /home/vboxuser/ros2_ws/install/serial_driver/share/serial_driver/local_setup.bash
[0.772s] -- Up-to-date: /home/vboxuser/ros2_ws/install/serial_driver/share/serial_driver/local_setup.sh
[0.772s] -- Up-to-date: /home/vboxuser/ros2_ws/install/serial_driver/share/serial_driver/local_setup.zsh
[0.772s] -- Up-to-date: /home/vboxuser/ros2_ws/install/serial_driver/share/serial_driver/local_setup.dsv
[0.772s] -- Installing: /home/vboxuser/ros2_ws/install/serial_driver/share/serial_driver/package.dsv
[0.774s] -- Up-to-date: /home/vboxuser/ros2_ws/install/serial_driver/share/ament_index/resource_index/packages/serial_driver
[0.774s] -- Up-to-date: /home/vboxuser/ros2_ws/install/serial_driver/share/ament_index/resource_index/rclcpp_components/serial_driver
[0.775s] -- Up-to-date: /home/vboxuser/ros2_ws/install/serial_driver/share/serial_driver/cmake/ament_cmake_export_dependencies-extras.cmake
[0.775s] -- Up-to-date: /home/vboxuser/ros2_ws/install/serial_driver/share/serial_driver/cmake/ament_cmake_export_include_directories-extras.cmake
[0.775s] -- Up-to-date: /home/vboxuser/ros2_ws/install/serial_driver/share/serial_driver/cmake/ament_cmake_export_libraries-extras.cmake
[0.775s] -- Up-to-date: /home/vboxuser/ros2_ws/install/serial_driver/share/serial_driver/cmake/serial_driver-extras.cmake
[0.775s] -- Up-to-date: /home/vboxuser/ros2_ws/install/serial_driver/share/serial_driver/cmake/serial_driverConfig.cmake
[0.775s] -- Up-to-date: /home/vboxuser/ros2_ws/install/serial_driver/share/serial_driver/cmake/serial_driverConfig-version.cmake
[0.775s] -- Up-to-date: /home/vboxuser/ros2_ws/install/serial_driver/share/serial_driver/package.xml
[0.788s] Invoked command in '/home/vboxuser/ros2_ws/build/serial_driver' returned '0': AMENT_PREFIX_PATH=/home/vboxuser/ros2_ws/install/io_context:/home/vboxuser/ros2_ws/install/asio_cmake_module:${AMENT_PREFIX_PATH} CMAKE_PREFIX_PATH=/home/vboxuser/ros2_ws/install/io_context:/home/vboxuser/ros2_ws/install/asio_cmake_module:/opt/ros/iron LD_LIBRARY_PATH=/home/vboxuser/ros2_ws/install/io_context/lib:${LD_LIBRARY_PATH} /usr/bin/cmake --install /home/vboxuser/ros2_ws/build/serial_driver
