[0.185s] Invoking command in '/home/vboxuser/ros2_ws/build/vesc': AMENT_PREFIX_PATH=/home/vboxuser/ros2_ws/install/vesc_driver:/home/vboxuser/ros2_ws/install/serial_driver:/home/vboxuser/ros2_ws/install/vesc_ackermann:/home/vboxuser/ros2_ws/install/io_context:/home/vboxuser/ros2_ws/install/vesc_msgs:/home/vboxuser/ros2_ws/install/asio_cmake_module:${AMENT_PREFIX_PATH} CMAKE_PREFIX_PATH=/home/vboxuser/ros2_ws/install/vesc_driver:/home/vboxuser/ros2_ws/install/serial_driver:/home/vboxuser/ros2_ws/install/vesc_ackermann:/home/vboxuser/ros2_ws/install/io_context:/opt/ros/iron:/home/vboxuser/ros2_ws/install/vesc_msgs:/home/vboxuser/ros2_ws/install/asio_cmake_module LD_LIBRARY_PATH=/home/vboxuser/ros2_ws/install/vesc_driver/lib:/home/vboxuser/ros2_ws/install/serial_driver/lib:/home/vboxuser/ros2_ws/install/vesc_ackermann/lib:/home/vboxuser/ros2_ws/install/io_context/lib:/home/vboxuser/ros2_ws/install/vesc_msgs/lib:${LD_LIBRARY_PATH} PYTHONPATH=/home/vboxuser/ros2_ws/install/vesc_msgs/lib/python3.10/site-packages:${PYTHONPATH} /usr/bin/cmake --build /home/vboxuser/ros2_ws/build/vesc -- -j4 -l4
[0.633s] Invoked command in '/home/vboxuser/ros2_ws/build/vesc' returned '0': AMENT_PREFIX_PATH=/home/vboxuser/ros2_ws/install/vesc_driver:/home/vboxuser/ros2_ws/install/serial_driver:/home/vboxuser/ros2_ws/install/vesc_ackermann:/home/vboxuser/ros2_ws/install/io_context:/home/vboxuser/ros2_ws/install/vesc_msgs:/home/vboxuser/ros2_ws/install/asio_cmake_module:${AMENT_PREFIX_PATH} CMAKE_PREFIX_PATH=/home/vboxuser/ros2_ws/install/vesc_driver:/home/vboxuser/ros2_ws/install/serial_driver:/home/vboxuser/ros2_ws/install/vesc_ackermann:/home/vboxuser/ros2_ws/install/io_context:/opt/ros/iron:/home/vboxuser/ros2_ws/install/vesc_msgs:/home/vboxuser/ros2_ws/install/asio_cmake_module LD_LIBRARY_PATH=/home/vboxuser/ros2_ws/install/vesc_driver/lib:/home/vboxuser/ros2_ws/install/serial_driver/lib:/home/vboxuser/ros2_ws/install/vesc_ackermann/lib:/home/vboxuser/ros2_ws/install/io_context/lib:/home/vboxuser/ros2_ws/install/vesc_msgs/lib:${LD_LIBRARY_PATH} PYTHONPATH=/home/vboxuser/ros2_ws/install/vesc_msgs/lib/python3.10/site-packages:${PYTHONPATH} /usr/bin/cmake --build /home/vboxuser/ros2_ws/build/vesc -- -j4 -l4
[0.675s] Invoking command in '/home/vboxuser/ros2_ws/build/vesc': AMENT_PREFIX_PATH=/home/vboxuser/ros2_ws/install/vesc_driver:/home/vboxuser/ros2_ws/install/serial_driver:/home/vboxuser/ros2_ws/install/vesc_ackermann:/home/vboxuser/ros2_ws/install/io_context:/home/vboxuser/ros2_ws/install/vesc_msgs:/home/vboxuser/ros2_ws/install/asio_cmake_module:${AMENT_PREFIX_PATH} CMAKE_PREFIX_PATH=/home/vboxuser/ros2_ws/install/vesc_driver:/home/vboxuser/ros2_ws/install/serial_driver:/home/vboxuser/ros2_ws/install/vesc_ackermann:/home/vboxuser/ros2_ws/install/io_context:/opt/ros/iron:/home/vboxuser/ros2_ws/install/vesc_msgs:/home/vboxuser/ros2_ws/install/asio_cmake_module LD_LIBRARY_PATH=/home/vboxuser/ros2_ws/install/vesc_driver/lib:/home/vboxuser/ros2_ws/install/serial_driver/lib:/home/vboxuser/ros2_ws/install/vesc_ackermann/lib:/home/vboxuser/ros2_ws/install/io_context/lib:/home/vboxuser/ros2_ws/install/vesc_msgs/lib:${LD_LIBRARY_PATH} PYTHONPATH=/home/vboxuser/ros2_ws/install/vesc_msgs/lib/python3.10/site-packages:${PYTHONPATH} /usr/bin/cmake --install /home/vboxuser/ros2_ws/build/vesc
[0.744s] -- Install configuration: ""
[0.744s] -- Up-to-date: /home/vboxuser/ros2_ws/install/vesc/share/ament_index/resource_index/package_run_dependencies/vesc
[0.745s] -- Up-to-date: /home/vboxuser/ros2_ws/install/vesc/share/ament_index/resource_index/parent_prefix_path/vesc
[0.756s] -- Up-to-date: /home/vboxuser/ros2_ws/install/vesc/share/vesc/environment/ament_prefix_path.sh
[0.756s] -- Up-to-date: /home/vboxuser/ros2_ws/install/vesc/share/vesc/environment/ament_prefix_path.dsv
[0.756s] -- Up-to-date: /home/vboxuser/ros2_ws/install/vesc/share/vesc/environment/path.sh
[0.756s] -- Up-to-date: /home/vboxuser/ros2_ws/install/vesc/share/vesc/environment/path.dsv
[0.756s] -- Up-to-date: /home/vboxuser/ros2_ws/install/vesc/share/vesc/local_setup.bash
[0.756s] -- Up-to-date: /home/vboxuser/ros2_ws/install/vesc/share/vesc/local_setup.sh
[0.756s] -- Up-to-date: /home/vboxuser/ros2_ws/install/vesc/share/vesc/local_setup.zsh
[0.757s] -- Up-to-date: /home/vboxuser/ros2_ws/install/vesc/share/vesc/local_setup.dsv
[0.757s] -- Installing: /home/vboxuser/ros2_ws/install/vesc/share/vesc/package.dsv
[0.780s] -- Up-to-date: /home/vboxuser/ros2_ws/install/vesc/share/ament_index/resource_index/packages/vesc
[0.780s] -- Up-to-date: /home/vboxuser/ros2_ws/install/vesc/share/vesc/cmake/vescConfig.cmake
[0.780s] -- Up-to-date: /home/vboxuser/ros2_ws/install/vesc/share/vesc/cmake/vescConfig-version.cmake
[0.784s] -- Up-to-date: /home/vboxuser/ros2_ws/install/vesc/share/vesc/package.xml
[0.789s] Invoked command in '/home/vboxuser/ros2_ws/build/vesc' returned '0': AMENT_PREFIX_PATH=/home/vboxuser/ros2_ws/install/vesc_driver:/home/vboxuser/ros2_ws/install/serial_driver:/home/vboxuser/ros2_ws/install/vesc_ackermann:/home/vboxuser/ros2_ws/install/io_context:/home/vboxuser/ros2_ws/install/vesc_msgs:/home/vboxuser/ros2_ws/install/asio_cmake_module:${AMENT_PREFIX_PATH} CMAKE_PREFIX_PATH=/home/vboxuser/ros2_ws/install/vesc_driver:/home/vboxuser/ros2_ws/install/serial_driver:/home/vboxuser/ros2_ws/install/vesc_ackermann:/home/vboxuser/ros2_ws/install/io_context:/opt/ros/iron:/home/vboxuser/ros2_ws/install/vesc_msgs:/home/vboxuser/ros2_ws/install/asio_cmake_module LD_LIBRARY_PATH=/home/vboxuser/ros2_ws/install/vesc_driver/lib:/home/vboxuser/ros2_ws/install/serial_driver/lib:/home/vboxuser/ros2_ws/install/vesc_ackermann/lib:/home/vboxuser/ros2_ws/install/io_context/lib:/home/vboxuser/ros2_ws/install/vesc_msgs/lib:${LD_LIBRARY_PATH} PYTHONPATH=/home/vboxuser/ros2_ws/install/vesc_msgs/lib/python3.10/site-packages:${PYTHONPATH} /usr/bin/cmake --install /home/vboxuser/ros2_ws/build/vesc
