[0.131s] Invoking command in '/home/vboxuser/ros2_ws/build/io_context': AMENT_PREFIX_PATH=/home/vboxuser/ros2_ws/install/asio_cmake_module CMAKE_PREFIX_PATH=/home/vboxuser/ros2_ws/install/asio_cmake_module /usr/bin/cmake --build /home/vboxuser/ros2_ws/build/io_context -- -j4 -l4
[2.884s] [ 22%] Built target gtest
[2.889s] [ 44%] Built target gtest_main
[3.458s] [ 77%] Built target io_context
[3.604s] [100%] Built target test_io_context
[3.632s] Invoked command in '/home/vboxuser/ros2_ws/build/io_context' returned '0': AMENT_PREFIX_PATH=/home/vboxuser/ros2_ws/install/asio_cmake_module CMAKE_PREFIX_PATH=/home/vboxuser/ros2_ws/install/asio_cmake_module /usr/bin/cmake --build /home/vboxuser/ros2_ws/build/io_context -- -j4 -l4
[3.640s] Invoking command in '/home/vboxuser/ros2_ws/build/io_context': AMENT_PREFIX_PATH=/home/vboxuser/ros2_ws/install/asio_cmake_module CMAKE_PREFIX_PATH=/home/vboxuser/ros2_ws/install/asio_cmake_module /usr/bin/cmake --install /home/vboxuser/ros2_ws/build/io_context
[3.663s] -- Install configuration: ""
[3.700s] -- Up-to-date: /home/vboxuser/ros2_ws/install/io_context/include
[3.702s] -- Up-to-date: /home/vboxuser/ros2_ws/install/io_context/include/io_context
[3.711s] -- Up-to-date: /home/vboxuser/ros2_ws/install/io_context/include/io_context/common.hpp
[3.711s] -- Up-to-date: /home/vboxuser/ros2_ws/install/io_context/include/io_context/io_context.hpp
[3.711s] -- Up-to-date: /home/vboxuser/ros2_ws/install/io_context/include/msg_converters
[3.711s] -- Up-to-date: /home/vboxuser/ros2_ws/install/io_context/include/msg_converters/converters.hpp
[3.711s] -- Up-to-date: /home/vboxuser/ros2_ws/install/io_context/include/msg_converters/udp_msgs.hpp
[3.711s] -- Up-to-date: /home/vboxuser/ros2_ws/install/io_context/include/msg_converters/std_msgs.hpp
[3.712s] -- Up-to-date: /home/vboxuser/ros2_ws/install/io_context/share/io_context/environment/library_path.sh
[3.712s] -- Up-to-date: /home/vboxuser/ros2_ws/install/io_context/share/io_context/environment/library_path.dsv
[3.734s] -- Up-to-date: /home/vboxuser/ros2_ws/install/io_context/lib/libio_context.so
[3.735s] -- Up-to-date: /home/vboxuser/ros2_ws/install/io_context/share/ament_index/resource_index/package_run_dependencies/io_context
[3.736s] -- Up-to-date: /home/vboxuser/ros2_ws/install/io_context/share/ament_index/resource_index/parent_prefix_path/io_context
[3.737s] -- Up-to-date: /home/vboxuser/ros2_ws/install/io_context/share/io_context/environment/ament_prefix_path.dsv
[3.738s] -- Up-to-date: /home/vboxuser/ros2_ws/install/io_context/share/io_context/environment/path.dsv
[3.738s] -- Up-to-date: /home/vboxuser/ros2_ws/install/io_context/share/io_context/local_setup.bash
[3.738s] -- Up-to-date: /home/vboxuser/ros2_ws/install/io_context/share/io_context/local_setup.sh
[3.739s] -- Up-to-date: /home/vboxuser/ros2_ws/install/io_context/share/io_context/local_setup.zsh
[3.739s] -- Up-to-date: /home/vboxuser/ros2_ws/install/io_context/share/io_context/local_setup.dsv
[3.739s] -- Installing: /home/vboxuser/ros2_ws/install/io_context/share/io_context/package.dsv
[3.742s] -- Up-to-date: /home/vboxuser/ros2_ws/install/io_context/share/ament_index/resource_index/packages/io_context
[3.742s] -- Up-to-date: /home/vboxuser/ros2_ws/install/io_context/share/io_context/cmake/ament_cmake_export_dependencies-extras.cmake
[3.742s] -- Up-to-date: /home/vboxuser/ros2_ws/install/io_context/share/io_context/cmake/ament_cmake_export_include_directories-extras.cmake
[3.743s] -- Up-to-date: /home/vboxuser/ros2_ws/install/io_context/share/io_context/cmake/ament_cmake_export_libraries-extras.cmake
[3.743s] -- Up-to-date: /home/vboxuser/ros2_ws/install/io_context/share/io_context/cmake/io_context-extras.cmake
[3.743s] -- Up-to-date: /home/vboxuser/ros2_ws/install/io_context/share/io_context/cmake/io_contextConfig.cmake
[3.743s] -- Up-to-date: /home/vboxuser/ros2_ws/install/io_context/share/io_context/cmake/io_contextConfig-version.cmake
[3.743s] -- Up-to-date: /home/vboxuser/ros2_ws/install/io_context/share/io_context/package.xml
[3.747s] Invoked command in '/home/vboxuser/ros2_ws/build/io_context' returned '0': AMENT_PREFIX_PATH=/home/vboxuser/ros2_ws/install/asio_cmake_module CMAKE_PREFIX_PATH=/home/vboxuser/ros2_ws/install/asio_cmake_module /usr/bin/cmake --install /home/vboxuser/ros2_ws/build/io_context
