[4.408s] Invoking command in '/home/vboxuser/ros2_ws/src/examples/rclpy/executors': PYTHONPATH=/home/vboxuser/ros2_ws/build/examples_rclpy_executors/prefix_override:/usr/lib/python3/dist-packages/colcon_core/task/python/colcon_distutils_commands:/home/vboxuser/ros2_ws/install/examples_rclpy_executors/lib/python3.10/site-packages:${PYTHONPATH} /usr/bin/python3 -W ignore:setup.py install is deprecated -W ignore:easy_install command is deprecated setup.py egg_info --egg-base ../../../../build/examples_rclpy_executors build --build-base /home/vboxuser/ros2_ws/build/examples_rclpy_executors/build install --record /home/vboxuser/ros2_ws/build/examples_rclpy_executors/install.log --single-version-externally-managed install_data
[5.218s] running egg_info
[5.220s] writing ../../../../build/examples_rclpy_executors/examples_rclpy_executors.egg-info/PKG-INFO
[5.220s] writing dependency_links to ../../../../build/examples_rclpy_executors/examples_rclpy_executors.egg-info/dependency_links.txt
[5.222s] writing entry points to ../../../../build/examples_rclpy_executors/examples_rclpy_executors.egg-info/entry_points.txt
[5.223s] writing requirements to ../../../../build/examples_rclpy_executors/examples_rclpy_executors.egg-info/requires.txt
[5.223s] writing top-level names to ../../../../build/examples_rclpy_executors/examples_rclpy_executors.egg-info/top_level.txt
[5.226s] reading manifest file '../../../../build/examples_rclpy_executors/examples_rclpy_executors.egg-info/SOURCES.txt'
[5.266s] writing manifest file '../../../../build/examples_rclpy_executors/examples_rclpy_executors.egg-info/SOURCES.txt'
[5.266s] running build
[5.266s] running build_py
[5.266s] running install
[5.266s] running install_lib
[5.270s] running install_data
[5.272s] running install_egg_info
[5.279s] removing '/home/vboxuser/ros2_ws/install/examples_rclpy_executors/lib/python3.10/site-packages/examples_rclpy_executors-0.18.2-py3.10.egg-info' (and everything under it)
[5.284s] Copying ../../../../build/examples_rclpy_executors/examples_rclpy_executors.egg-info to /home/vboxuser/ros2_ws/install/examples_rclpy_executors/lib/python3.10/site-packages/examples_rclpy_executors-0.18.2-py3.10.egg-info
[5.308s] running install_scripts
[5.392s] Installing callback_group script to /home/vboxuser/ros2_ws/install/examples_rclpy_executors/lib/examples_rclpy_executors
[5.395s] Installing composed script to /home/vboxuser/ros2_ws/install/examples_rclpy_executors/lib/examples_rclpy_executors
[5.395s] Installing custom_callback_group script to /home/vboxuser/ros2_ws/install/examples_rclpy_executors/lib/examples_rclpy_executors
[5.395s] Installing custom_executor script to /home/vboxuser/ros2_ws/install/examples_rclpy_executors/lib/examples_rclpy_executors
[5.399s] Installing listener script to /home/vboxuser/ros2_ws/install/examples_rclpy_executors/lib/examples_rclpy_executors
[5.399s] Installing talker script to /home/vboxuser/ros2_ws/install/examples_rclpy_executors/lib/examples_rclpy_executors
[5.399s] writing list of installed files to '/home/vboxuser/ros2_ws/build/examples_rclpy_executors/install.log'
[5.955s] Invoked command in '/home/vboxuser/ros2_ws/src/examples/rclpy/executors' returned '0': PYTHONPATH=/home/vboxuser/ros2_ws/build/examples_rclpy_executors/prefix_override:/usr/lib/python3/dist-packages/colcon_core/task/python/colcon_distutils_commands:/home/vboxuser/ros2_ws/install/examples_rclpy_executors/lib/python3.10/site-packages:${PYTHONPATH} /usr/bin/python3 -W ignore:setup.py install is deprecated -W ignore:easy_install command is deprecated setup.py egg_info --egg-base ../../../../build/examples_rclpy_executors build --build-base /home/vboxuser/ros2_ws/build/examples_rclpy_executors/build install --record /home/vboxuser/ros2_ws/build/examples_rclpy_executors/install.log --single-version-externally-managed install_data
