[0.733s] Invoking command in '/home/vboxuser/ros2_ws/build/bq769x2_i2c_ros': /usr/bin/cmake --build /home/vboxuser/ros2_ws/build/bq769x2_i2c_ros -- -j4 -l4
[7.133s] [100%] Built target bq769x2_node
[7.191s] Invoked command in '/home/vboxuser/ros2_ws/build/bq769x2_i2c_ros' returned '0': /usr/bin/cmake --build /home/vboxuser/ros2_ws/build/bq769x2_i2c_ros -- -j4 -l4
[7.221s] Invoking command in '/home/vboxuser/ros2_ws/build/bq769x2_i2c_ros': /usr/bin/cmake --install /home/vboxuser/ros2_ws/build/bq769x2_i2c_ros
[7.265s] -- Install configuration: ""
[7.316s] -- Up-to-date: /home/vboxuser/ros2_ws/install/bq769x2_i2c_ros/lib/bq769x2_i2c_ros/bq769x2_node
[7.316s] -- Up-to-date: /home/vboxuser/ros2_ws/install/bq769x2_i2c_ros/share/ament_index/resource_index/package_run_dependencies/bq769x2_i2c_ros
[7.316s] -- Up-to-date: /home/vboxuser/ros2_ws/install/bq769x2_i2c_ros/share/ament_index/resource_index/parent_prefix_path/bq769x2_i2c_ros
[7.317s] -- Up-to-date: /home/vboxuser/ros2_ws/install/bq769x2_i2c_ros/share/bq769x2_i2c_ros/environment/ament_prefix_path.dsv
[7.317s] -- Up-to-date: /home/vboxuser/ros2_ws/install/bq769x2_i2c_ros/share/bq769x2_i2c_ros/environment/path.dsv
[7.317s] -- Up-to-date: /home/vboxuser/ros2_ws/install/bq769x2_i2c_ros/share/bq769x2_i2c_ros/local_setup.bash
[7.317s] -- Up-to-date: /home/vboxuser/ros2_ws/install/bq769x2_i2c_ros/share/bq769x2_i2c_ros/local_setup.sh
[7.317s] -- Up-to-date: /home/vboxuser/ros2_ws/install/bq769x2_i2c_ros/share/bq769x2_i2c_ros/local_setup.zsh
[7.317s] -- Up-to-date: /home/vboxuser/ros2_ws/install/bq769x2_i2c_ros/share/bq769x2_i2c_ros/local_setup.dsv
[7.317s] -- Installing: /home/vboxuser/ros2_ws/install/bq769x2_i2c_ros/share/bq769x2_i2c_ros/package.dsv
[7.344s] -- Up-to-date: /home/vboxuser/ros2_ws/install/bq769x2_i2c_ros/share/ament_index/resource_index/packages/bq769x2_i2c_ros
[7.346s] -- Up-to-date: /home/vboxuser/ros2_ws/install/bq769x2_i2c_ros/share/bq769x2_i2c_ros/cmake/bq769x2_i2c_rosConfig.cmake
[7.347s] -- Up-to-date: /home/vboxuser/ros2_ws/install/bq769x2_i2c_ros/share/bq769x2_i2c_ros/cmake/bq769x2_i2c_rosConfig-version.cmake
[7.348s] -- Up-to-date: /home/vboxuser/ros2_ws/install/bq769x2_i2c_ros/share/bq769x2_i2c_ros/package.xml
[7.415s] Invoked command in '/home/vboxuser/ros2_ws/build/bq769x2_i2c_ros' returned '0': /usr/bin/cmake --install /home/vboxuser/ros2_ws/build/bq769x2_i2c_ros
