[0.269s] Invoking command in '/home/vboxuser/ros2_ws/build/turtlesim': CMAKE_PREFIX_PATH=${CMAKE_PREFIX_PATH}:/opt/ros/iron:/home/vboxuser/ros2_iron/install/rqt_bag_plugins:/home/vboxuser/ros2_iron/install/rqt_bag:/home/vboxuser/ros2_iron/install/rosbag2_examples_py:/home/vboxuser/ros2_iron/install/launch_testing_examples:/home/vboxuser/ros2_iron/install/ros2bag:/home/vboxuser/ros2_iron/install/tracetools_test:/home/vboxuser/ros2_iron/install/tracetools_launch:/home/vboxuser/ros2_iron/install/topic_monitor:/home/vboxuser/ros2_iron/install/tf2_tools:/home/vboxuser/ros2_iron/install/examples_tf2_py:/home/vboxuser/ros2_iron/install/tf2_ros_py:/home/vboxuser/ros2_iron/install/examples_rclpy_pointcloud_publisher:/home/vboxuser/ros2_iron/install/sensor_msgs_py:/home/vboxuser/ros2_iron/install/quality_of_service_demo_py:/home/vboxuser/ros2_iron/install/rqt_plot:/home/vboxuser/ros2_iron/install/ros2doctor:/home/vboxuser/ros2_iron/install/lifecycle_py:/home/vboxuser/ros2_iron/install/examples_rclpy_minimal_subscriber:/home/vboxuser/ros2_iron/install/examples_rclpy_minimal_service:/home/vboxuser/ros2_iron/install/examples_rclpy_minimal_publisher:/home/vboxuser/ros2_iron/install/examples_rclpy_minimal_client:/home/vboxuser/ros2_iron/install/examples_rclpy_executors:/home/vboxuser/ros2_iron/install/demo_nodes_py:/home/vboxuser/ros2_iron/install/rqt:/home/vboxuser/ros2_iron/install/ros2component:/home/vboxuser/ros2_iron/install/sros2:/home/vboxuser/ros2_iron/install/rqt_topic:/home/vboxuser/ros2_iron/install/rqt_srv:/home/vboxuser/ros2_iron/install/rqt_shell:/home/vboxuser/ros2_iron/install/rqt_service_caller:/home/vboxuser/ros2_iron/install/rqt_reconfigure:/home/vboxuser/ros2_iron/install/rqt_py_console:/home/vboxuser/ros2_iron/install/rqt_publisher:/home/vboxuser/ros2_iron/install/rqt_action:/home/vboxuser/ros2_iron/install/rqt_msg:/home/vboxuser/ros2_iron/install/rqt_console:/home/vboxuser/ros2_iron/install/rqt_graph:/home/vboxuser/ros2_iron/install/rqt_gui_py:/home/vboxuser/ros2_iron/install/rqt_gui:/home/vboxuser/ros2_iron/install/ros2trace:/home/vboxuser/ros2_iron/install/ros2topic:/home/vboxuser/ros2_iron/install/ros2test:/home/vboxuser/ros2_iron/install/ros2param:/home/vboxuser/ros2_iron/install/ros2lifecycle:/home/vboxuser/ros2_iron/install/ros2service:/home/vboxuser/ros2_iron/install/ros2run:/home/vboxuser/ros2_iron/install/ros2launch:/home/vboxuser/ros2_iron/install/ros2pkg:/home/vboxuser/ros2_iron/install/ros2node:/home/vboxuser/ros2_iron/install/ros2multicast:/home/vboxuser/ros2_iron/install/ros2interface:/home/vboxuser/ros2_iron/install/ros2action:/home/vboxuser/ros2_iron/install/ros2cli:/home/vboxuser/ros2_iron/install/launch_testing_ros:/home/vboxuser/ros2_iron/install/launch_ros:/home/vboxuser/ros2_iron/install/examples_rclpy_minimal_action_server:/home/vboxuser/ros2_iron/install/examples_rclpy_minimal_action_client:/home/vboxuser/ros2_iron/install/examples_rclpy_guard_conditions:/home/vboxuser/ros2_iron/install/action_tutorials_py:/home/vboxuser/ros2_iron/install/ament_uncrustify:/home/vboxuser/ros2_iron/install/tracetools_trace:/home/vboxuser/ros2_iron/install/tracetools_read:/home/vboxuser/ros2_iron/install/test_tracetools_launch:/home/vboxuser/ros2_iron/install/test_ros2trace:/home/vboxuser/ros2_iron/install/test_launch_ros:/home/vboxuser/ros2_iron/install/rpyutils:/home/vboxuser/ros2_iron/install/rosidl_runtime_py:/home/vboxuser/ros2_iron/install/rosidl_pycommon:/home/vboxuser/ros2_iron/install/rosidl_cli:/home/vboxuser/ros2_iron/install/launch_pytest:/home/vboxuser/ros2_iron/install/launch_testing:/home/vboxuser/ros2_iron/install/launch_yaml:/home/vboxuser/ros2_iron/install/launch_xml:/home/vboxuser/ros2_iron/install/launch:/home/vboxuser/ros2_iron/install/osrf_pycommon:/home/vboxuser/ros2_iron/install/domain_coordinator:/home/vboxuser/ros2_iron/install/ament_xmllint:/home/vboxuser/ros2_iron/install/ament_pyflakes:/home/vboxuser/ros2_iron/install/ament_pycodestyle:/home/vboxuser/ros2_iron/install/ament_pep257:/home/vboxuser/ros2_iron/install/ament_pclint:/home/vboxuser/ros2_iron/install/ament_package:/home/vboxuser/ros2_iron/install/ament_mypy:/home/vboxuser/ros2_iron/install/ament_lint_cmake:/home/vboxuser/ros2_iron/install/ament_flake8:/home/vboxuser/ros2_iron/install/ament_copyright:/home/vboxuser/ros2_iron/install/ament_lint:/home/vboxuser/ros2_iron/install/ament_index_python:/home/vboxuser/ros2_iron/install/ament_cpplint:/home/vboxuser/ros2_iron/install/ament_cppcheck:/home/vboxuser/ros2_iron/install/ament_clang_tidy:/home/vboxuser/ros2_iron/install/ament_clang_format /usr/bin/cmake --build /home/vboxuser/ros2_ws/build/turtlesim -- -j4 -l4
[0.868s] [  0%] Built target turtlesim__rosidl_generator_type_description
[1.371s] [  0%] Built target ament_cmake_python_copy_turtlesim
[1.780s] [  1%] Built target turtlesim__cpp
[3.430s] running egg_info
[3.430s] writing turtlesim.egg-info/PKG-INFO
[3.430s] writing dependency_links to turtlesim.egg-info/dependency_links.txt
[3.430s] writing top-level names to turtlesim.egg-info/top_level.txt
[3.430s] reading manifest file 'turtlesim.egg-info/SOURCES.txt'
[3.430s] writing manifest file 'turtlesim.egg-info/SOURCES.txt'
[3.579s] [  1%] Built target ament_cmake_python_build_turtlesim_egg
[3.852s] [ 24%] Built target turtlesim__rosidl_generator_c
[4.044s] [ 33%] Built target turtlesim__rosidl_typesupport_fastrtps_c
[4.163s] [ 42%] Built target turtlesim__rosidl_typesupport_c
[4.273s] [ 50%] Built target turtlesim__rosidl_typesupport_introspection_cpp
[4.403s] [ 58%] Built target turtlesim__rosidl_typesupport_cpp
[4.663s] [ 67%] Built target turtlesim__rosidl_typesupport_introspection_c
[4.791s] [ 69%] Built target turtle_teleop_key
[4.934s] [ 70%] Built target draw_square
[5.061s] [ 72%] Built target mimic
[5.293s] [ 78%] Built target turtlesim_node
[5.439s] [ 86%] Built target turtlesim__rosidl_typesupport_fastrtps_cpp
[5.521s] [ 86%] Built target turtlesim
[5.602s] [ 86%] Built target turtlesim__py
[5.722s] [ 94%] Built target turtlesim__rosidl_generator_py
[5.817s] [ 96%] Built target turtlesim__rosidl_typesupport_fastrtps_c__pyext
[5.912s] [ 98%] Built target turtlesim__rosidl_typesupport_c__pyext
[6.022s] [100%] Built target turtlesim__rosidl_typesupport_introspection_c__pyext
[6.067s] Invoked command in '/home/vboxuser/ros2_ws/build/turtlesim' returned '0': CMAKE_PREFIX_PATH=${CMAKE_PREFIX_PATH}:/opt/ros/iron:/home/vboxuser/ros2_iron/install/rqt_bag_plugins:/home/vboxuser/ros2_iron/install/rqt_bag:/home/vboxuser/ros2_iron/install/rosbag2_examples_py:/home/vboxuser/ros2_iron/install/launch_testing_examples:/home/vboxuser/ros2_iron/install/ros2bag:/home/vboxuser/ros2_iron/install/tracetools_test:/home/vboxuser/ros2_iron/install/tracetools_launch:/home/vboxuser/ros2_iron/install/topic_monitor:/home/vboxuser/ros2_iron/install/tf2_tools:/home/vboxuser/ros2_iron/install/examples_tf2_py:/home/vboxuser/ros2_iron/install/tf2_ros_py:/home/vboxuser/ros2_iron/install/examples_rclpy_pointcloud_publisher:/home/vboxuser/ros2_iron/install/sensor_msgs_py:/home/vboxuser/ros2_iron/install/quality_of_service_demo_py:/home/vboxuser/ros2_iron/install/rqt_plot:/home/vboxuser/ros2_iron/install/ros2doctor:/home/vboxuser/ros2_iron/install/lifecycle_py:/home/vboxuser/ros2_iron/install/examples_rclpy_minimal_subscriber:/home/vboxuser/ros2_iron/install/examples_rclpy_minimal_service:/home/vboxuser/ros2_iron/install/examples_rclpy_minimal_publisher:/home/vboxuser/ros2_iron/install/examples_rclpy_minimal_client:/home/vboxuser/ros2_iron/install/examples_rclpy_executors:/home/vboxuser/ros2_iron/install/demo_nodes_py:/home/vboxuser/ros2_iron/install/rqt:/home/vboxuser/ros2_iron/install/ros2component:/home/vboxuser/ros2_iron/install/sros2:/home/vboxuser/ros2_iron/install/rqt_topic:/home/vboxuser/ros2_iron/install/rqt_srv:/home/vboxuser/ros2_iron/install/rqt_shell:/home/vboxuser/ros2_iron/install/rqt_service_caller:/home/vboxuser/ros2_iron/install/rqt_reconfigure:/home/vboxuser/ros2_iron/install/rqt_py_console:/home/vboxuser/ros2_iron/install/rqt_publisher:/home/vboxuser/ros2_iron/install/rqt_action:/home/vboxuser/ros2_iron/install/rqt_msg:/home/vboxuser/ros2_iron/install/rqt_console:/home/vboxuser/ros2_iron/install/rqt_graph:/home/vboxuser/ros2_iron/install/rqt_gui_py:/home/vboxuser/ros2_iron/install/rqt_gui:/home/vboxuser/ros2_iron/install/ros2trace:/home/vboxuser/ros2_iron/install/ros2topic:/home/vboxuser/ros2_iron/install/ros2test:/home/vboxuser/ros2_iron/install/ros2param:/home/vboxuser/ros2_iron/install/ros2lifecycle:/home/vboxuser/ros2_iron/install/ros2service:/home/vboxuser/ros2_iron/install/ros2run:/home/vboxuser/ros2_iron/install/ros2launch:/home/vboxuser/ros2_iron/install/ros2pkg:/home/vboxuser/ros2_iron/install/ros2node:/home/vboxuser/ros2_iron/install/ros2multicast:/home/vboxuser/ros2_iron/install/ros2interface:/home/vboxuser/ros2_iron/install/ros2action:/home/vboxuser/ros2_iron/install/ros2cli:/home/vboxuser/ros2_iron/install/launch_testing_ros:/home/vboxuser/ros2_iron/install/launch_ros:/home/vboxuser/ros2_iron/install/examples_rclpy_minimal_action_server:/home/vboxuser/ros2_iron/install/examples_rclpy_minimal_action_client:/home/vboxuser/ros2_iron/install/examples_rclpy_guard_conditions:/home/vboxuser/ros2_iron/install/action_tutorials_py:/home/vboxuser/ros2_iron/install/ament_uncrustify:/home/vboxuser/ros2_iron/install/tracetools_trace:/home/vboxuser/ros2_iron/install/tracetools_read:/home/vboxuser/ros2_iron/install/test_tracetools_launch:/home/vboxuser/ros2_iron/install/test_ros2trace:/home/vboxuser/ros2_iron/install/test_launch_ros:/home/vboxuser/ros2_iron/install/rpyutils:/home/vboxuser/ros2_iron/install/rosidl_runtime_py:/home/vboxuser/ros2_iron/install/rosidl_pycommon:/home/vboxuser/ros2_iron/install/rosidl_cli:/home/vboxuser/ros2_iron/install/launch_pytest:/home/vboxuser/ros2_iron/install/launch_testing:/home/vboxuser/ros2_iron/install/launch_yaml:/home/vboxuser/ros2_iron/install/launch_xml:/home/vboxuser/ros2_iron/install/launch:/home/vboxuser/ros2_iron/install/osrf_pycommon:/home/vboxuser/ros2_iron/install/domain_coordinator:/home/vboxuser/ros2_iron/install/ament_xmllint:/home/vboxuser/ros2_iron/install/ament_pyflakes:/home/vboxuser/ros2_iron/install/ament_pycodestyle:/home/vboxuser/ros2_iron/install/ament_pep257:/home/vboxuser/ros2_iron/install/ament_pclint:/home/vboxuser/ros2_iron/install/ament_package:/home/vboxuser/ros2_iron/install/ament_mypy:/home/vboxuser/ros2_iron/install/ament_lint_cmake:/home/vboxuser/ros2_iron/install/ament_flake8:/home/vboxuser/ros2_iron/install/ament_copyright:/home/vboxuser/ros2_iron/install/ament_lint:/home/vboxuser/ros2_iron/install/ament_index_python:/home/vboxuser/ros2_iron/install/ament_cpplint:/home/vboxuser/ros2_iron/install/ament_cppcheck:/home/vboxuser/ros2_iron/install/ament_clang_tidy:/home/vboxuser/ros2_iron/install/ament_clang_format /usr/bin/cmake --build /home/vboxuser/ros2_ws/build/turtlesim -- -j4 -l4
[6.096s] Invoking command in '/home/vboxuser/ros2_ws/build/turtlesim': CMAKE_PREFIX_PATH=${CMAKE_PREFIX_PATH}:/opt/ros/iron:/home/vboxuser/ros2_iron/install/rqt_bag_plugins:/home/vboxuser/ros2_iron/install/rqt_bag:/home/vboxuser/ros2_iron/install/rosbag2_examples_py:/home/vboxuser/ros2_iron/install/launch_testing_examples:/home/vboxuser/ros2_iron/install/ros2bag:/home/vboxuser/ros2_iron/install/tracetools_test:/home/vboxuser/ros2_iron/install/tracetools_launch:/home/vboxuser/ros2_iron/install/topic_monitor:/home/vboxuser/ros2_iron/install/tf2_tools:/home/vboxuser/ros2_iron/install/examples_tf2_py:/home/vboxuser/ros2_iron/install/tf2_ros_py:/home/vboxuser/ros2_iron/install/examples_rclpy_pointcloud_publisher:/home/vboxuser/ros2_iron/install/sensor_msgs_py:/home/vboxuser/ros2_iron/install/quality_of_service_demo_py:/home/vboxuser/ros2_iron/install/rqt_plot:/home/vboxuser/ros2_iron/install/ros2doctor:/home/vboxuser/ros2_iron/install/lifecycle_py:/home/vboxuser/ros2_iron/install/examples_rclpy_minimal_subscriber:/home/vboxuser/ros2_iron/install/examples_rclpy_minimal_service:/home/vboxuser/ros2_iron/install/examples_rclpy_minimal_publisher:/home/vboxuser/ros2_iron/install/examples_rclpy_minimal_client:/home/vboxuser/ros2_iron/install/examples_rclpy_executors:/home/vboxuser/ros2_iron/install/demo_nodes_py:/home/vboxuser/ros2_iron/install/rqt:/home/vboxuser/ros2_iron/install/ros2component:/home/vboxuser/ros2_iron/install/sros2:/home/vboxuser/ros2_iron/install/rqt_topic:/home/vboxuser/ros2_iron/install/rqt_srv:/home/vboxuser/ros2_iron/install/rqt_shell:/home/vboxuser/ros2_iron/install/rqt_service_caller:/home/vboxuser/ros2_iron/install/rqt_reconfigure:/home/vboxuser/ros2_iron/install/rqt_py_console:/home/vboxuser/ros2_iron/install/rqt_publisher:/home/vboxuser/ros2_iron/install/rqt_action:/home/vboxuser/ros2_iron/install/rqt_msg:/home/vboxuser/ros2_iron/install/rqt_console:/home/vboxuser/ros2_iron/install/rqt_graph:/home/vboxuser/ros2_iron/install/rqt_gui_py:/home/vboxuser/ros2_iron/install/rqt_gui:/home/vboxuser/ros2_iron/install/ros2trace:/home/vboxuser/ros2_iron/install/ros2topic:/home/vboxuser/ros2_iron/install/ros2test:/home/vboxuser/ros2_iron/install/ros2param:/home/vboxuser/ros2_iron/install/ros2lifecycle:/home/vboxuser/ros2_iron/install/ros2service:/home/vboxuser/ros2_iron/install/ros2run:/home/vboxuser/ros2_iron/install/ros2launch:/home/vboxuser/ros2_iron/install/ros2pkg:/home/vboxuser/ros2_iron/install/ros2node:/home/vboxuser/ros2_iron/install/ros2multicast:/home/vboxuser/ros2_iron/install/ros2interface:/home/vboxuser/ros2_iron/install/ros2action:/home/vboxuser/ros2_iron/install/ros2cli:/home/vboxuser/ros2_iron/install/launch_testing_ros:/home/vboxuser/ros2_iron/install/launch_ros:/home/vboxuser/ros2_iron/install/examples_rclpy_minimal_action_server:/home/vboxuser/ros2_iron/install/examples_rclpy_minimal_action_client:/home/vboxuser/ros2_iron/install/examples_rclpy_guard_conditions:/home/vboxuser/ros2_iron/install/action_tutorials_py:/home/vboxuser/ros2_iron/install/ament_uncrustify:/home/vboxuser/ros2_iron/install/tracetools_trace:/home/vboxuser/ros2_iron/install/tracetools_read:/home/vboxuser/ros2_iron/install/test_tracetools_launch:/home/vboxuser/ros2_iron/install/test_ros2trace:/home/vboxuser/ros2_iron/install/test_launch_ros:/home/vboxuser/ros2_iron/install/rpyutils:/home/vboxuser/ros2_iron/install/rosidl_runtime_py:/home/vboxuser/ros2_iron/install/rosidl_pycommon:/home/vboxuser/ros2_iron/install/rosidl_cli:/home/vboxuser/ros2_iron/install/launch_pytest:/home/vboxuser/ros2_iron/install/launch_testing:/home/vboxuser/ros2_iron/install/launch_yaml:/home/vboxuser/ros2_iron/install/launch_xml:/home/vboxuser/ros2_iron/install/launch:/home/vboxuser/ros2_iron/install/osrf_pycommon:/home/vboxuser/ros2_iron/install/domain_coordinator:/home/vboxuser/ros2_iron/install/ament_xmllint:/home/vboxuser/ros2_iron/install/ament_pyflakes:/home/vboxuser/ros2_iron/install/ament_pycodestyle:/home/vboxuser/ros2_iron/install/ament_pep257:/home/vboxuser/ros2_iron/install/ament_pclint:/home/vboxuser/ros2_iron/install/ament_package:/home/vboxuser/ros2_iron/install/ament_mypy:/home/vboxuser/ros2_iron/install/ament_lint_cmake:/home/vboxuser/ros2_iron/install/ament_flake8:/home/vboxuser/ros2_iron/install/ament_copyright:/home/vboxuser/ros2_iron/install/ament_lint:/home/vboxuser/ros2_iron/install/ament_index_python:/home/vboxuser/ros2_iron/install/ament_cpplint:/home/vboxuser/ros2_iron/install/ament_cppcheck:/home/vboxuser/ros2_iron/install/ament_clang_tidy:/home/vboxuser/ros2_iron/install/ament_clang_format /usr/bin/cmake --install /home/vboxuser/ros2_ws/build/turtlesim
[6.129s] -- Install configuration: ""
[6.129s] -- Up-to-date: /home/vboxuser/ros2_ws/install/turtlesim/include/turtlesim/turtlesim
[6.130s] -- Up-to-date: /home/vboxuser/ros2_ws/install/turtlesim/include/turtlesim/turtlesim/action
[6.130s] -- Up-to-date: /home/vboxuser/ros2_ws/install/turtlesim/include/turtlesim/turtlesim/action/detail
[6.130s] -- Up-to-date: /home/vboxuser/ros2_ws/install/turtlesim/include/turtlesim/turtlesim/action/detail/rotate_absolute__description.c
[6.130s] -- Up-to-date: /home/vboxuser/ros2_ws/install/turtlesim/include/turtlesim/turtlesim/action/detail/rotate_absolute__functions.c
[6.130s] -- Installing: /home/vboxuser/ros2_ws/install/turtlesim/include/turtlesim/turtlesim/action/detail/rotate_absolute__type_support.c
[6.138s] -- Up-to-date: /home/vboxuser/ros2_ws/install/turtlesim/include/turtlesim/turtlesim/srv
[6.138s] -- Up-to-date: /home/vboxuser/ros2_ws/install/turtlesim/include/turtlesim/turtlesim/srv/detail
[6.138s] -- Up-to-date: /home/vboxuser/ros2_ws/install/turtlesim/include/turtlesim/turtlesim/srv/detail/teleport_relative__description.c
[6.138s] -- Up-to-date: /home/vboxuser/ros2_ws/install/turtlesim/include/turtlesim/turtlesim/srv/detail/teleport_relative__functions.c
[6.138s] -- Up-to-date: /home/vboxuser/ros2_ws/install/turtlesim/include/turtlesim/turtlesim/srv/detail/set_pen__functions.c
[6.138s] -- Up-to-date: /home/vboxuser/ros2_ws/install/turtlesim/include/turtlesim/turtlesim/srv/detail/kill__functions.c
[6.138s] -- Up-to-date: /home/vboxuser/ros2_ws/install/turtlesim/include/turtlesim/turtlesim/srv/detail/teleport_absolute__functions.c
[6.139s] -- Installing: /home/vboxuser/ros2_ws/install/turtlesim/include/turtlesim/turtlesim/srv/detail/spawn__type_support.c
[6.143s] -- Installing: /home/vboxuser/ros2_ws/install/turtlesim/include/turtlesim/turtlesim/srv/detail/teleport_absolute__type_support.c
[6.144s] -- Installing: /home/vboxuser/ros2_ws/install/turtlesim/include/turtlesim/turtlesim/srv/detail/teleport_relative__type_support.c
[6.145s] -- Up-to-date: /home/vboxuser/ros2_ws/install/turtlesim/include/turtlesim/turtlesim/srv/detail/set_pen__description.c
[6.145s] -- Up-to-date: /home/vboxuser/ros2_ws/install/turtlesim/include/turtlesim/turtlesim/srv/detail/spawn__description.c
[6.145s] -- Installing: /home/vboxuser/ros2_ws/install/turtlesim/include/turtlesim/turtlesim/srv/detail/set_pen__type_support.c
[6.152s] -- Installing: /home/vboxuser/ros2_ws/install/turtlesim/include/turtlesim/turtlesim/srv/detail/kill__type_support.c
[6.154s] -- Up-to-date: /home/vboxuser/ros2_ws/install/turtlesim/include/turtlesim/turtlesim/srv/detail/teleport_absolute__description.c
[6.155s] -- Up-to-date: /home/vboxuser/ros2_ws/install/turtlesim/include/turtlesim/turtlesim/srv/detail/kill__description.c
[6.155s] -- Up-to-date: /home/vboxuser/ros2_ws/install/turtlesim/include/turtlesim/turtlesim/srv/detail/spawn__functions.c
[6.155s] -- Up-to-date: /home/vboxuser/ros2_ws/install/turtlesim/include/turtlesim/turtlesim/msg
[6.155s] -- Up-to-date: /home/vboxuser/ros2_ws/install/turtlesim/include/turtlesim/turtlesim/msg/detail
[6.155s] -- Up-to-date: /home/vboxuser/ros2_ws/install/turtlesim/include/turtlesim/turtlesim/msg/detail/color__functions.c
[6.155s] -- Up-to-date: /home/vboxuser/ros2_ws/install/turtlesim/include/turtlesim/turtlesim/msg/detail/pose__functions.c
[6.155s] -- Installing: /home/vboxuser/ros2_ws/install/turtlesim/include/turtlesim/turtlesim/msg/detail/pose__type_support.c
[6.156s] -- Up-to-date: /home/vboxuser/ros2_ws/install/turtlesim/include/turtlesim/turtlesim/msg/detail/color__description.c
[6.156s] -- Up-to-date: /home/vboxuser/ros2_ws/install/turtlesim/include/turtlesim/turtlesim/msg/detail/pose__description.c
[6.156s] -- Installing: /home/vboxuser/ros2_ws/install/turtlesim/include/turtlesim/turtlesim/msg/detail/color__type_support.c
[6.173s] -- Up-to-date: /home/vboxuser/ros2_ws/install/turtlesim/lib/libturtlesim__rosidl_generator_c.so
[6.174s] -- Up-to-date: /home/vboxuser/ros2_ws/install/turtlesim/include/turtlesim/turtlesim
[6.174s] -- Up-to-date: /home/vboxuser/ros2_ws/install/turtlesim/include/turtlesim/turtlesim/action
[6.174s] -- Up-to-date: /home/vboxuser/ros2_ws/install/turtlesim/include/turtlesim/turtlesim/action/detail
[6.174s] -- Up-to-date: /home/vboxuser/ros2_ws/install/turtlesim/include/turtlesim/turtlesim/srv
[6.174s] -- Up-to-date: /home/vboxuser/ros2_ws/install/turtlesim/include/turtlesim/turtlesim/srv/detail
[6.174s] -- Up-to-date: /home/vboxuser/ros2_ws/install/turtlesim/include/turtlesim/turtlesim/msg
[6.174s] -- Up-to-date: /home/vboxuser/ros2_ws/install/turtlesim/include/turtlesim/turtlesim/msg/detail
[6.199s] -- Up-to-date: /home/vboxuser/ros2_ws/install/turtlesim/lib/libturtlesim__rosidl_typesupport_fastrtps_c.so
[6.199s] -- Up-to-date: /home/vboxuser/ros2_ws/install/turtlesim/include/turtlesim/turtlesim
[6.200s] -- Up-to-date: /home/vboxuser/ros2_ws/install/turtlesim/include/turtlesim/turtlesim/action
[6.200s] -- Up-to-date: /home/vboxuser/ros2_ws/install/turtlesim/include/turtlesim/turtlesim/action/detail
[6.200s] -- Up-to-date: /home/vboxuser/ros2_ws/install/turtlesim/include/turtlesim/turtlesim/srv
[6.200s] -- Up-to-date: /home/vboxuser/ros2_ws/install/turtlesim/include/turtlesim/turtlesim/srv/detail
[6.200s] -- Up-to-date: /home/vboxuser/ros2_ws/install/turtlesim/include/turtlesim/turtlesim/msg
[6.200s] -- Up-to-date: /home/vboxuser/ros2_ws/install/turtlesim/include/turtlesim/turtlesim/msg/detail
[6.200s] -- Up-to-date: /home/vboxuser/ros2_ws/install/turtlesim/include/turtlesim/turtlesim
[6.200s] -- Up-to-date: /home/vboxuser/ros2_ws/install/turtlesim/include/turtlesim/turtlesim/action
[6.200s] -- Up-to-date: /home/vboxuser/ros2_ws/install/turtlesim/include/turtlesim/turtlesim/action/detail
[6.200s] -- Up-to-date: /home/vboxuser/ros2_ws/install/turtlesim/include/turtlesim/turtlesim/action/detail/dds_fastrtps
[6.200s] -- Up-to-date: /home/vboxuser/ros2_ws/install/turtlesim/include/turtlesim/turtlesim/srv
[6.200s] -- Up-to-date: /home/vboxuser/ros2_ws/install/turtlesim/include/turtlesim/turtlesim/srv/detail
[6.200s] -- Up-to-date: /home/vboxuser/ros2_ws/install/turtlesim/include/turtlesim/turtlesim/srv/detail/dds_fastrtps
[6.201s] -- Up-to-date: /home/vboxuser/ros2_ws/install/turtlesim/include/turtlesim/turtlesim/msg
[6.201s] -- Up-to-date: /home/vboxuser/ros2_ws/install/turtlesim/include/turtlesim/turtlesim/msg/detail
[6.201s] -- Up-to-date: /home/vboxuser/ros2_ws/install/turtlesim/include/turtlesim/turtlesim/msg/detail/dds_fastrtps
[6.240s] -- Up-to-date: /home/vboxuser/ros2_ws/install/turtlesim/lib/libturtlesim__rosidl_typesupport_fastrtps_cpp.so
[6.241s] -- Up-to-date: /home/vboxuser/ros2_ws/install/turtlesim/include/turtlesim/turtlesim
[6.241s] -- Up-to-date: /home/vboxuser/ros2_ws/install/turtlesim/include/turtlesim/turtlesim/action
[6.241s] -- Up-to-date: /home/vboxuser/ros2_ws/install/turtlesim/include/turtlesim/turtlesim/action/detail
[6.241s] -- Installing: /home/vboxuser/ros2_ws/install/turtlesim/include/turtlesim/turtlesim/action/detail/rotate_absolute__type_support.c
[6.258s] -- Up-to-date: /home/vboxuser/ros2_ws/install/turtlesim/include/turtlesim/turtlesim/srv
[6.258s] -- Up-to-date: /home/vboxuser/ros2_ws/install/turtlesim/include/turtlesim/turtlesim/srv/detail
[6.258s] -- Installing: /home/vboxuser/ros2_ws/install/turtlesim/include/turtlesim/turtlesim/srv/detail/spawn__type_support.c
[6.266s] -- Installing: /home/vboxuser/ros2_ws/install/turtlesim/include/turtlesim/turtlesim/srv/detail/teleport_absolute__type_support.c
[6.267s] -- Installing: /home/vboxuser/ros2_ws/install/turtlesim/include/turtlesim/turtlesim/srv/detail/teleport_relative__type_support.c
[6.269s] -- Installing: /home/vboxuser/ros2_ws/install/turtlesim/include/turtlesim/turtlesim/srv/detail/set_pen__type_support.c
[6.271s] -- Installing: /home/vboxuser/ros2_ws/install/turtlesim/include/turtlesim/turtlesim/srv/detail/kill__type_support.c
[6.272s] -- Up-to-date: /home/vboxuser/ros2_ws/install/turtlesim/include/turtlesim/turtlesim/msg
[6.272s] -- Up-to-date: /home/vboxuser/ros2_ws/install/turtlesim/include/turtlesim/turtlesim/msg/detail
[6.272s] -- Installing: /home/vboxuser/ros2_ws/install/turtlesim/include/turtlesim/turtlesim/msg/detail/pose__type_support.c
[6.274s] -- Installing: /home/vboxuser/ros2_ws/install/turtlesim/include/turtlesim/turtlesim/msg/detail/color__type_support.c
[6.314s] -- Up-to-date: /home/vboxuser/ros2_ws/install/turtlesim/lib/libturtlesim__rosidl_typesupport_introspection_c.so
[6.334s] -- Up-to-date: /home/vboxuser/ros2_ws/install/turtlesim/lib/libturtlesim__rosidl_typesupport_c.so
[6.335s] -- Up-to-date: /home/vboxuser/ros2_ws/install/turtlesim/include/turtlesim/turtlesim
[6.335s] -- Up-to-date: /home/vboxuser/ros2_ws/install/turtlesim/include/turtlesim/turtlesim/action
[6.335s] -- Up-to-date: /home/vboxuser/ros2_ws/install/turtlesim/include/turtlesim/turtlesim/action/detail
[6.335s] -- Up-to-date: /home/vboxuser/ros2_ws/install/turtlesim/include/turtlesim/turtlesim/action/detail/rotate_absolute__type_support.cpp
[6.335s] -- Up-to-date: /home/vboxuser/ros2_ws/install/turtlesim/include/turtlesim/turtlesim/srv
[6.335s] -- Up-to-date: /home/vboxuser/ros2_ws/install/turtlesim/include/turtlesim/turtlesim/srv/detail
[6.335s] -- Up-to-date: /home/vboxuser/ros2_ws/install/turtlesim/include/turtlesim/turtlesim/srv/detail/spawn__type_support.cpp
[6.335s] -- Up-to-date: /home/vboxuser/ros2_ws/install/turtlesim/include/turtlesim/turtlesim/srv/detail/teleport_relative__type_support.cpp
[6.335s] -- Up-to-date: /home/vboxuser/ros2_ws/install/turtlesim/include/turtlesim/turtlesim/srv/detail/teleport_absolute__type_support.cpp
[6.335s] -- Up-to-date: /home/vboxuser/ros2_ws/install/turtlesim/include/turtlesim/turtlesim/srv/detail/set_pen__type_support.cpp
[6.335s] -- Up-to-date: /home/vboxuser/ros2_ws/install/turtlesim/include/turtlesim/turtlesim/srv/detail/kill__type_support.cpp
[6.335s] -- Up-to-date: /home/vboxuser/ros2_ws/install/turtlesim/include/turtlesim/turtlesim/msg
[6.335s] -- Up-to-date: /home/vboxuser/ros2_ws/install/turtlesim/include/turtlesim/turtlesim/msg/detail
[6.335s] -- Up-to-date: /home/vboxuser/ros2_ws/install/turtlesim/include/turtlesim/turtlesim/msg/detail/color__type_support.cpp
[6.335s] -- Up-to-date: /home/vboxuser/ros2_ws/install/turtlesim/include/turtlesim/turtlesim/msg/detail/pose__type_support.cpp
[6.362s] -- Up-to-date: /home/vboxuser/ros2_ws/install/turtlesim/lib/libturtlesim__rosidl_typesupport_introspection_cpp.so
[6.366s] -- Up-to-date: /home/vboxuser/ros2_ws/install/turtlesim/lib/libturtlesim__rosidl_typesupport_cpp.so
[6.366s] -- Up-to-date: /home/vboxuser/ros2_ws/install/turtlesim/lib/python3.10/site-packages/turtlesim-1.6.1-py3.10.egg-info
[6.366s] -- Up-to-date: /home/vboxuser/ros2_ws/install/turtlesim/lib/python3.10/site-packages/turtlesim
[6.366s] -- Up-to-date: /home/vboxuser/ros2_ws/install/turtlesim/lib/python3.10/site-packages/turtlesim/action
[6.366s] -- Up-to-date: /home/vboxuser/ros2_ws/install/turtlesim/lib/python3.10/site-packages/turtlesim/srv
[6.367s] -- Up-to-date: /home/vboxuser/ros2_ws/install/turtlesim/lib/python3.10/site-packages/turtlesim/msg
[6.852s] Listing '/home/vboxuser/ros2_ws/install/turtlesim/lib/python3.10/site-packages/turtlesim'...
[6.852s] Listing '/home/vboxuser/ros2_ws/install/turtlesim/lib/python3.10/site-packages/turtlesim/action'...
[6.852s] Listing '/home/vboxuser/ros2_ws/install/turtlesim/lib/python3.10/site-packages/turtlesim/msg'...
[6.853s] Listing '/home/vboxuser/ros2_ws/install/turtlesim/lib/python3.10/site-packages/turtlesim/srv'...
[6.879s] -- Up-to-date: /home/vboxuser/ros2_ws/install/turtlesim/lib/libturtlesim__rosidl_generator_py.so
[6.880s] -- Up-to-date: /home/vboxuser/ros2_ws/install/turtlesim/share/turtlesim/images
[6.880s] -- Up-to-date: /home/vboxuser/ros2_ws/install/turtlesim/share/turtlesim/images/iron.png
[6.880s] -- Up-to-date: /home/vboxuser/ros2_ws/install/turtlesim/share/turtlesim/images/dashing.png
[6.880s] -- Up-to-date: /home/vboxuser/ros2_ws/install/turtlesim/share/turtlesim/images/eloquent.png
[6.880s] -- Up-to-date: /home/vboxuser/ros2_ws/install/turtlesim/share/turtlesim/images/humble.png
[6.880s] -- Up-to-date: /home/vboxuser/ros2_ws/install/turtlesim/share/turtlesim/images/bouncy.png
[6.880s] -- Up-to-date: /home/vboxuser/ros2_ws/install/turtlesim/share/turtlesim/images/ardent.png
[6.880s] -- Up-to-date: /home/vboxuser/ros2_ws/install/turtlesim/share/turtlesim/images/rolling.png
[6.880s] -- Up-to-date: /home/vboxuser/ros2_ws/install/turtlesim/share/turtlesim/images/foxy.png
[6.881s] -- Up-to-date: /home/vboxuser/ros2_ws/install/turtlesim/share/turtlesim/images/galactic.png
[6.881s] -- Up-to-date: /home/vboxuser/ros2_ws/install/turtlesim/share/turtlesim/images/crystal.png
[6.881s] -- Up-to-date: /home/vboxuser/ros2_ws/install/turtlesim/share/turtlesim/launch
[6.881s] -- Installing: /home/vboxuser/ros2_ws/install/turtlesim/share/turtlesim/package.dsv
[6.905s] -- Up-to-date: /home/vboxuser/ros2_ws/install/turtlesim/share/turtlesim/cmake/export_turtlesim__rosidl_generator_cExport.cmake
[6.905s] -- Up-to-date: /home/vboxuser/ros2_ws/install/turtlesim/share/turtlesim/cmake/export_turtlesim__rosidl_generator_cExport-noconfig.cmake
[6.907s] -- Up-to-date: /home/vboxuser/ros2_ws/install/turtlesim/share/turtlesim/cmake/export_turtlesim__rosidl_typesupport_fastrtps_cExport.cmake
[6.907s] -- Up-to-date: /home/vboxuser/ros2_ws/install/turtlesim/share/turtlesim/cmake/export_turtlesim__rosidl_typesupport_fastrtps_cExport-noconfig.cmake
[6.912s] -- Up-to-date: /home/vboxuser/ros2_ws/install/turtlesim/share/turtlesim/cmake/export_turtlesim__rosidl_generator_cppExport.cmake
[6.914s] -- Up-to-date: /home/vboxuser/ros2_ws/install/turtlesim/share/turtlesim/cmake/export_turtlesim__rosidl_typesupport_fastrtps_cppExport.cmake
[6.914s] -- Up-to-date: /home/vboxuser/ros2_ws/install/turtlesim/share/turtlesim/cmake/export_turtlesim__rosidl_typesupport_fastrtps_cppExport-noconfig.cmake
[6.916s] -- Up-to-date: /home/vboxuser/ros2_ws/install/turtlesim/share/turtlesim/cmake/turtlesim__rosidl_typesupport_introspection_cExport.cmake
[6.920s] -- Up-to-date: /home/vboxuser/ros2_ws/install/turtlesim/share/turtlesim/cmake/turtlesim__rosidl_typesupport_introspection_cExport-noconfig.cmake
[6.920s] -- Up-to-date: /home/vboxuser/ros2_ws/install/turtlesim/share/turtlesim/cmake/turtlesim__rosidl_typesupport_cExport.cmake
[6.921s] -- Up-to-date: /home/vboxuser/ros2_ws/install/turtlesim/share/turtlesim/cmake/turtlesim__rosidl_typesupport_cExport-noconfig.cmake
[6.924s] -- Up-to-date: /home/vboxuser/ros2_ws/install/turtlesim/share/turtlesim/cmake/turtlesim__rosidl_typesupport_introspection_cppExport.cmake
[6.924s] -- Up-to-date: /home/vboxuser/ros2_ws/install/turtlesim/share/turtlesim/cmake/turtlesim__rosidl_typesupport_introspection_cppExport-noconfig.cmake
[6.926s] -- Up-to-date: /home/vboxuser/ros2_ws/install/turtlesim/share/turtlesim/cmake/turtlesim__rosidl_typesupport_cppExport.cmake
[6.926s] -- Up-to-date: /home/vboxuser/ros2_ws/install/turtlesim/share/turtlesim/cmake/turtlesim__rosidl_typesupport_cppExport-noconfig.cmake
[6.929s] -- Up-to-date: /home/vboxuser/ros2_ws/install/turtlesim/share/turtlesim/cmake/export_turtlesim__rosidl_generator_pyExport.cmake
[6.929s] -- Up-to-date: /home/vboxuser/ros2_ws/install/turtlesim/share/turtlesim/cmake/export_turtlesim__rosidl_generator_pyExport-noconfig.cmake
[6.936s] Invoked command in '/home/vboxuser/ros2_ws/build/turtlesim' returned '0': CMAKE_PREFIX_PATH=${CMAKE_PREFIX_PATH}:/opt/ros/iron:/home/vboxuser/ros2_iron/install/rqt_bag_plugins:/home/vboxuser/ros2_iron/install/rqt_bag:/home/vboxuser/ros2_iron/install/rosbag2_examples_py:/home/vboxuser/ros2_iron/install/launch_testing_examples:/home/vboxuser/ros2_iron/install/ros2bag:/home/vboxuser/ros2_iron/install/tracetools_test:/home/vboxuser/ros2_iron/install/tracetools_launch:/home/vboxuser/ros2_iron/install/topic_monitor:/home/vboxuser/ros2_iron/install/tf2_tools:/home/vboxuser/ros2_iron/install/examples_tf2_py:/home/vboxuser/ros2_iron/install/tf2_ros_py:/home/vboxuser/ros2_iron/install/examples_rclpy_pointcloud_publisher:/home/vboxuser/ros2_iron/install/sensor_msgs_py:/home/vboxuser/ros2_iron/install/quality_of_service_demo_py:/home/vboxuser/ros2_iron/install/rqt_plot:/home/vboxuser/ros2_iron/install/ros2doctor:/home/vboxuser/ros2_iron/install/lifecycle_py:/home/vboxuser/ros2_iron/install/examples_rclpy_minimal_subscriber:/home/vboxuser/ros2_iron/install/examples_rclpy_minimal_service:/home/vboxuser/ros2_iron/install/examples_rclpy_minimal_publisher:/home/vboxuser/ros2_iron/install/examples_rclpy_minimal_client:/home/vboxuser/ros2_iron/install/examples_rclpy_executors:/home/vboxuser/ros2_iron/install/demo_nodes_py:/home/vboxuser/ros2_iron/install/rqt:/home/vboxuser/ros2_iron/install/ros2component:/home/vboxuser/ros2_iron/install/sros2:/home/vboxuser/ros2_iron/install/rqt_topic:/home/vboxuser/ros2_iron/install/rqt_srv:/home/vboxuser/ros2_iron/install/rqt_shell:/home/vboxuser/ros2_iron/install/rqt_service_caller:/home/vboxuser/ros2_iron/install/rqt_reconfigure:/home/vboxuser/ros2_iron/install/rqt_py_console:/home/vboxuser/ros2_iron/install/rqt_publisher:/home/vboxuser/ros2_iron/install/rqt_action:/home/vboxuser/ros2_iron/install/rqt_msg:/home/vboxuser/ros2_iron/install/rqt_console:/home/vboxuser/ros2_iron/install/rqt_graph:/home/vboxuser/ros2_iron/install/rqt_gui_py:/home/vboxuser/ros2_iron/install/rqt_gui:/home/vboxuser/ros2_iron/install/ros2trace:/home/vboxuser/ros2_iron/install/ros2topic:/home/vboxuser/ros2_iron/install/ros2test:/home/vboxuser/ros2_iron/install/ros2param:/home/vboxuser/ros2_iron/install/ros2lifecycle:/home/vboxuser/ros2_iron/install/ros2service:/home/vboxuser/ros2_iron/install/ros2run:/home/vboxuser/ros2_iron/install/ros2launch:/home/vboxuser/ros2_iron/install/ros2pkg:/home/vboxuser/ros2_iron/install/ros2node:/home/vboxuser/ros2_iron/install/ros2multicast:/home/vboxuser/ros2_iron/install/ros2interface:/home/vboxuser/ros2_iron/install/ros2action:/home/vboxuser/ros2_iron/install/ros2cli:/home/vboxuser/ros2_iron/install/launch_testing_ros:/home/vboxuser/ros2_iron/install/launch_ros:/home/vboxuser/ros2_iron/install/examples_rclpy_minimal_action_server:/home/vboxuser/ros2_iron/install/examples_rclpy_minimal_action_client:/home/vboxuser/ros2_iron/install/examples_rclpy_guard_conditions:/home/vboxuser/ros2_iron/install/action_tutorials_py:/home/vboxuser/ros2_iron/install/ament_uncrustify:/home/vboxuser/ros2_iron/install/tracetools_trace:/home/vboxuser/ros2_iron/install/tracetools_read:/home/vboxuser/ros2_iron/install/test_tracetools_launch:/home/vboxuser/ros2_iron/install/test_ros2trace:/home/vboxuser/ros2_iron/install/test_launch_ros:/home/vboxuser/ros2_iron/install/rpyutils:/home/vboxuser/ros2_iron/install/rosidl_runtime_py:/home/vboxuser/ros2_iron/install/rosidl_pycommon:/home/vboxuser/ros2_iron/install/rosidl_cli:/home/vboxuser/ros2_iron/install/launch_pytest:/home/vboxuser/ros2_iron/install/launch_testing:/home/vboxuser/ros2_iron/install/launch_yaml:/home/vboxuser/ros2_iron/install/launch_xml:/home/vboxuser/ros2_iron/install/launch:/home/vboxuser/ros2_iron/install/osrf_pycommon:/home/vboxuser/ros2_iron/install/domain_coordinator:/home/vboxuser/ros2_iron/install/ament_xmllint:/home/vboxuser/ros2_iron/install/ament_pyflakes:/home/vboxuser/ros2_iron/install/ament_pycodestyle:/home/vboxuser/ros2_iron/install/ament_pep257:/home/vboxuser/ros2_iron/install/ament_pclint:/home/vboxuser/ros2_iron/install/ament_package:/home/vboxuser/ros2_iron/install/ament_mypy:/home/vboxuser/ros2_iron/install/ament_lint_cmake:/home/vboxuser/ros2_iron/install/ament_flake8:/home/vboxuser/ros2_iron/install/ament_copyright:/home/vboxuser/ros2_iron/install/ament_lint:/home/vboxuser/ros2_iron/install/ament_index_python:/home/vboxuser/ros2_iron/install/ament_cpplint:/home/vboxuser/ros2_iron/install/ament_cppcheck:/home/vboxuser/ros2_iron/install/ament_clang_tidy:/home/vboxuser/ros2_iron/install/ament_clang_format /usr/bin/cmake --install /home/vboxuser/ros2_ws/build/turtlesim
