[  0%] Built target turtlesim__rosidl_generator_type_description
[  0%] Built target ament_cmake_python_copy_turtlesim
[ 23%] Built target turtlesim__rosidl_generator_c
running egg_info
writing turtlesim.egg-info/PKG-INFO
writing dependency_links to turtlesim.egg-info/dependency_links.txt
writing top-level names to turtlesim.egg-info/top_level.txt
reading manifest file 'turtlesim.egg-info/SOURCES.txt'
writing manifest file 'turtlesim.egg-info/SOURCES.txt'
[ 23%] Built target ament_cmake_python_build_turtlesim_egg
[ 32%] Built target turtlesim__rosidl_typesupport_introspection_c
[ 41%] Built target turtlesim__rosidl_typesupport_c
[ 50%] Built target turtlesim__rosidl_typesupport_fastrtps_c
[ 51%] Built target turtlesim__cpp
[ 59%] Built target turtlesim__rosidl_typesupport_cpp
[ 67%] Built target turtlesim__rosidl_typesupport_introspection_cpp
[ 69%] Built target turtle_teleop_key
[ 70%] Built target draw_square
[ 72%] Built target mimic
[ 78%] Built target turtlesim_node
[ 86%] Built target turtlesim__rosidl_typesupport_fastrtps_cpp
[ 86%] Built target turtlesim
[ 86%] Built target turtlesim__py
[ 94%] Built target turtlesim__rosidl_generator_py
[ 96%] Built target turtlesim__rosidl_typesupport_fastrtps_c__pyext
[ 98%] Built target turtlesim__rosidl_typesupport_c__pyext
[100%] Built target turtlesim__rosidl_typesupport_introspection_c__pyext
-- Install configuration: ""
-- Installing: /home/vboxuser/ros2_ws/install/turtlesim/share/ament_index/resource_index/rosidl_interfaces/turtlesim
-- Installing: /home/vboxuser/ros2_ws/install/turtlesim/share/turtlesim/action/RotateAbsolute.json
-- Installing: /home/vboxuser/ros2_ws/install/turtlesim/share/turtlesim/msg/Color.json
-- Installing: /home/vboxuser/ros2_ws/install/turtlesim/share/turtlesim/msg/Pose.json
-- Installing: /home/vboxuser/ros2_ws/install/turtlesim/share/turtlesim/srv/Kill.json
-- Installing: /home/vboxuser/ros2_ws/install/turtlesim/share/turtlesim/srv/SetPen.json
-- Installing: /home/vboxuser/ros2_ws/install/turtlesim/share/turtlesim/srv/Spawn.json
-- Installing: /home/vboxuser/ros2_ws/install/turtlesim/share/turtlesim/srv/TeleportAbsolute.json
-- Installing: /home/vboxuser/ros2_ws/install/turtlesim/share/turtlesim/srv/TeleportRelative.json
-- Up-to-date: /home/vboxuser/ros2_ws/install/turtlesim/include/turtlesim/turtlesim
-- Up-to-date: /home/vboxuser/ros2_ws/install/turtlesim/include/turtlesim/turtlesim/action
-- Installing: /home/vboxuser/ros2_ws/install/turtlesim/include/turtlesim/turtlesim/action/rotate_absolute.h
-- Up-to-date: /home/vboxuser/ros2_ws/install/turtlesim/include/turtlesim/turtlesim/action/detail
-- Installing: /home/vboxuser/ros2_ws/install/turtlesim/include/turtlesim/turtlesim/action/detail/rotate_absolute__struct.h
-- Installing: /home/vboxuser/ros2_ws/install/turtlesim/include/turtlesim/turtlesim/action/detail/rotate_absolute__functions.h
-- Installing: /home/vboxuser/ros2_ws/install/turtlesim/include/turtlesim/turtlesim/action/detail/rotate_absolute__description.c
-- Installing: /home/vboxuser/ros2_ws/install/turtlesim/include/turtlesim/turtlesim/action/detail/rotate_absolute__functions.c
-- Installing: /home/vboxuser/ros2_ws/install/turtlesim/include/turtlesim/turtlesim/action/detail/rotate_absolute__type_support.c
-- Installing: /home/vboxuser/ros2_ws/install/turtlesim/include/turtlesim/turtlesim/action/detail/rotate_absolute__type_support.h
-- Up-to-date: /home/vboxuser/ros2_ws/install/turtlesim/include/turtlesim/turtlesim/srv
-- Installing: /home/vboxuser/ros2_ws/install/turtlesim/include/turtlesim/turtlesim/srv/teleport_absolute.h
-- Installing: /home/vboxuser/ros2_ws/install/turtlesim/include/turtlesim/turtlesim/srv/teleport_relative.h
-- Installing: /home/vboxuser/ros2_ws/install/turtlesim/include/turtlesim/turtlesim/srv/spawn.h
-- Up-to-date: /home/vboxuser/ros2_ws/install/turtlesim/include/turtlesim/turtlesim/srv/detail
-- Installing: /home/vboxuser/ros2_ws/install/turtlesim/include/turtlesim/turtlesim/srv/detail/teleport_relative__description.c
-- Installing: /home/vboxuser/ros2_ws/install/turtlesim/include/turtlesim/turtlesim/srv/detail/teleport_relative__functions.c
-- Installing: /home/vboxuser/ros2_ws/install/turtlesim/include/turtlesim/turtlesim/srv/detail/teleport_absolute__functions.h
-- Installing: /home/vboxuser/ros2_ws/install/turtlesim/include/turtlesim/turtlesim/srv/detail/set_pen__functions.c
-- Installing: /home/vboxuser/ros2_ws/install/turtlesim/include/turtlesim/turtlesim/srv/detail/kill__functions.c
-- Installing: /home/vboxuser/ros2_ws/install/turtlesim/include/turtlesim/turtlesim/srv/detail/kill__struct.h
-- Installing: /home/vboxuser/ros2_ws/install/turtlesim/include/turtlesim/turtlesim/srv/detail/teleport_absolute__functions.c
-- Installing: /home/vboxuser/ros2_ws/install/turtlesim/include/turtlesim/turtlesim/srv/detail/teleport_relative__type_support.h
-- Installing: /home/vboxuser/ros2_ws/install/turtlesim/include/turtlesim/turtlesim/srv/detail/spawn__type_support.c
-- Installing: /home/vboxuser/ros2_ws/install/turtlesim/include/turtlesim/turtlesim/srv/detail/set_pen__struct.h
-- Installing: /home/vboxuser/ros2_ws/install/turtlesim/include/turtlesim/turtlesim/srv/detail/teleport_absolute__type_support.c
-- Installing: /home/vboxuser/ros2_ws/install/turtlesim/include/turtlesim/turtlesim/srv/detail/teleport_absolute__type_support.h
-- Installing: /home/vboxuser/ros2_ws/install/turtlesim/include/turtlesim/turtlesim/srv/detail/teleport_relative__type_support.c
-- Installing: /home/vboxuser/ros2_ws/install/turtlesim/include/turtlesim/turtlesim/srv/detail/set_pen__description.c
-- Installing: /home/vboxuser/ros2_ws/install/turtlesim/include/turtlesim/turtlesim/srv/detail/set_pen__functions.h
-- Installing: /home/vboxuser/ros2_ws/install/turtlesim/include/turtlesim/turtlesim/srv/detail/set_pen__type_support.h
-- Installing: /home/vboxuser/ros2_ws/install/turtlesim/include/turtlesim/turtlesim/srv/detail/spawn__description.c
-- Installing: /home/vboxuser/ros2_ws/install/turtlesim/include/turtlesim/turtlesim/srv/detail/kill__functions.h
-- Installing: /home/vboxuser/ros2_ws/install/turtlesim/include/turtlesim/turtlesim/srv/detail/set_pen__type_support.c
-- Installing: /home/vboxuser/ros2_ws/install/turtlesim/include/turtlesim/turtlesim/srv/detail/kill__type_support.c
-- Installing: /home/vboxuser/ros2_ws/install/turtlesim/include/turtlesim/turtlesim/srv/detail/teleport_absolute__description.c
-- Installing: /home/vboxuser/ros2_ws/install/turtlesim/include/turtlesim/turtlesim/srv/detail/kill__description.c
-- Installing: /home/vboxuser/ros2_ws/install/turtlesim/include/turtlesim/turtlesim/srv/detail/spawn__functions.h
-- Installing: /home/vboxuser/ros2_ws/install/turtlesim/include/turtlesim/turtlesim/srv/detail/teleport_relative__struct.h
-- Installing: /home/vboxuser/ros2_ws/install/turtlesim/include/turtlesim/turtlesim/srv/detail/teleport_absolute__struct.h
-- Installing: /home/vboxuser/ros2_ws/install/turtlesim/include/turtlesim/turtlesim/srv/detail/spawn__type_support.h
-- Installing: /home/vboxuser/ros2_ws/install/turtlesim/include/turtlesim/turtlesim/srv/detail/spawn__struct.h
-- Installing: /home/vboxuser/ros2_ws/install/turtlesim/include/turtlesim/turtlesim/srv/detail/kill__type_support.h
-- Installing: /home/vboxuser/ros2_ws/install/turtlesim/include/turtlesim/turtlesim/srv/detail/spawn__functions.c
-- Installing: /home/vboxuser/ros2_ws/install/turtlesim/include/turtlesim/turtlesim/srv/detail/teleport_relative__functions.h
-- Installing: /home/vboxuser/ros2_ws/install/turtlesim/include/turtlesim/turtlesim/srv/kill.h
-- Installing: /home/vboxuser/ros2_ws/install/turtlesim/include/turtlesim/turtlesim/srv/set_pen.h
-- Up-to-date: /home/vboxuser/ros2_ws/install/turtlesim/include/turtlesim/turtlesim/msg
-- Installing: /home/vboxuser/ros2_ws/install/turtlesim/include/turtlesim/turtlesim/msg/rosidl_generator_c__visibility_control.h
-- Installing: /home/vboxuser/ros2_ws/install/turtlesim/include/turtlesim/turtlesim/msg/color.h
-- Up-to-date: /home/vboxuser/ros2_ws/install/turtlesim/include/turtlesim/turtlesim/msg/detail
-- Installing: /home/vboxuser/ros2_ws/install/turtlesim/include/turtlesim/turtlesim/msg/detail/color__functions.c
-- Installing: /home/vboxuser/ros2_ws/install/turtlesim/include/turtlesim/turtlesim/msg/detail/color__type_support.h
-- Installing: /home/vboxuser/ros2_ws/install/turtlesim/include/turtlesim/turtlesim/msg/detail/pose__struct.h
-- Installing: /home/vboxuser/ros2_ws/install/turtlesim/include/turtlesim/turtlesim/msg/detail/pose__functions.c
-- Installing: /home/vboxuser/ros2_ws/install/turtlesim/include/turtlesim/turtlesim/msg/detail/color__functions.h
-- Installing: /home/vboxuser/ros2_ws/install/turtlesim/include/turtlesim/turtlesim/msg/detail/pose__type_support.c
-- Installing: /home/vboxuser/ros2_ws/install/turtlesim/include/turtlesim/turtlesim/msg/detail/pose__type_support.h
-- Installing: /home/vboxuser/ros2_ws/install/turtlesim/include/turtlesim/turtlesim/msg/detail/pose__functions.h
-- Installing: /home/vboxuser/ros2_ws/install/turtlesim/include/turtlesim/turtlesim/msg/detail/color__description.c
-- Installing: /home/vboxuser/ros2_ws/install/turtlesim/include/turtlesim/turtlesim/msg/detail/pose__description.c
-- Installing: /home/vboxuser/ros2_ws/install/turtlesim/include/turtlesim/turtlesim/msg/detail/color__type_support.c
-- Installing: /home/vboxuser/ros2_ws/install/turtlesim/include/turtlesim/turtlesim/msg/detail/color__struct.h
-- Installing: /home/vboxuser/ros2_ws/install/turtlesim/include/turtlesim/turtlesim/msg/pose.h
-- Installing: /home/vboxuser/ros2_ws/install/turtlesim/share/turtlesim/environment/library_path.sh
-- Installing: /home/vboxuser/ros2_ws/install/turtlesim/share/turtlesim/environment/library_path.dsv
-- Installing: /home/vboxuser/ros2_ws/install/turtlesim/lib/libturtlesim__rosidl_generator_c.so
-- Set runtime path of "/home/vboxuser/ros2_ws/install/turtlesim/lib/libturtlesim__rosidl_generator_c.so" to ""
-- Up-to-date: /home/vboxuser/ros2_ws/install/turtlesim/include/turtlesim/turtlesim
-- Up-to-date: /home/vboxuser/ros2_ws/install/turtlesim/include/turtlesim/turtlesim/action
-- Up-to-date: /home/vboxuser/ros2_ws/install/turtlesim/include/turtlesim/turtlesim/action/detail
-- Installing: /home/vboxuser/ros2_ws/install/turtlesim/include/turtlesim/turtlesim/action/detail/rotate_absolute__rosidl_typesupport_fastrtps_c.h
-- Up-to-date: /home/vboxuser/ros2_ws/install/turtlesim/include/turtlesim/turtlesim/srv
-- Up-to-date: /home/vboxuser/ros2_ws/install/turtlesim/include/turtlesim/turtlesim/srv/detail
-- Installing: /home/vboxuser/ros2_ws/install/turtlesim/include/turtlesim/turtlesim/srv/detail/kill__rosidl_typesupport_fastrtps_c.h
-- Installing: /home/vboxuser/ros2_ws/install/turtlesim/include/turtlesim/turtlesim/srv/detail/teleport_absolute__rosidl_typesupport_fastrtps_c.h
-- Installing: /home/vboxuser/ros2_ws/install/turtlesim/include/turtlesim/turtlesim/srv/detail/teleport_relative__rosidl_typesupport_fastrtps_c.h
-- Installing: /home/vboxuser/ros2_ws/install/turtlesim/include/turtlesim/turtlesim/srv/detail/set_pen__rosidl_typesupport_fastrtps_c.h
-- Installing: /home/vboxuser/ros2_ws/install/turtlesim/include/turtlesim/turtlesim/srv/detail/spawn__rosidl_typesupport_fastrtps_c.h
-- Up-to-date: /home/vboxuser/ros2_ws/install/turtlesim/include/turtlesim/turtlesim/msg
-- Installing: /home/vboxuser/ros2_ws/install/turtlesim/include/turtlesim/turtlesim/msg/rosidl_typesupport_fastrtps_c__visibility_control.h
-- Up-to-date: /home/vboxuser/ros2_ws/install/turtlesim/include/turtlesim/turtlesim/msg/detail
-- Installing: /home/vboxuser/ros2_ws/install/turtlesim/include/turtlesim/turtlesim/msg/detail/pose__rosidl_typesupport_fastrtps_c.h
-- Installing: /home/vboxuser/ros2_ws/install/turtlesim/include/turtlesim/turtlesim/msg/detail/color__rosidl_typesupport_fastrtps_c.h
-- Installing: /home/vboxuser/ros2_ws/install/turtlesim/lib/libturtlesim__rosidl_typesupport_fastrtps_c.so
-- Set runtime path of "/home/vboxuser/ros2_ws/install/turtlesim/lib/libturtlesim__rosidl_typesupport_fastrtps_c.so" to ""
-- Up-to-date: /home/vboxuser/ros2_ws/install/turtlesim/include/turtlesim/turtlesim
-- Up-to-date: /home/vboxuser/ros2_ws/install/turtlesim/include/turtlesim/turtlesim/action
-- Up-to-date: /home/vboxuser/ros2_ws/install/turtlesim/include/turtlesim/turtlesim/action/detail
-- Installing: /home/vboxuser/ros2_ws/install/turtlesim/include/turtlesim/turtlesim/action/detail/rotate_absolute__struct.hpp
-- Installing: /home/vboxuser/ros2_ws/install/turtlesim/include/turtlesim/turtlesim/action/detail/rotate_absolute__builder.hpp
-- Installing: /home/vboxuser/ros2_ws/install/turtlesim/include/turtlesim/turtlesim/action/detail/rotate_absolute__traits.hpp
-- Installing: /home/vboxuser/ros2_ws/install/turtlesim/include/turtlesim/turtlesim/action/rotate_absolute.hpp
-- Up-to-date: /home/vboxuser/ros2_ws/install/turtlesim/include/turtlesim/turtlesim/srv
-- Installing: /home/vboxuser/ros2_ws/install/turtlesim/include/turtlesim/turtlesim/srv/set_pen.hpp
-- Installing: /home/vboxuser/ros2_ws/install/turtlesim/include/turtlesim/turtlesim/srv/spawn.hpp
-- Up-to-date: /home/vboxuser/ros2_ws/install/turtlesim/include/turtlesim/turtlesim/srv/detail
-- Installing: /home/vboxuser/ros2_ws/install/turtlesim/include/turtlesim/turtlesim/srv/detail/teleport_relative__traits.hpp
-- Installing: /home/vboxuser/ros2_ws/install/turtlesim/include/turtlesim/turtlesim/srv/detail/kill__traits.hpp
-- Installing: /home/vboxuser/ros2_ws/install/turtlesim/include/turtlesim/turtlesim/srv/detail/teleport_absolute__struct.hpp
-- Installing: /home/vboxuser/ros2_ws/install/turtlesim/include/turtlesim/turtlesim/srv/detail/set_pen__builder.hpp
-- Installing: /home/vboxuser/ros2_ws/install/turtlesim/include/turtlesim/turtlesim/srv/detail/teleport_relative__struct.hpp
-- Installing: /home/vboxuser/ros2_ws/install/turtlesim/include/turtlesim/turtlesim/srv/detail/spawn__struct.hpp
-- Installing: /home/vboxuser/ros2_ws/install/turtlesim/include/turtlesim/turtlesim/srv/detail/teleport_relative__builder.hpp
-- Installing: /home/vboxuser/ros2_ws/install/turtlesim/include/turtlesim/turtlesim/srv/detail/teleport_absolute__traits.hpp
-- Installing: /home/vboxuser/ros2_ws/install/turtlesim/include/turtlesim/turtlesim/srv/detail/spawn__traits.hpp
-- Installing: /home/vboxuser/ros2_ws/install/turtlesim/include/turtlesim/turtlesim/srv/detail/set_pen__struct.hpp
-- Installing: /home/vboxuser/ros2_ws/install/turtlesim/include/turtlesim/turtlesim/srv/detail/kill__struct.hpp
-- Installing: /home/vboxuser/ros2_ws/install/turtlesim/include/turtlesim/turtlesim/srv/detail/kill__builder.hpp
-- Installing: /home/vboxuser/ros2_ws/install/turtlesim/include/turtlesim/turtlesim/srv/detail/set_pen__traits.hpp
-- Installing: /home/vboxuser/ros2_ws/install/turtlesim/include/turtlesim/turtlesim/srv/detail/teleport_absolute__builder.hpp
-- Installing: /home/vboxuser/ros2_ws/install/turtlesim/include/turtlesim/turtlesim/srv/detail/spawn__builder.hpp
-- Installing: /home/vboxuser/ros2_ws/install/turtlesim/include/turtlesim/turtlesim/srv/teleport_relative.hpp
-- Installing: /home/vboxuser/ros2_ws/install/turtlesim/include/turtlesim/turtlesim/srv/teleport_absolute.hpp
-- Installing: /home/vboxuser/ros2_ws/install/turtlesim/include/turtlesim/turtlesim/srv/kill.hpp
-- Up-to-date: /home/vboxuser/ros2_ws/install/turtlesim/include/turtlesim/turtlesim/msg
-- Installing: /home/vboxuser/ros2_ws/install/turtlesim/include/turtlesim/turtlesim/msg/pose.hpp
-- Installing: /home/vboxuser/ros2_ws/install/turtlesim/include/turtlesim/turtlesim/msg/color.hpp
-- Up-to-date: /home/vboxuser/ros2_ws/install/turtlesim/include/turtlesim/turtlesim/msg/detail
-- Installing: /home/vboxuser/ros2_ws/install/turtlesim/include/turtlesim/turtlesim/msg/detail/color__struct.hpp
-- Installing: /home/vboxuser/ros2_ws/install/turtlesim/include/turtlesim/turtlesim/msg/detail/pose__traits.hpp
-- Installing: /home/vboxuser/ros2_ws/install/turtlesim/include/turtlesim/turtlesim/msg/detail/color__builder.hpp
-- Installing: /home/vboxuser/ros2_ws/install/turtlesim/include/turtlesim/turtlesim/msg/detail/pose__struct.hpp
-- Installing: /home/vboxuser/ros2_ws/install/turtlesim/include/turtlesim/turtlesim/msg/detail/pose__builder.hpp
-- Installing: /home/vboxuser/ros2_ws/install/turtlesim/include/turtlesim/turtlesim/msg/detail/color__traits.hpp
-- Up-to-date: /home/vboxuser/ros2_ws/install/turtlesim/include/turtlesim/turtlesim
-- Up-to-date: /home/vboxuser/ros2_ws/install/turtlesim/include/turtlesim/turtlesim/action
-- Up-to-date: /home/vboxuser/ros2_ws/install/turtlesim/include/turtlesim/turtlesim/action/detail
-- Installing: /home/vboxuser/ros2_ws/install/turtlesim/include/turtlesim/turtlesim/action/detail/dds_fastrtps
-- Installing: /home/vboxuser/ros2_ws/install/turtlesim/include/turtlesim/turtlesim/action/detail/rotate_absolute__rosidl_typesupport_fastrtps_cpp.hpp
-- Up-to-date: /home/vboxuser/ros2_ws/install/turtlesim/include/turtlesim/turtlesim/srv
-- Up-to-date: /home/vboxuser/ros2_ws/install/turtlesim/include/turtlesim/turtlesim/srv/detail
-- Installing: /home/vboxuser/ros2_ws/install/turtlesim/include/turtlesim/turtlesim/srv/detail/dds_fastrtps
-- Installing: /home/vboxuser/ros2_ws/install/turtlesim/include/turtlesim/turtlesim/srv/detail/teleport_absolute__rosidl_typesupport_fastrtps_cpp.hpp
-- Installing: /home/vboxuser/ros2_ws/install/turtlesim/include/turtlesim/turtlesim/srv/detail/spawn__rosidl_typesupport_fastrtps_cpp.hpp
-- Installing: /home/vboxuser/ros2_ws/install/turtlesim/include/turtlesim/turtlesim/srv/detail/set_pen__rosidl_typesupport_fastrtps_cpp.hpp
-- Installing: /home/vboxuser/ros2_ws/install/turtlesim/include/turtlesim/turtlesim/srv/detail/kill__rosidl_typesupport_fastrtps_cpp.hpp
-- Installing: /home/vboxuser/ros2_ws/install/turtlesim/include/turtlesim/turtlesim/srv/detail/teleport_relative__rosidl_typesupport_fastrtps_cpp.hpp
-- Up-to-date: /home/vboxuser/ros2_ws/install/turtlesim/include/turtlesim/turtlesim/msg
-- Installing: /home/vboxuser/ros2_ws/install/turtlesim/include/turtlesim/turtlesim/msg/rosidl_typesupport_fastrtps_cpp__visibility_control.h
-- Up-to-date: /home/vboxuser/ros2_ws/install/turtlesim/include/turtlesim/turtlesim/msg/detail
-- Installing: /home/vboxuser/ros2_ws/install/turtlesim/include/turtlesim/turtlesim/msg/detail/color__rosidl_typesupport_fastrtps_cpp.hpp
-- Installing: /home/vboxuser/ros2_ws/install/turtlesim/include/turtlesim/turtlesim/msg/detail/dds_fastrtps
-- Installing: /home/vboxuser/ros2_ws/install/turtlesim/include/turtlesim/turtlesim/msg/detail/pose__rosidl_typesupport_fastrtps_cpp.hpp
-- Installing: /home/vboxuser/ros2_ws/install/turtlesim/lib/libturtlesim__rosidl_typesupport_fastrtps_cpp.so
-- Set runtime path of "/home/vboxuser/ros2_ws/install/turtlesim/lib/libturtlesim__rosidl_typesupport_fastrtps_cpp.so" to ""
-- Up-to-date: /home/vboxuser/ros2_ws/install/turtlesim/include/turtlesim/turtlesim
-- Up-to-date: /home/vboxuser/ros2_ws/install/turtlesim/include/turtlesim/turtlesim/action
-- Up-to-date: /home/vboxuser/ros2_ws/install/turtlesim/include/turtlesim/turtlesim/action/detail
-- Installing: /home/vboxuser/ros2_ws/install/turtlesim/include/turtlesim/turtlesim/action/detail/rotate_absolute__rosidl_typesupport_introspection_c.h
-- Installing: /home/vboxuser/ros2_ws/install/turtlesim/include/turtlesim/turtlesim/action/detail/rotate_absolute__type_support.c
-- Up-to-date: /home/vboxuser/ros2_ws/install/turtlesim/include/turtlesim/turtlesim/srv
-- Up-to-date: /home/vboxuser/ros2_ws/install/turtlesim/include/turtlesim/turtlesim/srv/detail
-- Installing: /home/vboxuser/ros2_ws/install/turtlesim/include/turtlesim/turtlesim/srv/detail/kill__rosidl_typesupport_introspection_c.h
-- Installing: /home/vboxuser/ros2_ws/install/turtlesim/include/turtlesim/turtlesim/srv/detail/teleport_relative__rosidl_typesupport_introspection_c.h
-- Installing: /home/vboxuser/ros2_ws/install/turtlesim/include/turtlesim/turtlesim/srv/detail/spawn__type_support.c
-- Installing: /home/vboxuser/ros2_ws/install/turtlesim/include/turtlesim/turtlesim/srv/detail/teleport_absolute__type_support.c
-- Installing: /home/vboxuser/ros2_ws/install/turtlesim/include/turtlesim/turtlesim/srv/detail/teleport_relative__type_support.c
-- Installing: /home/vboxuser/ros2_ws/install/turtlesim/include/turtlesim/turtlesim/srv/detail/spawn__rosidl_typesupport_introspection_c.h
-- Installing: /home/vboxuser/ros2_ws/install/turtlesim/include/turtlesim/turtlesim/srv/detail/set_pen__type_support.c
-- Installing: /home/vboxuser/ros2_ws/install/turtlesim/include/turtlesim/turtlesim/srv/detail/kill__type_support.c
-- Installing: /home/vboxuser/ros2_ws/install/turtlesim/include/turtlesim/turtlesim/srv/detail/set_pen__rosidl_typesupport_introspection_c.h
-- Installing: /home/vboxuser/ros2_ws/install/turtlesim/include/turtlesim/turtlesim/srv/detail/teleport_absolute__rosidl_typesupport_introspection_c.h
-- Up-to-date: /home/vboxuser/ros2_ws/install/turtlesim/include/turtlesim/turtlesim/msg
-- Up-to-date: /home/vboxuser/ros2_ws/install/turtlesim/include/turtlesim/turtlesim/msg/detail
-- Installing: /home/vboxuser/ros2_ws/install/turtlesim/include/turtlesim/turtlesim/msg/detail/color__rosidl_typesupport_introspection_c.h
-- Installing: /home/vboxuser/ros2_ws/install/turtlesim/include/turtlesim/turtlesim/msg/detail/pose__type_support.c
-- Installing: /home/vboxuser/ros2_ws/install/turtlesim/include/turtlesim/turtlesim/msg/detail/color__type_support.c
-- Installing: /home/vboxuser/ros2_ws/install/turtlesim/include/turtlesim/turtlesim/msg/detail/pose__rosidl_typesupport_introspection_c.h
-- Installing: /home/vboxuser/ros2_ws/install/turtlesim/include/turtlesim/turtlesim/msg/rosidl_typesupport_introspection_c__visibility_control.h
-- Installing: /home/vboxuser/ros2_ws/install/turtlesim/lib/libturtlesim__rosidl_typesupport_introspection_c.so
-- Set runtime path of "/home/vboxuser/ros2_ws/install/turtlesim/lib/libturtlesim__rosidl_typesupport_introspection_c.so" to ""
-- Installing: /home/vboxuser/ros2_ws/install/turtlesim/lib/libturtlesim__rosidl_typesupport_c.so
-- Set runtime path of "/home/vboxuser/ros2_ws/install/turtlesim/lib/libturtlesim__rosidl_typesupport_c.so" to ""
-- Up-to-date: /home/vboxuser/ros2_ws/install/turtlesim/include/turtlesim/turtlesim
-- Up-to-date: /home/vboxuser/ros2_ws/install/turtlesim/include/turtlesim/turtlesim/action
-- Up-to-date: /home/vboxuser/ros2_ws/install/turtlesim/include/turtlesim/turtlesim/action/detail
-- Installing: /home/vboxuser/ros2_ws/install/turtlesim/include/turtlesim/turtlesim/action/detail/rotate_absolute__rosidl_typesupport_introspection_cpp.hpp
-- Installing: /home/vboxuser/ros2_ws/install/turtlesim/include/turtlesim/turtlesim/action/detail/rotate_absolute__type_support.cpp
-- Up-to-date: /home/vboxuser/ros2_ws/install/turtlesim/include/turtlesim/turtlesim/srv
-- Up-to-date: /home/vboxuser/ros2_ws/install/turtlesim/include/turtlesim/turtlesim/srv/detail
-- Installing: /home/vboxuser/ros2_ws/install/turtlesim/include/turtlesim/turtlesim/srv/detail/spawn__type_support.cpp
-- Installing: /home/vboxuser/ros2_ws/install/turtlesim/include/turtlesim/turtlesim/srv/detail/teleport_relative__type_support.cpp
-- Installing: /home/vboxuser/ros2_ws/install/turtlesim/include/turtlesim/turtlesim/srv/detail/teleport_absolute__type_support.cpp
-- Installing: /home/vboxuser/ros2_ws/install/turtlesim/include/turtlesim/turtlesim/srv/detail/teleport_relative__rosidl_typesupport_introspection_cpp.hpp
-- Installing: /home/vboxuser/ros2_ws/install/turtlesim/include/turtlesim/turtlesim/srv/detail/set_pen__type_support.cpp
-- Installing: /home/vboxuser/ros2_ws/install/turtlesim/include/turtlesim/turtlesim/srv/detail/set_pen__rosidl_typesupport_introspection_cpp.hpp
-- Installing: /home/vboxuser/ros2_ws/install/turtlesim/include/turtlesim/turtlesim/srv/detail/kill__rosidl_typesupport_introspection_cpp.hpp
-- Installing: /home/vboxuser/ros2_ws/install/turtlesim/include/turtlesim/turtlesim/srv/detail/teleport_absolute__rosidl_typesupport_introspection_cpp.hpp
-- Installing: /home/vboxuser/ros2_ws/install/turtlesim/include/turtlesim/turtlesim/srv/detail/kill__type_support.cpp
-- Installing: /home/vboxuser/ros2_ws/install/turtlesim/include/turtlesim/turtlesim/srv/detail/spawn__rosidl_typesupport_introspection_cpp.hpp
-- Up-to-date: /home/vboxuser/ros2_ws/install/turtlesim/include/turtlesim/turtlesim/msg
-- Up-to-date: /home/vboxuser/ros2_ws/install/turtlesim/include/turtlesim/turtlesim/msg/detail
-- Installing: /home/vboxuser/ros2_ws/install/turtlesim/include/turtlesim/turtlesim/msg/detail/color__type_support.cpp
-- Installing: /home/vboxuser/ros2_ws/install/turtlesim/include/turtlesim/turtlesim/msg/detail/pose__type_support.cpp
-- Installing: /home/vboxuser/ros2_ws/install/turtlesim/include/turtlesim/turtlesim/msg/detail/pose__rosidl_typesupport_introspection_cpp.hpp
-- Installing: /home/vboxuser/ros2_ws/install/turtlesim/include/turtlesim/turtlesim/msg/detail/color__rosidl_typesupport_introspection_cpp.hpp
-- Installing: /home/vboxuser/ros2_ws/install/turtlesim/lib/libturtlesim__rosidl_typesupport_introspection_cpp.so
-- Set runtime path of "/home/vboxuser/ros2_ws/install/turtlesim/lib/libturtlesim__rosidl_typesupport_introspection_cpp.so" to ""
-- Installing: /home/vboxuser/ros2_ws/install/turtlesim/lib/libturtlesim__rosidl_typesupport_cpp.so
-- Set runtime path of "/home/vboxuser/ros2_ws/install/turtlesim/lib/libturtlesim__rosidl_typesupport_cpp.so" to ""
-- Installing: /home/vboxuser/ros2_ws/install/turtlesim/share/turtlesim/environment/pythonpath.sh
-- Installing: /home/vboxuser/ros2_ws/install/turtlesim/share/turtlesim/environment/pythonpath.dsv
-- Up-to-date: /home/vboxuser/ros2_ws/install/turtlesim/lib/python3.10/site-packages/turtlesim-1.6.1-py3.10.egg-info
-- Installing: /home/vboxuser/ros2_ws/install/turtlesim/lib/python3.10/site-packages/turtlesim-1.6.1-py3.10.egg-info/top_level.txt
-- Installing: /home/vboxuser/ros2_ws/install/turtlesim/lib/python3.10/site-packages/turtlesim-1.6.1-py3.10.egg-info/SOURCES.txt
-- Installing: /home/vboxuser/ros2_ws/install/turtlesim/lib/python3.10/site-packages/turtlesim-1.6.1-py3.10.egg-info/PKG-INFO
-- Installing: /home/vboxuser/ros2_ws/install/turtlesim/lib/python3.10/site-packages/turtlesim-1.6.1-py3.10.egg-info/dependency_links.txt
-- Up-to-date: /home/vboxuser/ros2_ws/install/turtlesim/lib/python3.10/site-packages/turtlesim
-- Up-to-date: /home/vboxuser/ros2_ws/install/turtlesim/lib/python3.10/site-packages/turtlesim/action
-- Installing: /home/vboxuser/ros2_ws/install/turtlesim/lib/python3.10/site-packages/turtlesim/action/_rotate_absolute.py
-- Installing: /home/vboxuser/ros2_ws/install/turtlesim/lib/python3.10/site-packages/turtlesim/action/_rotate_absolute_s.c
-- Installing: /home/vboxuser/ros2_ws/install/turtlesim/lib/python3.10/site-packages/turtlesim/action/__init__.py
-- Up-to-date: /home/vboxuser/ros2_ws/install/turtlesim/lib/python3.10/site-packages/turtlesim/srv
-- Installing: /home/vboxuser/ros2_ws/install/turtlesim/lib/python3.10/site-packages/turtlesim/srv/_spawn_s.c
-- Installing: /home/vboxuser/ros2_ws/install/turtlesim/lib/python3.10/site-packages/turtlesim/srv/_teleport_relative.py
-- Installing: /home/vboxuser/ros2_ws/install/turtlesim/lib/python3.10/site-packages/turtlesim/srv/_kill_s.c
-- Installing: /home/vboxuser/ros2_ws/install/turtlesim/lib/python3.10/site-packages/turtlesim/srv/_set_pen.py
-- Installing: /home/vboxuser/ros2_ws/install/turtlesim/lib/python3.10/site-packages/turtlesim/srv/_set_pen_s.c
-- Installing: /home/vboxuser/ros2_ws/install/turtlesim/lib/python3.10/site-packages/turtlesim/srv/__init__.py
-- Installing: /home/vboxuser/ros2_ws/install/turtlesim/lib/python3.10/site-packages/turtlesim/srv/_spawn.py
-- Installing: /home/vboxuser/ros2_ws/install/turtlesim/lib/python3.10/site-packages/turtlesim/srv/_teleport_absolute_s.c
-- Installing: /home/vboxuser/ros2_ws/install/turtlesim/lib/python3.10/site-packages/turtlesim/srv/_kill.py
-- Installing: /home/vboxuser/ros2_ws/install/turtlesim/lib/python3.10/site-packages/turtlesim/srv/_teleport_absolute.py
-- Installing: /home/vboxuser/ros2_ws/install/turtlesim/lib/python3.10/site-packages/turtlesim/srv/_teleport_relative_s.c
-- Installing: /home/vboxuser/ros2_ws/install/turtlesim/lib/python3.10/site-packages/turtlesim/_turtlesim_s.ep.rosidl_typesupport_introspection_c.c
-- Installing: /home/vboxuser/ros2_ws/install/turtlesim/lib/python3.10/site-packages/turtlesim/turtlesim_s__rosidl_typesupport_c.cpython-310-x86_64-linux-gnu.so
-- Up-to-date: /home/vboxuser/ros2_ws/install/turtlesim/lib/python3.10/site-packages/turtlesim/msg
-- Installing: /home/vboxuser/ros2_ws/install/turtlesim/lib/python3.10/site-packages/turtlesim/msg/_pose_s.c
-- Installing: /home/vboxuser/ros2_ws/install/turtlesim/lib/python3.10/site-packages/turtlesim/msg/_color_s.c
-- Installing: /home/vboxuser/ros2_ws/install/turtlesim/lib/python3.10/site-packages/turtlesim/msg/_color.py
-- Installing: /home/vboxuser/ros2_ws/install/turtlesim/lib/python3.10/site-packages/turtlesim/msg/__init__.py
-- Installing: /home/vboxuser/ros2_ws/install/turtlesim/lib/python3.10/site-packages/turtlesim/msg/_pose.py
-- Installing: /home/vboxuser/ros2_ws/install/turtlesim/lib/python3.10/site-packages/turtlesim/_turtlesim_s.ep.rosidl_typesupport_fastrtps_c.c
-- Installing: /home/vboxuser/ros2_ws/install/turtlesim/lib/python3.10/site-packages/turtlesim/turtlesim_s__rosidl_typesupport_introspection_c.cpython-310-x86_64-linux-gnu.so
-- Installing: /home/vboxuser/ros2_ws/install/turtlesim/lib/python3.10/site-packages/turtlesim/__init__.py
-- Installing: /home/vboxuser/ros2_ws/install/turtlesim/lib/python3.10/site-packages/turtlesim/_turtlesim_s.ep.rosidl_typesupport_c.c
-- Installing: /home/vboxuser/ros2_ws/install/turtlesim/lib/python3.10/site-packages/turtlesim/libturtlesim__rosidl_generator_py.so
-- Installing: /home/vboxuser/ros2_ws/install/turtlesim/lib/python3.10/site-packages/turtlesim/turtlesim_s__rosidl_typesupport_fastrtps_c.cpython-310-x86_64-linux-gnu.so
Listing '/home/vboxuser/ros2_ws/install/turtlesim/lib/python3.10/site-packages/turtlesim'...
Listing '/home/vboxuser/ros2_ws/install/turtlesim/lib/python3.10/site-packages/turtlesim/action'...
Listing '/home/vboxuser/ros2_ws/install/turtlesim/lib/python3.10/site-packages/turtlesim/msg'...
Listing '/home/vboxuser/ros2_ws/install/turtlesim/lib/python3.10/site-packages/turtlesim/srv'...
-- Installing: /home/vboxuser/ros2_ws/install/turtlesim/lib/python3.10/site-packages/turtlesim/turtlesim_s__rosidl_typesupport_fastrtps_c.cpython-310-x86_64-linux-gnu.so
-- Set runtime path of "/home/vboxuser/ros2_ws/install/turtlesim/lib/python3.10/site-packages/turtlesim/turtlesim_s__rosidl_typesupport_fastrtps_c.cpython-310-x86_64-linux-gnu.so" to ""
-- Installing: /home/vboxuser/ros2_ws/install/turtlesim/lib/python3.10/site-packages/turtlesim/turtlesim_s__rosidl_typesupport_introspection_c.cpython-310-x86_64-linux-gnu.so
-- Set runtime path of "/home/vboxuser/ros2_ws/install/turtlesim/lib/python3.10/site-packages/turtlesim/turtlesim_s__rosidl_typesupport_introspection_c.cpython-310-x86_64-linux-gnu.so" to ""
-- Installing: /home/vboxuser/ros2_ws/install/turtlesim/lib/python3.10/site-packages/turtlesim/turtlesim_s__rosidl_typesupport_c.cpython-310-x86_64-linux-gnu.so
-- Set runtime path of "/home/vboxuser/ros2_ws/install/turtlesim/lib/python3.10/site-packages/turtlesim/turtlesim_s__rosidl_typesupport_c.cpython-310-x86_64-linux-gnu.so" to ""
-- Installing: /home/vboxuser/ros2_ws/install/turtlesim/lib/libturtlesim__rosidl_generator_py.so
-- Set runtime path of "/home/vboxuser/ros2_ws/install/turtlesim/lib/libturtlesim__rosidl_generator_py.so" to ""
-- Installing: /home/vboxuser/ros2_ws/install/turtlesim/share/turtlesim/action/RotateAbsolute.idl
-- Installing: /home/vboxuser/ros2_ws/install/turtlesim/share/turtlesim/msg/Color.idl
-- Installing: /home/vboxuser/ros2_ws/install/turtlesim/share/turtlesim/msg/Pose.idl
-- Installing: /home/vboxuser/ros2_ws/install/turtlesim/share/turtlesim/srv/Kill.idl
-- Installing: /home/vboxuser/ros2_ws/install/turtlesim/share/turtlesim/srv/SetPen.idl
-- Installing: /home/vboxuser/ros2_ws/install/turtlesim/share/turtlesim/srv/Spawn.idl
-- Installing: /home/vboxuser/ros2_ws/install/turtlesim/share/turtlesim/srv/TeleportAbsolute.idl
-- Installing: /home/vboxuser/ros2_ws/install/turtlesim/share/turtlesim/srv/TeleportRelative.idl
-- Installing: /home/vboxuser/ros2_ws/install/turtlesim/share/turtlesim/action/RotateAbsolute.action
-- Installing: /home/vboxuser/ros2_ws/install/turtlesim/share/turtlesim/msg/Color.msg
-- Installing: /home/vboxuser/ros2_ws/install/turtlesim/share/turtlesim/msg/Pose.msg
-- Installing: /home/vboxuser/ros2_ws/install/turtlesim/share/turtlesim/srv/Kill.srv
-- Installing: /home/vboxuser/ros2_ws/install/turtlesim/share/turtlesim/srv/Kill_Request.msg
-- Installing: /home/vboxuser/ros2_ws/install/turtlesim/share/turtlesim/srv/Kill_Response.msg
-- Installing: /home/vboxuser/ros2_ws/install/turtlesim/share/turtlesim/srv/SetPen.srv
-- Installing: /home/vboxuser/ros2_ws/install/turtlesim/share/turtlesim/srv/SetPen_Request.msg
-- Installing: /home/vboxuser/ros2_ws/install/turtlesim/share/turtlesim/srv/SetPen_Response.msg
-- Installing: /home/vboxuser/ros2_ws/install/turtlesim/share/turtlesim/srv/Spawn.srv
-- Installing: /home/vboxuser/ros2_ws/install/turtlesim/share/turtlesim/srv/Spawn_Request.msg
-- Installing: /home/vboxuser/ros2_ws/install/turtlesim/share/turtlesim/srv/Spawn_Response.msg
-- Installing: /home/vboxuser/ros2_ws/install/turtlesim/share/turtlesim/srv/TeleportAbsolute.srv
-- Installing: /home/vboxuser/ros2_ws/install/turtlesim/share/turtlesim/srv/TeleportAbsolute_Request.msg
-- Installing: /home/vboxuser/ros2_ws/install/turtlesim/share/turtlesim/srv/TeleportAbsolute_Response.msg
-- Installing: /home/vboxuser/ros2_ws/install/turtlesim/share/turtlesim/srv/TeleportRelative.srv
-- Installing: /home/vboxuser/ros2_ws/install/turtlesim/share/turtlesim/srv/TeleportRelative_Request.msg
-- Installing: /home/vboxuser/ros2_ws/install/turtlesim/share/turtlesim/srv/TeleportRelative_Response.msg
-- Installing: /home/vboxuser/ros2_ws/install/turtlesim/lib/turtlesim/turtlesim_node
-- Set runtime path of "/home/vboxuser/ros2_ws/install/turtlesim/lib/turtlesim/turtlesim_node" to ""
-- Installing: /home/vboxuser/ros2_ws/install/turtlesim/lib/turtlesim/turtle_teleop_key
-- Set runtime path of "/home/vboxuser/ros2_ws/install/turtlesim/lib/turtlesim/turtle_teleop_key" to ""
-- Installing: /home/vboxuser/ros2_ws/install/turtlesim/lib/turtlesim/draw_square
-- Set runtime path of "/home/vboxuser/ros2_ws/install/turtlesim/lib/turtlesim/draw_square" to ""
-- Installing: /home/vboxuser/ros2_ws/install/turtlesim/lib/turtlesim/mimic
-- Set runtime path of "/home/vboxuser/ros2_ws/install/turtlesim/lib/turtlesim/mimic" to ""
-- Up-to-date: /home/vboxuser/ros2_ws/install/turtlesim/share/turtlesim/images
-- Installing: /home/vboxuser/ros2_ws/install/turtlesim/share/turtlesim/images/iron.png
-- Installing: /home/vboxuser/ros2_ws/install/turtlesim/share/turtlesim/images/dashing.png
-- Installing: /home/vboxuser/ros2_ws/install/turtlesim/share/turtlesim/images/eloquent.png
-- Installing: /home/vboxuser/ros2_ws/install/turtlesim/share/turtlesim/images/humble.png
-- Installing: /home/vboxuser/ros2_ws/install/turtlesim/share/turtlesim/images/bouncy.png
-- Installing: /home/vboxuser/ros2_ws/install/turtlesim/share/turtlesim/images/ardent.png
-- Installing: /home/vboxuser/ros2_ws/install/turtlesim/share/turtlesim/images/rolling.png
-- Installing: /home/vboxuser/ros2_ws/install/turtlesim/share/turtlesim/images/foxy.png
-- Installing: /home/vboxuser/ros2_ws/install/turtlesim/share/turtlesim/images/galactic.png
-- Installing: /home/vboxuser/ros2_ws/install/turtlesim/share/turtlesim/images/crystal.png
-- Up-to-date: /home/vboxuser/ros2_ws/install/turtlesim/share/turtlesim/launch
-- Installing: /home/vboxuser/ros2_ws/install/turtlesim/share/turtlesim/launch/multisim.launch.py
-- Installing: /home/vboxuser/ros2_ws/install/turtlesim/share/ament_index/resource_index/package_run_dependencies/turtlesim
-- Installing: /home/vboxuser/ros2_ws/install/turtlesim/share/ament_index/resource_index/parent_prefix_path/turtlesim
-- Installing: /home/vboxuser/ros2_ws/install/turtlesim/share/turtlesim/environment/ament_prefix_path.dsv
-- Installing: /home/vboxuser/ros2_ws/install/turtlesim/share/turtlesim/environment/path.dsv
-- Installing: /home/vboxuser/ros2_ws/install/turtlesim/share/turtlesim/local_setup.bash
-- Installing: /home/vboxuser/ros2_ws/install/turtlesim/share/turtlesim/local_setup.sh
-- Installing: /home/vboxuser/ros2_ws/install/turtlesim/share/turtlesim/local_setup.zsh
-- Installing: /home/vboxuser/ros2_ws/install/turtlesim/share/turtlesim/local_setup.dsv
-- Installing: /home/vboxuser/ros2_ws/install/turtlesim/share/turtlesim/package.dsv
-- Installing: /home/vboxuser/ros2_ws/install/turtlesim/share/ament_index/resource_index/packages/turtlesim
-- Installing: /home/vboxuser/ros2_ws/install/turtlesim/share/turtlesim/cmake/export_turtlesim__rosidl_generator_cExport.cmake
-- Installing: /home/vboxuser/ros2_ws/install/turtlesim/share/turtlesim/cmake/export_turtlesim__rosidl_generator_cExport-noconfig.cmake
-- Installing: /home/vboxuser/ros2_ws/install/turtlesim/share/turtlesim/cmake/export_turtlesim__rosidl_typesupport_fastrtps_cExport.cmake
-- Installing: /home/vboxuser/ros2_ws/install/turtlesim/share/turtlesim/cmake/export_turtlesim__rosidl_typesupport_fastrtps_cExport-noconfig.cmake
-- Installing: /home/vboxuser/ros2_ws/install/turtlesim/share/turtlesim/cmake/export_turtlesim__rosidl_generator_cppExport.cmake
-- Installing: /home/vboxuser/ros2_ws/install/turtlesim/share/turtlesim/cmake/export_turtlesim__rosidl_typesupport_fastrtps_cppExport.cmake
-- Installing: /home/vboxuser/ros2_ws/install/turtlesim/share/turtlesim/cmake/export_turtlesim__rosidl_typesupport_fastrtps_cppExport-noconfig.cmake
-- Installing: /home/vboxuser/ros2_ws/install/turtlesim/share/turtlesim/cmake/turtlesim__rosidl_typesupport_introspection_cExport.cmake
-- Installing: /home/vboxuser/ros2_ws/install/turtlesim/share/turtlesim/cmake/turtlesim__rosidl_typesupport_introspection_cExport-noconfig.cmake
-- Installing: /home/vboxuser/ros2_ws/install/turtlesim/share/turtlesim/cmake/turtlesim__rosidl_typesupport_cExport.cmake
-- Installing: /home/vboxuser/ros2_ws/install/turtlesim/share/turtlesim/cmake/turtlesim__rosidl_typesupport_cExport-noconfig.cmake
-- Installing: /home/vboxuser/ros2_ws/install/turtlesim/share/turtlesim/cmake/turtlesim__rosidl_typesupport_introspection_cppExport.cmake
-- Installing: /home/vboxuser/ros2_ws/install/turtlesim/share/turtlesim/cmake/turtlesim__rosidl_typesupport_introspection_cppExport-noconfig.cmake
-- Installing: /home/vboxuser/ros2_ws/install/turtlesim/share/turtlesim/cmake/turtlesim__rosidl_typesupport_cppExport.cmake
-- Installing: /home/vboxuser/ros2_ws/install/turtlesim/share/turtlesim/cmake/turtlesim__rosidl_typesupport_cppExport-noconfig.cmake
-- Installing: /home/vboxuser/ros2_ws/install/turtlesim/share/turtlesim/cmake/export_turtlesim__rosidl_generator_pyExport.cmake
-- Installing: /home/vboxuser/ros2_ws/install/turtlesim/share/turtlesim/cmake/export_turtlesim__rosidl_generator_pyExport-noconfig.cmake
-- Installing: /home/vboxuser/ros2_ws/install/turtlesim/share/turtlesim/cmake/rosidl_cmake-extras.cmake
-- Installing: /home/vboxuser/ros2_ws/install/turtlesim/share/turtlesim/cmake/ament_cmake_export_dependencies-extras.cmake
-- Installing: /home/vboxuser/ros2_ws/install/turtlesim/share/turtlesim/cmake/ament_cmake_export_include_directories-extras.cmake
-- Installing: /home/vboxuser/ros2_ws/install/turtlesim/share/turtlesim/cmake/ament_cmake_export_libraries-extras.cmake
-- Installing: /home/vboxuser/ros2_ws/install/turtlesim/share/turtlesim/cmake/ament_cmake_export_targets-extras.cmake
-- Installing: /home/vboxuser/ros2_ws/install/turtlesim/share/turtlesim/cmake/rosidl_cmake_export_typesupport_targets-extras.cmake
-- Installing: /home/vboxuser/ros2_ws/install/turtlesim/share/turtlesim/cmake/rosidl_cmake_export_typesupport_libraries-extras.cmake
-- Installing: /home/vboxuser/ros2_ws/install/turtlesim/share/turtlesim/cmake/turtlesimConfig.cmake
-- Installing: /home/vboxuser/ros2_ws/install/turtlesim/share/turtlesim/cmake/turtlesimConfig-version.cmake
-- Installing: /home/vboxuser/ros2_ws/install/turtlesim/share/turtlesim/package.xml
