[0.191s] Invoking command in '/home/vboxuser/ros2_ws/build/serial_driver': AMENT_PREFIX_PATH=/home/vboxuser/ros2_ws/install/io_context:/home/vboxuser/ros2_ws/install/asio_cmake_module CMAKE_PREFIX_PATH=/home/vboxuser/ros2_ws/install/io_context:/home/vboxuser/ros2_ws/install/asio_cmake_module LD_LIBRARY_PATH=/home/vboxuser/ros2_ws/install/io_context/lib /usr/bin/cmake --build /home/vboxuser/ros2_ws/build/serial_driver -- -j4 -l4
[1.840s] [ 20%] Built target serial_driver
[2.117s] [ 33%] Built target gtest
[2.742s] [ 46%] Built target serial_driver_nodes
[3.008s] [ 60%] Built target gtest_main
[3.418s] [ 73%] Built target serial_bridge
[3.690s] [ 86%] Built target test_serial_port
[4.054s] [100%] Built target test_serial_driver
[4.225s] Invoked command in '/home/vboxuser/ros2_ws/build/serial_driver' returned '0': AMENT_PREFIX_PATH=/home/vboxuser/ros2_ws/install/io_context:/home/vboxuser/ros2_ws/install/asio_cmake_module CMAKE_PREFIX_PATH=/home/vboxuser/ros2_ws/install/io_context:/home/vboxuser/ros2_ws/install/asio_cmake_module LD_LIBRARY_PATH=/home/vboxuser/ros2_ws/install/io_context/lib /usr/bin/cmake --build /home/vboxuser/ros2_ws/build/serial_driver -- -j4 -l4
[4.271s] Invoking command in '/home/vboxuser/ros2_ws/build/serial_driver': AMENT_PREFIX_PATH=/home/vboxuser/ros2_ws/install/io_context:/home/vboxuser/ros2_ws/install/asio_cmake_module CMAKE_PREFIX_PATH=/home/vboxuser/ros2_ws/install/io_context:/home/vboxuser/ros2_ws/install/asio_cmake_module LD_LIBRARY_PATH=/home/vboxuser/ros2_ws/install/io_context/lib /usr/bin/cmake --install /home/vboxuser/ros2_ws/build/serial_driver
[4.384s] -- Install configuration: ""
[4.384s] -- Up-to-date: /home/vboxuser/ros2_ws/install/serial_driver/lib/serial_driver/serial_bridge
[4.419s] -- Up-to-date: /home/vboxuser/ros2_ws/install/serial_driver/include
[4.419s] -- Up-to-date: /home/vboxuser/ros2_ws/install/serial_driver/include/serial_driver
[4.419s] -- Up-to-date: /home/vboxuser/ros2_ws/install/serial_driver/include/serial_driver/serial_port.hpp
[4.420s] -- Up-to-date: /home/vboxuser/ros2_ws/install/serial_driver/include/serial_driver/visibility_control.hpp
[4.422s] -- Up-to-date: /home/vboxuser/ros2_ws/install/serial_driver/include/serial_driver/serial_driver.hpp
[4.423s] -- Up-to-date: /home/vboxuser/ros2_ws/install/serial_driver/include/serial_driver/serial_bridge_node.hpp
[4.424s] -- Up-to-date: /home/vboxuser/ros2_ws/install/serial_driver/share/serial_driver/environment/library_path.sh
[4.425s] -- Up-to-date: /home/vboxuser/ros2_ws/install/serial_driver/share/serial_driver/environment/library_path.dsv
[4.425s] -- Up-to-date: /home/vboxuser/ros2_ws/install/serial_driver/lib/libserial_driver.so
[4.425s] -- Up-to-date: /home/vboxuser/ros2_ws/install/serial_driver/lib/libserial_driver_nodes.so
[4.426s] -- Up-to-date: /home/vboxuser/ros2_ws/install/serial_driver/share/serial_driver/launch
[4.426s] -- Up-to-date: /home/vboxuser/ros2_ws/install/serial_driver/share/serial_driver/launch/serial_driver_bridge_node.launch.py
[4.426s] -- Up-to-date: /home/vboxuser/ros2_ws/install/serial_driver/share/serial_driver/params
[4.426s] -- Up-to-date: /home/vboxuser/ros2_ws/install/serial_driver/share/serial_driver/params/example.params.yaml
[4.426s] -- Up-to-date: /home/vboxuser/ros2_ws/install/serial_driver/share/ament_index/resource_index/package_run_dependencies/serial_driver
[4.426s] -- Up-to-date: /home/vboxuser/ros2_ws/install/serial_driver/share/ament_index/resource_index/parent_prefix_path/serial_driver
[4.463s] -- Up-to-date: /home/vboxuser/ros2_ws/install/serial_driver/share/serial_driver/environment/ament_prefix_path.dsv
[4.500s] -- Up-to-date: /home/vboxuser/ros2_ws/install/serial_driver/share/serial_driver/environment/path.dsv
[4.500s] -- Up-to-date: /home/vboxuser/ros2_ws/install/serial_driver/share/serial_driver/local_setup.bash
[4.501s] -- Up-to-date: /home/vboxuser/ros2_ws/install/serial_driver/share/serial_driver/local_setup.sh
[4.501s] -- Up-to-date: /home/vboxuser/ros2_ws/install/serial_driver/share/serial_driver/local_setup.zsh
[4.501s] -- Up-to-date: /home/vboxuser/ros2_ws/install/serial_driver/share/serial_driver/local_setup.dsv
[4.501s] -- Installing: /home/vboxuser/ros2_ws/install/serial_driver/share/serial_driver/package.dsv
[4.535s] -- Up-to-date: /home/vboxuser/ros2_ws/install/serial_driver/share/ament_index/resource_index/packages/serial_driver
[4.547s] -- Up-to-date: /home/vboxuser/ros2_ws/install/serial_driver/share/ament_index/resource_index/rclcpp_components/serial_driver
[4.547s] -- Up-to-date: /home/vboxuser/ros2_ws/install/serial_driver/share/serial_driver/cmake/ament_cmake_export_dependencies-extras.cmake
[4.548s] -- Up-to-date: /home/vboxuser/ros2_ws/install/serial_driver/share/serial_driver/cmake/ament_cmake_export_include_directories-extras.cmake
[4.548s] -- Up-to-date: /home/vboxuser/ros2_ws/install/serial_driver/share/serial_driver/cmake/ament_cmake_export_libraries-extras.cmake
[4.548s] -- Up-to-date: /home/vboxuser/ros2_ws/install/serial_driver/share/serial_driver/cmake/serial_driver-extras.cmake
[4.548s] -- Up-to-date: /home/vboxuser/ros2_ws/install/serial_driver/share/serial_driver/cmake/serial_driverConfig.cmake
[4.548s] -- Up-to-date: /home/vboxuser/ros2_ws/install/serial_driver/share/serial_driver/cmake/serial_driverConfig-version.cmake
[4.548s] -- Up-to-date: /home/vboxuser/ros2_ws/install/serial_driver/share/serial_driver/package.xml
[4.548s] Invoked command in '/home/vboxuser/ros2_ws/build/serial_driver' returned '0': AMENT_PREFIX_PATH=/home/vboxuser/ros2_ws/install/io_context:/home/vboxuser/ros2_ws/install/asio_cmake_module CMAKE_PREFIX_PATH=/home/vboxuser/ros2_ws/install/io_context:/home/vboxuser/ros2_ws/install/asio_cmake_module LD_LIBRARY_PATH=/home/vboxuser/ros2_ws/install/io_context/lib /usr/bin/cmake --install /home/vboxuser/ros2_ws/build/serial_driver
