-- The C compiler identification is GNU 11.4.0
-- The CXX compiler identification is GNU 11.4.0
-- Detecting C compiler ABI info
-- Detecting C compiler ABI info - done
-- Check for working C compiler: /usr/bin/cc - skipped
-- Detecting C compile features
-- Detecting C compile features - done
-- Detecting CXX compiler ABI info
-- Detecting CXX compiler ABI info - done
-- Check for working CXX compiler: /usr/bin/c++ - skipped
-- Detecting CXX compile features
-- Detecting CXX compile features - done
-- Found ament_cmake_auto: 2.0.7 (/home/vboxuser/ros2_iron/install/ament_cmake_auto/share/ament_cmake_auto/cmake)
-- Found Python3: /usr/bin/python3.10 (found version "3.10.12") found components: Interpreter 
-- Found rosidl_generator_c: 4.0.1 (/home/vboxuser/ros2_iron/install/rosidl_generator_c/share/rosidl_generator_c/cmake)
-- Found rosidl_generator_cpp: 4.0.1 (/home/vboxuser/ros2_iron/install/rosidl_generator_cpp/share/rosidl_generator_cpp/cmake)
-- Using all available rosidl_typesupport_c: rosidl_typesupport_fastrtps_c;rosidl_typesupport_introspection_c
-- Using all available rosidl_typesupport_cpp: rosidl_typesupport_fastrtps_cpp;rosidl_typesupport_introspection_cpp
-- Found rmw_implementation_cmake: 7.1.0 (/home/vboxuser/ros2_iron/install/rmw_implementation_cmake/share/rmw_implementation_cmake/cmake)
-- Found rmw_fastrtps_cpp: 7.1.4 (/home/vboxuser/ros2_iron/install/rmw_fastrtps_cpp/share/rmw_fastrtps_cpp/cmake)
-- Found OpenSSL: /usr/lib/x86_64-linux-gnu/libcrypto.so (found version "3.0.2")  
-- Found FastRTPS: /home/vboxuser/ros2_iron/install/fastrtps/include  
-- Using RMW implementation 'rmw_fastrtps_cpp' as default
-- Found asio_cmake_module: 1.2.0 (/home/vboxuser/ros2_ws/install/asio_cmake_module/share/asio_cmake_module/cmake)
-- Found ASIO: /usr/include  
-- Found ament_lint_auto: 0.14.4 (/home/vboxuser/ros2_iron/install/ament_lint_auto/share/ament_lint_auto/cmake)
-- Found gtest sources under '/home/vboxuser/ros2_iron/install/gtest_vendor/src/gtest_vendor': C++ tests using 'Google Test' will be built
-- Looking for pthread.h
-- Looking for pthread.h - found
-- Performing Test CMAKE_HAVE_LIBC_PTHREAD
-- Performing Test CMAKE_HAVE_LIBC_PTHREAD - Success
-- Found Threads: TRUE  
-- Added test 'copyright' to check source files copyright and LICENSE
-- Added test 'cppcheck' to perform static code analysis on C / C++ code
-- Configured cppcheck include dirs: /home/vboxuser/ros2_ws/src/transport_drivers/serial_driver/include
-- Configured cppcheck exclude dirs and/or files: 
-- Added test 'cpplint' to check C / C++ code against the Google style
-- Configured cpplint exclude dirs and/or files: 
-- Added test 'flake8' to check Python code syntax and style conventions
-- Configured 'flake8' exclude dirs and/or files: 
-- Added test 'lint_cmake' to check CMake code style
-- Added test 'pep257' to check Python code against some of the docstring style conventions in PEP 257
-- Added test 'uncrustify' to check C / C++ code style
-- Configured uncrustify additional arguments: 
-- Added test 'xmllint' to check XML markup files
-- Configuring done
-- Generating done
-- Build files have been written to: /home/vboxuser/ros2_ws/build/serial_driver
[  6%] [32mBuilding CXX object CMakeFiles/serial_driver.dir/src/serial_port.cpp.o[0m
[ 13%] [32mBuilding CXX object CMakeFiles/serial_driver.dir/src/serial_driver.cpp.o[0m
[ 20%] [32m[1mLinking CXX shared library libserial_driver.so[0m
[ 20%] Built target serial_driver
[ 26%] [32mBuilding CXX object gtest/CMakeFiles/gtest.dir/src/gtest-all.cc.o[0m
[ 33%] [32m[1mLinking CXX static library libgtest.a[0m
[ 33%] Built target gtest
[ 40%] [32mBuilding CXX object CMakeFiles/serial_driver_nodes.dir/src/serial_bridge_node.cpp.o[0m
[ 46%] [32m[1mLinking CXX shared library libserial_driver_nodes.so[0m
[ 46%] Built target serial_driver_nodes
[ 53%] [32mBuilding CXX object gtest/CMakeFiles/gtest_main.dir/src/gtest_main.cc.o[0m
[ 60%] [32m[1mLinking CXX static library libgtest_main.a[0m
[ 60%] Built target gtest_main
[ 66%] [32mBuilding CXX object CMakeFiles/serial_bridge.dir/rclcpp_components/node_main_serial_bridge.cpp.o[0m
[ 73%] [32m[1mLinking CXX executable serial_bridge[0m
[ 73%] Built target serial_bridge
[ 80%] [32mBuilding CXX object CMakeFiles/test_serial_port.dir/test/test_serial_port.cpp.o[0m
[ 86%] [32m[1mLinking CXX executable test_serial_port[0m
[ 86%] Built target test_serial_port
[ 93%] [32mBuilding CXX object CMakeFiles/test_serial_driver.dir/test/test_serial_driver.cpp.o[0m
[100%] [32m[1mLinking CXX executable test_serial_driver[0m
[100%] Built target test_serial_driver
-- Install configuration: ""
-- Installing: /home/vboxuser/ros2_ws/install/serial_driver/lib/serial_driver/serial_bridge
-- Set runtime path of "/home/vboxuser/ros2_ws/install/serial_driver/lib/serial_driver/serial_bridge" to ""
-- Up-to-date: /home/vboxuser/ros2_ws/install/serial_driver/include
-- Up-to-date: /home/vboxuser/ros2_ws/install/serial_driver/include/serial_driver
-- Up-to-date: /home/vboxuser/ros2_ws/install/serial_driver/include/serial_driver/serial_port.hpp
-- Up-to-date: /home/vboxuser/ros2_ws/install/serial_driver/include/serial_driver/visibility_control.hpp
-- Up-to-date: /home/vboxuser/ros2_ws/install/serial_driver/include/serial_driver/serial_driver.hpp
-- Up-to-date: /home/vboxuser/ros2_ws/install/serial_driver/include/serial_driver/serial_bridge_node.hpp
-- Up-to-date: /home/vboxuser/ros2_ws/install/serial_driver/share/serial_driver/environment/library_path.sh
-- Installing: /home/vboxuser/ros2_ws/install/serial_driver/share/serial_driver/environment/library_path.dsv
-- Installing: /home/vboxuser/ros2_ws/install/serial_driver/lib/libserial_driver.so
-- Set runtime path of "/home/vboxuser/ros2_ws/install/serial_driver/lib/libserial_driver.so" to ""
-- Installing: /home/vboxuser/ros2_ws/install/serial_driver/lib/libserial_driver_nodes.so
-- Set runtime path of "/home/vboxuser/ros2_ws/install/serial_driver/lib/libserial_driver_nodes.so" to ""
-- Up-to-date: /home/vboxuser/ros2_ws/install/serial_driver/share/serial_driver/launch
-- Up-to-date: /home/vboxuser/ros2_ws/install/serial_driver/share/serial_driver/launch/serial_driver_bridge_node.launch.py
-- Up-to-date: /home/vboxuser/ros2_ws/install/serial_driver/share/serial_driver/params
-- Up-to-date: /home/vboxuser/ros2_ws/install/serial_driver/share/serial_driver/params/example.params.yaml
-- Installing: /home/vboxuser/ros2_ws/install/serial_driver/share/ament_index/resource_index/package_run_dependencies/serial_driver
-- Installing: /home/vboxuser/ros2_ws/install/serial_driver/share/ament_index/resource_index/parent_prefix_path/serial_driver
-- Installing: /home/vboxuser/ros2_ws/install/serial_driver/share/serial_driver/environment/ament_prefix_path.dsv
-- Installing: /home/vboxuser/ros2_ws/install/serial_driver/share/serial_driver/environment/path.dsv
-- Installing: /home/vboxuser/ros2_ws/install/serial_driver/share/serial_driver/local_setup.bash
-- Installing: /home/vboxuser/ros2_ws/install/serial_driver/share/serial_driver/local_setup.sh
-- Installing: /home/vboxuser/ros2_ws/install/serial_driver/share/serial_driver/local_setup.zsh
-- Installing: /home/vboxuser/ros2_ws/install/serial_driver/share/serial_driver/local_setup.dsv
-- Installing: /home/vboxuser/ros2_ws/install/serial_driver/share/serial_driver/package.dsv
-- Installing: /home/vboxuser/ros2_ws/install/serial_driver/share/ament_index/resource_index/packages/serial_driver
-- Installing: /home/vboxuser/ros2_ws/install/serial_driver/share/ament_index/resource_index/rclcpp_components/serial_driver
-- Installing: /home/vboxuser/ros2_ws/install/serial_driver/share/serial_driver/cmake/ament_cmake_export_dependencies-extras.cmake
-- Installing: /home/vboxuser/ros2_ws/install/serial_driver/share/serial_driver/cmake/ament_cmake_export_include_directories-extras.cmake
-- Installing: /home/vboxuser/ros2_ws/install/serial_driver/share/serial_driver/cmake/ament_cmake_export_libraries-extras.cmake
-- Up-to-date: /home/vboxuser/ros2_ws/install/serial_driver/share/serial_driver/cmake/serial_driver-extras.cmake
-- Installing: /home/vboxuser/ros2_ws/install/serial_driver/share/serial_driver/cmake/serial_driverConfig.cmake
-- Installing: /home/vboxuser/ros2_ws/install/serial_driver/share/serial_driver/cmake/serial_driverConfig-version.cmake
-- Up-to-date: /home/vboxuser/ros2_ws/install/serial_driver/share/serial_driver/package.xml
