[0.137s] Invoking command in '/home/vboxuser/ros2_ws/build/asio_cmake_module': /usr/bin/cmake --build /home/vboxuser/ros2_ws/build/asio_cmake_module -- -j4 -l4
[0.937s] Invoked command in '/home/vboxuser/ros2_ws/build/asio_cmake_module' returned '0': /usr/bin/cmake --build /home/vboxuser/ros2_ws/build/asio_cmake_module -- -j4 -l4
[1.011s] Invoking command in '/home/vboxuser/ros2_ws/build/asio_cmake_module': /usr/bin/cmake --install /home/vboxuser/ros2_ws/build/asio_cmake_module
[1.040s] -- Install configuration: ""
[1.041s] -- Up-to-date: /home/vboxuser/ros2_ws/install/asio_cmake_module/share/ament_index/resource_index/package_run_dependencies/asio_cmake_module
[1.041s] -- Up-to-date: /home/vboxuser/ros2_ws/install/asio_cmake_module/share/ament_index/resource_index/parent_prefix_path/asio_cmake_module
[1.089s] -- Up-to-date: /home/vboxuser/ros2_ws/install/asio_cmake_module/share/asio_cmake_module/environment/ament_prefix_path.dsv
[1.089s] -- Up-to-date: /home/vboxuser/ros2_ws/install/asio_cmake_module/share/asio_cmake_module/environment/path.dsv
[1.089s] -- Up-to-date: /home/vboxuser/ros2_ws/install/asio_cmake_module/share/asio_cmake_module/local_setup.bash
[1.089s] -- Up-to-date: /home/vboxuser/ros2_ws/install/asio_cmake_module/share/asio_cmake_module/local_setup.sh
[1.090s] -- Up-to-date: /home/vboxuser/ros2_ws/install/asio_cmake_module/share/asio_cmake_module/local_setup.zsh
[1.090s] -- Up-to-date: /home/vboxuser/ros2_ws/install/asio_cmake_module/share/asio_cmake_module/local_setup.dsv
[1.090s] -- Installing: /home/vboxuser/ros2_ws/install/asio_cmake_module/share/asio_cmake_module/package.dsv
[1.097s] -- Up-to-date: /home/vboxuser/ros2_ws/install/asio_cmake_module/share/ament_index/resource_index/packages/asio_cmake_module
[1.097s] -- Up-to-date: /home/vboxuser/ros2_ws/install/asio_cmake_module/share/asio_cmake_module/cmake/asio_cmake_module-extras.cmake
[1.100s] -- Up-to-date: /home/vboxuser/ros2_ws/install/asio_cmake_module/share/asio_cmake_module/cmake/asio_cmake_moduleConfig.cmake
[1.109s] -- Up-to-date: /home/vboxuser/ros2_ws/install/asio_cmake_module/share/asio_cmake_module/cmake/asio_cmake_moduleConfig-version.cmake
[1.109s] -- Up-to-date: /home/vboxuser/ros2_ws/install/asio_cmake_module/share/asio_cmake_module/package.xml
[1.109s] -- Up-to-date: /home/vboxuser/ros2_ws/install/asio_cmake_module/share/asio_cmake_module/cmake
[1.109s] -- Up-to-date: /home/vboxuser/ros2_ws/install/asio_cmake_module/share/asio_cmake_module/cmake/Modules
[1.109s] -- Up-to-date: /home/vboxuser/ros2_ws/install/asio_cmake_module/share/asio_cmake_module/cmake/Modules/FindASIO.cmake
[1.110s] Invoked command in '/home/vboxuser/ros2_ws/build/asio_cmake_module' returned '0': /usr/bin/cmake --install /home/vboxuser/ros2_ws/build/asio_cmake_module
