-- The C compiler identification is GNU 11.4.0
-- The CXX compiler identification is GNU 11.4.0
-- Detecting C compiler ABI info
-- Detecting C compiler ABI info - done
-- Check for working C compiler: /usr/bin/cc - skipped
-- Detecting C compile features
-- Detecting C compile features - done
-- Detecting CXX compiler ABI info
-- Detecting CXX compiler ABI info - done
-- Check for working CXX compiler: /usr/bin/c++ - skipped
-- Detecting CXX compile features
-- Detecting CXX compile features - done
-- Found ament_cmake_auto: 2.0.7 (/home/vboxuser/ros2_iron/install/ament_cmake_auto/share/ament_cmake_auto/cmake)
-- Found Python3: /usr/bin/python3.10 (found version "3.10.12") found components: Interpreter 
-- Found rosidl_generator_c: 4.0.1 (/opt/ros/iron/share/rosidl_generator_c/cmake)
-- Found rosidl_generator_cpp: 4.0.1 (/opt/ros/iron/share/rosidl_generator_cpp/cmake)
-- Using all available rosidl_typesupport_c: rosidl_typesupport_fastrtps_c;rosidl_typesupport_introspection_c
-- Using all available rosidl_typesupport_cpp: rosidl_typesupport_fastrtps_cpp;rosidl_typesupport_introspection_cpp
-- Found rmw_implementation_cmake: 7.1.0 (/opt/ros/iron/share/rmw_implementation_cmake/cmake)
-- Found rmw_fastrtps_cpp: 7.1.4 (/opt/ros/iron/share/rmw_fastrtps_cpp/cmake)
-- Found OpenSSL: /usr/lib/x86_64-linux-gnu/libcrypto.so (found version "3.0.2")  
-- Found FastRTPS: /opt/ros/iron/include  
-- Using RMW implementation 'rmw_fastrtps_cpp' as default
-- Found ament_lint_auto: 0.14.4 (/home/vboxuser/ros2_iron/install/ament_lint_auto/share/ament_lint_auto/cmake)
-- Added test 'copyright' to check source files copyright and LICENSE
-- Added test 'cppcheck' to perform static code analysis on C / C++ code
-- Configured cppcheck include dirs: /home/vboxuser/ros2_ws/src/vesc/vesc_ackermann/include
-- Configured cppcheck exclude dirs and/or files: 
-- Added test 'cpplint' to check C / C++ code against the Google style
-- Configured cpplint exclude dirs and/or files: 
-- Added test 'lint_cmake' to check CMake code style
-- Added test 'uncrustify' to check C / C++ code style
-- Configured uncrustify additional arguments: 
-- Added test 'xmllint' to check XML markup files
-- Configuring done
-- Generating done
-- Build files have been written to: /home/vboxuser/ros2_ws/build/vesc_ackermann
[ 14%] [32mBuilding CXX object CMakeFiles/vesc_ackermann.dir/src/ackermann_to_vesc.cpp.o[0m
[ 28%] [32mBuilding CXX object CMakeFiles/vesc_ackermann.dir/src/vesc_to_odom.cpp.o[0m
[ 42%] [32m[1mLinking CXX shared library libvesc_ackermann.so[0m
[ 42%] Built target vesc_ackermann
[ 57%] [32mBuilding CXX object CMakeFiles/vesc_to_odom_node.dir/rclcpp_components/node_main_vesc_to_odom_node.cpp.o[0m
[ 71%] [32m[1mLinking CXX executable vesc_to_odom_node[0m
[ 71%] Built target vesc_to_odom_node
[ 85%] [32mBuilding CXX object CMakeFiles/ackermann_to_vesc_node.dir/rclcpp_components/node_main_ackermann_to_vesc_node.cpp.o[0m
[100%] [32m[1mLinking CXX executable ackermann_to_vesc_node[0m
[100%] Built target ackermann_to_vesc_node
-- Install configuration: ""
-- Installing: /home/vboxuser/ros2_ws/install/vesc_ackermann/lib/vesc_ackermann/ackermann_to_vesc_node
-- Set runtime path of "/home/vboxuser/ros2_ws/install/vesc_ackermann/lib/vesc_ackermann/ackermann_to_vesc_node" to ""
-- Installing: /home/vboxuser/ros2_ws/install/vesc_ackermann/lib/vesc_ackermann/vesc_to_odom_node
-- Set runtime path of "/home/vboxuser/ros2_ws/install/vesc_ackermann/lib/vesc_ackermann/vesc_to_odom_node" to ""
-- Installing: /home/vboxuser/ros2_ws/install/vesc_ackermann/include
-- Installing: /home/vboxuser/ros2_ws/install/vesc_ackermann/include/vesc_ackermann
-- Installing: /home/vboxuser/ros2_ws/install/vesc_ackermann/include/vesc_ackermann/ackermann_to_vesc.hpp
-- Installing: /home/vboxuser/ros2_ws/install/vesc_ackermann/include/vesc_ackermann/vesc_to_odom.hpp
-- Installing: /home/vboxuser/ros2_ws/install/vesc_ackermann/share/vesc_ackermann/environment/library_path.sh
-- Installing: /home/vboxuser/ros2_ws/install/vesc_ackermann/share/vesc_ackermann/environment/library_path.dsv
-- Installing: /home/vboxuser/ros2_ws/install/vesc_ackermann/lib/libvesc_ackermann.so
-- Set runtime path of "/home/vboxuser/ros2_ws/install/vesc_ackermann/lib/libvesc_ackermann.so" to ""
-- Installing: /home/vboxuser/ros2_ws/install/vesc_ackermann/share/vesc_ackermann/launch
-- Installing: /home/vboxuser/ros2_ws/install/vesc_ackermann/share/vesc_ackermann/launch/vesc_to_odom_node.launch.xml
-- Installing: /home/vboxuser/ros2_ws/install/vesc_ackermann/share/vesc_ackermann/launch/ackermann_to_vesc_node.launch.xml
-- Installing: /home/vboxuser/ros2_ws/install/vesc_ackermann/share/ament_index/resource_index/package_run_dependencies/vesc_ackermann
-- Installing: /home/vboxuser/ros2_ws/install/vesc_ackermann/share/ament_index/resource_index/parent_prefix_path/vesc_ackermann
-- Installing: /home/vboxuser/ros2_ws/install/vesc_ackermann/share/vesc_ackermann/environment/ament_prefix_path.sh
-- Installing: /home/vboxuser/ros2_ws/install/vesc_ackermann/share/vesc_ackermann/environment/ament_prefix_path.dsv
-- Installing: /home/vboxuser/ros2_ws/install/vesc_ackermann/share/vesc_ackermann/environment/path.sh
-- Installing: /home/vboxuser/ros2_ws/install/vesc_ackermann/share/vesc_ackermann/environment/path.dsv
-- Installing: /home/vboxuser/ros2_ws/install/vesc_ackermann/share/vesc_ackermann/local_setup.bash
-- Installing: /home/vboxuser/ros2_ws/install/vesc_ackermann/share/vesc_ackermann/local_setup.sh
-- Installing: /home/vboxuser/ros2_ws/install/vesc_ackermann/share/vesc_ackermann/local_setup.zsh
-- Installing: /home/vboxuser/ros2_ws/install/vesc_ackermann/share/vesc_ackermann/local_setup.dsv
-- Installing: /home/vboxuser/ros2_ws/install/vesc_ackermann/share/vesc_ackermann/package.dsv
-- Installing: /home/vboxuser/ros2_ws/install/vesc_ackermann/share/ament_index/resource_index/packages/vesc_ackermann
-- Installing: /home/vboxuser/ros2_ws/install/vesc_ackermann/share/ament_index/resource_index/rclcpp_components/vesc_ackermann
-- Installing: /home/vboxuser/ros2_ws/install/vesc_ackermann/share/vesc_ackermann/cmake/ament_cmake_export_dependencies-extras.cmake
-- Installing: /home/vboxuser/ros2_ws/install/vesc_ackermann/share/vesc_ackermann/cmake/ament_cmake_export_include_directories-extras.cmake
-- Installing: /home/vboxuser/ros2_ws/install/vesc_ackermann/share/vesc_ackermann/cmake/ament_cmake_export_libraries-extras.cmake
-- Installing: /home/vboxuser/ros2_ws/install/vesc_ackermann/share/vesc_ackermann/cmake/vesc_ackermannConfig.cmake
-- Installing: /home/vboxuser/ros2_ws/install/vesc_ackermann/share/vesc_ackermann/cmake/vesc_ackermannConfig-version.cmake
-- Installing: /home/vboxuser/ros2_ws/install/vesc_ackermann/share/vesc_ackermann/package.xml
