[0.180s] Invoking command in '/home/vboxuser/ros2_ws/build/turtlesim': CMAKE_PREFIX_PATH=${CMAKE_PREFIX_PATH}:/opt/ros/iron:/home/vboxuser/ros2_iron/install/rqt_bag_plugins:/home/vboxuser/ros2_iron/install/rqt_bag:/home/vboxuser/ros2_iron/install/rosbag2_examples_py:/home/vboxuser/ros2_iron/install/launch_testing_examples:/home/vboxuser/ros2_iron/install/ros2bag:/home/vboxuser/ros2_iron/install/tracetools_test:/home/vboxuser/ros2_iron/install/tracetools_launch:/home/vboxuser/ros2_iron/install/topic_monitor:/home/vboxuser/ros2_iron/install/tf2_tools:/home/vboxuser/ros2_iron/install/examples_tf2_py:/home/vboxuser/ros2_iron/install/tf2_ros_py:/home/vboxuser/ros2_iron/install/examples_rclpy_pointcloud_publisher:/home/vboxuser/ros2_iron/install/sensor_msgs_py:/home/vboxuser/ros2_iron/install/quality_of_service_demo_py:/home/vboxuser/ros2_iron/install/rqt_plot:/home/vboxuser/ros2_iron/install/ros2doctor:/home/vboxuser/ros2_iron/install/lifecycle_py:/home/vboxuser/ros2_iron/install/examples_rclpy_minimal_subscriber:/home/vboxuser/ros2_iron/install/examples_rclpy_minimal_service:/home/vboxuser/ros2_iron/install/examples_rclpy_minimal_publisher:/home/vboxuser/ros2_iron/install/examples_rclpy_minimal_client:/home/vboxuser/ros2_iron/install/examples_rclpy_executors:/home/vboxuser/ros2_iron/install/demo_nodes_py:/home/vboxuser/ros2_iron/install/rqt:/home/vboxuser/ros2_iron/install/ros2component:/home/vboxuser/ros2_iron/install/sros2:/home/vboxuser/ros2_iron/install/rqt_topic:/home/vboxuser/ros2_iron/install/rqt_srv:/home/vboxuser/ros2_iron/install/rqt_shell:/home/vboxuser/ros2_iron/install/rqt_service_caller:/home/vboxuser/ros2_iron/install/rqt_reconfigure:/home/vboxuser/ros2_iron/install/rqt_py_console:/home/vboxuser/ros2_iron/install/rqt_publisher:/home/vboxuser/ros2_iron/install/rqt_action:/home/vboxuser/ros2_iron/install/rqt_msg:/home/vboxuser/ros2_iron/install/rqt_console:/home/vboxuser/ros2_iron/install/rqt_graph:/home/vboxuser/ros2_iron/install/rqt_gui_py:/home/vboxuser/ros2_iron/install/rqt_gui:/home/vboxuser/ros2_iron/install/ros2trace:/home/vboxuser/ros2_iron/install/ros2topic:/home/vboxuser/ros2_iron/install/ros2test:/home/vboxuser/ros2_iron/install/ros2param:/home/vboxuser/ros2_iron/install/ros2lifecycle:/home/vboxuser/ros2_iron/install/ros2service:/home/vboxuser/ros2_iron/install/ros2run:/home/vboxuser/ros2_iron/install/ros2launch:/home/vboxuser/ros2_iron/install/ros2pkg:/home/vboxuser/ros2_iron/install/ros2node:/home/vboxuser/ros2_iron/install/ros2multicast:/home/vboxuser/ros2_iron/install/ros2interface:/home/vboxuser/ros2_iron/install/ros2action:/home/vboxuser/ros2_iron/install/ros2cli:/home/vboxuser/ros2_iron/install/launch_testing_ros:/home/vboxuser/ros2_iron/install/launch_ros:/home/vboxuser/ros2_iron/install/examples_rclpy_minimal_action_server:/home/vboxuser/ros2_iron/install/examples_rclpy_minimal_action_client:/home/vboxuser/ros2_iron/install/examples_rclpy_guard_conditions:/home/vboxuser/ros2_iron/install/action_tutorials_py:/home/vboxuser/ros2_iron/install/ament_uncrustify:/home/vboxuser/ros2_iron/install/tracetools_trace:/home/vboxuser/ros2_iron/install/tracetools_read:/home/vboxuser/ros2_iron/install/test_tracetools_launch:/home/vboxuser/ros2_iron/install/test_ros2trace:/home/vboxuser/ros2_iron/install/test_launch_ros:/home/vboxuser/ros2_iron/install/rpyutils:/home/vboxuser/ros2_iron/install/rosidl_runtime_py:/home/vboxuser/ros2_iron/install/rosidl_pycommon:/home/vboxuser/ros2_iron/install/rosidl_cli:/home/vboxuser/ros2_iron/install/launch_pytest:/home/vboxuser/ros2_iron/install/launch_testing:/home/vboxuser/ros2_iron/install/launch_yaml:/home/vboxuser/ros2_iron/install/launch_xml:/home/vboxuser/ros2_iron/install/launch:/home/vboxuser/ros2_iron/install/osrf_pycommon:/home/vboxuser/ros2_iron/install/domain_coordinator:/home/vboxuser/ros2_iron/install/ament_xmllint:/home/vboxuser/ros2_iron/install/ament_pyflakes:/home/vboxuser/ros2_iron/install/ament_pycodestyle:/home/vboxuser/ros2_iron/install/ament_pep257:/home/vboxuser/ros2_iron/install/ament_pclint:/home/vboxuser/ros2_iron/install/ament_package:/home/vboxuser/ros2_iron/install/ament_mypy:/home/vboxuser/ros2_iron/install/ament_lint_cmake:/home/vboxuser/ros2_iron/install/ament_flake8:/home/vboxuser/ros2_iron/install/ament_copyright:/home/vboxuser/ros2_iron/install/ament_lint:/home/vboxuser/ros2_iron/install/ament_index_python:/home/vboxuser/ros2_iron/install/ament_cpplint:/home/vboxuser/ros2_iron/install/ament_cppcheck:/home/vboxuser/ros2_iron/install/ament_clang_tidy:/home/vboxuser/ros2_iron/install/ament_clang_format /usr/bin/cmake --build /home/vboxuser/ros2_ws/build/turtlesim -- -j4 -l4
[2.014s] [  0%] Built target turtlesim__rosidl_generator_type_description
[2.244s] [  0%] Built target ament_cmake_python_symlink_turtlesim
[2.650s] [ 23%] Built target turtlesim__rosidl_generator_c
[4.259s] running egg_info
[4.263s] writing turtlesim.egg-info/PKG-INFO
[4.265s] writing dependency_links to turtlesim.egg-info/dependency_links.txt
[4.265s] writing top-level names to turtlesim.egg-info/top_level.txt
[4.279s] reading manifest file 'turtlesim.egg-info/SOURCES.txt'
[4.297s] writing manifest file 'turtlesim.egg-info/SOURCES.txt'
[4.490s] [ 23%] Built target ament_cmake_python_build_turtlesim_egg
[5.151s] [ 32%] Built target turtlesim__rosidl_typesupport_introspection_c
[5.585s] [ 41%] Built target turtlesim__rosidl_typesupport_c
[5.972s] [ 50%] Built target turtlesim__rosidl_typesupport_fastrtps_c
[6.171s] [ 51%] Built target turtlesim__cpp
[6.337s] [ 59%] Built target turtlesim__rosidl_typesupport_cpp
[6.531s] [ 67%] Built target turtlesim__rosidl_typesupport_introspection_cpp
[6.693s] [ 69%] Built target turtle_teleop_key
[6.913s] [ 70%] Built target draw_square
[7.118s] [ 72%] Built target mimic
[7.470s] [ 78%] Built target turtlesim_node
[7.826s] [ 86%] Built target turtlesim__rosidl_typesupport_fastrtps_cpp
[8.022s] [ 86%] Built target turtlesim
[8.269s] [ 86%] Built target turtlesim__py
[8.555s] [ 94%] Built target turtlesim__rosidl_generator_py
[8.725s] [ 96%] Built target turtlesim__rosidl_typesupport_fastrtps_c__pyext
[8.895s] [ 98%] Built target turtlesim__rosidl_typesupport_c__pyext
[9.033s] [100%] Built target turtlesim__rosidl_typesupport_introspection_c__pyext
[9.093s] Invoked command in '/home/vboxuser/ros2_ws/build/turtlesim' returned '0': CMAKE_PREFIX_PATH=${CMAKE_PREFIX_PATH}:/opt/ros/iron:/home/vboxuser/ros2_iron/install/rqt_bag_plugins:/home/vboxuser/ros2_iron/install/rqt_bag:/home/vboxuser/ros2_iron/install/rosbag2_examples_py:/home/vboxuser/ros2_iron/install/launch_testing_examples:/home/vboxuser/ros2_iron/install/ros2bag:/home/vboxuser/ros2_iron/install/tracetools_test:/home/vboxuser/ros2_iron/install/tracetools_launch:/home/vboxuser/ros2_iron/install/topic_monitor:/home/vboxuser/ros2_iron/install/tf2_tools:/home/vboxuser/ros2_iron/install/examples_tf2_py:/home/vboxuser/ros2_iron/install/tf2_ros_py:/home/vboxuser/ros2_iron/install/examples_rclpy_pointcloud_publisher:/home/vboxuser/ros2_iron/install/sensor_msgs_py:/home/vboxuser/ros2_iron/install/quality_of_service_demo_py:/home/vboxuser/ros2_iron/install/rqt_plot:/home/vboxuser/ros2_iron/install/ros2doctor:/home/vboxuser/ros2_iron/install/lifecycle_py:/home/vboxuser/ros2_iron/install/examples_rclpy_minimal_subscriber:/home/vboxuser/ros2_iron/install/examples_rclpy_minimal_service:/home/vboxuser/ros2_iron/install/examples_rclpy_minimal_publisher:/home/vboxuser/ros2_iron/install/examples_rclpy_minimal_client:/home/vboxuser/ros2_iron/install/examples_rclpy_executors:/home/vboxuser/ros2_iron/install/demo_nodes_py:/home/vboxuser/ros2_iron/install/rqt:/home/vboxuser/ros2_iron/install/ros2component:/home/vboxuser/ros2_iron/install/sros2:/home/vboxuser/ros2_iron/install/rqt_topic:/home/vboxuser/ros2_iron/install/rqt_srv:/home/vboxuser/ros2_iron/install/rqt_shell:/home/vboxuser/ros2_iron/install/rqt_service_caller:/home/vboxuser/ros2_iron/install/rqt_reconfigure:/home/vboxuser/ros2_iron/install/rqt_py_console:/home/vboxuser/ros2_iron/install/rqt_publisher:/home/vboxuser/ros2_iron/install/rqt_action:/home/vboxuser/ros2_iron/install/rqt_msg:/home/vboxuser/ros2_iron/install/rqt_console:/home/vboxuser/ros2_iron/install/rqt_graph:/home/vboxuser/ros2_iron/install/rqt_gui_py:/home/vboxuser/ros2_iron/install/rqt_gui:/home/vboxuser/ros2_iron/install/ros2trace:/home/vboxuser/ros2_iron/install/ros2topic:/home/vboxuser/ros2_iron/install/ros2test:/home/vboxuser/ros2_iron/install/ros2param:/home/vboxuser/ros2_iron/install/ros2lifecycle:/home/vboxuser/ros2_iron/install/ros2service:/home/vboxuser/ros2_iron/install/ros2run:/home/vboxuser/ros2_iron/install/ros2launch:/home/vboxuser/ros2_iron/install/ros2pkg:/home/vboxuser/ros2_iron/install/ros2node:/home/vboxuser/ros2_iron/install/ros2multicast:/home/vboxuser/ros2_iron/install/ros2interface:/home/vboxuser/ros2_iron/install/ros2action:/home/vboxuser/ros2_iron/install/ros2cli:/home/vboxuser/ros2_iron/install/launch_testing_ros:/home/vboxuser/ros2_iron/install/launch_ros:/home/vboxuser/ros2_iron/install/examples_rclpy_minimal_action_server:/home/vboxuser/ros2_iron/install/examples_rclpy_minimal_action_client:/home/vboxuser/ros2_iron/install/examples_rclpy_guard_conditions:/home/vboxuser/ros2_iron/install/action_tutorials_py:/home/vboxuser/ros2_iron/install/ament_uncrustify:/home/vboxuser/ros2_iron/install/tracetools_trace:/home/vboxuser/ros2_iron/install/tracetools_read:/home/vboxuser/ros2_iron/install/test_tracetools_launch:/home/vboxuser/ros2_iron/install/test_ros2trace:/home/vboxuser/ros2_iron/install/test_launch_ros:/home/vboxuser/ros2_iron/install/rpyutils:/home/vboxuser/ros2_iron/install/rosidl_runtime_py:/home/vboxuser/ros2_iron/install/rosidl_pycommon:/home/vboxuser/ros2_iron/install/rosidl_cli:/home/vboxuser/ros2_iron/install/launch_pytest:/home/vboxuser/ros2_iron/install/launch_testing:/home/vboxuser/ros2_iron/install/launch_yaml:/home/vboxuser/ros2_iron/install/launch_xml:/home/vboxuser/ros2_iron/install/launch:/home/vboxuser/ros2_iron/install/osrf_pycommon:/home/vboxuser/ros2_iron/install/domain_coordinator:/home/vboxuser/ros2_iron/install/ament_xmllint:/home/vboxuser/ros2_iron/install/ament_pyflakes:/home/vboxuser/ros2_iron/install/ament_pycodestyle:/home/vboxuser/ros2_iron/install/ament_pep257:/home/vboxuser/ros2_iron/install/ament_pclint:/home/vboxuser/ros2_iron/install/ament_package:/home/vboxuser/ros2_iron/install/ament_mypy:/home/vboxuser/ros2_iron/install/ament_lint_cmake:/home/vboxuser/ros2_iron/install/ament_flake8:/home/vboxuser/ros2_iron/install/ament_copyright:/home/vboxuser/ros2_iron/install/ament_lint:/home/vboxuser/ros2_iron/install/ament_index_python:/home/vboxuser/ros2_iron/install/ament_cpplint:/home/vboxuser/ros2_iron/install/ament_cppcheck:/home/vboxuser/ros2_iron/install/ament_clang_tidy:/home/vboxuser/ros2_iron/install/ament_clang_format /usr/bin/cmake --build /home/vboxuser/ros2_ws/build/turtlesim -- -j4 -l4
[9.178s] Invoking command in '/home/vboxuser/ros2_ws/build/turtlesim': CMAKE_PREFIX_PATH=${CMAKE_PREFIX_PATH}:/opt/ros/iron:/home/vboxuser/ros2_iron/install/rqt_bag_plugins:/home/vboxuser/ros2_iron/install/rqt_bag:/home/vboxuser/ros2_iron/install/rosbag2_examples_py:/home/vboxuser/ros2_iron/install/launch_testing_examples:/home/vboxuser/ros2_iron/install/ros2bag:/home/vboxuser/ros2_iron/install/tracetools_test:/home/vboxuser/ros2_iron/install/tracetools_launch:/home/vboxuser/ros2_iron/install/topic_monitor:/home/vboxuser/ros2_iron/install/tf2_tools:/home/vboxuser/ros2_iron/install/examples_tf2_py:/home/vboxuser/ros2_iron/install/tf2_ros_py:/home/vboxuser/ros2_iron/install/examples_rclpy_pointcloud_publisher:/home/vboxuser/ros2_iron/install/sensor_msgs_py:/home/vboxuser/ros2_iron/install/quality_of_service_demo_py:/home/vboxuser/ros2_iron/install/rqt_plot:/home/vboxuser/ros2_iron/install/ros2doctor:/home/vboxuser/ros2_iron/install/lifecycle_py:/home/vboxuser/ros2_iron/install/examples_rclpy_minimal_subscriber:/home/vboxuser/ros2_iron/install/examples_rclpy_minimal_service:/home/vboxuser/ros2_iron/install/examples_rclpy_minimal_publisher:/home/vboxuser/ros2_iron/install/examples_rclpy_minimal_client:/home/vboxuser/ros2_iron/install/examples_rclpy_executors:/home/vboxuser/ros2_iron/install/demo_nodes_py:/home/vboxuser/ros2_iron/install/rqt:/home/vboxuser/ros2_iron/install/ros2component:/home/vboxuser/ros2_iron/install/sros2:/home/vboxuser/ros2_iron/install/rqt_topic:/home/vboxuser/ros2_iron/install/rqt_srv:/home/vboxuser/ros2_iron/install/rqt_shell:/home/vboxuser/ros2_iron/install/rqt_service_caller:/home/vboxuser/ros2_iron/install/rqt_reconfigure:/home/vboxuser/ros2_iron/install/rqt_py_console:/home/vboxuser/ros2_iron/install/rqt_publisher:/home/vboxuser/ros2_iron/install/rqt_action:/home/vboxuser/ros2_iron/install/rqt_msg:/home/vboxuser/ros2_iron/install/rqt_console:/home/vboxuser/ros2_iron/install/rqt_graph:/home/vboxuser/ros2_iron/install/rqt_gui_py:/home/vboxuser/ros2_iron/install/rqt_gui:/home/vboxuser/ros2_iron/install/ros2trace:/home/vboxuser/ros2_iron/install/ros2topic:/home/vboxuser/ros2_iron/install/ros2test:/home/vboxuser/ros2_iron/install/ros2param:/home/vboxuser/ros2_iron/install/ros2lifecycle:/home/vboxuser/ros2_iron/install/ros2service:/home/vboxuser/ros2_iron/install/ros2run:/home/vboxuser/ros2_iron/install/ros2launch:/home/vboxuser/ros2_iron/install/ros2pkg:/home/vboxuser/ros2_iron/install/ros2node:/home/vboxuser/ros2_iron/install/ros2multicast:/home/vboxuser/ros2_iron/install/ros2interface:/home/vboxuser/ros2_iron/install/ros2action:/home/vboxuser/ros2_iron/install/ros2cli:/home/vboxuser/ros2_iron/install/launch_testing_ros:/home/vboxuser/ros2_iron/install/launch_ros:/home/vboxuser/ros2_iron/install/examples_rclpy_minimal_action_server:/home/vboxuser/ros2_iron/install/examples_rclpy_minimal_action_client:/home/vboxuser/ros2_iron/install/examples_rclpy_guard_conditions:/home/vboxuser/ros2_iron/install/action_tutorials_py:/home/vboxuser/ros2_iron/install/ament_uncrustify:/home/vboxuser/ros2_iron/install/tracetools_trace:/home/vboxuser/ros2_iron/install/tracetools_read:/home/vboxuser/ros2_iron/install/test_tracetools_launch:/home/vboxuser/ros2_iron/install/test_ros2trace:/home/vboxuser/ros2_iron/install/test_launch_ros:/home/vboxuser/ros2_iron/install/rpyutils:/home/vboxuser/ros2_iron/install/rosidl_runtime_py:/home/vboxuser/ros2_iron/install/rosidl_pycommon:/home/vboxuser/ros2_iron/install/rosidl_cli:/home/vboxuser/ros2_iron/install/launch_pytest:/home/vboxuser/ros2_iron/install/launch_testing:/home/vboxuser/ros2_iron/install/launch_yaml:/home/vboxuser/ros2_iron/install/launch_xml:/home/vboxuser/ros2_iron/install/launch:/home/vboxuser/ros2_iron/install/osrf_pycommon:/home/vboxuser/ros2_iron/install/domain_coordinator:/home/vboxuser/ros2_iron/install/ament_xmllint:/home/vboxuser/ros2_iron/install/ament_pyflakes:/home/vboxuser/ros2_iron/install/ament_pycodestyle:/home/vboxuser/ros2_iron/install/ament_pep257:/home/vboxuser/ros2_iron/install/ament_pclint:/home/vboxuser/ros2_iron/install/ament_package:/home/vboxuser/ros2_iron/install/ament_mypy:/home/vboxuser/ros2_iron/install/ament_lint_cmake:/home/vboxuser/ros2_iron/install/ament_flake8:/home/vboxuser/ros2_iron/install/ament_copyright:/home/vboxuser/ros2_iron/install/ament_lint:/home/vboxuser/ros2_iron/install/ament_index_python:/home/vboxuser/ros2_iron/install/ament_cpplint:/home/vboxuser/ros2_iron/install/ament_cppcheck:/home/vboxuser/ros2_iron/install/ament_clang_tidy:/home/vboxuser/ros2_iron/install/ament_clang_format /usr/bin/cmake --install /home/vboxuser/ros2_ws/build/turtlesim
[9.239s] -- Install configuration: ""
[9.272s] -- Execute custom install script
[9.274s] -- Up-to-date symlink: /home/vboxuser/ros2_ws/install/turtlesim/share/ament_index/resource_index/rosidl_interfaces/turtlesim
[9.278s] -- Up-to-date symlink: /home/vboxuser/ros2_ws/install/turtlesim/share/turtlesim/action/RotateAbsolute.json
[9.278s] -- Up-to-date symlink: /home/vboxuser/ros2_ws/install/turtlesim/share/turtlesim/msg/Color.json
[9.279s] -- Up-to-date symlink: /home/vboxuser/ros2_ws/install/turtlesim/share/turtlesim/msg/Pose.json
[9.279s] -- Up-to-date symlink: /home/vboxuser/ros2_ws/install/turtlesim/share/turtlesim/srv/Kill.json
[9.279s] -- Up-to-date symlink: /home/vboxuser/ros2_ws/install/turtlesim/share/turtlesim/srv/SetPen.json
[9.279s] -- Up-to-date symlink: /home/vboxuser/ros2_ws/install/turtlesim/share/turtlesim/srv/Spawn.json
[9.279s] -- Up-to-date symlink: /home/vboxuser/ros2_ws/install/turtlesim/share/turtlesim/srv/TeleportAbsolute.json
[9.279s] -- Up-to-date symlink: /home/vboxuser/ros2_ws/install/turtlesim/share/turtlesim/srv/TeleportRelative.json
[9.279s] -- Up-to-date symlink: /home/vboxuser/ros2_ws/install/turtlesim/include/turtlesim/turtlesim/action/detail/rotate_absolute__functions.h
[9.279s] -- Up-to-date symlink: /home/vboxuser/ros2_ws/install/turtlesim/include/turtlesim/turtlesim/action/detail/rotate_absolute__struct.h
[9.279s] -- Up-to-date symlink: /home/vboxuser/ros2_ws/install/turtlesim/include/turtlesim/turtlesim/action/detail/rotate_absolute__type_support.h
[9.279s] -- Up-to-date symlink: /home/vboxuser/ros2_ws/install/turtlesim/include/turtlesim/turtlesim/action/rotate_absolute.h
[9.280s] -- Up-to-date symlink: /home/vboxuser/ros2_ws/install/turtlesim/include/turtlesim/turtlesim/msg/color.h
[9.280s] -- Up-to-date symlink: /home/vboxuser/ros2_ws/install/turtlesim/include/turtlesim/turtlesim/msg/detail/color__functions.h
[9.280s] -- Up-to-date symlink: /home/vboxuser/ros2_ws/install/turtlesim/include/turtlesim/turtlesim/msg/detail/color__struct.h
[9.281s] -- Up-to-date symlink: /home/vboxuser/ros2_ws/install/turtlesim/include/turtlesim/turtlesim/msg/detail/color__type_support.h
[9.281s] -- Up-to-date symlink: /home/vboxuser/ros2_ws/install/turtlesim/include/turtlesim/turtlesim/msg/detail/pose__functions.h
[9.281s] -- Up-to-date symlink: /home/vboxuser/ros2_ws/install/turtlesim/include/turtlesim/turtlesim/msg/detail/pose__struct.h
[9.282s] -- Up-to-date symlink: /home/vboxuser/ros2_ws/install/turtlesim/include/turtlesim/turtlesim/msg/detail/pose__type_support.h
[9.282s] -- Up-to-date symlink: /home/vboxuser/ros2_ws/install/turtlesim/include/turtlesim/turtlesim/msg/pose.h
[9.282s] -- Up-to-date symlink: /home/vboxuser/ros2_ws/install/turtlesim/include/turtlesim/turtlesim/msg/rosidl_generator_c__visibility_control.h
[9.283s] -- Up-to-date symlink: /home/vboxuser/ros2_ws/install/turtlesim/include/turtlesim/turtlesim/srv/detail/kill__functions.h
[9.283s] -- Up-to-date symlink: /home/vboxuser/ros2_ws/install/turtlesim/include/turtlesim/turtlesim/srv/detail/kill__struct.h
[9.283s] -- Up-to-date symlink: /home/vboxuser/ros2_ws/install/turtlesim/include/turtlesim/turtlesim/srv/detail/kill__type_support.h
[9.284s] -- Up-to-date symlink: /home/vboxuser/ros2_ws/install/turtlesim/include/turtlesim/turtlesim/srv/detail/set_pen__functions.h
[9.284s] -- Up-to-date symlink: /home/vboxuser/ros2_ws/install/turtlesim/include/turtlesim/turtlesim/srv/detail/set_pen__struct.h
[9.284s] -- Up-to-date symlink: /home/vboxuser/ros2_ws/install/turtlesim/include/turtlesim/turtlesim/srv/detail/set_pen__type_support.h
[9.285s] -- Up-to-date symlink: /home/vboxuser/ros2_ws/install/turtlesim/include/turtlesim/turtlesim/srv/detail/spawn__functions.h
[9.285s] -- Up-to-date symlink: /home/vboxuser/ros2_ws/install/turtlesim/include/turtlesim/turtlesim/srv/detail/spawn__struct.h
[9.288s] -- Up-to-date symlink: /home/vboxuser/ros2_ws/install/turtlesim/include/turtlesim/turtlesim/srv/detail/spawn__type_support.h
[9.288s] -- Up-to-date symlink: /home/vboxuser/ros2_ws/install/turtlesim/include/turtlesim/turtlesim/srv/detail/teleport_absolute__functions.h
[9.289s] -- Up-to-date symlink: /home/vboxuser/ros2_ws/install/turtlesim/include/turtlesim/turtlesim/srv/detail/teleport_absolute__struct.h
[9.289s] -- Up-to-date symlink: /home/vboxuser/ros2_ws/install/turtlesim/include/turtlesim/turtlesim/srv/detail/teleport_absolute__type_support.h
[9.289s] -- Up-to-date symlink: /home/vboxuser/ros2_ws/install/turtlesim/include/turtlesim/turtlesim/srv/detail/teleport_relative__functions.h
[9.289s] -- Up-to-date symlink: /home/vboxuser/ros2_ws/install/turtlesim/include/turtlesim/turtlesim/srv/detail/teleport_relative__struct.h
[9.289s] -- Up-to-date symlink: /home/vboxuser/ros2_ws/install/turtlesim/include/turtlesim/turtlesim/srv/detail/teleport_relative__type_support.h
[9.289s] -- Up-to-date symlink: /home/vboxuser/ros2_ws/install/turtlesim/include/turtlesim/turtlesim/srv/kill.h
[9.289s] -- Up-to-date symlink: /home/vboxuser/ros2_ws/install/turtlesim/include/turtlesim/turtlesim/srv/set_pen.h
[9.289s] -- Up-to-date symlink: /home/vboxuser/ros2_ws/install/turtlesim/include/turtlesim/turtlesim/srv/spawn.h
[9.289s] -- Up-to-date symlink: /home/vboxuser/ros2_ws/install/turtlesim/include/turtlesim/turtlesim/srv/teleport_absolute.h
[9.289s] -- Up-to-date symlink: /home/vboxuser/ros2_ws/install/turtlesim/include/turtlesim/turtlesim/srv/teleport_relative.h
[9.289s] -- Up-to-date symlink: /home/vboxuser/ros2_ws/install/turtlesim/share/turtlesim/environment/library_path.sh
[9.289s] -- Up-to-date symlink: /home/vboxuser/ros2_ws/install/turtlesim/share/turtlesim/environment/library_path.dsv
[9.290s] -- Up-to-date symlink: /home/vboxuser/ros2_ws/install/turtlesim/include/turtlesim/turtlesim/action/detail/rotate_absolute__rosidl_typesupport_fastrtps_c.h
[9.291s] -- Up-to-date symlink: /home/vboxuser/ros2_ws/install/turtlesim/include/turtlesim/turtlesim/msg/detail/color__rosidl_typesupport_fastrtps_c.h
[9.291s] -- Up-to-date symlink: /home/vboxuser/ros2_ws/install/turtlesim/include/turtlesim/turtlesim/msg/detail/pose__rosidl_typesupport_fastrtps_c.h
[9.291s] -- Up-to-date symlink: /home/vboxuser/ros2_ws/install/turtlesim/include/turtlesim/turtlesim/msg/rosidl_typesupport_fastrtps_c__visibility_control.h
[9.291s] -- Up-to-date symlink: /home/vboxuser/ros2_ws/install/turtlesim/include/turtlesim/turtlesim/srv/detail/kill__rosidl_typesupport_fastrtps_c.h
[9.292s] -- Up-to-date symlink: /home/vboxuser/ros2_ws/install/turtlesim/include/turtlesim/turtlesim/srv/detail/set_pen__rosidl_typesupport_fastrtps_c.h
[9.292s] -- Up-to-date symlink: /home/vboxuser/ros2_ws/install/turtlesim/include/turtlesim/turtlesim/srv/detail/spawn__rosidl_typesupport_fastrtps_c.h
[9.292s] -- Up-to-date symlink: /home/vboxuser/ros2_ws/install/turtlesim/include/turtlesim/turtlesim/srv/detail/teleport_absolute__rosidl_typesupport_fastrtps_c.h
[9.292s] -- Up-to-date symlink: /home/vboxuser/ros2_ws/install/turtlesim/include/turtlesim/turtlesim/srv/detail/teleport_relative__rosidl_typesupport_fastrtps_c.h
[9.294s] -- Up-to-date symlink: /home/vboxuser/ros2_ws/install/turtlesim/include/turtlesim/turtlesim/action/detail/rotate_absolute__builder.hpp
[9.294s] -- Up-to-date symlink: /home/vboxuser/ros2_ws/install/turtlesim/include/turtlesim/turtlesim/action/detail/rotate_absolute__struct.hpp
[9.295s] -- Up-to-date symlink: /home/vboxuser/ros2_ws/install/turtlesim/include/turtlesim/turtlesim/action/detail/rotate_absolute__traits.hpp
[9.296s] -- Up-to-date symlink: /home/vboxuser/ros2_ws/install/turtlesim/include/turtlesim/turtlesim/action/rotate_absolute.hpp
[9.297s] -- Up-to-date symlink: /home/vboxuser/ros2_ws/install/turtlesim/include/turtlesim/turtlesim/msg/color.hpp
[9.298s] -- Up-to-date symlink: /home/vboxuser/ros2_ws/install/turtlesim/include/turtlesim/turtlesim/msg/detail/color__builder.hpp
[9.298s] -- Up-to-date symlink: /home/vboxuser/ros2_ws/install/turtlesim/include/turtlesim/turtlesim/msg/detail/color__struct.hpp
[9.298s] -- Up-to-date symlink: /home/vboxuser/ros2_ws/install/turtlesim/include/turtlesim/turtlesim/msg/detail/color__traits.hpp
[9.299s] -- Up-to-date symlink: /home/vboxuser/ros2_ws/install/turtlesim/include/turtlesim/turtlesim/msg/detail/pose__builder.hpp
[9.300s] -- Up-to-date symlink: /home/vboxuser/ros2_ws/install/turtlesim/include/turtlesim/turtlesim/msg/detail/pose__struct.hpp
[9.300s] -- Up-to-date symlink: /home/vboxuser/ros2_ws/install/turtlesim/include/turtlesim/turtlesim/msg/detail/pose__traits.hpp
[9.301s] -- Up-to-date symlink: /home/vboxuser/ros2_ws/install/turtlesim/include/turtlesim/turtlesim/msg/pose.hpp
[9.303s] -- Up-to-date symlink: /home/vboxuser/ros2_ws/install/turtlesim/include/turtlesim/turtlesim/srv/detail/kill__builder.hpp
[9.303s] -- Up-to-date symlink: /home/vboxuser/ros2_ws/install/turtlesim/include/turtlesim/turtlesim/srv/detail/kill__struct.hpp
[9.303s] -- Up-to-date symlink: /home/vboxuser/ros2_ws/install/turtlesim/include/turtlesim/turtlesim/srv/detail/kill__traits.hpp
[9.303s] -- Up-to-date symlink: /home/vboxuser/ros2_ws/install/turtlesim/include/turtlesim/turtlesim/srv/detail/set_pen__builder.hpp
[9.303s] -- Up-to-date symlink: /home/vboxuser/ros2_ws/install/turtlesim/include/turtlesim/turtlesim/srv/detail/set_pen__struct.hpp
[9.303s] -- Up-to-date symlink: /home/vboxuser/ros2_ws/install/turtlesim/include/turtlesim/turtlesim/srv/detail/set_pen__traits.hpp
[9.304s] -- Up-to-date symlink: /home/vboxuser/ros2_ws/install/turtlesim/include/turtlesim/turtlesim/srv/detail/spawn__builder.hpp
[9.305s] -- Up-to-date symlink: /home/vboxuser/ros2_ws/install/turtlesim/include/turtlesim/turtlesim/srv/detail/spawn__struct.hpp
[9.305s] -- Up-to-date symlink: /home/vboxuser/ros2_ws/install/turtlesim/include/turtlesim/turtlesim/srv/detail/spawn__traits.hpp
[9.306s] -- Up-to-date symlink: /home/vboxuser/ros2_ws/install/turtlesim/include/turtlesim/turtlesim/srv/detail/teleport_absolute__builder.hpp
[9.307s] -- Up-to-date symlink: /home/vboxuser/ros2_ws/install/turtlesim/include/turtlesim/turtlesim/srv/detail/teleport_absolute__struct.hpp
[9.307s] -- Up-to-date symlink: /home/vboxuser/ros2_ws/install/turtlesim/include/turtlesim/turtlesim/srv/detail/teleport_absolute__traits.hpp
[9.309s] -- Up-to-date symlink: /home/vboxuser/ros2_ws/install/turtlesim/include/turtlesim/turtlesim/srv/detail/teleport_relative__builder.hpp
[9.314s] -- Up-to-date symlink: /home/vboxuser/ros2_ws/install/turtlesim/include/turtlesim/turtlesim/srv/detail/teleport_relative__struct.hpp
[9.315s] -- Up-to-date symlink: /home/vboxuser/ros2_ws/install/turtlesim/include/turtlesim/turtlesim/srv/detail/teleport_relative__traits.hpp
[9.315s] -- Up-to-date symlink: /home/vboxuser/ros2_ws/install/turtlesim/include/turtlesim/turtlesim/srv/kill.hpp
[9.315s] -- Up-to-date symlink: /home/vboxuser/ros2_ws/install/turtlesim/include/turtlesim/turtlesim/srv/set_pen.hpp
[9.315s] -- Up-to-date symlink: /home/vboxuser/ros2_ws/install/turtlesim/include/turtlesim/turtlesim/srv/spawn.hpp
[9.315s] -- Up-to-date symlink: /home/vboxuser/ros2_ws/install/turtlesim/include/turtlesim/turtlesim/srv/teleport_absolute.hpp
[9.316s] -- Up-to-date symlink: /home/vboxuser/ros2_ws/install/turtlesim/include/turtlesim/turtlesim/srv/teleport_relative.hpp
[9.317s] -- Up-to-date symlink: /home/vboxuser/ros2_ws/install/turtlesim/include/turtlesim/turtlesim/action/detail/rotate_absolute__rosidl_typesupport_fastrtps_cpp.hpp
[9.318s] -- Up-to-date symlink: /home/vboxuser/ros2_ws/install/turtlesim/include/turtlesim/turtlesim/msg/detail/color__rosidl_typesupport_fastrtps_cpp.hpp
[9.319s] -- Up-to-date symlink: /home/vboxuser/ros2_ws/install/turtlesim/include/turtlesim/turtlesim/msg/detail/pose__rosidl_typesupport_fastrtps_cpp.hpp
[9.319s] -- Up-to-date symlink: /home/vboxuser/ros2_ws/install/turtlesim/include/turtlesim/turtlesim/msg/rosidl_typesupport_fastrtps_cpp__visibility_control.h
[9.320s] -- Up-to-date symlink: /home/vboxuser/ros2_ws/install/turtlesim/include/turtlesim/turtlesim/srv/detail/kill__rosidl_typesupport_fastrtps_cpp.hpp
[9.321s] -- Up-to-date symlink: /home/vboxuser/ros2_ws/install/turtlesim/include/turtlesim/turtlesim/srv/detail/set_pen__rosidl_typesupport_fastrtps_cpp.hpp
[9.321s] -- Up-to-date symlink: /home/vboxuser/ros2_ws/install/turtlesim/include/turtlesim/turtlesim/srv/detail/spawn__rosidl_typesupport_fastrtps_cpp.hpp
[9.321s] -- Up-to-date symlink: /home/vboxuser/ros2_ws/install/turtlesim/include/turtlesim/turtlesim/srv/detail/teleport_absolute__rosidl_typesupport_fastrtps_cpp.hpp
[9.323s] -- Up-to-date symlink: /home/vboxuser/ros2_ws/install/turtlesim/include/turtlesim/turtlesim/srv/detail/teleport_relative__rosidl_typesupport_fastrtps_cpp.hpp
[9.323s] -- Up-to-date symlink: /home/vboxuser/ros2_ws/install/turtlesim/include/turtlesim/turtlesim/action/detail/rotate_absolute__rosidl_typesupport_introspection_c.h
[9.323s] -- Up-to-date symlink: /home/vboxuser/ros2_ws/install/turtlesim/include/turtlesim/turtlesim/msg/detail/color__rosidl_typesupport_introspection_c.h
[9.323s] -- Up-to-date symlink: /home/vboxuser/ros2_ws/install/turtlesim/include/turtlesim/turtlesim/msg/detail/pose__rosidl_typesupport_introspection_c.h
[9.323s] -- Up-to-date symlink: /home/vboxuser/ros2_ws/install/turtlesim/include/turtlesim/turtlesim/msg/rosidl_typesupport_introspection_c__visibility_control.h
[9.324s] -- Up-to-date symlink: /home/vboxuser/ros2_ws/install/turtlesim/include/turtlesim/turtlesim/srv/detail/kill__rosidl_typesupport_introspection_c.h
[9.324s] -- Up-to-date symlink: /home/vboxuser/ros2_ws/install/turtlesim/include/turtlesim/turtlesim/srv/detail/set_pen__rosidl_typesupport_introspection_c.h
[9.324s] -- Up-to-date symlink: /home/vboxuser/ros2_ws/install/turtlesim/include/turtlesim/turtlesim/srv/detail/spawn__rosidl_typesupport_introspection_c.h
[9.324s] -- Up-to-date symlink: /home/vboxuser/ros2_ws/install/turtlesim/include/turtlesim/turtlesim/srv/detail/teleport_absolute__rosidl_typesupport_introspection_c.h
[9.326s] -- Up-to-date symlink: /home/vboxuser/ros2_ws/install/turtlesim/include/turtlesim/turtlesim/srv/detail/teleport_relative__rosidl_typesupport_introspection_c.h
[9.326s] -- Up-to-date symlink: /home/vboxuser/ros2_ws/install/turtlesim/include/turtlesim/turtlesim/action/detail/rotate_absolute__rosidl_typesupport_introspection_cpp.hpp
[9.327s] -- Up-to-date symlink: /home/vboxuser/ros2_ws/install/turtlesim/include/turtlesim/turtlesim/msg/detail/color__rosidl_typesupport_introspection_cpp.hpp
[9.328s] -- Up-to-date symlink: /home/vboxuser/ros2_ws/install/turtlesim/include/turtlesim/turtlesim/msg/detail/pose__rosidl_typesupport_introspection_cpp.hpp
[9.328s] -- Up-to-date symlink: /home/vboxuser/ros2_ws/install/turtlesim/include/turtlesim/turtlesim/srv/detail/kill__rosidl_typesupport_introspection_cpp.hpp
[9.328s] -- Up-to-date symlink: /home/vboxuser/ros2_ws/install/turtlesim/include/turtlesim/turtlesim/srv/detail/set_pen__rosidl_typesupport_introspection_cpp.hpp
[9.329s] -- Up-to-date symlink: /home/vboxuser/ros2_ws/install/turtlesim/include/turtlesim/turtlesim/srv/detail/spawn__rosidl_typesupport_introspection_cpp.hpp
[9.330s] -- Up-to-date symlink: /home/vboxuser/ros2_ws/install/turtlesim/include/turtlesim/turtlesim/srv/detail/teleport_absolute__rosidl_typesupport_introspection_cpp.hpp
[9.330s] -- Up-to-date symlink: /home/vboxuser/ros2_ws/install/turtlesim/include/turtlesim/turtlesim/srv/detail/teleport_relative__rosidl_typesupport_introspection_cpp.hpp
[9.331s] -- Up-to-date symlink: /home/vboxuser/ros2_ws/install/turtlesim/share/turtlesim/environment/pythonpath.sh
[9.331s] -- Up-to-date symlink: /home/vboxuser/ros2_ws/install/turtlesim/share/turtlesim/environment/pythonpath.dsv
[9.331s] -- Up-to-date symlink: /home/vboxuser/ros2_ws/install/turtlesim/lib/python3.10/site-packages/turtlesim-1.6.1-py3.10.egg-info/PKG-INFO
[9.331s] -- Up-to-date symlink: /home/vboxuser/ros2_ws/install/turtlesim/lib/python3.10/site-packages/turtlesim-1.6.1-py3.10.egg-info/SOURCES.txt
[9.332s] -- Up-to-date symlink: /home/vboxuser/ros2_ws/install/turtlesim/lib/python3.10/site-packages/turtlesim-1.6.1-py3.10.egg-info/dependency_links.txt
[9.332s] -- Up-to-date symlink: /home/vboxuser/ros2_ws/install/turtlesim/lib/python3.10/site-packages/turtlesim-1.6.1-py3.10.egg-info/top_level.txt
[9.333s] -- Up-to-date symlink: /home/vboxuser/ros2_ws/install/turtlesim/lib/python3.10/site-packages/turtlesim/__init__.py
[9.334s] -- Up-to-date symlink: /home/vboxuser/ros2_ws/install/turtlesim/lib/python3.10/site-packages/turtlesim/_turtlesim_s.ep.rosidl_typesupport_c.c
[9.334s] -- Up-to-date symlink: /home/vboxuser/ros2_ws/install/turtlesim/lib/python3.10/site-packages/turtlesim/_turtlesim_s.ep.rosidl_typesupport_fastrtps_c.c
[9.335s] -- Up-to-date symlink: /home/vboxuser/ros2_ws/install/turtlesim/lib/python3.10/site-packages/turtlesim/_turtlesim_s.ep.rosidl_typesupport_introspection_c.c
[9.335s] -- Up-to-date symlink: /home/vboxuser/ros2_ws/install/turtlesim/lib/python3.10/site-packages/turtlesim/action/__init__.py
[9.336s] -- Up-to-date symlink: /home/vboxuser/ros2_ws/install/turtlesim/lib/python3.10/site-packages/turtlesim/action/_rotate_absolute.py
[9.336s] -- Up-to-date symlink: /home/vboxuser/ros2_ws/install/turtlesim/lib/python3.10/site-packages/turtlesim/action/_rotate_absolute_s.c
[9.336s] -- Up-to-date symlink: /home/vboxuser/ros2_ws/install/turtlesim/lib/python3.10/site-packages/turtlesim/libturtlesim__rosidl_generator_py.so
[9.337s] -- Up-to-date symlink: /home/vboxuser/ros2_ws/install/turtlesim/lib/python3.10/site-packages/turtlesim/msg/__init__.py
[9.337s] -- Up-to-date symlink: /home/vboxuser/ros2_ws/install/turtlesim/lib/python3.10/site-packages/turtlesim/msg/_color.py
[9.337s] -- Up-to-date symlink: /home/vboxuser/ros2_ws/install/turtlesim/lib/python3.10/site-packages/turtlesim/msg/_color_s.c
[9.337s] -- Up-to-date symlink: /home/vboxuser/ros2_ws/install/turtlesim/lib/python3.10/site-packages/turtlesim/msg/_pose.py
[9.337s] -- Up-to-date symlink: /home/vboxuser/ros2_ws/install/turtlesim/lib/python3.10/site-packages/turtlesim/msg/_pose_s.c
[9.337s] -- Up-to-date symlink: /home/vboxuser/ros2_ws/install/turtlesim/lib/python3.10/site-packages/turtlesim/srv/__init__.py
[9.338s] -- Up-to-date symlink: /home/vboxuser/ros2_ws/install/turtlesim/lib/python3.10/site-packages/turtlesim/srv/_kill.py
[9.339s] -- Up-to-date symlink: /home/vboxuser/ros2_ws/install/turtlesim/lib/python3.10/site-packages/turtlesim/srv/_kill_s.c
[9.339s] -- Up-to-date symlink: /home/vboxuser/ros2_ws/install/turtlesim/lib/python3.10/site-packages/turtlesim/srv/_set_pen.py
[9.339s] -- Up-to-date symlink: /home/vboxuser/ros2_ws/install/turtlesim/lib/python3.10/site-packages/turtlesim/srv/_set_pen_s.c
[9.339s] -- Up-to-date symlink: /home/vboxuser/ros2_ws/install/turtlesim/lib/python3.10/site-packages/turtlesim/srv/_spawn.py
[9.339s] -- Up-to-date symlink: /home/vboxuser/ros2_ws/install/turtlesim/lib/python3.10/site-packages/turtlesim/srv/_spawn_s.c
[9.339s] -- Up-to-date symlink: /home/vboxuser/ros2_ws/install/turtlesim/lib/python3.10/site-packages/turtlesim/srv/_teleport_absolute.py
[9.340s] -- Up-to-date symlink: /home/vboxuser/ros2_ws/install/turtlesim/lib/python3.10/site-packages/turtlesim/srv/_teleport_absolute_s.c
[9.340s] -- Up-to-date symlink: /home/vboxuser/ros2_ws/install/turtlesim/lib/python3.10/site-packages/turtlesim/srv/_teleport_relative.py
[9.340s] -- Up-to-date symlink: /home/vboxuser/ros2_ws/install/turtlesim/lib/python3.10/site-packages/turtlesim/srv/_teleport_relative_s.c
[9.342s] -- Up-to-date symlink: /home/vboxuser/ros2_ws/install/turtlesim/lib/python3.10/site-packages/turtlesim/turtlesim_s__rosidl_typesupport_c.cpython-310-x86_64-linux-gnu.so
[9.342s] -- Up-to-date symlink: /home/vboxuser/ros2_ws/install/turtlesim/lib/python3.10/site-packages/turtlesim/turtlesim_s__rosidl_typesupport_fastrtps_c.cpython-310-x86_64-linux-gnu.so
[9.342s] -- Up-to-date symlink: /home/vboxuser/ros2_ws/install/turtlesim/lib/python3.10/site-packages/turtlesim/turtlesim_s__rosidl_typesupport_introspection_c.cpython-310-x86_64-linux-gnu.so
[9.354s] -- Up-to-date symlink: /home/vboxuser/ros2_ws/install/turtlesim/lib/python3.10/site-packages/turtlesim/turtlesim_s__rosidl_typesupport_fastrtps_c.cpython-310-x86_64-linux-gnu.so
[9.356s] -- Up-to-date symlink: /home/vboxuser/ros2_ws/install/turtlesim/lib/python3.10/site-packages/turtlesim/turtlesim_s__rosidl_typesupport_introspection_c.cpython-310-x86_64-linux-gnu.so
[9.367s] -- Up-to-date symlink: /home/vboxuser/ros2_ws/install/turtlesim/lib/python3.10/site-packages/turtlesim/turtlesim_s__rosidl_typesupport_c.cpython-310-x86_64-linux-gnu.so
[9.367s] -- Up-to-date symlink: /home/vboxuser/ros2_ws/install/turtlesim/share/turtlesim/action/RotateAbsolute.idl
[9.367s] -- Up-to-date symlink: /home/vboxuser/ros2_ws/install/turtlesim/share/turtlesim/msg/Color.idl
[9.367s] -- Up-to-date symlink: /home/vboxuser/ros2_ws/install/turtlesim/share/turtlesim/msg/Pose.idl
[9.367s] -- Up-to-date symlink: /home/vboxuser/ros2_ws/install/turtlesim/share/turtlesim/srv/Kill.idl
[9.367s] -- Up-to-date symlink: /home/vboxuser/ros2_ws/install/turtlesim/share/turtlesim/srv/SetPen.idl
[9.367s] -- Up-to-date symlink: /home/vboxuser/ros2_ws/install/turtlesim/share/turtlesim/srv/Spawn.idl
[9.367s] -- Up-to-date symlink: /home/vboxuser/ros2_ws/install/turtlesim/share/turtlesim/srv/TeleportAbsolute.idl
[9.368s] -- Up-to-date symlink: /home/vboxuser/ros2_ws/install/turtlesim/share/turtlesim/srv/TeleportRelative.idl
[9.368s] -- Up-to-date symlink: /home/vboxuser/ros2_ws/install/turtlesim/share/turtlesim/action/RotateAbsolute.action
[9.368s] -- Up-to-date symlink: /home/vboxuser/ros2_ws/install/turtlesim/share/turtlesim/msg/Color.msg
[9.368s] -- Up-to-date symlink: /home/vboxuser/ros2_ws/install/turtlesim/share/turtlesim/msg/Pose.msg
[9.368s] -- Up-to-date symlink: /home/vboxuser/ros2_ws/install/turtlesim/share/turtlesim/srv/Kill.srv
[9.368s] -- Up-to-date symlink: /home/vboxuser/ros2_ws/install/turtlesim/share/turtlesim/srv/Kill_Request.msg
[9.368s] -- Up-to-date symlink: /home/vboxuser/ros2_ws/install/turtlesim/share/turtlesim/srv/Kill_Response.msg
[9.368s] -- Up-to-date symlink: /home/vboxuser/ros2_ws/install/turtlesim/share/turtlesim/srv/SetPen.srv
[9.368s] -- Up-to-date symlink: /home/vboxuser/ros2_ws/install/turtlesim/share/turtlesim/srv/SetPen_Request.msg
[9.369s] -- Up-to-date symlink: /home/vboxuser/ros2_ws/install/turtlesim/share/turtlesim/srv/SetPen_Response.msg
[9.369s] -- Up-to-date symlink: /home/vboxuser/ros2_ws/install/turtlesim/share/turtlesim/srv/Spawn.srv
[9.369s] -- Up-to-date symlink: /home/vboxuser/ros2_ws/install/turtlesim/share/turtlesim/srv/Spawn_Request.msg
[9.369s] -- Up-to-date symlink: /home/vboxuser/ros2_ws/install/turtlesim/share/turtlesim/srv/Spawn_Response.msg
[9.369s] -- Up-to-date symlink: /home/vboxuser/ros2_ws/install/turtlesim/share/turtlesim/srv/TeleportAbsolute.srv
[9.369s] -- Up-to-date symlink: /home/vboxuser/ros2_ws/install/turtlesim/share/turtlesim/srv/TeleportAbsolute_Request.msg
[9.369s] -- Up-to-date symlink: /home/vboxuser/ros2_ws/install/turtlesim/share/turtlesim/srv/TeleportAbsolute_Response.msg
[9.369s] -- Up-to-date symlink: /home/vboxuser/ros2_ws/install/turtlesim/share/turtlesim/srv/TeleportRelative.srv
[9.369s] -- Up-to-date symlink: /home/vboxuser/ros2_ws/install/turtlesim/share/turtlesim/srv/TeleportRelative_Request.msg
[9.369s] -- Up-to-date symlink: /home/vboxuser/ros2_ws/install/turtlesim/share/turtlesim/srv/TeleportRelative_Response.msg
[9.371s] -- Up-to-date symlink: /home/vboxuser/ros2_ws/install/turtlesim/lib/turtlesim/turtlesim_node
[9.377s] -- Up-to-date symlink: /home/vboxuser/ros2_ws/install/turtlesim/lib/turtlesim/turtle_teleop_key
[9.377s] -- Up-to-date symlink: /home/vboxuser/ros2_ws/install/turtlesim/lib/turtlesim/draw_square
[9.377s] -- Up-to-date symlink: /home/vboxuser/ros2_ws/install/turtlesim/lib/turtlesim/mimic
[9.377s] -- Up-to-date symlink: /home/vboxuser/ros2_ws/install/turtlesim/share/turtlesim/launch/multisim.launch.py
[9.377s] -- Up-to-date symlink: /home/vboxuser/ros2_ws/install/turtlesim/share/ament_index/resource_index/package_run_dependencies/turtlesim
[9.377s] -- Up-to-date symlink: /home/vboxuser/ros2_ws/install/turtlesim/share/ament_index/resource_index/parent_prefix_path/turtlesim
[9.378s] -- Up-to-date symlink: /home/vboxuser/ros2_ws/install/turtlesim/share/turtlesim/environment/ament_prefix_path.sh
[9.378s] -- Up-to-date symlink: /home/vboxuser/ros2_ws/install/turtlesim/share/turtlesim/environment/ament_prefix_path.dsv
[9.378s] -- Up-to-date symlink: /home/vboxuser/ros2_ws/install/turtlesim/share/turtlesim/environment/path.sh
[9.378s] -- Up-to-date symlink: /home/vboxuser/ros2_ws/install/turtlesim/share/turtlesim/environment/path.dsv
[9.378s] -- Up-to-date symlink: /home/vboxuser/ros2_ws/install/turtlesim/share/turtlesim/local_setup.bash
[9.378s] -- Up-to-date symlink: /home/vboxuser/ros2_ws/install/turtlesim/share/turtlesim/local_setup.sh
[9.378s] -- Up-to-date symlink: /home/vboxuser/ros2_ws/install/turtlesim/share/turtlesim/local_setup.zsh
[9.378s] -- Up-to-date symlink: /home/vboxuser/ros2_ws/install/turtlesim/share/turtlesim/local_setup.dsv
[9.378s] -- Symlinking: /home/vboxuser/ros2_ws/install/turtlesim/share/turtlesim/package.dsv
[9.444s] -- Up-to-date symlink: /home/vboxuser/ros2_ws/install/turtlesim/share/ament_index/resource_index/packages/turtlesim
[9.444s] -- Up-to-date symlink: /home/vboxuser/ros2_ws/install/turtlesim/share/turtlesim/cmake/rosidl_cmake-extras.cmake
[9.444s] -- Up-to-date symlink: /home/vboxuser/ros2_ws/install/turtlesim/share/turtlesim/cmake/ament_cmake_export_dependencies-extras.cmake
[9.445s] -- Up-to-date symlink: /home/vboxuser/ros2_ws/install/turtlesim/share/turtlesim/cmake/ament_cmake_export_include_directories-extras.cmake
[9.445s] -- Up-to-date symlink: /home/vboxuser/ros2_ws/install/turtlesim/share/turtlesim/cmake/ament_cmake_export_libraries-extras.cmake
[9.446s] -- Up-to-date symlink: /home/vboxuser/ros2_ws/install/turtlesim/share/turtlesim/cmake/ament_cmake_export_targets-extras.cmake
[9.448s] -- Up-to-date symlink: /home/vboxuser/ros2_ws/install/turtlesim/share/turtlesim/cmake/rosidl_cmake_export_typesupport_targets-extras.cmake
[9.448s] -- Up-to-date symlink: /home/vboxuser/ros2_ws/install/turtlesim/share/turtlesim/cmake/rosidl_cmake_export_typesupport_libraries-extras.cmake
[9.448s] -- Up-to-date symlink: /home/vboxuser/ros2_ws/install/turtlesim/share/turtlesim/cmake/turtlesimConfig.cmake
[9.449s] -- Up-to-date symlink: /home/vboxuser/ros2_ws/install/turtlesim/share/turtlesim/cmake/turtlesimConfig-version.cmake
[9.449s] -- Up-to-date symlink: /home/vboxuser/ros2_ws/install/turtlesim/share/turtlesim/package.xml
[9.465s] -- Up-to-date: /home/vboxuser/ros2_ws/install/turtlesim/lib/libturtlesim__rosidl_generator_c.so
[9.495s] -- Up-to-date: /home/vboxuser/ros2_ws/install/turtlesim/lib/libturtlesim__rosidl_typesupport_fastrtps_c.so
[9.511s] -- Up-to-date: /home/vboxuser/ros2_ws/install/turtlesim/lib/libturtlesim__rosidl_typesupport_fastrtps_cpp.so
[9.538s] -- Up-to-date: /home/vboxuser/ros2_ws/install/turtlesim/lib/libturtlesim__rosidl_typesupport_introspection_c.so
[9.549s] -- Up-to-date: /home/vboxuser/ros2_ws/install/turtlesim/lib/libturtlesim__rosidl_typesupport_c.so
[9.553s] -- Up-to-date: /home/vboxuser/ros2_ws/install/turtlesim/lib/libturtlesim__rosidl_typesupport_introspection_cpp.so
[9.575s] -- Up-to-date: /home/vboxuser/ros2_ws/install/turtlesim/lib/libturtlesim__rosidl_typesupport_cpp.so
[10.155s] Listing '/home/vboxuser/ros2_ws/install/turtlesim/lib/python3.10/site-packages/turtlesim'...
[10.155s] Listing '/home/vboxuser/ros2_ws/install/turtlesim/lib/python3.10/site-packages/turtlesim/action'...
[10.155s] Listing '/home/vboxuser/ros2_ws/install/turtlesim/lib/python3.10/site-packages/turtlesim/msg'...
[10.156s] Listing '/home/vboxuser/ros2_ws/install/turtlesim/lib/python3.10/site-packages/turtlesim/srv'...
[10.177s] -- Up-to-date: /home/vboxuser/ros2_ws/install/turtlesim/lib/libturtlesim__rosidl_generator_py.so
[10.178s] -- Up-to-date: /home/vboxuser/ros2_ws/install/turtlesim/share/turtlesim/images
[10.178s] -- Up-to-date: /home/vboxuser/ros2_ws/install/turtlesim/share/turtlesim/images/iron.png
[10.178s] -- Up-to-date: /home/vboxuser/ros2_ws/install/turtlesim/share/turtlesim/images/dashing.png
[10.178s] -- Up-to-date: /home/vboxuser/ros2_ws/install/turtlesim/share/turtlesim/images/eloquent.png
[10.178s] -- Up-to-date: /home/vboxuser/ros2_ws/install/turtlesim/share/turtlesim/images/humble.png
[10.180s] -- Up-to-date: /home/vboxuser/ros2_ws/install/turtlesim/share/turtlesim/images/bouncy.png
[10.180s] -- Up-to-date: /home/vboxuser/ros2_ws/install/turtlesim/share/turtlesim/images/ardent.png
[10.180s] -- Up-to-date: /home/vboxuser/ros2_ws/install/turtlesim/share/turtlesim/images/rolling.png
[10.180s] -- Up-to-date: /home/vboxuser/ros2_ws/install/turtlesim/share/turtlesim/images/foxy.png
[10.180s] -- Up-to-date: /home/vboxuser/ros2_ws/install/turtlesim/share/turtlesim/images/galactic.png
[10.181s] -- Up-to-date: /home/vboxuser/ros2_ws/install/turtlesim/share/turtlesim/images/crystal.png
[10.196s] -- Up-to-date: /home/vboxuser/ros2_ws/install/turtlesim/share/turtlesim/cmake/export_turtlesim__rosidl_generator_cExport.cmake
[10.196s] -- Up-to-date: /home/vboxuser/ros2_ws/install/turtlesim/share/turtlesim/cmake/export_turtlesim__rosidl_generator_cExport-noconfig.cmake
[10.199s] -- Up-to-date: /home/vboxuser/ros2_ws/install/turtlesim/share/turtlesim/cmake/export_turtlesim__rosidl_typesupport_fastrtps_cExport.cmake
[10.200s] -- Up-to-date: /home/vboxuser/ros2_ws/install/turtlesim/share/turtlesim/cmake/export_turtlesim__rosidl_typesupport_fastrtps_cExport-noconfig.cmake
[10.203s] -- Up-to-date: /home/vboxuser/ros2_ws/install/turtlesim/share/turtlesim/cmake/export_turtlesim__rosidl_generator_cppExport.cmake
[10.210s] -- Up-to-date: /home/vboxuser/ros2_ws/install/turtlesim/share/turtlesim/cmake/export_turtlesim__rosidl_typesupport_fastrtps_cppExport.cmake
[10.212s] -- Up-to-date: /home/vboxuser/ros2_ws/install/turtlesim/share/turtlesim/cmake/export_turtlesim__rosidl_typesupport_fastrtps_cppExport-noconfig.cmake
[10.212s] -- Up-to-date: /home/vboxuser/ros2_ws/install/turtlesim/share/turtlesim/cmake/turtlesim__rosidl_typesupport_introspection_cExport.cmake
[10.212s] -- Up-to-date: /home/vboxuser/ros2_ws/install/turtlesim/share/turtlesim/cmake/turtlesim__rosidl_typesupport_introspection_cExport-noconfig.cmake
[10.214s] -- Up-to-date: /home/vboxuser/ros2_ws/install/turtlesim/share/turtlesim/cmake/turtlesim__rosidl_typesupport_cExport.cmake
[10.214s] -- Up-to-date: /home/vboxuser/ros2_ws/install/turtlesim/share/turtlesim/cmake/turtlesim__rosidl_typesupport_cExport-noconfig.cmake
[10.216s] -- Up-to-date: /home/vboxuser/ros2_ws/install/turtlesim/share/turtlesim/cmake/turtlesim__rosidl_typesupport_introspection_cppExport.cmake
[10.217s] -- Up-to-date: /home/vboxuser/ros2_ws/install/turtlesim/share/turtlesim/cmake/turtlesim__rosidl_typesupport_introspection_cppExport-noconfig.cmake
[10.218s] -- Up-to-date: /home/vboxuser/ros2_ws/install/turtlesim/share/turtlesim/cmake/turtlesim__rosidl_typesupport_cppExport.cmake
[10.218s] -- Up-to-date: /home/vboxuser/ros2_ws/install/turtlesim/share/turtlesim/cmake/turtlesim__rosidl_typesupport_cppExport-noconfig.cmake
[10.219s] -- Up-to-date: /home/vboxuser/ros2_ws/install/turtlesim/share/turtlesim/cmake/export_turtlesim__rosidl_generator_pyExport.cmake
[10.219s] -- Up-to-date: /home/vboxuser/ros2_ws/install/turtlesim/share/turtlesim/cmake/export_turtlesim__rosidl_generator_pyExport-noconfig.cmake
[10.225s] Invoked command in '/home/vboxuser/ros2_ws/build/turtlesim' returned '0': CMAKE_PREFIX_PATH=${CMAKE_PREFIX_PATH}:/opt/ros/iron:/home/vboxuser/ros2_iron/install/rqt_bag_plugins:/home/vboxuser/ros2_iron/install/rqt_bag:/home/vboxuser/ros2_iron/install/rosbag2_examples_py:/home/vboxuser/ros2_iron/install/launch_testing_examples:/home/vboxuser/ros2_iron/install/ros2bag:/home/vboxuser/ros2_iron/install/tracetools_test:/home/vboxuser/ros2_iron/install/tracetools_launch:/home/vboxuser/ros2_iron/install/topic_monitor:/home/vboxuser/ros2_iron/install/tf2_tools:/home/vboxuser/ros2_iron/install/examples_tf2_py:/home/vboxuser/ros2_iron/install/tf2_ros_py:/home/vboxuser/ros2_iron/install/examples_rclpy_pointcloud_publisher:/home/vboxuser/ros2_iron/install/sensor_msgs_py:/home/vboxuser/ros2_iron/install/quality_of_service_demo_py:/home/vboxuser/ros2_iron/install/rqt_plot:/home/vboxuser/ros2_iron/install/ros2doctor:/home/vboxuser/ros2_iron/install/lifecycle_py:/home/vboxuser/ros2_iron/install/examples_rclpy_minimal_subscriber:/home/vboxuser/ros2_iron/install/examples_rclpy_minimal_service:/home/vboxuser/ros2_iron/install/examples_rclpy_minimal_publisher:/home/vboxuser/ros2_iron/install/examples_rclpy_minimal_client:/home/vboxuser/ros2_iron/install/examples_rclpy_executors:/home/vboxuser/ros2_iron/install/demo_nodes_py:/home/vboxuser/ros2_iron/install/rqt:/home/vboxuser/ros2_iron/install/ros2component:/home/vboxuser/ros2_iron/install/sros2:/home/vboxuser/ros2_iron/install/rqt_topic:/home/vboxuser/ros2_iron/install/rqt_srv:/home/vboxuser/ros2_iron/install/rqt_shell:/home/vboxuser/ros2_iron/install/rqt_service_caller:/home/vboxuser/ros2_iron/install/rqt_reconfigure:/home/vboxuser/ros2_iron/install/rqt_py_console:/home/vboxuser/ros2_iron/install/rqt_publisher:/home/vboxuser/ros2_iron/install/rqt_action:/home/vboxuser/ros2_iron/install/rqt_msg:/home/vboxuser/ros2_iron/install/rqt_console:/home/vboxuser/ros2_iron/install/rqt_graph:/home/vboxuser/ros2_iron/install/rqt_gui_py:/home/vboxuser/ros2_iron/install/rqt_gui:/home/vboxuser/ros2_iron/install/ros2trace:/home/vboxuser/ros2_iron/install/ros2topic:/home/vboxuser/ros2_iron/install/ros2test:/home/vboxuser/ros2_iron/install/ros2param:/home/vboxuser/ros2_iron/install/ros2lifecycle:/home/vboxuser/ros2_iron/install/ros2service:/home/vboxuser/ros2_iron/install/ros2run:/home/vboxuser/ros2_iron/install/ros2launch:/home/vboxuser/ros2_iron/install/ros2pkg:/home/vboxuser/ros2_iron/install/ros2node:/home/vboxuser/ros2_iron/install/ros2multicast:/home/vboxuser/ros2_iron/install/ros2interface:/home/vboxuser/ros2_iron/install/ros2action:/home/vboxuser/ros2_iron/install/ros2cli:/home/vboxuser/ros2_iron/install/launch_testing_ros:/home/vboxuser/ros2_iron/install/launch_ros:/home/vboxuser/ros2_iron/install/examples_rclpy_minimal_action_server:/home/vboxuser/ros2_iron/install/examples_rclpy_minimal_action_client:/home/vboxuser/ros2_iron/install/examples_rclpy_guard_conditions:/home/vboxuser/ros2_iron/install/action_tutorials_py:/home/vboxuser/ros2_iron/install/ament_uncrustify:/home/vboxuser/ros2_iron/install/tracetools_trace:/home/vboxuser/ros2_iron/install/tracetools_read:/home/vboxuser/ros2_iron/install/test_tracetools_launch:/home/vboxuser/ros2_iron/install/test_ros2trace:/home/vboxuser/ros2_iron/install/test_launch_ros:/home/vboxuser/ros2_iron/install/rpyutils:/home/vboxuser/ros2_iron/install/rosidl_runtime_py:/home/vboxuser/ros2_iron/install/rosidl_pycommon:/home/vboxuser/ros2_iron/install/rosidl_cli:/home/vboxuser/ros2_iron/install/launch_pytest:/home/vboxuser/ros2_iron/install/launch_testing:/home/vboxuser/ros2_iron/install/launch_yaml:/home/vboxuser/ros2_iron/install/launch_xml:/home/vboxuser/ros2_iron/install/launch:/home/vboxuser/ros2_iron/install/osrf_pycommon:/home/vboxuser/ros2_iron/install/domain_coordinator:/home/vboxuser/ros2_iron/install/ament_xmllint:/home/vboxuser/ros2_iron/install/ament_pyflakes:/home/vboxuser/ros2_iron/install/ament_pycodestyle:/home/vboxuser/ros2_iron/install/ament_pep257:/home/vboxuser/ros2_iron/install/ament_pclint:/home/vboxuser/ros2_iron/install/ament_package:/home/vboxuser/ros2_iron/install/ament_mypy:/home/vboxuser/ros2_iron/install/ament_lint_cmake:/home/vboxuser/ros2_iron/install/ament_flake8:/home/vboxuser/ros2_iron/install/ament_copyright:/home/vboxuser/ros2_iron/install/ament_lint:/home/vboxuser/ros2_iron/install/ament_index_python:/home/vboxuser/ros2_iron/install/ament_cpplint:/home/vboxuser/ros2_iron/install/ament_cppcheck:/home/vboxuser/ros2_iron/install/ament_clang_tidy:/home/vboxuser/ros2_iron/install/ament_clang_format /usr/bin/cmake --install /home/vboxuser/ros2_ws/build/turtlesim
