[0.437s] Invoking command in '/home/vboxuser/ros2_ws/build/serial_driver': AMENT_PREFIX_PATH=/home/vboxuser/ros2_ws/install/io_context:/home/vboxuser/ros2_ws/install/asio_cmake_module CMAKE_PREFIX_PATH=/home/vboxuser/ros2_ws/install/io_context:/home/vboxuser/ros2_ws/install/asio_cmake_module LD_LIBRARY_PATH=/home/vboxuser/ros2_ws/install/io_context/lib /usr/bin/cmake --build /home/vboxuser/ros2_ws/build/serial_driver -- -j4 -l4
[2.991s] [ 20%] Built target serial_driver
[3.312s] [ 33%] Built target gtest
[4.321s] [ 46%] Built target serial_driver_nodes
[4.589s] [ 60%] Built target gtest_main
[4.846s] [ 73%] Built target serial_bridge
[5.182s] [ 86%] Built target test_serial_port
[5.479s] [100%] Built target test_serial_driver
[5.531s] Invoked command in '/home/vboxuser/ros2_ws/build/serial_driver' returned '0': AMENT_PREFIX_PATH=/home/vboxuser/ros2_ws/install/io_context:/home/vboxuser/ros2_ws/install/asio_cmake_module CMAKE_PREFIX_PATH=/home/vboxuser/ros2_ws/install/io_context:/home/vboxuser/ros2_ws/install/asio_cmake_module LD_LIBRARY_PATH=/home/vboxuser/ros2_ws/install/io_context/lib /usr/bin/cmake --build /home/vboxuser/ros2_ws/build/serial_driver -- -j4 -l4
[5.598s] Invoking command in '/home/vboxuser/ros2_ws/build/serial_driver': AMENT_PREFIX_PATH=/home/vboxuser/ros2_ws/install/io_context:/home/vboxuser/ros2_ws/install/asio_cmake_module CMAKE_PREFIX_PATH=/home/vboxuser/ros2_ws/install/io_context:/home/vboxuser/ros2_ws/install/asio_cmake_module LD_LIBRARY_PATH=/home/vboxuser/ros2_ws/install/io_context/lib /usr/bin/cmake --install /home/vboxuser/ros2_ws/build/serial_driver
[5.757s] -- Install configuration: ""
[5.757s] -- Up-to-date: /home/vboxuser/ros2_ws/install/serial_driver/lib/serial_driver/serial_bridge
[5.790s] -- Up-to-date: /home/vboxuser/ros2_ws/install/serial_driver/include
[5.791s] -- Up-to-date: /home/vboxuser/ros2_ws/install/serial_driver/include/serial_driver
[5.791s] -- Up-to-date: /home/vboxuser/ros2_ws/install/serial_driver/include/serial_driver/serial_port.hpp
[5.791s] -- Up-to-date: /home/vboxuser/ros2_ws/install/serial_driver/include/serial_driver/visibility_control.hpp
[5.791s] -- Up-to-date: /home/vboxuser/ros2_ws/install/serial_driver/include/serial_driver/serial_driver.hpp
[5.791s] -- Up-to-date: /home/vboxuser/ros2_ws/install/serial_driver/include/serial_driver/serial_bridge_node.hpp
[5.791s] -- Up-to-date: /home/vboxuser/ros2_ws/install/serial_driver/share/serial_driver/environment/library_path.sh
[5.791s] -- Up-to-date: /home/vboxuser/ros2_ws/install/serial_driver/share/serial_driver/environment/library_path.dsv
[5.791s] -- Up-to-date: /home/vboxuser/ros2_ws/install/serial_driver/lib/libserial_driver.so
[5.791s] -- Up-to-date: /home/vboxuser/ros2_ws/install/serial_driver/lib/libserial_driver_nodes.so
[5.795s] -- Up-to-date: /home/vboxuser/ros2_ws/install/serial_driver/share/serial_driver/launch
[5.795s] -- Up-to-date: /home/vboxuser/ros2_ws/install/serial_driver/share/serial_driver/launch/serial_driver_bridge_node.launch.py
[5.796s] -- Up-to-date: /home/vboxuser/ros2_ws/install/serial_driver/share/serial_driver/params
[5.796s] -- Up-to-date: /home/vboxuser/ros2_ws/install/serial_driver/share/serial_driver/params/example.params.yaml
[5.796s] -- Up-to-date: /home/vboxuser/ros2_ws/install/serial_driver/share/ament_index/resource_index/package_run_dependencies/serial_driver
[5.796s] -- Up-to-date: /home/vboxuser/ros2_ws/install/serial_driver/share/ament_index/resource_index/parent_prefix_path/serial_driver
[5.796s] -- Up-to-date: /home/vboxuser/ros2_ws/install/serial_driver/share/serial_driver/environment/ament_prefix_path.dsv
[5.811s] -- Up-to-date: /home/vboxuser/ros2_ws/install/serial_driver/share/serial_driver/environment/path.dsv
[5.811s] -- Up-to-date: /home/vboxuser/ros2_ws/install/serial_driver/share/serial_driver/local_setup.bash
[5.811s] -- Up-to-date: /home/vboxuser/ros2_ws/install/serial_driver/share/serial_driver/local_setup.sh
[5.811s] -- Up-to-date: /home/vboxuser/ros2_ws/install/serial_driver/share/serial_driver/local_setup.zsh
[5.811s] -- Up-to-date: /home/vboxuser/ros2_ws/install/serial_driver/share/serial_driver/local_setup.dsv
[5.811s] -- Installing: /home/vboxuser/ros2_ws/install/serial_driver/share/serial_driver/package.dsv
[5.826s] -- Up-to-date: /home/vboxuser/ros2_ws/install/serial_driver/share/ament_index/resource_index/packages/serial_driver
[5.827s] -- Up-to-date: /home/vboxuser/ros2_ws/install/serial_driver/share/ament_index/resource_index/rclcpp_components/serial_driver
[5.827s] -- Up-to-date: /home/vboxuser/ros2_ws/install/serial_driver/share/serial_driver/cmake/ament_cmake_export_dependencies-extras.cmake
[5.827s] -- Up-to-date: /home/vboxuser/ros2_ws/install/serial_driver/share/serial_driver/cmake/ament_cmake_export_include_directories-extras.cmake
[5.827s] -- Up-to-date: /home/vboxuser/ros2_ws/install/serial_driver/share/serial_driver/cmake/ament_cmake_export_libraries-extras.cmake
[5.827s] -- Up-to-date: /home/vboxuser/ros2_ws/install/serial_driver/share/serial_driver/cmake/serial_driver-extras.cmake
[5.827s] -- Up-to-date: /home/vboxuser/ros2_ws/install/serial_driver/share/serial_driver/cmake/serial_driverConfig.cmake
[5.827s] -- Up-to-date: /home/vboxuser/ros2_ws/install/serial_driver/share/serial_driver/cmake/serial_driverConfig-version.cmake
[5.827s] -- Up-to-date: /home/vboxuser/ros2_ws/install/serial_driver/share/serial_driver/package.xml
[5.881s] Invoked command in '/home/vboxuser/ros2_ws/build/serial_driver' returned '0': AMENT_PREFIX_PATH=/home/vboxuser/ros2_ws/install/io_context:/home/vboxuser/ros2_ws/install/asio_cmake_module CMAKE_PREFIX_PATH=/home/vboxuser/ros2_ws/install/io_context:/home/vboxuser/ros2_ws/install/asio_cmake_module LD_LIBRARY_PATH=/home/vboxuser/ros2_ws/install/io_context/lib /usr/bin/cmake --install /home/vboxuser/ros2_ws/build/serial_driver
