[5.775s] Invoking command in '/home/vboxuser/ros2_ws/src/read_rosbag': PYTHONPATH=/home/vboxuser/ros2_ws/build/read_rosbag/prefix_override:/usr/lib/python3/dist-packages/colcon_core/task/python/colcon_distutils_commands:/home/vboxuser/ros2_ws/install/read_rosbag/lib/python3.10/site-packages:${PYTHONPATH} /usr/bin/python3 -W ignore:setup.py install is deprecated -W ignore:easy_install command is deprecated setup.py egg_info --egg-base ../../build/read_rosbag build --build-base /home/vboxuser/ros2_ws/build/read_rosbag/build install --record /home/vboxuser/ros2_ws/build/read_rosbag/install.log --single-version-externally-managed install_data
[8.119s] running egg_info
[8.120s] writing ../../build/read_rosbag/read_rosbag.egg-info/PKG-INFO
[8.123s] writing dependency_links to ../../build/read_rosbag/read_rosbag.egg-info/dependency_links.txt
[8.125s] writing entry points to ../../build/read_rosbag/read_rosbag.egg-info/entry_points.txt
[8.128s] writing requirements to ../../build/read_rosbag/read_rosbag.egg-info/requires.txt
[8.133s] writing top-level names to ../../build/read_rosbag/read_rosbag.egg-info/top_level.txt
[8.143s] reading manifest file '../../build/read_rosbag/read_rosbag.egg-info/SOURCES.txt'
[8.145s] adding license file 'LICENSE'
[8.160s] writing manifest file '../../build/read_rosbag/read_rosbag.egg-info/SOURCES.txt'
[8.162s] running build
[8.162s] running build_py
[8.170s] running install
[8.171s] running install_lib
[8.195s] running install_data
[8.195s] running install_egg_info
[8.214s] removing '/home/vboxuser/ros2_ws/install/read_rosbag/lib/python3.10/site-packages/read_rosbag-0.0.0-py3.10.egg-info' (and everything under it)
[8.215s] Copying ../../build/read_rosbag/read_rosbag.egg-info to /home/vboxuser/ros2_ws/install/read_rosbag/lib/python3.10/site-packages/read_rosbag-0.0.0-py3.10.egg-info
[8.238s] running install_scripts
[8.338s] Installing load_rosbag script to /home/vboxuser/ros2_ws/install/read_rosbag/lib/read_rosbag
[8.360s] writing list of installed files to '/home/vboxuser/ros2_ws/build/read_rosbag/install.log'
[8.469s] Invoked command in '/home/vboxuser/ros2_ws/src/read_rosbag' returned '0': PYTHONPATH=/home/vboxuser/ros2_ws/build/read_rosbag/prefix_override:/usr/lib/python3/dist-packages/colcon_core/task/python/colcon_distutils_commands:/home/vboxuser/ros2_ws/install/read_rosbag/lib/python3.10/site-packages:${PYTHONPATH} /usr/bin/python3 -W ignore:setup.py install is deprecated -W ignore:easy_install command is deprecated setup.py egg_info --egg-base ../../build/read_rosbag build --build-base /home/vboxuser/ros2_ws/build/read_rosbag/build install --record /home/vboxuser/ros2_ws/build/read_rosbag/install.log --single-version-externally-managed install_data
