[0.697s] Invoking command in '/home/vboxuser/ros2_ws/build/bq769x2_i2c_ros': /usr/bin/cmake --build /home/vboxuser/ros2_ws/build/bq769x2_i2c_ros -- -j4 -l4
[6.208s] [100%] Built target bq769x2_node
[6.303s] Invoked command in '/home/vboxuser/ros2_ws/build/bq769x2_i2c_ros' returned '0': /usr/bin/cmake --build /home/vboxuser/ros2_ws/build/bq769x2_i2c_ros -- -j4 -l4
[6.356s] Invoking command in '/home/vboxuser/ros2_ws/build/bq769x2_i2c_ros': /usr/bin/cmake --install /home/vboxuser/ros2_ws/build/bq769x2_i2c_ros
[6.374s] -- Install configuration: ""
[6.413s] -- Up-to-date: /home/vboxuser/ros2_ws/install/bq769x2_i2c_ros/lib/bq769x2_i2c_ros/bq769x2_node
[6.414s] -- Up-to-date: /home/vboxuser/ros2_ws/install/bq769x2_i2c_ros/share/ament_index/resource_index/package_run_dependencies/bq769x2_i2c_ros
[6.415s] -- Up-to-date: /home/vboxuser/ros2_ws/install/bq769x2_i2c_ros/share/ament_index/resource_index/parent_prefix_path/bq769x2_i2c_ros
[6.415s] -- Up-to-date: /home/vboxuser/ros2_ws/install/bq769x2_i2c_ros/share/bq769x2_i2c_ros/environment/ament_prefix_path.dsv
[6.415s] -- Up-to-date: /home/vboxuser/ros2_ws/install/bq769x2_i2c_ros/share/bq769x2_i2c_ros/environment/path.dsv
[6.415s] -- Up-to-date: /home/vboxuser/ros2_ws/install/bq769x2_i2c_ros/share/bq769x2_i2c_ros/local_setup.bash
[6.415s] -- Up-to-date: /home/vboxuser/ros2_ws/install/bq769x2_i2c_ros/share/bq769x2_i2c_ros/local_setup.sh
[6.415s] -- Up-to-date: /home/vboxuser/ros2_ws/install/bq769x2_i2c_ros/share/bq769x2_i2c_ros/local_setup.zsh
[6.418s] -- Up-to-date: /home/vboxuser/ros2_ws/install/bq769x2_i2c_ros/share/bq769x2_i2c_ros/local_setup.dsv
[6.419s] -- Installing: /home/vboxuser/ros2_ws/install/bq769x2_i2c_ros/share/bq769x2_i2c_ros/package.dsv
[6.507s] -- Up-to-date: /home/vboxuser/ros2_ws/install/bq769x2_i2c_ros/share/ament_index/resource_index/packages/bq769x2_i2c_ros
[6.507s] -- Up-to-date: /home/vboxuser/ros2_ws/install/bq769x2_i2c_ros/share/bq769x2_i2c_ros/cmake/bq769x2_i2c_rosConfig.cmake
[6.507s] -- Up-to-date: /home/vboxuser/ros2_ws/install/bq769x2_i2c_ros/share/bq769x2_i2c_ros/cmake/bq769x2_i2c_rosConfig-version.cmake
[6.507s] -- Up-to-date: /home/vboxuser/ros2_ws/install/bq769x2_i2c_ros/share/bq769x2_i2c_ros/package.xml
[6.543s] Invoked command in '/home/vboxuser/ros2_ws/build/bq769x2_i2c_ros' returned '0': /usr/bin/cmake --install /home/vboxuser/ros2_ws/build/bq769x2_i2c_ros
