[0.144s] Invoking command in '/home/vboxuser/ros2_ws/build/vesc_ackermann': AMENT_PREFIX_PATH=/home/vboxuser/ros2_ws/install/vesc_msgs CMAKE_PREFIX_PATH=/home/vboxuser/ros2_ws/install/vesc_msgs LD_LIBRARY_PATH=/home/vboxuser/ros2_ws/install/vesc_msgs/lib PYTHONPATH=/home/vboxuser/ros2_ws/install/vesc_msgs/lib/python3.10/site-packages /usr/bin/cmake --build /home/vboxuser/ros2_ws/build/vesc_ackermann -- -j4 -l4
[0.946s] [ 28%] Built target ackermann_to_vesc_node
[0.950s] [ 57%] Built target vesc_to_odom_node
[1.662s] [100%] Built target vesc_ackermann
[1.713s] Invoked command in '/home/vboxuser/ros2_ws/build/vesc_ackermann' returned '0': AMENT_PREFIX_PATH=/home/vboxuser/ros2_ws/install/vesc_msgs CMAKE_PREFIX_PATH=/home/vboxuser/ros2_ws/install/vesc_msgs LD_LIBRARY_PATH=/home/vboxuser/ros2_ws/install/vesc_msgs/lib PYTHONPATH=/home/vboxuser/ros2_ws/install/vesc_msgs/lib/python3.10/site-packages /usr/bin/cmake --build /home/vboxuser/ros2_ws/build/vesc_ackermann -- -j4 -l4
[1.754s] Invoking command in '/home/vboxuser/ros2_ws/build/vesc_ackermann': AMENT_PREFIX_PATH=/home/vboxuser/ros2_ws/install/vesc_msgs CMAKE_PREFIX_PATH=/home/vboxuser/ros2_ws/install/vesc_msgs LD_LIBRARY_PATH=/home/vboxuser/ros2_ws/install/vesc_msgs/lib PYTHONPATH=/home/vboxuser/ros2_ws/install/vesc_msgs/lib/python3.10/site-packages /usr/bin/cmake --install /home/vboxuser/ros2_ws/build/vesc_ackermann
[1.778s] -- Install configuration: ""
[1.811s] -- Up-to-date: /home/vboxuser/ros2_ws/install/vesc_ackermann/lib/vesc_ackermann/ackermann_to_vesc_node
[1.833s] -- Up-to-date: /home/vboxuser/ros2_ws/install/vesc_ackermann/lib/vesc_ackermann/vesc_to_odom_node
[1.833s] -- Up-to-date: /home/vboxuser/ros2_ws/install/vesc_ackermann/include
[1.833s] -- Up-to-date: /home/vboxuser/ros2_ws/install/vesc_ackermann/include/vesc_ackermann
[1.833s] -- Up-to-date: /home/vboxuser/ros2_ws/install/vesc_ackermann/include/vesc_ackermann/ackermann_to_vesc.hpp
[1.833s] -- Up-to-date: /home/vboxuser/ros2_ws/install/vesc_ackermann/include/vesc_ackermann/vesc_to_odom.hpp
[1.833s] -- Up-to-date: /home/vboxuser/ros2_ws/install/vesc_ackermann/share/vesc_ackermann/environment/library_path.sh
[1.833s] -- Up-to-date: /home/vboxuser/ros2_ws/install/vesc_ackermann/share/vesc_ackermann/environment/library_path.dsv
[1.893s] -- Up-to-date: /home/vboxuser/ros2_ws/install/vesc_ackermann/lib/libvesc_ackermann.so
[1.893s] -- Up-to-date: /home/vboxuser/ros2_ws/install/vesc_ackermann/share/vesc_ackermann/launch
[1.893s] -- Up-to-date: /home/vboxuser/ros2_ws/install/vesc_ackermann/share/vesc_ackermann/launch/vesc_to_odom_node.launch.xml
[1.893s] -- Up-to-date: /home/vboxuser/ros2_ws/install/vesc_ackermann/share/vesc_ackermann/launch/ackermann_to_vesc_node.launch.xml
[1.893s] -- Up-to-date: /home/vboxuser/ros2_ws/install/vesc_ackermann/share/ament_index/resource_index/package_run_dependencies/vesc_ackermann
[1.893s] -- Up-to-date: /home/vboxuser/ros2_ws/install/vesc_ackermann/share/ament_index/resource_index/parent_prefix_path/vesc_ackermann
[1.893s] -- Up-to-date: /home/vboxuser/ros2_ws/install/vesc_ackermann/share/vesc_ackermann/environment/ament_prefix_path.dsv
[1.893s] -- Up-to-date: /home/vboxuser/ros2_ws/install/vesc_ackermann/share/vesc_ackermann/environment/path.dsv
[1.893s] -- Up-to-date: /home/vboxuser/ros2_ws/install/vesc_ackermann/share/vesc_ackermann/local_setup.bash
[1.893s] -- Up-to-date: /home/vboxuser/ros2_ws/install/vesc_ackermann/share/vesc_ackermann/local_setup.sh
[1.893s] -- Up-to-date: /home/vboxuser/ros2_ws/install/vesc_ackermann/share/vesc_ackermann/local_setup.zsh
[1.897s] -- Up-to-date: /home/vboxuser/ros2_ws/install/vesc_ackermann/share/vesc_ackermann/local_setup.dsv
[1.898s] -- Installing: /home/vboxuser/ros2_ws/install/vesc_ackermann/share/vesc_ackermann/package.dsv
[1.904s] -- Up-to-date: /home/vboxuser/ros2_ws/install/vesc_ackermann/share/ament_index/resource_index/packages/vesc_ackermann
[1.904s] -- Up-to-date: /home/vboxuser/ros2_ws/install/vesc_ackermann/share/ament_index/resource_index/rclcpp_components/vesc_ackermann
[1.904s] -- Up-to-date: /home/vboxuser/ros2_ws/install/vesc_ackermann/share/vesc_ackermann/cmake/ament_cmake_export_dependencies-extras.cmake
[1.904s] -- Up-to-date: /home/vboxuser/ros2_ws/install/vesc_ackermann/share/vesc_ackermann/cmake/ament_cmake_export_include_directories-extras.cmake
[1.904s] -- Up-to-date: /home/vboxuser/ros2_ws/install/vesc_ackermann/share/vesc_ackermann/cmake/ament_cmake_export_libraries-extras.cmake
[1.904s] -- Up-to-date: /home/vboxuser/ros2_ws/install/vesc_ackermann/share/vesc_ackermann/cmake/vesc_ackermannConfig.cmake
[1.904s] -- Up-to-date: /home/vboxuser/ros2_ws/install/vesc_ackermann/share/vesc_ackermann/cmake/vesc_ackermannConfig-version.cmake
[1.904s] -- Up-to-date: /home/vboxuser/ros2_ws/install/vesc_ackermann/share/vesc_ackermann/package.xml
[1.910s] Invoked command in '/home/vboxuser/ros2_ws/build/vesc_ackermann' returned '0': AMENT_PREFIX_PATH=/home/vboxuser/ros2_ws/install/vesc_msgs CMAKE_PREFIX_PATH=/home/vboxuser/ros2_ws/install/vesc_msgs LD_LIBRARY_PATH=/home/vboxuser/ros2_ws/install/vesc_msgs/lib PYTHONPATH=/home/vboxuser/ros2_ws/install/vesc_msgs/lib/python3.10/site-packages /usr/bin/cmake --install /home/vboxuser/ros2_ws/build/vesc_ackermann
