[3.830s] Invoking command in '/home/vboxuser/ros2_ws/src/BMS_BQ769X2/src/bms_visualizer': PYTHONPATH=/home/vboxuser/ros2_ws/build/bms_visualizer/prefix_override:/usr/lib/python3/dist-packages/colcon_core/task/python/colcon_distutils_commands:/home/vboxuser/ros2_ws/install/bms_visualizer/lib/python3.10/site-packages:${PYTHONPATH} /usr/bin/python3 -W ignore:setup.py install is deprecated -W ignore:easy_install command is deprecated setup.py egg_info --egg-base ../../../../build/bms_visualizer build --build-base /home/vboxuser/ros2_ws/build/bms_visualizer/build install --record /home/vboxuser/ros2_ws/build/bms_visualizer/install.log --single-version-externally-managed install_data
[4.936s] running egg_info
[4.937s] creating ../../../../build/bms_visualizer/bms_visualizer.egg-info
[4.937s] writing ../../../../build/bms_visualizer/bms_visualizer.egg-info/PKG-INFO
[4.938s] writing dependency_links to ../../../../build/bms_visualizer/bms_visualizer.egg-info/dependency_links.txt
[4.938s] writing entry points to ../../../../build/bms_visualizer/bms_visualizer.egg-info/entry_points.txt
[4.938s] writing requirements to ../../../../build/bms_visualizer/bms_visualizer.egg-info/requires.txt
[4.938s] writing top-level names to ../../../../build/bms_visualizer/bms_visualizer.egg-info/top_level.txt
[4.939s] writing manifest file '../../../../build/bms_visualizer/bms_visualizer.egg-info/SOURCES.txt'
[4.941s] reading manifest file '../../../../build/bms_visualizer/bms_visualizer.egg-info/SOURCES.txt'
[4.942s] writing manifest file '../../../../build/bms_visualizer/bms_visualizer.egg-info/SOURCES.txt'
[4.943s] running build
[4.943s] running build_py
[4.943s] creating /home/vboxuser/ros2_ws/build/bms_visualizer/build
[4.944s] creating /home/vboxuser/ros2_ws/build/bms_visualizer/build/lib
[4.944s] creating /home/vboxuser/ros2_ws/build/bms_visualizer/build/lib/bms_visualizer
[4.945s] copying bms_visualizer/bms_visualizer_node.py -> /home/vboxuser/ros2_ws/build/bms_visualizer/build/lib/bms_visualizer
[4.945s] copying bms_visualizer/__init__.py -> /home/vboxuser/ros2_ws/build/bms_visualizer/build/lib/bms_visualizer
[4.945s] copying bms_visualizer/bms_window.py -> /home/vboxuser/ros2_ws/build/bms_visualizer/build/lib/bms_visualizer
[4.945s] running install
[4.945s] running install_lib
[4.952s] running install_data
[4.952s] running install_egg_info
[4.959s] removing '/home/vboxuser/ros2_ws/install/bms_visualizer/lib/python3.10/site-packages/bms_visualizer-0.0.0-py3.10.egg-info' (and everything under it)
[4.962s] Copying ../../../../build/bms_visualizer/bms_visualizer.egg-info to /home/vboxuser/ros2_ws/install/bms_visualizer/lib/python3.10/site-packages/bms_visualizer-0.0.0-py3.10.egg-info
[4.962s] running install_scripts
[5.030s] Installing bms_visualizer_node script to /home/vboxuser/ros2_ws/install/bms_visualizer/lib/bms_visualizer
[5.030s] writing list of installed files to '/home/vboxuser/ros2_ws/build/bms_visualizer/install.log'
[5.077s] Invoked command in '/home/vboxuser/ros2_ws/src/BMS_BQ769X2/src/bms_visualizer' returned '0': PYTHONPATH=/home/vboxuser/ros2_ws/build/bms_visualizer/prefix_override:/usr/lib/python3/dist-packages/colcon_core/task/python/colcon_distutils_commands:/home/vboxuser/ros2_ws/install/bms_visualizer/lib/python3.10/site-packages:${PYTHONPATH} /usr/bin/python3 -W ignore:setup.py install is deprecated -W ignore:easy_install command is deprecated setup.py egg_info --egg-base ../../../../build/bms_visualizer build --build-base /home/vboxuser/ros2_ws/build/bms_visualizer/build install --record /home/vboxuser/ros2_ws/build/bms_visualizer/install.log --single-version-externally-managed install_data
