[3.083s] Invoking command in '/home/vboxuser/ros2_ws/src/BMS_BQ769X2/src/bms_visualizer': PYTHONPATH=/home/vboxuser/ros2_ws/src/build/bms_visualizer/prefix_override:/usr/lib/python3/dist-packages/colcon_core/task/python/colcon_distutils_commands:/home/vboxuser/ros2_ws/src/install/bms_visualizer/lib/python3.10/site-packages:${PYTHONPATH} /usr/bin/python3 -W ignore:setup.py install is deprecated -W ignore:easy_install command is deprecated setup.py egg_info --egg-base ../../../build/bms_visualizer build --build-base /home/vboxuser/ros2_ws/src/build/bms_visualizer/build install --record /home/vboxuser/ros2_ws/src/build/bms_visualizer/install.log --single-version-externally-managed install_data
[4.784s] running egg_info
[4.784s] creating ../../../build/bms_visualizer/bms_visualizer.egg-info
[4.784s] writing ../../../build/bms_visualizer/bms_visualizer.egg-info/PKG-INFO
[4.801s] writing dependency_links to ../../../build/bms_visualizer/bms_visualizer.egg-info/dependency_links.txt
[4.801s] writing entry points to ../../../build/bms_visualizer/bms_visualizer.egg-info/entry_points.txt
[4.801s] writing requirements to ../../../build/bms_visualizer/bms_visualizer.egg-info/requires.txt
[4.802s] writing top-level names to ../../../build/bms_visualizer/bms_visualizer.egg-info/top_level.txt
[4.802s] writing manifest file '../../../build/bms_visualizer/bms_visualizer.egg-info/SOURCES.txt'
[4.802s] reading manifest file '../../../build/bms_visualizer/bms_visualizer.egg-info/SOURCES.txt'
[4.802s] writing manifest file '../../../build/bms_visualizer/bms_visualizer.egg-info/SOURCES.txt'
[4.805s] running build
[4.805s] running build_py
[4.807s] creating /home/vboxuser/ros2_ws/src/build/bms_visualizer/build
[4.808s] creating /home/vboxuser/ros2_ws/src/build/bms_visualizer/build/lib
[4.808s] creating /home/vboxuser/ros2_ws/src/build/bms_visualizer/build/lib/bms_visualizer
[4.823s] copying bms_visualizer/bms_visualizer_node.py -> /home/vboxuser/ros2_ws/src/build/bms_visualizer/build/lib/bms_visualizer
[4.823s] copying bms_visualizer/__init__.py -> /home/vboxuser/ros2_ws/src/build/bms_visualizer/build/lib/bms_visualizer
[4.823s] copying bms_visualizer/bms_window.py -> /home/vboxuser/ros2_ws/src/build/bms_visualizer/build/lib/bms_visualizer
[4.823s] running install
[4.824s] running install_lib
[4.827s] copying /home/vboxuser/ros2_ws/src/build/bms_visualizer/build/lib/bms_visualizer/bms_visualizer_node.py -> /home/vboxuser/ros2_ws/src/install/bms_visualizer/lib/python3.10/site-packages/bms_visualizer
[4.850s] byte-compiling /home/vboxuser/ros2_ws/src/install/bms_visualizer/lib/python3.10/site-packages/bms_visualizer/bms_visualizer_node.py to bms_visualizer_node.cpython-310.pyc
[4.908s] running install_data
[4.908s] running install_egg_info
[4.921s] removing '/home/vboxuser/ros2_ws/src/install/bms_visualizer/lib/python3.10/site-packages/bms_visualizer-0.0.0-py3.10.egg-info' (and everything under it)
[4.930s] Copying ../../../build/bms_visualizer/bms_visualizer.egg-info to /home/vboxuser/ros2_ws/src/install/bms_visualizer/lib/python3.10/site-packages/bms_visualizer-0.0.0-py3.10.egg-info
[4.931s] running install_scripts
[5.132s] Installing bms_visualizer_node script to /home/vboxuser/ros2_ws/src/install/bms_visualizer/lib/bms_visualizer
[5.134s] writing list of installed files to '/home/vboxuser/ros2_ws/src/build/bms_visualizer/install.log'
[5.238s] Invoked command in '/home/vboxuser/ros2_ws/src/BMS_BQ769X2/src/bms_visualizer' returned '0': PYTHONPATH=/home/vboxuser/ros2_ws/src/build/bms_visualizer/prefix_override:/usr/lib/python3/dist-packages/colcon_core/task/python/colcon_distutils_commands:/home/vboxuser/ros2_ws/src/install/bms_visualizer/lib/python3.10/site-packages:${PYTHONPATH} /usr/bin/python3 -W ignore:setup.py install is deprecated -W ignore:easy_install command is deprecated setup.py egg_info --egg-base ../../../build/bms_visualizer build --build-base /home/vboxuser/ros2_ws/src/build/bms_visualizer/build install --record /home/vboxuser/ros2_ws/src/build/bms_visualizer/install.log --single-version-externally-managed install_data
