[19.289s] Invoking command in '/home/vboxuser/ros2_ws/src/BMS_BQ769X2/src/bms_visualizer': PYTHONPATH=/home/vboxuser/ros2_ws/build/bms_visualizer/prefix_override:/usr/lib/python3/dist-packages/colcon_core/task/python/colcon_distutils_commands:/home/vboxuser/ros2_ws/install/bms_visualizer/lib/python3.10/site-packages:${PYTHONPATH} /usr/bin/python3 -W ignore:setup.py install is deprecated -W ignore:easy_install command is deprecated setup.py egg_info --egg-base ../../../../build/bms_visualizer build --build-base /home/vboxuser/ros2_ws/build/bms_visualizer/build install --record /home/vboxuser/ros2_ws/build/bms_visualizer/install.log --single-version-externally-managed install_data
[26.119s] running egg_info
[26.129s] writing ../../../../build/bms_visualizer/bms_visualizer.egg-info/PKG-INFO
[26.144s] writing dependency_links to ../../../../build/bms_visualizer/bms_visualizer.egg-info/dependency_links.txt
[26.150s] writing entry points to ../../../../build/bms_visualizer/bms_visualizer.egg-info/entry_points.txt
[26.151s] writing requirements to ../../../../build/bms_visualizer/bms_visualizer.egg-info/requires.txt
[26.160s] writing top-level names to ../../../../build/bms_visualizer/bms_visualizer.egg-info/top_level.txt
[26.175s] reading manifest file '../../../../build/bms_visualizer/bms_visualizer.egg-info/SOURCES.txt'
[26.216s] writing manifest file '../../../../build/bms_visualizer/bms_visualizer.egg-info/SOURCES.txt'
[26.216s] running build
[26.217s] running build_py
[26.218s] running install
[26.253s] running install_lib
[26.258s] running install_data
[26.261s] running install_egg_info
[26.277s] removing '/home/vboxuser/ros2_ws/install/bms_visualizer/lib/python3.10/site-packages/bms_visualizer-0.0.0-py3.10.egg-info' (and everything under it)
[26.277s] Copying ../../../../build/bms_visualizer/bms_visualizer.egg-info to /home/vboxuser/ros2_ws/install/bms_visualizer/lib/python3.10/site-packages/bms_visualizer-0.0.0-py3.10.egg-info
[26.278s] running install_scripts
[26.628s] Installing bms_visualizer_node script to /home/vboxuser/ros2_ws/install/bms_visualizer/lib/bms_visualizer
[26.629s] writing list of installed files to '/home/vboxuser/ros2_ws/build/bms_visualizer/install.log'
[26.916s] Invoked command in '/home/vboxuser/ros2_ws/src/BMS_BQ769X2/src/bms_visualizer' returned '0': PYTHONPATH=/home/vboxuser/ros2_ws/build/bms_visualizer/prefix_override:/usr/lib/python3/dist-packages/colcon_core/task/python/colcon_distutils_commands:/home/vboxuser/ros2_ws/install/bms_visualizer/lib/python3.10/site-packages:${PYTHONPATH} /usr/bin/python3 -W ignore:setup.py install is deprecated -W ignore:easy_install command is deprecated setup.py egg_info --egg-base ../../../../build/bms_visualizer build --build-base /home/vboxuser/ros2_ws/build/bms_visualizer/build install --record /home/vboxuser/ros2_ws/build/bms_visualizer/install.log --single-version-externally-managed install_data
