[5.848s] Invoking command in '/home/vboxuser/ros2_ws/src/read_rosbag': PYTHONPATH=/home/vboxuser/ros2_ws/build/read_rosbag/prefix_override:/usr/lib/python3/dist-packages/colcon_core/task/python/colcon_distutils_commands:/home/vboxuser/ros2_ws/install/read_rosbag/lib/python3.10/site-packages:${PYTHONPATH} /usr/bin/python3 -W ignore:setup.py install is deprecated -W ignore:easy_install command is deprecated setup.py egg_info --egg-base ../../build/read_rosbag build --build-base /home/vboxuser/ros2_ws/build/read_rosbag/build install --record /home/vboxuser/ros2_ws/build/read_rosbag/install.log --single-version-externally-managed install_data
[7.363s] running egg_info
[7.364s] writing ../../build/read_rosbag/read_rosbag.egg-info/PKG-INFO
[7.369s] writing dependency_links to ../../build/read_rosbag/read_rosbag.egg-info/dependency_links.txt
[7.372s] writing entry points to ../../build/read_rosbag/read_rosbag.egg-info/entry_points.txt
[7.372s] writing requirements to ../../build/read_rosbag/read_rosbag.egg-info/requires.txt
[7.372s] writing top-level names to ../../build/read_rosbag/read_rosbag.egg-info/top_level.txt
[7.376s] reading manifest file '../../build/read_rosbag/read_rosbag.egg-info/SOURCES.txt'
[7.377s] adding license file 'LICENSE'
[7.382s] writing manifest file '../../build/read_rosbag/read_rosbag.egg-info/SOURCES.txt'
[7.382s] running build
[7.384s] running build_py
[7.384s] running install
[7.386s] running install_lib
[7.390s] running install_data
[7.390s] running install_egg_info
[7.407s] removing '/home/vboxuser/ros2_ws/install/read_rosbag/lib/python3.10/site-packages/read_rosbag-0.0.0-py3.10.egg-info' (and everything under it)
[7.408s] Copying ../../build/read_rosbag/read_rosbag.egg-info to /home/vboxuser/ros2_ws/install/read_rosbag/lib/python3.10/site-packages/read_rosbag-0.0.0-py3.10.egg-info
[7.408s] running install_scripts
[7.529s] Installing load_rosbag script to /home/vboxuser/ros2_ws/install/read_rosbag/lib/read_rosbag
[7.530s] writing list of installed files to '/home/vboxuser/ros2_ws/build/read_rosbag/install.log'
[7.614s] Invoked command in '/home/vboxuser/ros2_ws/src/read_rosbag' returned '0': PYTHONPATH=/home/vboxuser/ros2_ws/build/read_rosbag/prefix_override:/usr/lib/python3/dist-packages/colcon_core/task/python/colcon_distutils_commands:/home/vboxuser/ros2_ws/install/read_rosbag/lib/python3.10/site-packages:${PYTHONPATH} /usr/bin/python3 -W ignore:setup.py install is deprecated -W ignore:easy_install command is deprecated setup.py egg_info --egg-base ../../build/read_rosbag build --build-base /home/vboxuser/ros2_ws/build/read_rosbag/build install --record /home/vboxuser/ros2_ws/build/read_rosbag/install.log --single-version-externally-managed install_data
