[2.406s] Invoking command in '/home/vboxuser/ros2_ws/src/read_rosbag': PYTHONPATH=/home/vboxuser/ros2_ws/build/read_rosbag/prefix_override:/usr/lib/python3/dist-packages/colcon_core/task/python/colcon_distutils_commands:/home/vboxuser/ros2_ws/install/read_rosbag/lib/python3.10/site-packages: /usr/bin/python3 -W ignore:setup.py install is deprecated -W ignore:easy_install command is deprecated setup.py egg_info --egg-base ../../build/read_rosbag build --build-base /home/vboxuser/ros2_ws/build/read_rosbag/build install --record /home/vboxuser/ros2_ws/build/read_rosbag/install.log --single-version-externally-managed install_data
[3.151s] running egg_info
[3.156s] writing ../../build/read_rosbag/read_rosbag.egg-info/PKG-INFO
[3.156s] writing dependency_links to ../../build/read_rosbag/read_rosbag.egg-info/dependency_links.txt
[3.156s] writing entry points to ../../build/read_rosbag/read_rosbag.egg-info/entry_points.txt
[3.157s] writing requirements to ../../build/read_rosbag/read_rosbag.egg-info/requires.txt
[3.157s] writing top-level names to ../../build/read_rosbag/read_rosbag.egg-info/top_level.txt
[3.159s] reading manifest file '../../build/read_rosbag/read_rosbag.egg-info/SOURCES.txt'
[3.161s] adding license file 'LICENSE'
[3.163s] writing manifest file '../../build/read_rosbag/read_rosbag.egg-info/SOURCES.txt'
[3.163s] running build
[3.163s] running build_py
[3.166s] running install
[3.168s] running install_lib
[3.173s] running install_data
[3.173s] running install_egg_info
[3.178s] removing '/home/vboxuser/ros2_ws/install/read_rosbag/lib/python3.10/site-packages/read_rosbag-0.0.0-py3.10.egg-info' (and everything under it)
[3.178s] Copying ../../build/read_rosbag/read_rosbag.egg-info to /home/vboxuser/ros2_ws/install/read_rosbag/lib/python3.10/site-packages/read_rosbag-0.0.0-py3.10.egg-info
[3.183s] running install_scripts
[3.242s] Installing load_rosbag script to /home/vboxuser/ros2_ws/install/read_rosbag/lib/read_rosbag
[3.246s] writing list of installed files to '/home/vboxuser/ros2_ws/build/read_rosbag/install.log'
[3.355s] Invoked command in '/home/vboxuser/ros2_ws/src/read_rosbag' returned '0': PYTHONPATH=/home/vboxuser/ros2_ws/build/read_rosbag/prefix_override:/usr/lib/python3/dist-packages/colcon_core/task/python/colcon_distutils_commands:/home/vboxuser/ros2_ws/install/read_rosbag/lib/python3.10/site-packages: /usr/bin/python3 -W ignore:setup.py install is deprecated -W ignore:easy_install command is deprecated setup.py egg_info --egg-base ../../build/read_rosbag build --build-base /home/vboxuser/ros2_ws/build/read_rosbag/build install --record /home/vboxuser/ros2_ws/build/read_rosbag/install.log --single-version-externally-managed install_data
