[0.459s] Invoking command in '/home/vboxuser/ros2_ws/build/asio_cmake_module': /usr/bin/cmake --build /home/vboxuser/ros2_ws/build/asio_cmake_module -- -j4 -l4
[4.479s] Invoked command in '/home/vboxuser/ros2_ws/build/asio_cmake_module' returned '0': /usr/bin/cmake --build /home/vboxuser/ros2_ws/build/asio_cmake_module -- -j4 -l4
[4.540s] Invoking command in '/home/vboxuser/ros2_ws/build/asio_cmake_module': /usr/bin/cmake --install /home/vboxuser/ros2_ws/build/asio_cmake_module
[4.609s] -- Install configuration: ""
[4.640s] -- Up-to-date: /home/vboxuser/ros2_ws/install/asio_cmake_module/share/ament_index/resource_index/package_run_dependencies/asio_cmake_module
[4.640s] -- Up-to-date: /home/vboxuser/ros2_ws/install/asio_cmake_module/share/ament_index/resource_index/parent_prefix_path/asio_cmake_module
[4.640s] -- Up-to-date: /home/vboxuser/ros2_ws/install/asio_cmake_module/share/asio_cmake_module/environment/ament_prefix_path.dsv
[4.640s] -- Up-to-date: /home/vboxuser/ros2_ws/install/asio_cmake_module/share/asio_cmake_module/environment/path.dsv
[4.640s] -- Up-to-date: /home/vboxuser/ros2_ws/install/asio_cmake_module/share/asio_cmake_module/local_setup.bash
[4.640s] -- Up-to-date: /home/vboxuser/ros2_ws/install/asio_cmake_module/share/asio_cmake_module/local_setup.sh
[4.640s] -- Up-to-date: /home/vboxuser/ros2_ws/install/asio_cmake_module/share/asio_cmake_module/local_setup.zsh
[4.640s] -- Up-to-date: /home/vboxuser/ros2_ws/install/asio_cmake_module/share/asio_cmake_module/local_setup.dsv
[4.640s] -- Installing: /home/vboxuser/ros2_ws/install/asio_cmake_module/share/asio_cmake_module/package.dsv
[4.679s] -- Up-to-date: /home/vboxuser/ros2_ws/install/asio_cmake_module/share/ament_index/resource_index/packages/asio_cmake_module
[4.679s] -- Up-to-date: /home/vboxuser/ros2_ws/install/asio_cmake_module/share/asio_cmake_module/cmake/asio_cmake_module-extras.cmake
[4.680s] -- Up-to-date: /home/vboxuser/ros2_ws/install/asio_cmake_module/share/asio_cmake_module/cmake/asio_cmake_moduleConfig.cmake
[4.680s] -- Up-to-date: /home/vboxuser/ros2_ws/install/asio_cmake_module/share/asio_cmake_module/cmake/asio_cmake_moduleConfig-version.cmake
[4.680s] -- Up-to-date: /home/vboxuser/ros2_ws/install/asio_cmake_module/share/asio_cmake_module/package.xml
[4.680s] -- Up-to-date: /home/vboxuser/ros2_ws/install/asio_cmake_module/share/asio_cmake_module/cmake
[4.680s] -- Up-to-date: /home/vboxuser/ros2_ws/install/asio_cmake_module/share/asio_cmake_module/cmake/Modules
[4.681s] -- Up-to-date: /home/vboxuser/ros2_ws/install/asio_cmake_module/share/asio_cmake_module/cmake/Modules/FindASIO.cmake
[4.911s] Invoked command in '/home/vboxuser/ros2_ws/build/asio_cmake_module' returned '0': /usr/bin/cmake --install /home/vboxuser/ros2_ws/build/asio_cmake_module
