[0.120s] Invoking command in '/home/vboxuser/ros2_ws/build/vesc_msgs': /usr/bin/cmake --build /home/vboxuser/ros2_ws/build/vesc_msgs -- -j4 -l4
[0.857s] [  1%] Built target vesc_msgs__rosidl_generator_type_description
[0.863s] [  1%] Built target ament_cmake_python_copy_vesc_msgs
[0.863s] [  3%] Built target vesc_msgs__cpp
[1.424s] running egg_info
[1.435s] writing vesc_msgs.egg-info/PKG-INFO
[1.435s] writing dependency_links to vesc_msgs.egg-info/dependency_links.txt
[1.442s] writing top-level names to vesc_msgs.egg-info/top_level.txt
[1.453s] reading manifest file 'vesc_msgs.egg-info/SOURCES.txt'
[1.453s] writing manifest file 'vesc_msgs.egg-info/SOURCES.txt'
[1.550s] [  3%] Built target ament_cmake_python_build_vesc_msgs_egg
[1.730s] [ 25%] Built target vesc_msgs__rosidl_generator_c
[1.829s] [ 34%] Built target vesc_msgs__rosidl_typesupport_fastrtps_c
[1.944s] [ 43%] Built target vesc_msgs__rosidl_typesupport_introspection_c
[2.053s] [ 53%] Built target vesc_msgs__rosidl_typesupport_c
[2.140s] [ 62%] Built target vesc_msgs__rosidl_typesupport_fastrtps_cpp
[2.243s] [ 71%] Built target vesc_msgs__rosidl_typesupport_cpp
[2.340s] [ 81%] Built target vesc_msgs__rosidl_typesupport_introspection_cpp
[2.407s] [ 81%] Built target vesc_msgs
[2.505s] [ 82%] Built target vesc_msgs__py
[2.599s] [ 90%] Built target vesc_msgs__rosidl_generator_py
[2.682s] [ 93%] Built target vesc_msgs__rosidl_typesupport_fastrtps_c__pyext
[2.768s] [ 96%] Built target vesc_msgs__rosidl_typesupport_c__pyext
[2.837s] [100%] Built target vesc_msgs__rosidl_typesupport_introspection_c__pyext
