[0.105s] Invoking command in '/home/vboxuser/ros2_ws/build/examples_rclcpp_wait_set': /usr/bin/cmake --build /home/vboxuser/ros2_ws/build/examples_rclcpp_wait_set -- -j4 -l4
[0.394s] [  8%] Built target talker
[0.494s] [ 16%] Built target wait_set_listener
[0.577s] [ 25%] Built target wait_set
[0.653s] [ 33%] Built target static_wait_set
[0.729s] [ 41%] Built target thread_safe_wait_set
[0.827s] [ 50%] Built target wait_set_topics_and_timer
[0.928s] [ 58%] Built target wait_set_random_order
[0.997s] [ 66%] Built target executor_random_order
[1.071s] [ 75%] Built target wait_set_topics_with_different_rates
[1.146s] [ 83%] Built target listener
[1.211s] [ 91%] Built target wait_set_talker
[1.328s] [100%] Built target wait_set_composed
[1.416s] Invoked command in '/home/vboxuser/ros2_ws/build/examples_rclcpp_wait_set' returned '0': /usr/bin/cmake --build /home/vboxuser/ros2_ws/build/examples_rclcpp_wait_set -- -j4 -l4
[1.425s] Invoking command in '/home/vboxuser/ros2_ws/build/examples_rclcpp_wait_set': /usr/bin/cmake --install /home/vboxuser/ros2_ws/build/examples_rclcpp_wait_set
[1.485s] -- Install configuration: ""
[1.486s] -- Execute custom install script
[1.491s] -- Up-to-date symlink: /home/vboxuser/ros2_ws/install/examples_rclcpp_wait_set/lib/examples_rclcpp_wait_set/wait_set_talker
[1.495s] -- Up-to-date symlink: /home/vboxuser/ros2_ws/install/examples_rclcpp_wait_set/lib/examples_rclcpp_wait_set/wait_set_listener
[1.500s] -- Up-to-date symlink: /home/vboxuser/ros2_ws/install/examples_rclcpp_wait_set/lib/libtalker.so
[1.501s] -- Up-to-date symlink: /home/vboxuser/ros2_ws/install/examples_rclcpp_wait_set/lib/liblistener.so
[1.515s] -- Up-to-date symlink: /home/vboxuser/ros2_ws/install/examples_rclcpp_wait_set/lib/examples_rclcpp_wait_set/wait_set
[1.515s] -- Up-to-date symlink: /home/vboxuser/ros2_ws/install/examples_rclcpp_wait_set/lib/examples_rclcpp_wait_set/static_wait_set
[1.515s] -- Up-to-date symlink: /home/vboxuser/ros2_ws/install/examples_rclcpp_wait_set/lib/examples_rclcpp_wait_set/thread_safe_wait_set
[1.515s] -- Up-to-date symlink: /home/vboxuser/ros2_ws/install/examples_rclcpp_wait_set/lib/examples_rclcpp_wait_set/wait_set_topics_and_timer
[1.516s] -- Up-to-date symlink: /home/vboxuser/ros2_ws/install/examples_rclcpp_wait_set/lib/examples_rclcpp_wait_set/wait_set_random_order
[1.517s] -- Up-to-date symlink: /home/vboxuser/ros2_ws/install/examples_rclcpp_wait_set/lib/examples_rclcpp_wait_set/executor_random_order
[1.518s] -- Up-to-date symlink: /home/vboxuser/ros2_ws/install/examples_rclcpp_wait_set/lib/examples_rclcpp_wait_set/wait_set_topics_with_different_rates
[1.518s] -- Up-to-date symlink: /home/vboxuser/ros2_ws/install/examples_rclcpp_wait_set/lib/examples_rclcpp_wait_set/wait_set_composed
[1.518s] -- Up-to-date symlink: /home/vboxuser/ros2_ws/install/examples_rclcpp_wait_set/share/ament_index/resource_index/package_run_dependencies/examples_rclcpp_wait_set
[1.518s] -- Up-to-date symlink: /home/vboxuser/ros2_ws/install/examples_rclcpp_wait_set/share/ament_index/resource_index/parent_prefix_path/examples_rclcpp_wait_set
[1.518s] -- Up-to-date symlink: /home/vboxuser/ros2_ws/install/examples_rclcpp_wait_set/share/examples_rclcpp_wait_set/environment/ament_prefix_path.sh
[1.518s] -- Up-to-date symlink: /home/vboxuser/ros2_ws/install/examples_rclcpp_wait_set/share/examples_rclcpp_wait_set/environment/ament_prefix_path.dsv
[1.518s] -- Up-to-date symlink: /home/vboxuser/ros2_ws/install/examples_rclcpp_wait_set/share/examples_rclcpp_wait_set/environment/path.sh
[1.518s] -- Up-to-date symlink: /home/vboxuser/ros2_ws/install/examples_rclcpp_wait_set/share/examples_rclcpp_wait_set/environment/path.dsv
[1.518s] -- Up-to-date symlink: /home/vboxuser/ros2_ws/install/examples_rclcpp_wait_set/share/examples_rclcpp_wait_set/local_setup.bash
[1.519s] -- Up-to-date symlink: /home/vboxuser/ros2_ws/install/examples_rclcpp_wait_set/share/examples_rclcpp_wait_set/local_setup.sh
[1.519s] -- Up-to-date symlink: /home/vboxuser/ros2_ws/install/examples_rclcpp_wait_set/share/examples_rclcpp_wait_set/local_setup.zsh
[1.520s] -- Up-to-date symlink: /home/vboxuser/ros2_ws/install/examples_rclcpp_wait_set/share/examples_rclcpp_wait_set/local_setup.dsv
[1.520s] -- Symlinking: /home/vboxuser/ros2_ws/install/examples_rclcpp_wait_set/share/examples_rclcpp_wait_set/package.dsv
[1.534s] -- Up-to-date symlink: /home/vboxuser/ros2_ws/install/examples_rclcpp_wait_set/share/ament_index/resource_index/packages/examples_rclcpp_wait_set
[1.534s] -- Up-to-date symlink: /home/vboxuser/ros2_ws/install/examples_rclcpp_wait_set/share/ament_index/resource_index/rclcpp_components/examples_rclcpp_wait_set
[1.537s] -- Up-to-date symlink: /home/vboxuser/ros2_ws/install/examples_rclcpp_wait_set/share/examples_rclcpp_wait_set/cmake/examples_rclcpp_wait_setConfig.cmake
[1.537s] -- Up-to-date symlink: /home/vboxuser/ros2_ws/install/examples_rclcpp_wait_set/share/examples_rclcpp_wait_set/cmake/examples_rclcpp_wait_setConfig-version.cmake
[1.538s] -- Up-to-date symlink: /home/vboxuser/ros2_ws/install/examples_rclcpp_wait_set/share/examples_rclcpp_wait_set/package.xml
[1.636s] Invoked command in '/home/vboxuser/ros2_ws/build/examples_rclcpp_wait_set' returned '0': /usr/bin/cmake --install /home/vboxuser/ros2_ws/build/examples_rclcpp_wait_set
