-- Found ament_cmake: 2.0.7 (/opt/ros/iron/share/ament_cmake/cmake)
-- Found rclcpp: 21.0.8 (/opt/ros/iron/share/rclcpp/cmake)
-- Found rosidl_generator_c: 4.0.1 (/opt/ros/iron/share/rosidl_generator_c/cmake)
-- Found rosidl_generator_cpp: 4.0.1 (/opt/ros/iron/share/rosidl_generator_cpp/cmake)
-- Using all available rosidl_typesupport_c: rosidl_typesupport_fastrtps_c;rosidl_typesupport_introspection_c
-- Using all available rosidl_typesupport_cpp: rosidl_typesupport_fastrtps_cpp;rosidl_typesupport_introspection_cpp
-- Found rmw_implementation_cmake: 7.1.0 (/opt/ros/iron/share/rmw_implementation_cmake/cmake)
-- Found rmw_fastrtps_cpp: 7.1.4 (/opt/ros/iron/share/rmw_fastrtps_cpp/cmake)
-- Using RMW implementation 'rmw_fastrtps_cpp' as default
-- Found sensor_msgs: 5.0.1 (/opt/ros/iron/share/sensor_msgs/cmake)
[31mCMake Error at CMakeLists.txt:37 (find_package):
  By not providing "Findament_lint_auto.cmake" in CMAKE_MODULE_PATH this
  project has asked CMake to find a package configuration file provided by
  "ament_lint_auto", but CMake did not find one.

  Could not find a package configuration file provided by "ament_lint_auto"
  with any of the following names:

    ament_lint_autoConfig.cmake
    ament_lint_auto-config.cmake

  Add the installation prefix of "ament_lint_auto" to CMAKE_PREFIX_PATH or
  set "ament_lint_auto_DIR" to a directory containing one of the above files.
  If "ament_lint_auto" provides a separate development package or SDK, be
  sure it has been installed.

[0m
-- Configuring incomplete, errors occurred!
See also "/home/vboxuser/ros2_ws/build/bq769x2_i2c_ros/CMakeFiles/CMakeOutput.log".
gmake: *** [Makefile:348: cmake_check_build_system] Error 1
