[1.168s] Invoking command in '/home/vboxuser/ros2_ws/build/bq769x2_i2c_ros': CMAKE_PREFIX_PATH=/opt/ros/iron /usr/bin/cmake --build /home/vboxuser/ros2_ws/build/bq769x2_i2c_ros -- -j4 -l4
[1.346s] -- Found ament_cmake: 2.0.7 (/opt/ros/iron/share/ament_cmake/cmake)
[2.545s] -- Found rclcpp: 21.0.8 (/opt/ros/iron/share/rclcpp/cmake)
[3.333s] -- Found rosidl_generator_c: 4.0.1 (/opt/ros/iron/share/rosidl_generator_c/cmake)
[3.626s] -- Found rosidl_generator_cpp: 4.0.1 (/opt/ros/iron/share/rosidl_generator_cpp/cmake)
[4.225s] -- Using all available rosidl_typesupport_c: rosidl_typesupport_fastrtps_c;rosidl_typesupport_introspection_c
[4.720s] -- Using all available rosidl_typesupport_cpp: rosidl_typesupport_fastrtps_cpp;rosidl_typesupport_introspection_cpp
[5.856s] -- Found rmw_implementation_cmake: 7.1.0 (/opt/ros/iron/share/rmw_implementation_cmake/cmake)
[5.936s] -- Found rmw_fastrtps_cpp: 7.1.4 (/opt/ros/iron/share/rmw_fastrtps_cpp/cmake)
[7.154s] -- Using RMW implementation 'rmw_fastrtps_cpp' as default
[8.661s] -- Found sensor_msgs: 5.0.1 (/opt/ros/iron/share/sensor_msgs/cmake)
[9.894s] [31mCMake Error at CMakeLists.txt:37 (find_package):
[9.894s]   By not providing "Findament_lint_auto.cmake" in CMAKE_MODULE_PATH this
[9.894s]   project has asked CMake to find a package configuration file provided by
[9.894s]   "ament_lint_auto", but CMake did not find one.
[9.894s] 
[9.894s]   Could not find a package configuration file provided by "ament_lint_auto"
[9.894s]   with any of the following names:
[9.894s] 
[9.895s]     ament_lint_autoConfig.cmake
[9.895s]     ament_lint_auto-config.cmake
[9.895s] 
[9.895s]   Add the installation prefix of "ament_lint_auto" to CMAKE_PREFIX_PATH or
[9.895s]   set "ament_lint_auto_DIR" to a directory containing one of the above files.
[9.895s]   If "ament_lint_auto" provides a separate development package or SDK, be
[9.895s]   sure it has been installed.
[9.895s] 
[9.895s] [0m
[9.896s] -- Configuring incomplete, errors occurred!
[9.896s] See also "/home/vboxuser/ros2_ws/build/bq769x2_i2c_ros/CMakeFiles/CMakeOutput.log".
[9.913s] gmake: *** [Makefile:348: cmake_check_build_system] Error 1
[9.957s] Invoked command in '/home/vboxuser/ros2_ws/build/bq769x2_i2c_ros' returned '2': CMAKE_PREFIX_PATH=/opt/ros/iron /usr/bin/cmake --build /home/vboxuser/ros2_ws/build/bq769x2_i2c_ros -- -j4 -l4
