[7.358s] Invoking command in '/home/vboxuser/ros2_ws/src/py_pubsub': PYTHONPATH=/home/vboxuser/ros2_ws/build/py_pubsub/prefix_override:/usr/lib/python3/dist-packages/colcon_core/task/python/colcon_distutils_commands:/home/vboxuser/ros2_ws/install/py_pubsub/lib/python3.10/site-packages:${PYTHONPATH} /usr/bin/python3 -W ignore:setup.py install is deprecated -W ignore:easy_install command is deprecated setup.py egg_info --egg-base ../../build/py_pubsub build --build-base /home/vboxuser/ros2_ws/build/py_pubsub/build install --record /home/vboxuser/ros2_ws/build/py_pubsub/install.log --single-version-externally-managed install_data
[10.853s] running egg_info
[10.881s] writing ../../build/py_pubsub/py_pubsub.egg-info/PKG-INFO
[10.881s] writing dependency_links to ../../build/py_pubsub/py_pubsub.egg-info/dependency_links.txt
[10.881s] writing entry points to ../../build/py_pubsub/py_pubsub.egg-info/entry_points.txt
[10.882s] writing requirements to ../../build/py_pubsub/py_pubsub.egg-info/requires.txt
[10.882s] writing top-level names to ../../build/py_pubsub/py_pubsub.egg-info/top_level.txt
[10.886s] reading manifest file '../../build/py_pubsub/py_pubsub.egg-info/SOURCES.txt'
[10.886s] adding license file 'LICENSE'
[10.956s] writing manifest file '../../build/py_pubsub/py_pubsub.egg-info/SOURCES.txt'
[10.957s] running build
[10.957s] running build_py
[10.957s] running install
[10.957s] running install_lib
[10.957s] running install_data
[10.957s] running install_egg_info
[10.957s] removing '/home/vboxuser/ros2_ws/install/py_pubsub/lib/python3.10/site-packages/py_pubsub-0.0.0-py3.10.egg-info' (and everything under it)
[10.958s] Copying ../../build/py_pubsub/py_pubsub.egg-info to /home/vboxuser/ros2_ws/install/py_pubsub/lib/python3.10/site-packages/py_pubsub-0.0.0-py3.10.egg-info
[10.958s] running install_scripts
[11.144s] Installing battery_resistance_estimator script to /home/vboxuser/ros2_ws/install/py_pubsub/lib/py_pubsub
[11.145s] Installing battery_resistance_estimator1 script to /home/vboxuser/ros2_ws/install/py_pubsub/lib/py_pubsub
[11.145s] Installing battery_resistance_estimator10 script to /home/vboxuser/ros2_ws/install/py_pubsub/lib/py_pubsub
[11.145s] Installing battery_resistance_estimator11 script to /home/vboxuser/ros2_ws/install/py_pubsub/lib/py_pubsub
[11.146s] Installing battery_resistance_estimator12 script to /home/vboxuser/ros2_ws/install/py_pubsub/lib/py_pubsub
[11.147s] Installing battery_resistance_estimator2 script to /home/vboxuser/ros2_ws/install/py_pubsub/lib/py_pubsub
[11.147s] Installing battery_resistance_estimator3 script to /home/vboxuser/ros2_ws/install/py_pubsub/lib/py_pubsub
[11.180s] Installing battery_resistance_estimator4 script to /home/vboxuser/ros2_ws/install/py_pubsub/lib/py_pubsub
[11.182s] Installing battery_resistance_estimator5 script to /home/vboxuser/ros2_ws/install/py_pubsub/lib/py_pubsub
[11.184s] Installing battery_resistance_estimator6 script to /home/vboxuser/ros2_ws/install/py_pubsub/lib/py_pubsub
[11.184s] Installing battery_resistance_estimator7 script to /home/vboxuser/ros2_ws/install/py_pubsub/lib/py_pubsub
[11.184s] Installing battery_resistance_estimator8 script to /home/vboxuser/ros2_ws/install/py_pubsub/lib/py_pubsub
[11.184s] Installing battery_resistance_estimator9 script to /home/vboxuser/ros2_ws/install/py_pubsub/lib/py_pubsub
[11.184s] Installing battery_resistance_logger script to /home/vboxuser/ros2_ws/install/py_pubsub/lib/py_pubsub
[11.184s] Installing listener script to /home/vboxuser/ros2_ws/install/py_pubsub/lib/py_pubsub
[11.185s] Installing listener_float script to /home/vboxuser/ros2_ws/install/py_pubsub/lib/py_pubsub
[11.185s] Installing listener_float_array script to /home/vboxuser/ros2_ws/install/py_pubsub/lib/py_pubsub
[11.185s] Installing listener_uint8 script to /home/vboxuser/ros2_ws/install/py_pubsub/lib/py_pubsub
[11.185s] Installing talker script to /home/vboxuser/ros2_ws/install/py_pubsub/lib/py_pubsub
[11.185s] Installing talker_float script to /home/vboxuser/ros2_ws/install/py_pubsub/lib/py_pubsub
[11.185s] Installing talker_float_array script to /home/vboxuser/ros2_ws/install/py_pubsub/lib/py_pubsub
[11.185s] Installing talker_uint8 script to /home/vboxuser/ros2_ws/install/py_pubsub/lib/py_pubsub
[11.185s] writing list of installed files to '/home/vboxuser/ros2_ws/build/py_pubsub/install.log'
[11.343s] Invoked command in '/home/vboxuser/ros2_ws/src/py_pubsub' returned '0': PYTHONPATH=/home/vboxuser/ros2_ws/build/py_pubsub/prefix_override:/usr/lib/python3/dist-packages/colcon_core/task/python/colcon_distutils_commands:/home/vboxuser/ros2_ws/install/py_pubsub/lib/python3.10/site-packages:${PYTHONPATH} /usr/bin/python3 -W ignore:setup.py install is deprecated -W ignore:easy_install command is deprecated setup.py egg_info --egg-base ../../build/py_pubsub build --build-base /home/vboxuser/ros2_ws/build/py_pubsub/build install --record /home/vboxuser/ros2_ws/build/py_pubsub/install.log --single-version-externally-managed install_data
