[1.390s] Invoking command in '/home/vboxuser/ros2_ws/src/py_pubsub': PYTHONPATH=/home/vboxuser/ros2_ws/build/py_pubsub/prefix_override:/usr/lib/python3/dist-packages/colcon_core/task/python/colcon_distutils_commands:/home/vboxuser/ros2_ws/install/py_pubsub/lib/python3.10/site-packages: /usr/bin/python3 -W ignore:setup.py install is deprecated -W ignore:easy_install command is deprecated setup.py egg_info --egg-base ../../build/py_pubsub build --build-base /home/vboxuser/ros2_ws/build/py_pubsub/build install --record /home/vboxuser/ros2_ws/build/py_pubsub/install.log --single-version-externally-managed install_data
[1.840s] running egg_info
[1.840s] writing ../../build/py_pubsub/py_pubsub.egg-info/PKG-INFO
[1.841s] writing dependency_links to ../../build/py_pubsub/py_pubsub.egg-info/dependency_links.txt
[1.842s] writing entry points to ../../build/py_pubsub/py_pubsub.egg-info/entry_points.txt
[1.843s] writing requirements to ../../build/py_pubsub/py_pubsub.egg-info/requires.txt
[1.844s] writing top-level names to ../../build/py_pubsub/py_pubsub.egg-info/top_level.txt
[1.848s] reading manifest file '../../build/py_pubsub/py_pubsub.egg-info/SOURCES.txt'
[1.854s] adding license file 'LICENSE'
[1.861s] writing manifest file '../../build/py_pubsub/py_pubsub.egg-info/SOURCES.txt'
[1.871s] running build
[1.871s] running build_py
[1.871s] running install
[1.871s] running install_lib
[1.874s] running install_data
[1.874s] running install_egg_info
[1.878s] removing '/home/vboxuser/ros2_ws/install/py_pubsub/lib/python3.10/site-packages/py_pubsub-0.0.0-py3.10.egg-info' (and everything under it)
[1.880s] Copying ../../build/py_pubsub/py_pubsub.egg-info to /home/vboxuser/ros2_ws/install/py_pubsub/lib/python3.10/site-packages/py_pubsub-0.0.0-py3.10.egg-info
[1.896s] running install_scripts
[1.943s] Installing battery_resistance_estimator script to /home/vboxuser/ros2_ws/install/py_pubsub/lib/py_pubsub
[1.949s] Installing battery_resistance_estimator1 script to /home/vboxuser/ros2_ws/install/py_pubsub/lib/py_pubsub
[1.949s] Installing battery_resistance_estimator2 script to /home/vboxuser/ros2_ws/install/py_pubsub/lib/py_pubsub
[1.949s] Installing battery_resistance_estimator3 script to /home/vboxuser/ros2_ws/install/py_pubsub/lib/py_pubsub
[1.949s] Installing battery_resistance_estimator4 script to /home/vboxuser/ros2_ws/install/py_pubsub/lib/py_pubsub
[1.950s] Installing battery_resistance_estimator5 script to /home/vboxuser/ros2_ws/install/py_pubsub/lib/py_pubsub
[1.950s] Installing battery_resistance_estimator6 script to /home/vboxuser/ros2_ws/install/py_pubsub/lib/py_pubsub
[1.950s] Installing battery_resistance_logger script to /home/vboxuser/ros2_ws/install/py_pubsub/lib/py_pubsub
[1.950s] Installing listener script to /home/vboxuser/ros2_ws/install/py_pubsub/lib/py_pubsub
[1.950s] Installing listener_float script to /home/vboxuser/ros2_ws/install/py_pubsub/lib/py_pubsub
[1.950s] Installing listener_float_array script to /home/vboxuser/ros2_ws/install/py_pubsub/lib/py_pubsub
[1.950s] Installing listener_uint8 script to /home/vboxuser/ros2_ws/install/py_pubsub/lib/py_pubsub
[1.950s] Installing talker script to /home/vboxuser/ros2_ws/install/py_pubsub/lib/py_pubsub
[1.950s] Installing talker_float script to /home/vboxuser/ros2_ws/install/py_pubsub/lib/py_pubsub
[1.950s] Installing talker_float_array script to /home/vboxuser/ros2_ws/install/py_pubsub/lib/py_pubsub
[1.950s] Installing talker_uint8 script to /home/vboxuser/ros2_ws/install/py_pubsub/lib/py_pubsub
[1.953s] writing list of installed files to '/home/vboxuser/ros2_ws/build/py_pubsub/install.log'
[2.016s] Invoked command in '/home/vboxuser/ros2_ws/src/py_pubsub' returned '0': PYTHONPATH=/home/vboxuser/ros2_ws/build/py_pubsub/prefix_override:/usr/lib/python3/dist-packages/colcon_core/task/python/colcon_distutils_commands:/home/vboxuser/ros2_ws/install/py_pubsub/lib/python3.10/site-packages: /usr/bin/python3 -W ignore:setup.py install is deprecated -W ignore:easy_install command is deprecated setup.py egg_info --egg-base ../../build/py_pubsub build --build-base /home/vboxuser/ros2_ws/build/py_pubsub/build install --record /home/vboxuser/ros2_ws/build/py_pubsub/install.log --single-version-externally-managed install_data
