[5.278s] Invoking command in '/home/vboxuser/ros2_ws/src/py_pubsub': PYTHONPATH=/home/vboxuser/ros2_ws/build/py_pubsub/prefix_override:/usr/lib/python3/dist-packages/colcon_core/task/python/colcon_distutils_commands:/home/vboxuser/ros2_ws/install/py_pubsub/lib/python3.10/site-packages:${PYTHONPATH} /usr/bin/python3 -W ignore:setup.py install is deprecated -W ignore:easy_install command is deprecated setup.py egg_info --egg-base ../../build/py_pubsub build --build-base /home/vboxuser/ros2_ws/build/py_pubsub/build install --record /home/vboxuser/ros2_ws/build/py_pubsub/install.log --single-version-externally-managed install_data
[8.479s] running egg_info
[8.479s] writing ../../build/py_pubsub/py_pubsub.egg-info/PKG-INFO
[8.480s] writing dependency_links to ../../build/py_pubsub/py_pubsub.egg-info/dependency_links.txt
[8.480s] writing entry points to ../../build/py_pubsub/py_pubsub.egg-info/entry_points.txt
[8.480s] writing requirements to ../../build/py_pubsub/py_pubsub.egg-info/requires.txt
[8.480s] writing top-level names to ../../build/py_pubsub/py_pubsub.egg-info/top_level.txt
[8.509s] reading manifest file '../../build/py_pubsub/py_pubsub.egg-info/SOURCES.txt'
[8.510s] adding license file 'LICENSE'
[8.510s] writing manifest file '../../build/py_pubsub/py_pubsub.egg-info/SOURCES.txt'
[8.510s] running build
[8.510s] running build_py
[8.511s] copying py_pubsub/battery_resistance_estimator12.py -> /home/vboxuser/ros2_ws/build/py_pubsub/build/lib/py_pubsub
[8.511s] running install
[8.511s] running install_lib
[8.511s] copying /home/vboxuser/ros2_ws/build/py_pubsub/build/lib/py_pubsub/battery_resistance_estimator12.py -> /home/vboxuser/ros2_ws/install/py_pubsub/lib/python3.10/site-packages/py_pubsub
[8.528s] byte-compiling /home/vboxuser/ros2_ws/install/py_pubsub/lib/python3.10/site-packages/py_pubsub/battery_resistance_estimator12.py to battery_resistance_estimator12.cpython-310.pyc
[8.528s] running install_data
[8.528s] running install_egg_info
[8.554s] removing '/home/vboxuser/ros2_ws/install/py_pubsub/lib/python3.10/site-packages/py_pubsub-0.0.0-py3.10.egg-info' (and everything under it)
[8.556s] Copying ../../build/py_pubsub/py_pubsub.egg-info to /home/vboxuser/ros2_ws/install/py_pubsub/lib/python3.10/site-packages/py_pubsub-0.0.0-py3.10.egg-info
[8.579s] running install_scripts
[8.976s] Installing battery_resistance_estimator script to /home/vboxuser/ros2_ws/install/py_pubsub/lib/py_pubsub
[8.981s] Installing battery_resistance_estimator1 script to /home/vboxuser/ros2_ws/install/py_pubsub/lib/py_pubsub
[8.981s] Installing battery_resistance_estimator10 script to /home/vboxuser/ros2_ws/install/py_pubsub/lib/py_pubsub
[8.981s] Installing battery_resistance_estimator11 script to /home/vboxuser/ros2_ws/install/py_pubsub/lib/py_pubsub
[8.989s] Installing battery_resistance_estimator12 script to /home/vboxuser/ros2_ws/install/py_pubsub/lib/py_pubsub
[8.992s] Installing battery_resistance_estimator2 script to /home/vboxuser/ros2_ws/install/py_pubsub/lib/py_pubsub
[8.992s] Installing battery_resistance_estimator3 script to /home/vboxuser/ros2_ws/install/py_pubsub/lib/py_pubsub
[8.992s] Installing battery_resistance_estimator4 script to /home/vboxuser/ros2_ws/install/py_pubsub/lib/py_pubsub
[8.993s] Installing battery_resistance_estimator5 script to /home/vboxuser/ros2_ws/install/py_pubsub/lib/py_pubsub
[8.994s] Installing battery_resistance_estimator6 script to /home/vboxuser/ros2_ws/install/py_pubsub/lib/py_pubsub
[8.994s] Installing battery_resistance_estimator7 script to /home/vboxuser/ros2_ws/install/py_pubsub/lib/py_pubsub
[8.995s] Installing battery_resistance_estimator8 script to /home/vboxuser/ros2_ws/install/py_pubsub/lib/py_pubsub
[8.995s] Installing battery_resistance_estimator9 script to /home/vboxuser/ros2_ws/install/py_pubsub/lib/py_pubsub
[8.996s] Installing battery_resistance_logger script to /home/vboxuser/ros2_ws/install/py_pubsub/lib/py_pubsub
[8.998s] Installing listener script to /home/vboxuser/ros2_ws/install/py_pubsub/lib/py_pubsub
[9.004s] Installing listener_float script to /home/vboxuser/ros2_ws/install/py_pubsub/lib/py_pubsub
[9.013s] Installing listener_float_array script to /home/vboxuser/ros2_ws/install/py_pubsub/lib/py_pubsub
[9.023s] Installing listener_uint8 script to /home/vboxuser/ros2_ws/install/py_pubsub/lib/py_pubsub
[9.025s] Installing talker script to /home/vboxuser/ros2_ws/install/py_pubsub/lib/py_pubsub
[9.042s] Installing talker_float script to /home/vboxuser/ros2_ws/install/py_pubsub/lib/py_pubsub
[9.053s] Installing talker_float_array script to /home/vboxuser/ros2_ws/install/py_pubsub/lib/py_pubsub
[9.056s] Installing talker_uint8 script to /home/vboxuser/ros2_ws/install/py_pubsub/lib/py_pubsub
[9.063s] writing list of installed files to '/home/vboxuser/ros2_ws/build/py_pubsub/install.log'
[9.255s] Invoked command in '/home/vboxuser/ros2_ws/src/py_pubsub' returned '0': PYTHONPATH=/home/vboxuser/ros2_ws/build/py_pubsub/prefix_override:/usr/lib/python3/dist-packages/colcon_core/task/python/colcon_distutils_commands:/home/vboxuser/ros2_ws/install/py_pubsub/lib/python3.10/site-packages:${PYTHONPATH} /usr/bin/python3 -W ignore:setup.py install is deprecated -W ignore:easy_install command is deprecated setup.py egg_info --egg-base ../../build/py_pubsub build --build-base /home/vboxuser/ros2_ws/build/py_pubsub/build install --record /home/vboxuser/ros2_ws/build/py_pubsub/install.log --single-version-externally-managed install_data
