[2.914s] Invoking command in '/home/vboxuser/ros2_ws/src/BMS_BQ769X2/src/bms_visualizer': PYTHONPATH=/home/vboxuser/ros2_ws/build/bms_visualizer/prefix_override:/usr/lib/python3/dist-packages/colcon_core/task/python/colcon_distutils_commands:/home/vboxuser/ros2_ws/install/bms_visualizer/lib/python3.10/site-packages:${PYTHONPATH} /usr/bin/python3 -W ignore:setup.py install is deprecated -W ignore:easy_install command is deprecated setup.py egg_info --egg-base ../../../../build/bms_visualizer build --build-base /home/vboxuser/ros2_ws/build/bms_visualizer/build install --record /home/vboxuser/ros2_ws/build/bms_visualizer/install.log --single-version-externally-managed install_data
[4.217s] running egg_info
[4.219s] writing ../../../../build/bms_visualizer/bms_visualizer.egg-info/PKG-INFO
[4.222s] writing dependency_links to ../../../../build/bms_visualizer/bms_visualizer.egg-info/dependency_links.txt
[4.222s] writing entry points to ../../../../build/bms_visualizer/bms_visualizer.egg-info/entry_points.txt
[4.223s] writing requirements to ../../../../build/bms_visualizer/bms_visualizer.egg-info/requires.txt
[4.223s] writing top-level names to ../../../../build/bms_visualizer/bms_visualizer.egg-info/top_level.txt
[4.226s] reading manifest file '../../../../build/bms_visualizer/bms_visualizer.egg-info/SOURCES.txt'
[4.226s] writing manifest file '../../../../build/bms_visualizer/bms_visualizer.egg-info/SOURCES.txt'
[4.227s] running build
[4.227s] running build_py
[4.227s] running install
[4.237s] running install_lib
[4.237s] running install_data
[4.238s] running install_egg_info
[4.239s] removing '/home/vboxuser/ros2_ws/install/bms_visualizer/lib/python3.10/site-packages/bms_visualizer-0.0.0-py3.10.egg-info' (and everything under it)
[4.249s] Copying ../../../../build/bms_visualizer/bms_visualizer.egg-info to /home/vboxuser/ros2_ws/install/bms_visualizer/lib/python3.10/site-packages/bms_visualizer-0.0.0-py3.10.egg-info
[4.250s] running install_scripts
[4.314s] Installing bms_visualizer_node script to /home/vboxuser/ros2_ws/install/bms_visualizer/lib/bms_visualizer
[4.317s] writing list of installed files to '/home/vboxuser/ros2_ws/build/bms_visualizer/install.log'
[4.445s] Invoked command in '/home/vboxuser/ros2_ws/src/BMS_BQ769X2/src/bms_visualizer' returned '0': PYTHONPATH=/home/vboxuser/ros2_ws/build/bms_visualizer/prefix_override:/usr/lib/python3/dist-packages/colcon_core/task/python/colcon_distutils_commands:/home/vboxuser/ros2_ws/install/bms_visualizer/lib/python3.10/site-packages:${PYTHONPATH} /usr/bin/python3 -W ignore:setup.py install is deprecated -W ignore:easy_install command is deprecated setup.py egg_info --egg-base ../../../../build/bms_visualizer build --build-base /home/vboxuser/ros2_ws/build/bms_visualizer/build install --record /home/vboxuser/ros2_ws/build/bms_visualizer/install.log --single-version-externally-managed install_data
