[3.526s] Invoking command in '/home/vboxuser/ros2_ws/src/py_pubsub': PYTHONPATH=/home/vboxuser/ros2_ws/build/py_pubsub/prefix_override:/usr/lib/python3/dist-packages/colcon_core/task/python/colcon_distutils_commands:/home/vboxuser/ros2_ws/install/py_pubsub/lib/python3.10/site-packages:${PYTHONPATH} /usr/bin/python3 -W ignore:setup.py install is deprecated -W ignore:easy_install command is deprecated setup.py egg_info --egg-base ../../build/py_pubsub build --build-base /home/vboxuser/ros2_ws/build/py_pubsub/build install --record /home/vboxuser/ros2_ws/build/py_pubsub/install.log --single-version-externally-managed install_data
[4.704s] running egg_info
[4.719s] writing ../../build/py_pubsub/py_pubsub.egg-info/PKG-INFO
[4.719s] writing dependency_links to ../../build/py_pubsub/py_pubsub.egg-info/dependency_links.txt
[4.719s] writing entry points to ../../build/py_pubsub/py_pubsub.egg-info/entry_points.txt
[4.719s] writing requirements to ../../build/py_pubsub/py_pubsub.egg-info/requires.txt
[4.719s] writing top-level names to ../../build/py_pubsub/py_pubsub.egg-info/top_level.txt
[4.719s] reading manifest file '../../build/py_pubsub/py_pubsub.egg-info/SOURCES.txt'
[4.746s] adding license file 'LICENSE'
[4.746s] writing manifest file '../../build/py_pubsub/py_pubsub.egg-info/SOURCES.txt'
[4.747s] running build
[4.747s] running build_py
[4.756s] running install
[4.756s] running install_lib
[4.767s] running install_data
[4.768s] running install_egg_info
[4.781s] removing '/home/vboxuser/ros2_ws/install/py_pubsub/lib/python3.10/site-packages/py_pubsub-0.0.0-py3.10.egg-info' (and everything under it)
[4.781s] Copying ../../build/py_pubsub/py_pubsub.egg-info to /home/vboxuser/ros2_ws/install/py_pubsub/lib/python3.10/site-packages/py_pubsub-0.0.0-py3.10.egg-info
[4.814s] running install_scripts
[4.950s] Installing battery_resistance_estimator script to /home/vboxuser/ros2_ws/install/py_pubsub/lib/py_pubsub
[4.962s] Installing battery_resistance_estimator1 script to /home/vboxuser/ros2_ws/install/py_pubsub/lib/py_pubsub
[4.964s] Installing battery_resistance_estimator2 script to /home/vboxuser/ros2_ws/install/py_pubsub/lib/py_pubsub
[4.964s] Installing battery_resistance_estimator3 script to /home/vboxuser/ros2_ws/install/py_pubsub/lib/py_pubsub
[4.972s] Installing battery_resistance_estimator4 script to /home/vboxuser/ros2_ws/install/py_pubsub/lib/py_pubsub
[4.973s] Installing battery_resistance_estimator5 script to /home/vboxuser/ros2_ws/install/py_pubsub/lib/py_pubsub
[4.975s] Installing battery_resistance_logger script to /home/vboxuser/ros2_ws/install/py_pubsub/lib/py_pubsub
[4.975s] Installing listener script to /home/vboxuser/ros2_ws/install/py_pubsub/lib/py_pubsub
[4.980s] Installing listener_float script to /home/vboxuser/ros2_ws/install/py_pubsub/lib/py_pubsub
[4.980s] Installing listener_float_array script to /home/vboxuser/ros2_ws/install/py_pubsub/lib/py_pubsub
[4.980s] Installing listener_uint8 script to /home/vboxuser/ros2_ws/install/py_pubsub/lib/py_pubsub
[4.987s] Installing talker script to /home/vboxuser/ros2_ws/install/py_pubsub/lib/py_pubsub
[4.992s] Installing talker_float script to /home/vboxuser/ros2_ws/install/py_pubsub/lib/py_pubsub
[4.996s] Installing talker_float_array script to /home/vboxuser/ros2_ws/install/py_pubsub/lib/py_pubsub
[4.999s] Installing talker_uint8 script to /home/vboxuser/ros2_ws/install/py_pubsub/lib/py_pubsub
[5.004s] writing list of installed files to '/home/vboxuser/ros2_ws/build/py_pubsub/install.log'
[5.082s] Invoked command in '/home/vboxuser/ros2_ws/src/py_pubsub' returned '0': PYTHONPATH=/home/vboxuser/ros2_ws/build/py_pubsub/prefix_override:/usr/lib/python3/dist-packages/colcon_core/task/python/colcon_distutils_commands:/home/vboxuser/ros2_ws/install/py_pubsub/lib/python3.10/site-packages:${PYTHONPATH} /usr/bin/python3 -W ignore:setup.py install is deprecated -W ignore:easy_install command is deprecated setup.py egg_info --egg-base ../../build/py_pubsub build --build-base /home/vboxuser/ros2_ws/build/py_pubsub/build install --record /home/vboxuser/ros2_ws/build/py_pubsub/install.log --single-version-externally-managed install_data
