[2.117s] Invoking command in '/home/vboxuser/ros2_ws/src/BMS_BQ769X2/src/bms_visualizer': PYTHONPATH=/home/vboxuser/ros2_ws/build/bms_visualizer/prefix_override:/usr/lib/python3/dist-packages/colcon_core/task/python/colcon_distutils_commands:/home/vboxuser/ros2_ws/install/bms_visualizer/lib/python3.10/site-packages:${PYTHONPATH} /usr/bin/python3 -W ignore:setup.py install is deprecated -W ignore:easy_install command is deprecated setup.py egg_info --egg-base ../../../../build/bms_visualizer build --build-base /home/vboxuser/ros2_ws/build/bms_visualizer/build install --record /home/vboxuser/ros2_ws/build/bms_visualizer/install.log --single-version-externally-managed install_data
[2.995s] running egg_info
[2.996s] creating ../../../../build/bms_visualizer/bms_visualizer.egg-info
[2.996s] writing ../../../../build/bms_visualizer/bms_visualizer.egg-info/PKG-INFO
[2.996s] writing dependency_links to ../../../../build/bms_visualizer/bms_visualizer.egg-info/dependency_links.txt
[2.996s] writing entry points to ../../../../build/bms_visualizer/bms_visualizer.egg-info/entry_points.txt
[3.002s] writing requirements to ../../../../build/bms_visualizer/bms_visualizer.egg-info/requires.txt
[3.002s] writing top-level names to ../../../../build/bms_visualizer/bms_visualizer.egg-info/top_level.txt
[3.003s] writing manifest file '../../../../build/bms_visualizer/bms_visualizer.egg-info/SOURCES.txt'
[3.003s] reading manifest file '../../../../build/bms_visualizer/bms_visualizer.egg-info/SOURCES.txt'
[3.003s] writing manifest file '../../../../build/bms_visualizer/bms_visualizer.egg-info/SOURCES.txt'
[3.003s] running build
[3.003s] running build_py
[3.003s] creating /home/vboxuser/ros2_ws/build/bms_visualizer/build
[3.006s] creating /home/vboxuser/ros2_ws/build/bms_visualizer/build/lib
[3.006s] creating /home/vboxuser/ros2_ws/build/bms_visualizer/build/lib/bms_visualizer
[3.006s] copying bms_visualizer/bms_visualizer_node.py -> /home/vboxuser/ros2_ws/build/bms_visualizer/build/lib/bms_visualizer
[3.012s] copying bms_visualizer/__init__.py -> /home/vboxuser/ros2_ws/build/bms_visualizer/build/lib/bms_visualizer
[3.012s] copying bms_visualizer/bms_window.py -> /home/vboxuser/ros2_ws/build/bms_visualizer/build/lib/bms_visualizer
[3.012s] running install
[3.012s] running install_lib
[3.012s] creating /home/vboxuser/ros2_ws/install/bms_visualizer/lib/python3.10/site-packages/bms_visualizer
[3.012s] copying /home/vboxuser/ros2_ws/build/bms_visualizer/build/lib/bms_visualizer/bms_visualizer_node.py -> /home/vboxuser/ros2_ws/install/bms_visualizer/lib/python3.10/site-packages/bms_visualizer
[3.012s] copying /home/vboxuser/ros2_ws/build/bms_visualizer/build/lib/bms_visualizer/__init__.py -> /home/vboxuser/ros2_ws/install/bms_visualizer/lib/python3.10/site-packages/bms_visualizer
[3.012s] copying /home/vboxuser/ros2_ws/build/bms_visualizer/build/lib/bms_visualizer/bms_window.py -> /home/vboxuser/ros2_ws/install/bms_visualizer/lib/python3.10/site-packages/bms_visualizer
[3.018s] byte-compiling /home/vboxuser/ros2_ws/install/bms_visualizer/lib/python3.10/site-packages/bms_visualizer/bms_visualizer_node.py to bms_visualizer_node.cpython-310.pyc
[3.020s] byte-compiling /home/vboxuser/ros2_ws/install/bms_visualizer/lib/python3.10/site-packages/bms_visualizer/__init__.py to __init__.cpython-310.pyc
[3.020s] byte-compiling /home/vboxuser/ros2_ws/install/bms_visualizer/lib/python3.10/site-packages/bms_visualizer/bms_window.py to bms_window.cpython-310.pyc
[3.037s] running install_data
[3.037s] creating /home/vboxuser/ros2_ws/install/bms_visualizer/share/ament_index
[3.037s] creating /home/vboxuser/ros2_ws/install/bms_visualizer/share/ament_index/resource_index
[3.037s] creating /home/vboxuser/ros2_ws/install/bms_visualizer/share/ament_index/resource_index/packages
[3.037s] copying resource/bms_visualizer -> /home/vboxuser/ros2_ws/install/bms_visualizer/share/ament_index/resource_index/packages
[3.037s] copying package.xml -> /home/vboxuser/ros2_ws/install/bms_visualizer/share/bms_visualizer
[3.037s] running install_egg_info
[3.044s] Copying ../../../../build/bms_visualizer/bms_visualizer.egg-info to /home/vboxuser/ros2_ws/install/bms_visualizer/lib/python3.10/site-packages/bms_visualizer-0.0.0-py3.10.egg-info
[3.049s] running install_scripts
[3.127s] Installing bms_visualizer_node script to /home/vboxuser/ros2_ws/install/bms_visualizer/lib/bms_visualizer
[3.127s] writing list of installed files to '/home/vboxuser/ros2_ws/build/bms_visualizer/install.log'
[3.175s] Invoked command in '/home/vboxuser/ros2_ws/src/BMS_BQ769X2/src/bms_visualizer' returned '0': PYTHONPATH=/home/vboxuser/ros2_ws/build/bms_visualizer/prefix_override:/usr/lib/python3/dist-packages/colcon_core/task/python/colcon_distutils_commands:/home/vboxuser/ros2_ws/install/bms_visualizer/lib/python3.10/site-packages:${PYTHONPATH} /usr/bin/python3 -W ignore:setup.py install is deprecated -W ignore:easy_install command is deprecated setup.py egg_info --egg-base ../../../../build/bms_visualizer build --build-base /home/vboxuser/ros2_ws/build/bms_visualizer/build install --record /home/vboxuser/ros2_ws/build/bms_visualizer/install.log --single-version-externally-managed install_data
