[5.445s] Invoking command in '/home/vboxuser/ros2_ws/src/examples/rclpy/executors': PYTHONPATH=/home/vboxuser/ros2_ws/build/examples_rclpy_executors/prefix_override:/usr/lib/python3/dist-packages/colcon_core/task/python/colcon_distutils_commands:/home/vboxuser/ros2_ws/install/examples_rclpy_executors/lib/python3.10/site-packages:${PYTHONPATH} /usr/bin/python3 -W ignore:setup.py install is deprecated -W ignore:easy_install command is deprecated setup.py egg_info --egg-base ../../../../build/examples_rclpy_executors build --build-base /home/vboxuser/ros2_ws/build/examples_rclpy_executors/build install --record /home/vboxuser/ros2_ws/build/examples_rclpy_executors/install.log --single-version-externally-managed install_data
[6.206s] running egg_info
[6.206s] writing ../../../../build/examples_rclpy_executors/examples_rclpy_executors.egg-info/PKG-INFO
[6.206s] writing dependency_links to ../../../../build/examples_rclpy_executors/examples_rclpy_executors.egg-info/dependency_links.txt
[6.206s] writing entry points to ../../../../build/examples_rclpy_executors/examples_rclpy_executors.egg-info/entry_points.txt
[6.206s] writing requirements to ../../../../build/examples_rclpy_executors/examples_rclpy_executors.egg-info/requires.txt
[6.206s] writing top-level names to ../../../../build/examples_rclpy_executors/examples_rclpy_executors.egg-info/top_level.txt
[6.213s] reading manifest file '../../../../build/examples_rclpy_executors/examples_rclpy_executors.egg-info/SOURCES.txt'
[6.219s] writing manifest file '../../../../build/examples_rclpy_executors/examples_rclpy_executors.egg-info/SOURCES.txt'
[6.219s] running build
[6.219s] running build_py
[6.219s] running install
[6.219s] running install_lib
[6.225s] running install_data
[6.228s] running install_egg_info
[6.244s] removing '/home/vboxuser/ros2_ws/install/examples_rclpy_executors/lib/python3.10/site-packages/examples_rclpy_executors-0.18.2-py3.10.egg-info' (and everything under it)
[6.250s] Copying ../../../../build/examples_rclpy_executors/examples_rclpy_executors.egg-info to /home/vboxuser/ros2_ws/install/examples_rclpy_executors/lib/python3.10/site-packages/examples_rclpy_executors-0.18.2-py3.10.egg-info
[6.250s] running install_scripts
[6.378s] Installing callback_group script to /home/vboxuser/ros2_ws/install/examples_rclpy_executors/lib/examples_rclpy_executors
[6.382s] Installing composed script to /home/vboxuser/ros2_ws/install/examples_rclpy_executors/lib/examples_rclpy_executors
[6.382s] Installing custom_callback_group script to /home/vboxuser/ros2_ws/install/examples_rclpy_executors/lib/examples_rclpy_executors
[6.383s] Installing custom_executor script to /home/vboxuser/ros2_ws/install/examples_rclpy_executors/lib/examples_rclpy_executors
[6.383s] Installing listener script to /home/vboxuser/ros2_ws/install/examples_rclpy_executors/lib/examples_rclpy_executors
[6.384s] Installing talker script to /home/vboxuser/ros2_ws/install/examples_rclpy_executors/lib/examples_rclpy_executors
[6.384s] writing list of installed files to '/home/vboxuser/ros2_ws/build/examples_rclpy_executors/install.log'
[6.451s] Invoked command in '/home/vboxuser/ros2_ws/src/examples/rclpy/executors' returned '0': PYTHONPATH=/home/vboxuser/ros2_ws/build/examples_rclpy_executors/prefix_override:/usr/lib/python3/dist-packages/colcon_core/task/python/colcon_distutils_commands:/home/vboxuser/ros2_ws/install/examples_rclpy_executors/lib/python3.10/site-packages:${PYTHONPATH} /usr/bin/python3 -W ignore:setup.py install is deprecated -W ignore:easy_install command is deprecated setup.py egg_info --egg-base ../../../../build/examples_rclpy_executors build --build-base /home/vboxuser/ros2_ws/build/examples_rclpy_executors/build install --record /home/vboxuser/ros2_ws/build/examples_rclpy_executors/install.log --single-version-externally-managed install_data
