[0.112s] Invoking command in '/home/vboxuser/ros2_ws/build/vesc_driver': AMENT_PREFIX_PATH=/home/vboxuser/ros2_ws/install/serial_driver:/home/vboxuser/ros2_ws/install/io_context:/home/vboxuser/ros2_ws/install/vesc_msgs:/home/vboxuser/ros2_ws/install/asio_cmake_module:${AMENT_PREFIX_PATH} CMAKE_PREFIX_PATH=/home/vboxuser/ros2_ws/install/serial_driver:/home/vboxuser/ros2_ws/install/io_context:/opt/ros/iron:/home/vboxuser/ros2_ws/install/vesc_msgs:/home/vboxuser/ros2_ws/install/asio_cmake_module LD_LIBRARY_PATH=/home/vboxuser/ros2_ws/install/serial_driver/lib:/home/vboxuser/ros2_ws/install/io_context/lib:/home/vboxuser/ros2_ws/install/vesc_msgs/lib:${LD_LIBRARY_PATH} PYTHONPATH=/home/vboxuser/ros2_ws/install/vesc_msgs/lib/python3.10/site-packages:${PYTHONPATH} /usr/bin/cmake --build /home/vboxuser/ros2_ws/build/vesc_driver -- -j4 -l4
[0.415s] [ 20%] Built target vesc_driver_node
[0.448s] [ 70%] Built target vesc_driver
[0.593s] [100%] Built target vesc_device_namer
[0.667s] Invoked command in '/home/vboxuser/ros2_ws/build/vesc_driver' returned '0': AMENT_PREFIX_PATH=/home/vboxuser/ros2_ws/install/serial_driver:/home/vboxuser/ros2_ws/install/io_context:/home/vboxuser/ros2_ws/install/vesc_msgs:/home/vboxuser/ros2_ws/install/asio_cmake_module:${AMENT_PREFIX_PATH} CMAKE_PREFIX_PATH=/home/vboxuser/ros2_ws/install/serial_driver:/home/vboxuser/ros2_ws/install/io_context:/opt/ros/iron:/home/vboxuser/ros2_ws/install/vesc_msgs:/home/vboxuser/ros2_ws/install/asio_cmake_module LD_LIBRARY_PATH=/home/vboxuser/ros2_ws/install/serial_driver/lib:/home/vboxuser/ros2_ws/install/io_context/lib:/home/vboxuser/ros2_ws/install/vesc_msgs/lib:${LD_LIBRARY_PATH} PYTHONPATH=/home/vboxuser/ros2_ws/install/vesc_msgs/lib/python3.10/site-packages:${PYTHONPATH} /usr/bin/cmake --build /home/vboxuser/ros2_ws/build/vesc_driver -- -j4 -l4
[0.667s] Invoking command in '/home/vboxuser/ros2_ws/build/vesc_driver': AMENT_PREFIX_PATH=/home/vboxuser/ros2_ws/install/serial_driver:/home/vboxuser/ros2_ws/install/io_context:/home/vboxuser/ros2_ws/install/vesc_msgs:/home/vboxuser/ros2_ws/install/asio_cmake_module:${AMENT_PREFIX_PATH} CMAKE_PREFIX_PATH=/home/vboxuser/ros2_ws/install/serial_driver:/home/vboxuser/ros2_ws/install/io_context:/opt/ros/iron:/home/vboxuser/ros2_ws/install/vesc_msgs:/home/vboxuser/ros2_ws/install/asio_cmake_module LD_LIBRARY_PATH=/home/vboxuser/ros2_ws/install/serial_driver/lib:/home/vboxuser/ros2_ws/install/io_context/lib:/home/vboxuser/ros2_ws/install/vesc_msgs/lib:${LD_LIBRARY_PATH} PYTHONPATH=/home/vboxuser/ros2_ws/install/vesc_msgs/lib/python3.10/site-packages:${PYTHONPATH} /usr/bin/cmake --install /home/vboxuser/ros2_ws/build/vesc_driver
[0.701s] -- Install configuration: ""
[0.703s] -- Up-to-date: /home/vboxuser/ros2_ws/install/vesc_driver/lib/vesc_driver/vesc_driver_node
[0.704s] -- Up-to-date: /home/vboxuser/ros2_ws/install/vesc_driver/include
[0.706s] -- Up-to-date: /home/vboxuser/ros2_ws/install/vesc_driver/include/vesc_driver
[0.707s] -- Up-to-date: /home/vboxuser/ros2_ws/install/vesc_driver/include/vesc_driver/vesc_interface.hpp
[0.707s] -- Up-to-date: /home/vboxuser/ros2_ws/install/vesc_driver/include/vesc_driver/vesc_driver.hpp
[0.715s] -- Up-to-date: /home/vboxuser/ros2_ws/install/vesc_driver/include/vesc_driver/vesc_packet_factory.hpp
[0.715s] -- Up-to-date: /home/vboxuser/ros2_ws/install/vesc_driver/include/vesc_driver/crc.hpp
[0.715s] -- Up-to-date: /home/vboxuser/ros2_ws/install/vesc_driver/include/vesc_driver/datatypes.hpp
[0.716s] -- Up-to-date: /home/vboxuser/ros2_ws/install/vesc_driver/include/vesc_driver/vesc_packet.hpp
[0.716s] -- Up-to-date: /home/vboxuser/ros2_ws/install/vesc_driver/include/vesc_driver/vesc_device_uuid_lookup.hpp
[0.716s] -- Up-to-date: /home/vboxuser/ros2_ws/install/vesc_driver/share/vesc_driver/environment/library_path.sh
[0.716s] -- Up-to-date: /home/vboxuser/ros2_ws/install/vesc_driver/share/vesc_driver/environment/library_path.dsv
[0.716s] -- Up-to-date: /home/vboxuser/ros2_ws/install/vesc_driver/lib/libvesc_driver.so
[0.716s] -- Up-to-date: /home/vboxuser/ros2_ws/install/vesc_driver/lib/vesc_driver/vesc_device_namer
[0.716s] -- Up-to-date: /home/vboxuser/ros2_ws/install/vesc_driver/share/vesc_driver/launch
[0.716s] -- Up-to-date: /home/vboxuser/ros2_ws/install/vesc_driver/share/vesc_driver/launch/vesc_driver_node.launch.py
[0.716s] -- Up-to-date: /home/vboxuser/ros2_ws/install/vesc_driver/share/vesc_driver/params
[0.716s] -- Up-to-date: /home/vboxuser/ros2_ws/install/vesc_driver/share/vesc_driver/params/vesc_config.yaml
[0.716s] -- Up-to-date: /home/vboxuser/ros2_ws/install/vesc_driver/share/ament_index/resource_index/package_run_dependencies/vesc_driver
[0.717s] -- Up-to-date: /home/vboxuser/ros2_ws/install/vesc_driver/share/ament_index/resource_index/parent_prefix_path/vesc_driver
[0.717s] -- Up-to-date: /home/vboxuser/ros2_ws/install/vesc_driver/share/vesc_driver/environment/ament_prefix_path.sh
[0.717s] -- Up-to-date: /home/vboxuser/ros2_ws/install/vesc_driver/share/vesc_driver/environment/ament_prefix_path.dsv
[0.717s] -- Up-to-date: /home/vboxuser/ros2_ws/install/vesc_driver/share/vesc_driver/environment/path.sh
[0.717s] -- Up-to-date: /home/vboxuser/ros2_ws/install/vesc_driver/share/vesc_driver/environment/path.dsv
[0.717s] -- Up-to-date: /home/vboxuser/ros2_ws/install/vesc_driver/share/vesc_driver/local_setup.bash
[0.717s] -- Up-to-date: /home/vboxuser/ros2_ws/install/vesc_driver/share/vesc_driver/local_setup.sh
[0.717s] -- Up-to-date: /home/vboxuser/ros2_ws/install/vesc_driver/share/vesc_driver/local_setup.zsh
[0.717s] -- Up-to-date: /home/vboxuser/ros2_ws/install/vesc_driver/share/vesc_driver/local_setup.dsv
[0.717s] -- Installing: /home/vboxuser/ros2_ws/install/vesc_driver/share/vesc_driver/package.dsv
[0.717s] -- Up-to-date: /home/vboxuser/ros2_ws/install/vesc_driver/share/ament_index/resource_index/packages/vesc_driver
[0.717s] -- Up-to-date: /home/vboxuser/ros2_ws/install/vesc_driver/share/ament_index/resource_index/rclcpp_components/vesc_driver
[0.718s] -- Up-to-date: /home/vboxuser/ros2_ws/install/vesc_driver/share/vesc_driver/cmake/ament_cmake_export_dependencies-extras.cmake
[0.718s] -- Up-to-date: /home/vboxuser/ros2_ws/install/vesc_driver/share/vesc_driver/cmake/ament_cmake_export_include_directories-extras.cmake
[0.718s] -- Up-to-date: /home/vboxuser/ros2_ws/install/vesc_driver/share/vesc_driver/cmake/ament_cmake_export_libraries-extras.cmake
[0.718s] -- Up-to-date: /home/vboxuser/ros2_ws/install/vesc_driver/share/vesc_driver/cmake/vesc_driverConfig.cmake
[0.718s] -- Up-to-date: /home/vboxuser/ros2_ws/install/vesc_driver/share/vesc_driver/cmake/vesc_driverConfig-version.cmake
[0.718s] -- Up-to-date: /home/vboxuser/ros2_ws/install/vesc_driver/share/vesc_driver/package.xml
[0.741s] Invoked command in '/home/vboxuser/ros2_ws/build/vesc_driver' returned '0': AMENT_PREFIX_PATH=/home/vboxuser/ros2_ws/install/serial_driver:/home/vboxuser/ros2_ws/install/io_context:/home/vboxuser/ros2_ws/install/vesc_msgs:/home/vboxuser/ros2_ws/install/asio_cmake_module:${AMENT_PREFIX_PATH} CMAKE_PREFIX_PATH=/home/vboxuser/ros2_ws/install/serial_driver:/home/vboxuser/ros2_ws/install/io_context:/opt/ros/iron:/home/vboxuser/ros2_ws/install/vesc_msgs:/home/vboxuser/ros2_ws/install/asio_cmake_module LD_LIBRARY_PATH=/home/vboxuser/ros2_ws/install/serial_driver/lib:/home/vboxuser/ros2_ws/install/io_context/lib:/home/vboxuser/ros2_ws/install/vesc_msgs/lib:${LD_LIBRARY_PATH} PYTHONPATH=/home/vboxuser/ros2_ws/install/vesc_msgs/lib/python3.10/site-packages:${PYTHONPATH} /usr/bin/cmake --install /home/vboxuser/ros2_ws/build/vesc_driver
