[0.729s] Invoking command in '/home/vboxuser/ros2_ws/build/my_package': CMAKE_PREFIX_PATH=/opt/ros/iron /usr/bin/cmake --build /home/vboxuser/ros2_ws/build/my_package -- -j16 -l16
[1.408s] -- Found ament_cmake: 2.0.7 (/opt/ros/iron/share/ament_cmake/cmake)
[2.540s] -- Found ament_lint_auto: 0.14.4 (/opt/ros/iron/share/ament_lint_auto/cmake)
[2.972s] -- Added test 'cppcheck' to perform static code analysis on C / C++ code
[2.972s] -- Configured cppcheck include dirs: $<BUILD_INTERFACE:/home/vboxuser/ros2_ws/src/my_package/include>
[2.972s] -- Configured cppcheck exclude dirs and/or files: 
[2.972s] -- Added test 'lint_cmake' to check CMake code style
[2.986s] -- Added test 'uncrustify' to check C / C++ code style
[2.986s] -- Configured uncrustify additional arguments: 
[3.011s] -- Added test 'xmllint' to check XML markup files
[3.074s] -- Configuring done
[3.329s] -- Generating done
[3.341s] -- Build files have been written to: /home/vboxuser/ros2_ws/build/my_package
[3.475s] [35m[1mConsolidate compiler generated dependencies of target my_node[0m
[3.537s] [100%] Built target my_node
[3.619s] Invoked command in '/home/vboxuser/ros2_ws/build/my_package' returned '0': CMAKE_PREFIX_PATH=/opt/ros/iron /usr/bin/cmake --build /home/vboxuser/ros2_ws/build/my_package -- -j16 -l16
[3.681s] Invoking command in '/home/vboxuser/ros2_ws/build/my_package': CMAKE_PREFIX_PATH=/opt/ros/iron /usr/bin/cmake --install /home/vboxuser/ros2_ws/build/my_package
[3.746s] -- Install configuration: ""
[3.758s] -- Installing: /home/vboxuser/ros2_ws/install/my_package/lib/my_package/my_node
[3.758s] -- Installing: /home/vboxuser/ros2_ws/install/my_package/share/ament_index/resource_index/package_run_dependencies/my_package
[3.758s] -- Installing: /home/vboxuser/ros2_ws/install/my_package/share/ament_index/resource_index/parent_prefix_path/my_package
[3.758s] -- Installing: /home/vboxuser/ros2_ws/install/my_package/share/my_package/environment/ament_prefix_path.sh
[3.758s] -- Installing: /home/vboxuser/ros2_ws/install/my_package/share/my_package/environment/ament_prefix_path.dsv
[3.758s] -- Installing: /home/vboxuser/ros2_ws/install/my_package/share/my_package/environment/path.sh
[3.758s] -- Installing: /home/vboxuser/ros2_ws/install/my_package/share/my_package/environment/path.dsv
[3.758s] -- Installing: /home/vboxuser/ros2_ws/install/my_package/share/my_package/local_setup.bash
[3.758s] -- Installing: /home/vboxuser/ros2_ws/install/my_package/share/my_package/local_setup.sh
[3.758s] -- Installing: /home/vboxuser/ros2_ws/install/my_package/share/my_package/local_setup.zsh
[3.758s] -- Installing: /home/vboxuser/ros2_ws/install/my_package/share/my_package/local_setup.dsv
[3.758s] -- Installing: /home/vboxuser/ros2_ws/install/my_package/share/my_package/package.dsv
[3.758s] -- Installing: /home/vboxuser/ros2_ws/install/my_package/share/ament_index/resource_index/packages/my_package
[3.758s] -- Installing: /home/vboxuser/ros2_ws/install/my_package/share/my_package/cmake/my_packageConfig.cmake
[3.759s] -- Installing: /home/vboxuser/ros2_ws/install/my_package/share/my_package/cmake/my_packageConfig-version.cmake
[3.759s] -- Installing: /home/vboxuser/ros2_ws/install/my_package/share/my_package/package.xml
[3.779s] Invoked command in '/home/vboxuser/ros2_ws/build/my_package' returned '0': CMAKE_PREFIX_PATH=/opt/ros/iron /usr/bin/cmake --install /home/vboxuser/ros2_ws/build/my_package
