[2.134s] Invoking command in '/home/vboxuser/ros2_ws/src/BMS_BQ769X2/src/bms_visualizer': PYTHONPATH=/home/vboxuser/ros2_ws/build/bms_visualizer/prefix_override:/usr/lib/python3/dist-packages/colcon_core/task/python/colcon_distutils_commands:/home/vboxuser/ros2_ws/install/bms_visualizer/lib/python3.10/site-packages: /usr/bin/python3 -W ignore:setup.py install is deprecated -W ignore:easy_install command is deprecated setup.py egg_info --egg-base ../../../../build/bms_visualizer build --build-base /home/vboxuser/ros2_ws/build/bms_visualizer/build install --record /home/vboxuser/ros2_ws/build/bms_visualizer/install.log --single-version-externally-managed install_data
[2.473s] running egg_info
[2.475s] writing ../../../../build/bms_visualizer/bms_visualizer.egg-info/PKG-INFO
[2.475s] writing dependency_links to ../../../../build/bms_visualizer/bms_visualizer.egg-info/dependency_links.txt
[2.478s] writing entry points to ../../../../build/bms_visualizer/bms_visualizer.egg-info/entry_points.txt
[2.478s] writing requirements to ../../../../build/bms_visualizer/bms_visualizer.egg-info/requires.txt
[2.478s] writing top-level names to ../../../../build/bms_visualizer/bms_visualizer.egg-info/top_level.txt
[2.479s] reading manifest file '../../../../build/bms_visualizer/bms_visualizer.egg-info/SOURCES.txt'
[2.500s] writing manifest file '../../../../build/bms_visualizer/bms_visualizer.egg-info/SOURCES.txt'
[2.500s] running build
[2.501s] running build_py
[2.501s] copying bms_visualizer/bms_visualizer_node.py -> /home/vboxuser/ros2_ws/build/bms_visualizer/build/lib/bms_visualizer
[2.503s] running install
[2.503s] running install_lib
[2.504s] copying /home/vboxuser/ros2_ws/build/bms_visualizer/build/lib/bms_visualizer/bms_visualizer_node.py -> /home/vboxuser/ros2_ws/install/bms_visualizer/lib/python3.10/site-packages/bms_visualizer
[2.508s] byte-compiling /home/vboxuser/ros2_ws/install/bms_visualizer/lib/python3.10/site-packages/bms_visualizer/bms_visualizer_node.py to bms_visualizer_node.cpython-310.pyc
[2.508s] running install_data
[2.508s] running install_egg_info
[2.511s] removing '/home/vboxuser/ros2_ws/install/bms_visualizer/lib/python3.10/site-packages/bms_visualizer-0.0.0-py3.10.egg-info' (and everything under it)
[2.513s] Copying ../../../../build/bms_visualizer/bms_visualizer.egg-info to /home/vboxuser/ros2_ws/install/bms_visualizer/lib/python3.10/site-packages/bms_visualizer-0.0.0-py3.10.egg-info
[2.552s] running install_scripts
[2.582s] Installing bms_visualizer_node script to /home/vboxuser/ros2_ws/install/bms_visualizer/lib/bms_visualizer
[2.582s] writing list of installed files to '/home/vboxuser/ros2_ws/build/bms_visualizer/install.log'
[2.633s] Invoked command in '/home/vboxuser/ros2_ws/src/BMS_BQ769X2/src/bms_visualizer' returned '0': PYTHONPATH=/home/vboxuser/ros2_ws/build/bms_visualizer/prefix_override:/usr/lib/python3/dist-packages/colcon_core/task/python/colcon_distutils_commands:/home/vboxuser/ros2_ws/install/bms_visualizer/lib/python3.10/site-packages: /usr/bin/python3 -W ignore:setup.py install is deprecated -W ignore:easy_install command is deprecated setup.py egg_info --egg-base ../../../../build/bms_visualizer build --build-base /home/vboxuser/ros2_ws/build/bms_visualizer/build install --record /home/vboxuser/ros2_ws/build/bms_visualizer/install.log --single-version-externally-managed install_data
