[4.089s] Invoking command in '/home/vboxuser/ros2_ws/src/py_pubsub': PYTHONPATH=/home/vboxuser/ros2_ws/build/py_pubsub/prefix_override:/usr/lib/python3/dist-packages/colcon_core/task/python/colcon_distutils_commands:/home/vboxuser/ros2_ws/install/py_pubsub/lib/python3.10/site-packages:${PYTHONPATH} /usr/bin/python3 -W ignore:setup.py install is deprecated -W ignore:easy_install command is deprecated setup.py egg_info --egg-base ../../build/py_pubsub build --build-base /home/vboxuser/ros2_ws/build/py_pubsub/build install --record /home/vboxuser/ros2_ws/build/py_pubsub/install.log --single-version-externally-managed install_data
[6.456s] running egg_info
[6.460s] writing ../../build/py_pubsub/py_pubsub.egg-info/PKG-INFO
[6.462s] writing dependency_links to ../../build/py_pubsub/py_pubsub.egg-info/dependency_links.txt
[6.462s] writing entry points to ../../build/py_pubsub/py_pubsub.egg-info/entry_points.txt
[6.466s] writing requirements to ../../build/py_pubsub/py_pubsub.egg-info/requires.txt
[6.466s] writing top-level names to ../../build/py_pubsub/py_pubsub.egg-info/top_level.txt
[6.470s] reading manifest file '../../build/py_pubsub/py_pubsub.egg-info/SOURCES.txt'
[6.473s] adding license file 'LICENSE'
[6.473s] writing manifest file '../../build/py_pubsub/py_pubsub.egg-info/SOURCES.txt'
[6.486s] running build
[6.486s] running build_py
[6.486s] copying py_pubsub/battery_resistance_estimator7.py -> /home/vboxuser/ros2_ws/build/py_pubsub/build/lib/py_pubsub
[6.486s] running install
[6.486s] running install_lib
[6.486s] copying /home/vboxuser/ros2_ws/build/py_pubsub/build/lib/py_pubsub/battery_resistance_estimator7.py -> /home/vboxuser/ros2_ws/install/py_pubsub/lib/python3.10/site-packages/py_pubsub
[6.486s] byte-compiling /home/vboxuser/ros2_ws/install/py_pubsub/lib/python3.10/site-packages/py_pubsub/battery_resistance_estimator7.py to battery_resistance_estimator7.cpython-310.pyc
[6.491s] running install_data
[6.492s] running install_egg_info
[6.503s] removing '/home/vboxuser/ros2_ws/install/py_pubsub/lib/python3.10/site-packages/py_pubsub-0.0.0-py3.10.egg-info' (and everything under it)
[6.506s] Copying ../../build/py_pubsub/py_pubsub.egg-info to /home/vboxuser/ros2_ws/install/py_pubsub/lib/python3.10/site-packages/py_pubsub-0.0.0-py3.10.egg-info
[6.508s] running install_scripts
[6.651s] Installing battery_resistance_estimator script to /home/vboxuser/ros2_ws/install/py_pubsub/lib/py_pubsub
[6.658s] Installing battery_resistance_estimator1 script to /home/vboxuser/ros2_ws/install/py_pubsub/lib/py_pubsub
[6.660s] Installing battery_resistance_estimator2 script to /home/vboxuser/ros2_ws/install/py_pubsub/lib/py_pubsub
[6.664s] Installing battery_resistance_estimator3 script to /home/vboxuser/ros2_ws/install/py_pubsub/lib/py_pubsub
[6.670s] Installing battery_resistance_estimator4 script to /home/vboxuser/ros2_ws/install/py_pubsub/lib/py_pubsub
[6.671s] Installing battery_resistance_estimator5 script to /home/vboxuser/ros2_ws/install/py_pubsub/lib/py_pubsub
[6.675s] Installing battery_resistance_estimator6 script to /home/vboxuser/ros2_ws/install/py_pubsub/lib/py_pubsub
[6.675s] Installing battery_resistance_estimator7 script to /home/vboxuser/ros2_ws/install/py_pubsub/lib/py_pubsub
[6.675s] Installing battery_resistance_logger script to /home/vboxuser/ros2_ws/install/py_pubsub/lib/py_pubsub
[6.675s] Installing listener script to /home/vboxuser/ros2_ws/install/py_pubsub/lib/py_pubsub
[6.676s] Installing listener_float script to /home/vboxuser/ros2_ws/install/py_pubsub/lib/py_pubsub
[6.676s] Installing listener_float_array script to /home/vboxuser/ros2_ws/install/py_pubsub/lib/py_pubsub
[6.676s] Installing listener_uint8 script to /home/vboxuser/ros2_ws/install/py_pubsub/lib/py_pubsub
[6.682s] Installing talker script to /home/vboxuser/ros2_ws/install/py_pubsub/lib/py_pubsub
[6.682s] Installing talker_float script to /home/vboxuser/ros2_ws/install/py_pubsub/lib/py_pubsub
[6.682s] Installing talker_float_array script to /home/vboxuser/ros2_ws/install/py_pubsub/lib/py_pubsub
[6.682s] Installing talker_uint8 script to /home/vboxuser/ros2_ws/install/py_pubsub/lib/py_pubsub
[6.682s] writing list of installed files to '/home/vboxuser/ros2_ws/build/py_pubsub/install.log'
[6.767s] Invoked command in '/home/vboxuser/ros2_ws/src/py_pubsub' returned '0': PYTHONPATH=/home/vboxuser/ros2_ws/build/py_pubsub/prefix_override:/usr/lib/python3/dist-packages/colcon_core/task/python/colcon_distutils_commands:/home/vboxuser/ros2_ws/install/py_pubsub/lib/python3.10/site-packages:${PYTHONPATH} /usr/bin/python3 -W ignore:setup.py install is deprecated -W ignore:easy_install command is deprecated setup.py egg_info --egg-base ../../build/py_pubsub build --build-base /home/vboxuser/ros2_ws/build/py_pubsub/build install --record /home/vboxuser/ros2_ws/build/py_pubsub/install.log --single-version-externally-managed install_data
