[4.325s] Invoking command in '/home/vboxuser/ros2_ws/src/read_rosbag': PYTHONPATH=/home/vboxuser/ros2_ws/build/read_rosbag/prefix_override:/usr/lib/python3/dist-packages/colcon_core/task/python/colcon_distutils_commands:/home/vboxuser/ros2_ws/install/read_rosbag/lib/python3.10/site-packages:${PYTHONPATH} /usr/bin/python3 -W ignore:setup.py install is deprecated -W ignore:easy_install command is deprecated setup.py egg_info --egg-base ../../build/read_rosbag build --build-base /home/vboxuser/ros2_ws/build/read_rosbag/build install --record /home/vboxuser/ros2_ws/build/read_rosbag/install.log --single-version-externally-managed install_data
[5.363s] running egg_info
[5.372s] writing ../../build/read_rosbag/read_rosbag.egg-info/PKG-INFO
[5.372s] writing dependency_links to ../../build/read_rosbag/read_rosbag.egg-info/dependency_links.txt
[5.379s] writing entry points to ../../build/read_rosbag/read_rosbag.egg-info/entry_points.txt
[5.383s] writing requirements to ../../build/read_rosbag/read_rosbag.egg-info/requires.txt
[5.383s] writing top-level names to ../../build/read_rosbag/read_rosbag.egg-info/top_level.txt
[5.396s] reading manifest file '../../build/read_rosbag/read_rosbag.egg-info/SOURCES.txt'
[5.401s] adding license file 'LICENSE'
[5.409s] writing manifest file '../../build/read_rosbag/read_rosbag.egg-info/SOURCES.txt'
[5.409s] running build
[5.409s] running build_py
[5.409s] running install
[5.409s] running install_lib
[5.424s] running install_data
[5.424s] running install_egg_info
[5.427s] removing '/home/vboxuser/ros2_ws/install/read_rosbag/lib/python3.10/site-packages/read_rosbag-0.0.0-py3.10.egg-info' (and everything under it)
[5.438s] Copying ../../build/read_rosbag/read_rosbag.egg-info to /home/vboxuser/ros2_ws/install/read_rosbag/lib/python3.10/site-packages/read_rosbag-0.0.0-py3.10.egg-info
[5.462s] running install_scripts
[5.615s] Installing load_rosbag script to /home/vboxuser/ros2_ws/install/read_rosbag/lib/read_rosbag
[5.615s] writing list of installed files to '/home/vboxuser/ros2_ws/build/read_rosbag/install.log'
[5.796s] Invoked command in '/home/vboxuser/ros2_ws/src/read_rosbag' returned '0': PYTHONPATH=/home/vboxuser/ros2_ws/build/read_rosbag/prefix_override:/usr/lib/python3/dist-packages/colcon_core/task/python/colcon_distutils_commands:/home/vboxuser/ros2_ws/install/read_rosbag/lib/python3.10/site-packages:${PYTHONPATH} /usr/bin/python3 -W ignore:setup.py install is deprecated -W ignore:easy_install command is deprecated setup.py egg_info --egg-base ../../build/read_rosbag build --build-base /home/vboxuser/ros2_ws/build/read_rosbag/build install --record /home/vboxuser/ros2_ws/build/read_rosbag/install.log --single-version-externally-managed install_data
