[3.158s] Invoking command in '/home/vboxuser/ros2_ws/src/read_rosbag': PYTHONPATH=/home/vboxuser/ros2_ws/build/read_rosbag/prefix_override:/usr/lib/python3/dist-packages/colcon_core/task/python/colcon_distutils_commands:/home/vboxuser/ros2_ws/install/read_rosbag/lib/python3.10/site-packages:${PYTHONPATH} /usr/bin/python3 -W ignore:setup.py install is deprecated -W ignore:easy_install command is deprecated setup.py egg_info --egg-base ../../build/read_rosbag build --build-base /home/vboxuser/ros2_ws/build/read_rosbag/build install --record /home/vboxuser/ros2_ws/build/read_rosbag/install.log --single-version-externally-managed install_data
[4.514s] running egg_info
[4.517s] writing ../../build/read_rosbag/read_rosbag.egg-info/PKG-INFO
[4.823s] writing dependency_links to ../../build/read_rosbag/read_rosbag.egg-info/dependency_links.txt
[4.826s] writing entry points to ../../build/read_rosbag/read_rosbag.egg-info/entry_points.txt
[4.834s] writing requirements to ../../build/read_rosbag/read_rosbag.egg-info/requires.txt
[4.845s] writing top-level names to ../../build/read_rosbag/read_rosbag.egg-info/top_level.txt
[4.864s] reading manifest file '../../build/read_rosbag/read_rosbag.egg-info/SOURCES.txt'
[4.865s] adding license file 'LICENSE'
[4.869s] writing manifest file '../../build/read_rosbag/read_rosbag.egg-info/SOURCES.txt'
[4.869s] running build
[4.869s] running build_py
[4.879s] running install
[4.881s] running install_lib
[4.889s] running install_data
[4.889s] running install_egg_info
[4.894s] removing '/home/vboxuser/ros2_ws/install/read_rosbag/lib/python3.10/site-packages/read_rosbag-0.0.0-py3.10.egg-info' (and everything under it)
[4.899s] Copying ../../build/read_rosbag/read_rosbag.egg-info to /home/vboxuser/ros2_ws/install/read_rosbag/lib/python3.10/site-packages/read_rosbag-0.0.0-py3.10.egg-info
[5.011s] running install_scripts
[5.086s] Installing load_rosbag script to /home/vboxuser/ros2_ws/install/read_rosbag/lib/read_rosbag
[5.088s] writing list of installed files to '/home/vboxuser/ros2_ws/build/read_rosbag/install.log'
[5.139s] Invoked command in '/home/vboxuser/ros2_ws/src/read_rosbag' returned '0': PYTHONPATH=/home/vboxuser/ros2_ws/build/read_rosbag/prefix_override:/usr/lib/python3/dist-packages/colcon_core/task/python/colcon_distutils_commands:/home/vboxuser/ros2_ws/install/read_rosbag/lib/python3.10/site-packages:${PYTHONPATH} /usr/bin/python3 -W ignore:setup.py install is deprecated -W ignore:easy_install command is deprecated setup.py egg_info --egg-base ../../build/read_rosbag build --build-base /home/vboxuser/ros2_ws/build/read_rosbag/build install --record /home/vboxuser/ros2_ws/build/read_rosbag/install.log --single-version-externally-managed install_data
