[1.222s] Invoking command in '/home/vboxuser/ros2_ws/build/examples_rclcpp_async_client': /usr/bin/cmake --build /home/vboxuser/ros2_ws/build/examples_rclcpp_async_client -- -j4 -l4
[10.721s] [100%] Built target client_main
[10.869s] Invoked command in '/home/vboxuser/ros2_ws/build/examples_rclcpp_async_client' returned '0': /usr/bin/cmake --build /home/vboxuser/ros2_ws/build/examples_rclcpp_async_client -- -j4 -l4
[10.933s] Invoking command in '/home/vboxuser/ros2_ws/build/examples_rclcpp_async_client': /usr/bin/cmake --install /home/vboxuser/ros2_ws/build/examples_rclcpp_async_client
[11.059s] -- Install configuration: ""
[11.098s] -- Execute custom install script
[11.098s] -- Up-to-date symlink: /home/vboxuser/ros2_ws/install/examples_rclcpp_async_client/lib/examples_rclcpp_async_client/client_main
[11.098s] -- Up-to-date symlink: /home/vboxuser/ros2_ws/install/examples_rclcpp_async_client/share/ament_index/resource_index/package_run_dependencies/examples_rclcpp_async_client
[11.099s] -- Up-to-date symlink: /home/vboxuser/ros2_ws/install/examples_rclcpp_async_client/share/ament_index/resource_index/parent_prefix_path/examples_rclcpp_async_client
[11.099s] -- Up-to-date symlink: /home/vboxuser/ros2_ws/install/examples_rclcpp_async_client/share/examples_rclcpp_async_client/environment/ament_prefix_path.sh
[11.099s] -- Up-to-date symlink: /home/vboxuser/ros2_ws/install/examples_rclcpp_async_client/share/examples_rclcpp_async_client/environment/ament_prefix_path.dsv
[11.099s] -- Up-to-date symlink: /home/vboxuser/ros2_ws/install/examples_rclcpp_async_client/share/examples_rclcpp_async_client/environment/path.sh
[11.099s] -- Up-to-date symlink: /home/vboxuser/ros2_ws/install/examples_rclcpp_async_client/share/examples_rclcpp_async_client/environment/path.dsv
[11.100s] -- Up-to-date symlink: /home/vboxuser/ros2_ws/install/examples_rclcpp_async_client/share/examples_rclcpp_async_client/local_setup.bash
[11.100s] -- Up-to-date symlink: /home/vboxuser/ros2_ws/install/examples_rclcpp_async_client/share/examples_rclcpp_async_client/local_setup.sh
[11.110s] -- Up-to-date symlink: /home/vboxuser/ros2_ws/install/examples_rclcpp_async_client/share/examples_rclcpp_async_client/local_setup.zsh
[11.119s] -- Up-to-date symlink: /home/vboxuser/ros2_ws/install/examples_rclcpp_async_client/share/examples_rclcpp_async_client/local_setup.dsv
[11.120s] -- Symlinking: /home/vboxuser/ros2_ws/install/examples_rclcpp_async_client/share/examples_rclcpp_async_client/package.dsv
[11.184s] -- Up-to-date symlink: /home/vboxuser/ros2_ws/install/examples_rclcpp_async_client/share/ament_index/resource_index/packages/examples_rclcpp_async_client
[11.184s] -- Up-to-date symlink: /home/vboxuser/ros2_ws/install/examples_rclcpp_async_client/share/examples_rclcpp_async_client/cmake/examples_rclcpp_async_clientConfig.cmake
[11.184s] -- Up-to-date symlink: /home/vboxuser/ros2_ws/install/examples_rclcpp_async_client/share/examples_rclcpp_async_client/cmake/examples_rclcpp_async_clientConfig-version.cmake
[11.184s] -- Up-to-date symlink: /home/vboxuser/ros2_ws/install/examples_rclcpp_async_client/share/examples_rclcpp_async_client/package.xml
[11.204s] Invoked command in '/home/vboxuser/ros2_ws/build/examples_rclcpp_async_client' returned '0': /usr/bin/cmake --install /home/vboxuser/ros2_ws/build/examples_rclcpp_async_client
