[0.252s] Invoking command in '/home/vboxuser/ros2_ws/build/examples_rclcpp_wait_set': /usr/bin/cmake --build /home/vboxuser/ros2_ws/build/examples_rclcpp_wait_set -- -j4 -l4
[0.710s] [  8%] Built target talker
[0.902s] [ 16%] Built target wait_set_listener
[1.175s] [ 25%] Built target wait_set
[1.472s] [ 33%] Built target static_wait_set
[2.006s] [ 41%] Built target thread_safe_wait_set
[2.333s] [ 50%] Built target wait_set_topics_and_timer
[2.883s] [ 58%] Built target wait_set_random_order
[4.149s] [ 66%] Built target executor_random_order
[4.647s] [ 75%] Built target wait_set_topics_with_different_rates
[5.068s] [ 83%] Built target listener
[5.355s] [ 91%] Built target wait_set_talker
[5.554s] [100%] Built target wait_set_composed
[6.018s] Invoked command in '/home/vboxuser/ros2_ws/build/examples_rclcpp_wait_set' returned '0': /usr/bin/cmake --build /home/vboxuser/ros2_ws/build/examples_rclcpp_wait_set -- -j4 -l4
[6.094s] Invoking command in '/home/vboxuser/ros2_ws/build/examples_rclcpp_wait_set': /usr/bin/cmake --install /home/vboxuser/ros2_ws/build/examples_rclcpp_wait_set
[6.234s] -- Install configuration: ""
[6.235s] -- Up-to-date: /home/vboxuser/ros2_ws/install/examples_rclcpp_wait_set/lib/examples_rclcpp_wait_set/wait_set_talker
[6.235s] -- Up-to-date: /home/vboxuser/ros2_ws/install/examples_rclcpp_wait_set/lib/examples_rclcpp_wait_set/wait_set_listener
[6.235s] -- Up-to-date: /home/vboxuser/ros2_ws/install/examples_rclcpp_wait_set/lib/libtalker.so
[6.235s] -- Up-to-date: /home/vboxuser/ros2_ws/install/examples_rclcpp_wait_set/lib/liblistener.so
[6.311s] -- Up-to-date: /home/vboxuser/ros2_ws/install/examples_rclcpp_wait_set/lib/examples_rclcpp_wait_set/wait_set
[6.312s] -- Up-to-date: /home/vboxuser/ros2_ws/install/examples_rclcpp_wait_set/lib/examples_rclcpp_wait_set/static_wait_set
[6.312s] -- Up-to-date: /home/vboxuser/ros2_ws/install/examples_rclcpp_wait_set/lib/examples_rclcpp_wait_set/thread_safe_wait_set
[6.312s] -- Up-to-date: /home/vboxuser/ros2_ws/install/examples_rclcpp_wait_set/lib/examples_rclcpp_wait_set/wait_set_topics_and_timer
[6.312s] -- Up-to-date: /home/vboxuser/ros2_ws/install/examples_rclcpp_wait_set/lib/examples_rclcpp_wait_set/wait_set_random_order
[6.312s] -- Up-to-date: /home/vboxuser/ros2_ws/install/examples_rclcpp_wait_set/lib/examples_rclcpp_wait_set/executor_random_order
[6.312s] -- Up-to-date: /home/vboxuser/ros2_ws/install/examples_rclcpp_wait_set/lib/examples_rclcpp_wait_set/wait_set_topics_with_different_rates
[6.312s] -- Up-to-date: /home/vboxuser/ros2_ws/install/examples_rclcpp_wait_set/lib/examples_rclcpp_wait_set/wait_set_composed
[6.312s] -- Up-to-date: /home/vboxuser/ros2_ws/install/examples_rclcpp_wait_set/share/ament_index/resource_index/package_run_dependencies/examples_rclcpp_wait_set
[6.312s] -- Up-to-date: /home/vboxuser/ros2_ws/install/examples_rclcpp_wait_set/share/ament_index/resource_index/parent_prefix_path/examples_rclcpp_wait_set
[6.312s] -- Up-to-date: /home/vboxuser/ros2_ws/install/examples_rclcpp_wait_set/share/examples_rclcpp_wait_set/environment/ament_prefix_path.dsv
[6.313s] -- Up-to-date: /home/vboxuser/ros2_ws/install/examples_rclcpp_wait_set/share/examples_rclcpp_wait_set/environment/path.dsv
[6.313s] -- Up-to-date: /home/vboxuser/ros2_ws/install/examples_rclcpp_wait_set/share/examples_rclcpp_wait_set/local_setup.bash
[6.313s] -- Up-to-date: /home/vboxuser/ros2_ws/install/examples_rclcpp_wait_set/share/examples_rclcpp_wait_set/local_setup.sh
[6.313s] -- Up-to-date: /home/vboxuser/ros2_ws/install/examples_rclcpp_wait_set/share/examples_rclcpp_wait_set/local_setup.zsh
[6.313s] -- Up-to-date: /home/vboxuser/ros2_ws/install/examples_rclcpp_wait_set/share/examples_rclcpp_wait_set/local_setup.dsv
[6.313s] -- Installing: /home/vboxuser/ros2_ws/install/examples_rclcpp_wait_set/share/examples_rclcpp_wait_set/package.dsv
[6.313s] -- Up-to-date: /home/vboxuser/ros2_ws/install/examples_rclcpp_wait_set/share/ament_index/resource_index/packages/examples_rclcpp_wait_set
[6.313s] -- Up-to-date: /home/vboxuser/ros2_ws/install/examples_rclcpp_wait_set/share/ament_index/resource_index/rclcpp_components/examples_rclcpp_wait_set
[6.313s] -- Up-to-date: /home/vboxuser/ros2_ws/install/examples_rclcpp_wait_set/share/examples_rclcpp_wait_set/cmake/examples_rclcpp_wait_setConfig.cmake
[6.313s] -- Up-to-date: /home/vboxuser/ros2_ws/install/examples_rclcpp_wait_set/share/examples_rclcpp_wait_set/cmake/examples_rclcpp_wait_setConfig-version.cmake
[6.314s] -- Up-to-date: /home/vboxuser/ros2_ws/install/examples_rclcpp_wait_set/share/examples_rclcpp_wait_set/package.xml
[6.431s] Invoked command in '/home/vboxuser/ros2_ws/build/examples_rclcpp_wait_set' returned '0': /usr/bin/cmake --install /home/vboxuser/ros2_ws/build/examples_rclcpp_wait_set
