[9.944s] Invoking command in '/home/vboxuser/ros2_ws/src/examples/rclpy/topics/minimal_subscriber': PYTHONPATH=/home/vboxuser/ros2_ws/build/examples_rclpy_minimal_subscriber/prefix_override:/usr/lib/python3/dist-packages/colcon_core/task/python/colcon_distutils_commands:/home/vboxuser/ros2_ws/install/examples_rclpy_minimal_subscriber/lib/python3.10/site-packages:${PYTHONPATH} /usr/bin/python3 -W ignore:setup.py install is deprecated -W ignore:easy_install command is deprecated setup.py egg_info --egg-base ../../../../../build/examples_rclpy_minimal_subscriber build --build-base /home/vboxuser/ros2_ws/build/examples_rclpy_minimal_subscriber/build install --record /home/vboxuser/ros2_ws/build/examples_rclpy_minimal_subscriber/install.log --single-version-externally-managed install_data
[12.365s] running egg_info
[12.366s] creating ../../../../../build/examples_rclpy_minimal_subscriber/examples_rclpy_minimal_subscriber.egg-info
[12.366s] writing ../../../../../build/examples_rclpy_minimal_subscriber/examples_rclpy_minimal_subscriber.egg-info/PKG-INFO
[12.366s] writing dependency_links to ../../../../../build/examples_rclpy_minimal_subscriber/examples_rclpy_minimal_subscriber.egg-info/dependency_links.txt
[12.366s] writing entry points to ../../../../../build/examples_rclpy_minimal_subscriber/examples_rclpy_minimal_subscriber.egg-info/entry_points.txt
[12.366s] writing requirements to ../../../../../build/examples_rclpy_minimal_subscriber/examples_rclpy_minimal_subscriber.egg-info/requires.txt
[12.366s] writing top-level names to ../../../../../build/examples_rclpy_minimal_subscriber/examples_rclpy_minimal_subscriber.egg-info/top_level.txt
[12.366s] writing manifest file '../../../../../build/examples_rclpy_minimal_subscriber/examples_rclpy_minimal_subscriber.egg-info/SOURCES.txt'
[12.383s] reading manifest file '../../../../../build/examples_rclpy_minimal_subscriber/examples_rclpy_minimal_subscriber.egg-info/SOURCES.txt'
[12.387s] writing manifest file '../../../../../build/examples_rclpy_minimal_subscriber/examples_rclpy_minimal_subscriber.egg-info/SOURCES.txt'
[12.392s] running build
[12.393s] running build_py
[12.393s] creating /home/vboxuser/ros2_ws/build/examples_rclpy_minimal_subscriber/build
[12.393s] creating /home/vboxuser/ros2_ws/build/examples_rclpy_minimal_subscriber/build/lib
[12.393s] creating /home/vboxuser/ros2_ws/build/examples_rclpy_minimal_subscriber/build/lib/examples_rclpy_minimal_subscriber
[12.393s] copying examples_rclpy_minimal_subscriber/subscriber_lambda.py -> /home/vboxuser/ros2_ws/build/examples_rclpy_minimal_subscriber/build/lib/examples_rclpy_minimal_subscriber
[12.407s] copying examples_rclpy_minimal_subscriber/subscriber_old_school.py -> /home/vboxuser/ros2_ws/build/examples_rclpy_minimal_subscriber/build/lib/examples_rclpy_minimal_subscriber
[12.408s] copying examples_rclpy_minimal_subscriber/subscriber_member_function.py -> /home/vboxuser/ros2_ws/build/examples_rclpy_minimal_subscriber/build/lib/examples_rclpy_minimal_subscriber
[12.408s] copying examples_rclpy_minimal_subscriber/__init__.py -> /home/vboxuser/ros2_ws/build/examples_rclpy_minimal_subscriber/build/lib/examples_rclpy_minimal_subscriber
[12.408s] running install
[12.423s] running install_lib
[12.424s] running install_data
[12.433s] running install_egg_info
[12.451s] removing '/home/vboxuser/ros2_ws/install/examples_rclpy_minimal_subscriber/lib/python3.10/site-packages/examples_rclpy_minimal_subscriber-0.18.2-py3.10.egg-info' (and everything under it)
[12.463s] Copying ../../../../../build/examples_rclpy_minimal_subscriber/examples_rclpy_minimal_subscriber.egg-info to /home/vboxuser/ros2_ws/install/examples_rclpy_minimal_subscriber/lib/python3.10/site-packages/examples_rclpy_minimal_subscriber-0.18.2-py3.10.egg-info
[12.463s] running install_scripts
[12.658s] Installing subscriber_lambda script to /home/vboxuser/ros2_ws/install/examples_rclpy_minimal_subscriber/lib/examples_rclpy_minimal_subscriber
[12.701s] Installing subscriber_member_function script to /home/vboxuser/ros2_ws/install/examples_rclpy_minimal_subscriber/lib/examples_rclpy_minimal_subscriber
[12.701s] Installing subscriber_old_school script to /home/vboxuser/ros2_ws/install/examples_rclpy_minimal_subscriber/lib/examples_rclpy_minimal_subscriber
[12.702s] writing list of installed files to '/home/vboxuser/ros2_ws/build/examples_rclpy_minimal_subscriber/install.log'
[12.799s] Invoked command in '/home/vboxuser/ros2_ws/src/examples/rclpy/topics/minimal_subscriber' returned '0': PYTHONPATH=/home/vboxuser/ros2_ws/build/examples_rclpy_minimal_subscriber/prefix_override:/usr/lib/python3/dist-packages/colcon_core/task/python/colcon_distutils_commands:/home/vboxuser/ros2_ws/install/examples_rclpy_minimal_subscriber/lib/python3.10/site-packages:${PYTHONPATH} /usr/bin/python3 -W ignore:setup.py install is deprecated -W ignore:easy_install command is deprecated setup.py egg_info --egg-base ../../../../../build/examples_rclpy_minimal_subscriber build --build-base /home/vboxuser/ros2_ws/build/examples_rclpy_minimal_subscriber/build install --record /home/vboxuser/ros2_ws/build/examples_rclpy_minimal_subscriber/install.log --single-version-externally-managed install_data
