[4.881s] Invoking command in '/home/vboxuser/ros2_ws/src/examples/rclpy/services/minimal_client': PYTHONPATH=/home/vboxuser/ros2_ws/build/examples_rclpy_minimal_client/prefix_override:/usr/lib/python3/dist-packages/colcon_core/task/python/colcon_distutils_commands:/home/vboxuser/ros2_ws/install/examples_rclpy_minimal_client/lib/python3.10/site-packages:${PYTHONPATH} /usr/bin/python3 -W ignore:setup.py install is deprecated -W ignore:easy_install command is deprecated setup.py egg_info --egg-base ../../../../../build/examples_rclpy_minimal_client build --build-base /home/vboxuser/ros2_ws/build/examples_rclpy_minimal_client/build install --record /home/vboxuser/ros2_ws/build/examples_rclpy_minimal_client/install.log --single-version-externally-managed install_data
[7.350s] running egg_info
[7.380s] creating ../../../../../build/examples_rclpy_minimal_client/examples_rclpy_minimal_client.egg-info
[7.385s] writing ../../../../../build/examples_rclpy_minimal_client/examples_rclpy_minimal_client.egg-info/PKG-INFO
[7.385s] writing dependency_links to ../../../../../build/examples_rclpy_minimal_client/examples_rclpy_minimal_client.egg-info/dependency_links.txt
[7.404s] writing entry points to ../../../../../build/examples_rclpy_minimal_client/examples_rclpy_minimal_client.egg-info/entry_points.txt
[7.404s] writing requirements to ../../../../../build/examples_rclpy_minimal_client/examples_rclpy_minimal_client.egg-info/requires.txt
[7.404s] writing top-level names to ../../../../../build/examples_rclpy_minimal_client/examples_rclpy_minimal_client.egg-info/top_level.txt
[7.404s] writing manifest file '../../../../../build/examples_rclpy_minimal_client/examples_rclpy_minimal_client.egg-info/SOURCES.txt'
[7.404s] reading manifest file '../../../../../build/examples_rclpy_minimal_client/examples_rclpy_minimal_client.egg-info/SOURCES.txt'
[7.405s] writing manifest file '../../../../../build/examples_rclpy_minimal_client/examples_rclpy_minimal_client.egg-info/SOURCES.txt'
[7.405s] running build
[7.405s] running build_py
[7.405s] creating /home/vboxuser/ros2_ws/build/examples_rclpy_minimal_client/build
[7.405s] creating /home/vboxuser/ros2_ws/build/examples_rclpy_minimal_client/build/lib
[7.405s] creating /home/vboxuser/ros2_ws/build/examples_rclpy_minimal_client/build/lib/examples_rclpy_minimal_client
[7.405s] copying examples_rclpy_minimal_client/client.py -> /home/vboxuser/ros2_ws/build/examples_rclpy_minimal_client/build/lib/examples_rclpy_minimal_client
[7.567s] copying examples_rclpy_minimal_client/client_async_member_function.py -> /home/vboxuser/ros2_ws/build/examples_rclpy_minimal_client/build/lib/examples_rclpy_minimal_client
[7.569s] copying examples_rclpy_minimal_client/__init__.py -> /home/vboxuser/ros2_ws/build/examples_rclpy_minimal_client/build/lib/examples_rclpy_minimal_client
[7.571s] copying examples_rclpy_minimal_client/client_async_callback.py -> /home/vboxuser/ros2_ws/build/examples_rclpy_minimal_client/build/lib/examples_rclpy_minimal_client
[7.575s] copying examples_rclpy_minimal_client/client_async.py -> /home/vboxuser/ros2_ws/build/examples_rclpy_minimal_client/build/lib/examples_rclpy_minimal_client
[7.578s] running install
[7.763s] running install_lib
[7.767s] creating /home/vboxuser/ros2_ws/install/examples_rclpy_minimal_client/lib/python3.10/site-packages/examples_rclpy_minimal_client
[7.767s] copying /home/vboxuser/ros2_ws/build/examples_rclpy_minimal_client/build/lib/examples_rclpy_minimal_client/client.py -> /home/vboxuser/ros2_ws/install/examples_rclpy_minimal_client/lib/python3.10/site-packages/examples_rclpy_minimal_client
[7.767s] copying /home/vboxuser/ros2_ws/build/examples_rclpy_minimal_client/build/lib/examples_rclpy_minimal_client/client_async_member_function.py -> /home/vboxuser/ros2_ws/install/examples_rclpy_minimal_client/lib/python3.10/site-packages/examples_rclpy_minimal_client
[7.768s] copying /home/vboxuser/ros2_ws/build/examples_rclpy_minimal_client/build/lib/examples_rclpy_minimal_client/__init__.py -> /home/vboxuser/ros2_ws/install/examples_rclpy_minimal_client/lib/python3.10/site-packages/examples_rclpy_minimal_client
[7.768s] copying /home/vboxuser/ros2_ws/build/examples_rclpy_minimal_client/build/lib/examples_rclpy_minimal_client/client_async_callback.py -> /home/vboxuser/ros2_ws/install/examples_rclpy_minimal_client/lib/python3.10/site-packages/examples_rclpy_minimal_client
[7.768s] copying /home/vboxuser/ros2_ws/build/examples_rclpy_minimal_client/build/lib/examples_rclpy_minimal_client/client_async.py -> /home/vboxuser/ros2_ws/install/examples_rclpy_minimal_client/lib/python3.10/site-packages/examples_rclpy_minimal_client
[7.768s] byte-compiling /home/vboxuser/ros2_ws/install/examples_rclpy_minimal_client/lib/python3.10/site-packages/examples_rclpy_minimal_client/client.py to client.cpython-310.pyc
[7.769s] byte-compiling /home/vboxuser/ros2_ws/install/examples_rclpy_minimal_client/lib/python3.10/site-packages/examples_rclpy_minimal_client/client_async_member_function.py to client_async_member_function.cpython-310.pyc
[7.769s] byte-compiling /home/vboxuser/ros2_ws/install/examples_rclpy_minimal_client/lib/python3.10/site-packages/examples_rclpy_minimal_client/__init__.py to __init__.cpython-310.pyc
[7.769s] byte-compiling /home/vboxuser/ros2_ws/install/examples_rclpy_minimal_client/lib/python3.10/site-packages/examples_rclpy_minimal_client/client_async_callback.py to client_async_callback.cpython-310.pyc
[7.769s] byte-compiling /home/vboxuser/ros2_ws/install/examples_rclpy_minimal_client/lib/python3.10/site-packages/examples_rclpy_minimal_client/client_async.py to client_async.cpython-310.pyc
[7.769s] running install_data
[7.769s] creating /home/vboxuser/ros2_ws/install/examples_rclpy_minimal_client/share/ament_index
[7.769s] creating /home/vboxuser/ros2_ws/install/examples_rclpy_minimal_client/share/ament_index/resource_index
[7.770s] creating /home/vboxuser/ros2_ws/install/examples_rclpy_minimal_client/share/ament_index/resource_index/packages
[7.770s] copying resource/examples_rclpy_minimal_client -> /home/vboxuser/ros2_ws/install/examples_rclpy_minimal_client/share/ament_index/resource_index/packages
[7.770s] copying package.xml -> /home/vboxuser/ros2_ws/install/examples_rclpy_minimal_client/share/examples_rclpy_minimal_client
[7.770s] running install_egg_info
[7.770s] Copying ../../../../../build/examples_rclpy_minimal_client/examples_rclpy_minimal_client.egg-info to /home/vboxuser/ros2_ws/install/examples_rclpy_minimal_client/lib/python3.10/site-packages/examples_rclpy_minimal_client-0.18.2-py3.10.egg-info
[7.771s] running install_scripts
[7.771s] Installing client script to /home/vboxuser/ros2_ws/install/examples_rclpy_minimal_client/lib/examples_rclpy_minimal_client
[7.771s] Installing client_async script to /home/vboxuser/ros2_ws/install/examples_rclpy_minimal_client/lib/examples_rclpy_minimal_client
[7.771s] Installing client_async_callback script to /home/vboxuser/ros2_ws/install/examples_rclpy_minimal_client/lib/examples_rclpy_minimal_client
[7.771s] Installing client_async_member_function script to /home/vboxuser/ros2_ws/install/examples_rclpy_minimal_client/lib/examples_rclpy_minimal_client
[7.771s] writing list of installed files to '/home/vboxuser/ros2_ws/build/examples_rclpy_minimal_client/install.log'
[7.838s] Invoked command in '/home/vboxuser/ros2_ws/src/examples/rclpy/services/minimal_client' returned '0': PYTHONPATH=/home/vboxuser/ros2_ws/build/examples_rclpy_minimal_client/prefix_override:/usr/lib/python3/dist-packages/colcon_core/task/python/colcon_distutils_commands:/home/vboxuser/ros2_ws/install/examples_rclpy_minimal_client/lib/python3.10/site-packages:${PYTHONPATH} /usr/bin/python3 -W ignore:setup.py install is deprecated -W ignore:easy_install command is deprecated setup.py egg_info --egg-base ../../../../../build/examples_rclpy_minimal_client build --build-base /home/vboxuser/ros2_ws/build/examples_rclpy_minimal_client/build install --record /home/vboxuser/ros2_ws/build/examples_rclpy_minimal_client/install.log --single-version-externally-managed install_data
