[0.111s] Invoking command in '/home/vboxuser/ros2_ws/build/udp_driver': AMENT_PREFIX_PATH=/home/vboxuser/ros2_ws/install/io_context:/home/vboxuser/ros2_ws/install/asio_cmake_module CMAKE_PREFIX_PATH=/home/vboxuser/ros2_ws/install/io_context:/home/vboxuser/ros2_ws/install/asio_cmake_module LD_LIBRARY_PATH=/home/vboxuser/ros2_ws/install/io_context/lib /usr/bin/cmake --build /home/vboxuser/ros2_ws/build/udp_driver -- -j4 -l4
[0.562s] [ 12%] Built target udp_driver
[0.788s] [ 20%] Built target gtest_main
[0.882s] [ 29%] Built target gtest
[1.153s] [ 41%] Built target udp_driver_nodes
[1.409s] [ 50%] Built target udp_sender_node_exe
[1.602s] [ 58%] Built target test_udp_socket
[1.758s] [ 66%] Built target test_udp_data
[1.903s] [ 75%] Built target test_udp_driver
[2.044s] [ 83%] Built target test_udp_driver_nodes
[2.200s] [ 91%] Built target udp_bridge_node_exe
[2.328s] [100%] Built target udp_receiver_node_exe
[2.359s] Invoked command in '/home/vboxuser/ros2_ws/build/udp_driver' returned '0': AMENT_PREFIX_PATH=/home/vboxuser/ros2_ws/install/io_context:/home/vboxuser/ros2_ws/install/asio_cmake_module CMAKE_PREFIX_PATH=/home/vboxuser/ros2_ws/install/io_context:/home/vboxuser/ros2_ws/install/asio_cmake_module LD_LIBRARY_PATH=/home/vboxuser/ros2_ws/install/io_context/lib /usr/bin/cmake --build /home/vboxuser/ros2_ws/build/udp_driver -- -j4 -l4
[2.384s] Invoking command in '/home/vboxuser/ros2_ws/build/udp_driver': AMENT_PREFIX_PATH=/home/vboxuser/ros2_ws/install/io_context:/home/vboxuser/ros2_ws/install/asio_cmake_module CMAKE_PREFIX_PATH=/home/vboxuser/ros2_ws/install/io_context:/home/vboxuser/ros2_ws/install/asio_cmake_module LD_LIBRARY_PATH=/home/vboxuser/ros2_ws/install/io_context/lib /usr/bin/cmake --install /home/vboxuser/ros2_ws/build/udp_driver
[2.400s] -- Install configuration: ""
[2.406s] -- Up-to-date: /home/vboxuser/ros2_ws/install/udp_driver/lib/udp_driver/udp_receiver_node_exe
[2.436s] -- Up-to-date: /home/vboxuser/ros2_ws/install/udp_driver/lib/udp_driver/udp_sender_node_exe
[2.438s] -- Up-to-date: /home/vboxuser/ros2_ws/install/udp_driver/include
[2.438s] -- Up-to-date: /home/vboxuser/ros2_ws/install/udp_driver/include/udp_driver
[2.438s] -- Up-to-date: /home/vboxuser/ros2_ws/install/udp_driver/include/udp_driver/udp_socket.hpp
[2.439s] -- Up-to-date: /home/vboxuser/ros2_ws/install/udp_driver/include/udp_driver/udp_driver.hpp
[2.439s] -- Up-to-date: /home/vboxuser/ros2_ws/install/udp_driver/include/udp_driver/udp_receiver_node.hpp
[2.439s] -- Up-to-date: /home/vboxuser/ros2_ws/install/udp_driver/include/udp_driver/visibility_control.hpp
[2.439s] -- Up-to-date: /home/vboxuser/ros2_ws/install/udp_driver/include/udp_driver/udp_sender_node.hpp
[2.440s] -- Up-to-date: /home/vboxuser/ros2_ws/install/udp_driver/share/udp_driver/environment/library_path.sh
[2.440s] -- Up-to-date: /home/vboxuser/ros2_ws/install/udp_driver/share/udp_driver/environment/library_path.dsv
[2.491s] -- Up-to-date: /home/vboxuser/ros2_ws/install/udp_driver/lib/libudp_driver.so
[2.551s] -- Up-to-date: /home/vboxuser/ros2_ws/install/udp_driver/lib/libudp_driver_nodes.so
[2.584s] -- Up-to-date: /home/vboxuser/ros2_ws/install/udp_driver/lib/udp_driver/udp_bridge_node_exe
[2.584s] -- Up-to-date: /home/vboxuser/ros2_ws/install/udp_driver/share/ament_index/resource_index/package_run_dependencies/udp_driver
[2.584s] -- Up-to-date: /home/vboxuser/ros2_ws/install/udp_driver/share/ament_index/resource_index/parent_prefix_path/udp_driver
[2.584s] -- Up-to-date: /home/vboxuser/ros2_ws/install/udp_driver/share/udp_driver/environment/ament_prefix_path.dsv
[2.584s] -- Up-to-date: /home/vboxuser/ros2_ws/install/udp_driver/share/udp_driver/environment/path.dsv
[2.585s] -- Up-to-date: /home/vboxuser/ros2_ws/install/udp_driver/share/udp_driver/local_setup.bash
[2.585s] -- Up-to-date: /home/vboxuser/ros2_ws/install/udp_driver/share/udp_driver/local_setup.sh
[2.585s] -- Up-to-date: /home/vboxuser/ros2_ws/install/udp_driver/share/udp_driver/local_setup.zsh
[2.585s] -- Up-to-date: /home/vboxuser/ros2_ws/install/udp_driver/share/udp_driver/local_setup.dsv
[2.585s] -- Installing: /home/vboxuser/ros2_ws/install/udp_driver/share/udp_driver/package.dsv
[2.590s] -- Up-to-date: /home/vboxuser/ros2_ws/install/udp_driver/share/ament_index/resource_index/packages/udp_driver
[2.590s] -- Up-to-date: /home/vboxuser/ros2_ws/install/udp_driver/share/ament_index/resource_index/rclcpp_components/udp_driver
[2.593s] -- Up-to-date: /home/vboxuser/ros2_ws/install/udp_driver/share/udp_driver/cmake/ament_cmake_export_dependencies-extras.cmake
[2.593s] -- Up-to-date: /home/vboxuser/ros2_ws/install/udp_driver/share/udp_driver/cmake/ament_cmake_export_include_directories-extras.cmake
[2.594s] -- Up-to-date: /home/vboxuser/ros2_ws/install/udp_driver/share/udp_driver/cmake/ament_cmake_export_libraries-extras.cmake
[2.597s] -- Up-to-date: /home/vboxuser/ros2_ws/install/udp_driver/share/udp_driver/cmake/udp_driver-extras.cmake
[2.599s] -- Up-to-date: /home/vboxuser/ros2_ws/install/udp_driver/share/udp_driver/cmake/udp_driverConfig.cmake
[2.601s] -- Up-to-date: /home/vboxuser/ros2_ws/install/udp_driver/share/udp_driver/cmake/udp_driverConfig-version.cmake
[2.603s] -- Up-to-date: /home/vboxuser/ros2_ws/install/udp_driver/share/udp_driver/package.xml
[2.610s] Invoked command in '/home/vboxuser/ros2_ws/build/udp_driver' returned '0': AMENT_PREFIX_PATH=/home/vboxuser/ros2_ws/install/io_context:/home/vboxuser/ros2_ws/install/asio_cmake_module CMAKE_PREFIX_PATH=/home/vboxuser/ros2_ws/install/io_context:/home/vboxuser/ros2_ws/install/asio_cmake_module LD_LIBRARY_PATH=/home/vboxuser/ros2_ws/install/io_context/lib /usr/bin/cmake --install /home/vboxuser/ros2_ws/build/udp_driver
