[6.591s] Invoking command in '/home/vboxuser/ros2_ws/src/read_rosbag': PYTHONPATH=/home/vboxuser/ros2_ws/build/read_rosbag/prefix_override:/usr/lib/python3/dist-packages/colcon_core/task/python/colcon_distutils_commands:/home/vboxuser/ros2_ws/install/read_rosbag/lib/python3.10/site-packages:${PYTHONPATH} /usr/bin/python3 -W ignore:setup.py install is deprecated -W ignore:easy_install command is deprecated setup.py egg_info --egg-base ../../build/read_rosbag build --build-base /home/vboxuser/ros2_ws/build/read_rosbag/build install --record /home/vboxuser/ros2_ws/build/read_rosbag/install.log --single-version-externally-managed install_data
[9.459s] running egg_info
[9.466s] writing ../../build/read_rosbag/read_rosbag.egg-info/PKG-INFO
[9.472s] writing dependency_links to ../../build/read_rosbag/read_rosbag.egg-info/dependency_links.txt
[9.474s] writing entry points to ../../build/read_rosbag/read_rosbag.egg-info/entry_points.txt
[9.479s] writing requirements to ../../build/read_rosbag/read_rosbag.egg-info/requires.txt
[9.482s] writing top-level names to ../../build/read_rosbag/read_rosbag.egg-info/top_level.txt
[9.496s] reading manifest file '../../build/read_rosbag/read_rosbag.egg-info/SOURCES.txt'
[9.501s] adding license file 'LICENSE'
[9.501s] writing manifest file '../../build/read_rosbag/read_rosbag.egg-info/SOURCES.txt'
[9.502s] running build
[9.503s] running build_py
[9.503s] running install
[9.503s] running install_lib
[9.525s] running install_data
[9.526s] running install_egg_info
[9.543s] removing '/home/vboxuser/ros2_ws/install/read_rosbag/lib/python3.10/site-packages/read_rosbag-0.0.0-py3.10.egg-info' (and everything under it)
[9.545s] Copying ../../build/read_rosbag/read_rosbag.egg-info to /home/vboxuser/ros2_ws/install/read_rosbag/lib/python3.10/site-packages/read_rosbag-0.0.0-py3.10.egg-info
[9.545s] running install_scripts
[9.734s] Installing load_rosbag script to /home/vboxuser/ros2_ws/install/read_rosbag/lib/read_rosbag
[9.739s] writing list of installed files to '/home/vboxuser/ros2_ws/build/read_rosbag/install.log'
[9.866s] Invoked command in '/home/vboxuser/ros2_ws/src/read_rosbag' returned '0': PYTHONPATH=/home/vboxuser/ros2_ws/build/read_rosbag/prefix_override:/usr/lib/python3/dist-packages/colcon_core/task/python/colcon_distutils_commands:/home/vboxuser/ros2_ws/install/read_rosbag/lib/python3.10/site-packages:${PYTHONPATH} /usr/bin/python3 -W ignore:setup.py install is deprecated -W ignore:easy_install command is deprecated setup.py egg_info --egg-base ../../build/read_rosbag build --build-base /home/vboxuser/ros2_ws/build/read_rosbag/build install --record /home/vboxuser/ros2_ws/build/read_rosbag/install.log --single-version-externally-managed install_data
