[4.036s] Invoking command in '/home/vboxuser/ros2_ws/src/examples/rclpy/topics/pointcloud_publisher': PYTHONPATH=/home/vboxuser/ros2_ws/src/build/examples_rclpy_pointcloud_publisher/prefix_override:/usr/lib/python3/dist-packages/colcon_core/task/python/colcon_distutils_commands:/home/vboxuser/ros2_ws/src/install/examples_rclpy_pointcloud_publisher/lib/python3.10/site-packages:${PYTHONPATH} /usr/bin/python3 -W ignore:setup.py install is deprecated -W ignore:easy_install command is deprecated setup.py egg_info --egg-base ../../../../build/examples_rclpy_pointcloud_publisher build --build-base /home/vboxuser/ros2_ws/src/build/examples_rclpy_pointcloud_publisher/build install --record /home/vboxuser/ros2_ws/src/build/examples_rclpy_pointcloud_publisher/install.log --single-version-externally-managed install_data
[6.495s] running egg_info
[6.559s] creating ../../../../build/examples_rclpy_pointcloud_publisher/examples_rclpy_pointcloud_publisher.egg-info
[6.560s] writing ../../../../build/examples_rclpy_pointcloud_publisher/examples_rclpy_pointcloud_publisher.egg-info/PKG-INFO
[6.560s] writing dependency_links to ../../../../build/examples_rclpy_pointcloud_publisher/examples_rclpy_pointcloud_publisher.egg-info/dependency_links.txt
[6.560s] writing entry points to ../../../../build/examples_rclpy_pointcloud_publisher/examples_rclpy_pointcloud_publisher.egg-info/entry_points.txt
[6.560s] writing requirements to ../../../../build/examples_rclpy_pointcloud_publisher/examples_rclpy_pointcloud_publisher.egg-info/requires.txt
[6.560s] writing top-level names to ../../../../build/examples_rclpy_pointcloud_publisher/examples_rclpy_pointcloud_publisher.egg-info/top_level.txt
[6.560s] writing manifest file '../../../../build/examples_rclpy_pointcloud_publisher/examples_rclpy_pointcloud_publisher.egg-info/SOURCES.txt'
[6.560s] reading manifest file '../../../../build/examples_rclpy_pointcloud_publisher/examples_rclpy_pointcloud_publisher.egg-info/SOURCES.txt'
[6.560s] writing manifest file '../../../../build/examples_rclpy_pointcloud_publisher/examples_rclpy_pointcloud_publisher.egg-info/SOURCES.txt'
[6.560s] running build
[6.560s] running build_py
[6.561s] creating /home/vboxuser/ros2_ws/src/build/examples_rclpy_pointcloud_publisher/build
[6.561s] creating /home/vboxuser/ros2_ws/src/build/examples_rclpy_pointcloud_publisher/build/lib
[6.561s] creating /home/vboxuser/ros2_ws/src/build/examples_rclpy_pointcloud_publisher/build/lib/examples_rclpy_pointcloud_publisher
[6.561s] copying examples_rclpy_pointcloud_publisher/pointcloud_publisher.py -> /home/vboxuser/ros2_ws/src/build/examples_rclpy_pointcloud_publisher/build/lib/examples_rclpy_pointcloud_publisher
[6.561s] copying examples_rclpy_pointcloud_publisher/__init__.py -> /home/vboxuser/ros2_ws/src/build/examples_rclpy_pointcloud_publisher/build/lib/examples_rclpy_pointcloud_publisher
[6.561s] running install
[6.561s] running install_lib
[6.561s] creating /home/vboxuser/ros2_ws/src/install/examples_rclpy_pointcloud_publisher/lib/python3.10/site-packages/examples_rclpy_pointcloud_publisher
[6.561s] copying /home/vboxuser/ros2_ws/src/build/examples_rclpy_pointcloud_publisher/build/lib/examples_rclpy_pointcloud_publisher/pointcloud_publisher.py -> /home/vboxuser/ros2_ws/src/install/examples_rclpy_pointcloud_publisher/lib/python3.10/site-packages/examples_rclpy_pointcloud_publisher
[6.561s] copying /home/vboxuser/ros2_ws/src/build/examples_rclpy_pointcloud_publisher/build/lib/examples_rclpy_pointcloud_publisher/__init__.py -> /home/vboxuser/ros2_ws/src/install/examples_rclpy_pointcloud_publisher/lib/python3.10/site-packages/examples_rclpy_pointcloud_publisher
[6.562s] byte-compiling /home/vboxuser/ros2_ws/src/install/examples_rclpy_pointcloud_publisher/lib/python3.10/site-packages/examples_rclpy_pointcloud_publisher/pointcloud_publisher.py to pointcloud_publisher.cpython-310.pyc
[6.562s] byte-compiling /home/vboxuser/ros2_ws/src/install/examples_rclpy_pointcloud_publisher/lib/python3.10/site-packages/examples_rclpy_pointcloud_publisher/__init__.py to __init__.cpython-310.pyc
[6.562s] running install_data
[6.562s] creating /home/vboxuser/ros2_ws/src/install/examples_rclpy_pointcloud_publisher/share/ament_index
[6.562s] creating /home/vboxuser/ros2_ws/src/install/examples_rclpy_pointcloud_publisher/share/ament_index/resource_index
[6.562s] creating /home/vboxuser/ros2_ws/src/install/examples_rclpy_pointcloud_publisher/share/ament_index/resource_index/packages
[6.562s] copying resource/examples_rclpy_pointcloud_publisher -> /home/vboxuser/ros2_ws/src/install/examples_rclpy_pointcloud_publisher/share/ament_index/resource_index/packages
[6.562s] copying package.xml -> /home/vboxuser/ros2_ws/src/install/examples_rclpy_pointcloud_publisher/share/examples_rclpy_pointcloud_publisher
[6.562s] running install_egg_info
[6.562s] Copying ../../../../build/examples_rclpy_pointcloud_publisher/examples_rclpy_pointcloud_publisher.egg-info to /home/vboxuser/ros2_ws/src/install/examples_rclpy_pointcloud_publisher/lib/python3.10/site-packages/examples_rclpy_pointcloud_publisher-0.18.2-py3.10.egg-info
[6.562s] running install_scripts
[6.746s] Installing pointcloud_publisher script to /home/vboxuser/ros2_ws/src/install/examples_rclpy_pointcloud_publisher/lib/examples_rclpy_pointcloud_publisher
[6.746s] writing list of installed files to '/home/vboxuser/ros2_ws/src/build/examples_rclpy_pointcloud_publisher/install.log'
[6.805s] Invoked command in '/home/vboxuser/ros2_ws/src/examples/rclpy/topics/pointcloud_publisher' returned '0': PYTHONPATH=/home/vboxuser/ros2_ws/src/build/examples_rclpy_pointcloud_publisher/prefix_override:/usr/lib/python3/dist-packages/colcon_core/task/python/colcon_distutils_commands:/home/vboxuser/ros2_ws/src/install/examples_rclpy_pointcloud_publisher/lib/python3.10/site-packages:${PYTHONPATH} /usr/bin/python3 -W ignore:setup.py install is deprecated -W ignore:easy_install command is deprecated setup.py egg_info --egg-base ../../../../build/examples_rclpy_pointcloud_publisher build --build-base /home/vboxuser/ros2_ws/src/build/examples_rclpy_pointcloud_publisher/build install --record /home/vboxuser/ros2_ws/src/build/examples_rclpy_pointcloud_publisher/install.log --single-version-externally-managed install_data
