[1.265s] Invoking command in '/home/vboxuser/ros2_ws/build/bq769x2_i2c_ros': /usr/bin/cmake --build /home/vboxuser/ros2_ws/build/bq769x2_i2c_ros -- -j4 -l4
[4.696s] -- Found ament_cmake: 2.0.7 (/opt/ros/iron/share/ament_cmake/cmake)
[7.310s] Traceback (most recent call last):
[7.310s]   File "/opt/ros/iron/share/ament_cmake_core/cmake/package_templates/templates_2_cmake.py", line 21, in <module>
[7.311s]     from ament_package.templates import get_environment_hook_template_path
[7.311s] ModuleNotFoundError: No module named 'ament_package'
[7.337s] -- Configuring incomplete, errors occurred!
[7.337s] See also "/home/vboxuser/ros2_ws/build/bq769x2_i2c_ros/CMakeFiles/CMakeOutput.log".
[7.340s] [31mCMake Error at /opt/ros/iron/share/ament_cmake_core/cmake/ament_cmake_package_templates-extras.cmake:41 (message):
[7.340s]   execute_process(/usr/bin/python3.10
[7.341s]   /opt/ros/iron/share/ament_cmake_core/cmake/package_templates/templates_2_cmake.py
[7.341s]   /home/vboxuser/ros2_ws/build/bq769x2_i2c_ros/ament_cmake_package_templates/templates.cmake)
[7.341s]   returned error code 1
[7.341s] Call Stack (most recent call first):
[7.341s]   /opt/ros/iron/share/ament_cmake_core/cmake/ament_cmake_coreConfig.cmake:41 (include)
[7.341s]   /opt/ros/iron/share/ament_cmake/cmake/ament_cmake_export_dependencies-extras.cmake:15 (find_package)
[7.341s]   /opt/ros/iron/share/ament_cmake/cmake/ament_cmakeConfig.cmake:41 (include)
[7.342s]   CMakeLists.txt:9 (find_package)
[7.342s] 
[7.342s] [0m
[7.476s] gmake: *** [Makefile:348: cmake_check_build_system] Error 1
[7.484s] Invoked command in '/home/vboxuser/ros2_ws/build/bq769x2_i2c_ros' returned '2': /usr/bin/cmake --build /home/vboxuser/ros2_ws/build/bq769x2_i2c_ros -- -j4 -l4
