[3.770s] Invoking command in '/home/vboxuser/ros2_ws/src/examples/rclpy/topics/minimal_subscriber': PYTHONPATH=/home/vboxuser/ros2_ws/src/build/examples_rclpy_minimal_subscriber/prefix_override:/usr/lib/python3/dist-packages/colcon_core/task/python/colcon_distutils_commands:/home/vboxuser/ros2_ws/src/install/examples_rclpy_minimal_subscriber/lib/python3.10/site-packages:${PYTHONPATH} /usr/bin/python3 -W ignore:setup.py install is deprecated -W ignore:easy_install command is deprecated setup.py egg_info --egg-base ../../../../build/examples_rclpy_minimal_subscriber build --build-base /home/vboxuser/ros2_ws/src/build/examples_rclpy_minimal_subscriber/build install --record /home/vboxuser/ros2_ws/src/build/examples_rclpy_minimal_subscriber/install.log --single-version-externally-managed install_data
[5.842s] running egg_info
[5.907s] creating ../../../../build/examples_rclpy_minimal_subscriber/examples_rclpy_minimal_subscriber.egg-info
[5.908s] writing ../../../../build/examples_rclpy_minimal_subscriber/examples_rclpy_minimal_subscriber.egg-info/PKG-INFO
[5.908s] writing dependency_links to ../../../../build/examples_rclpy_minimal_subscriber/examples_rclpy_minimal_subscriber.egg-info/dependency_links.txt
[5.908s] writing entry points to ../../../../build/examples_rclpy_minimal_subscriber/examples_rclpy_minimal_subscriber.egg-info/entry_points.txt
[5.908s] writing requirements to ../../../../build/examples_rclpy_minimal_subscriber/examples_rclpy_minimal_subscriber.egg-info/requires.txt
[5.908s] writing top-level names to ../../../../build/examples_rclpy_minimal_subscriber/examples_rclpy_minimal_subscriber.egg-info/top_level.txt
[5.908s] writing manifest file '../../../../build/examples_rclpy_minimal_subscriber/examples_rclpy_minimal_subscriber.egg-info/SOURCES.txt'
[5.908s] reading manifest file '../../../../build/examples_rclpy_minimal_subscriber/examples_rclpy_minimal_subscriber.egg-info/SOURCES.txt'
[5.908s] writing manifest file '../../../../build/examples_rclpy_minimal_subscriber/examples_rclpy_minimal_subscriber.egg-info/SOURCES.txt'
[5.908s] running build
[5.908s] running build_py
[5.908s] creating /home/vboxuser/ros2_ws/src/build/examples_rclpy_minimal_subscriber/build
[5.909s] creating /home/vboxuser/ros2_ws/src/build/examples_rclpy_minimal_subscriber/build/lib
[5.909s] creating /home/vboxuser/ros2_ws/src/build/examples_rclpy_minimal_subscriber/build/lib/examples_rclpy_minimal_subscriber
[5.909s] copying examples_rclpy_minimal_subscriber/subscriber_lambda.py -> /home/vboxuser/ros2_ws/src/build/examples_rclpy_minimal_subscriber/build/lib/examples_rclpy_minimal_subscriber
[5.909s] copying examples_rclpy_minimal_subscriber/subscriber_old_school.py -> /home/vboxuser/ros2_ws/src/build/examples_rclpy_minimal_subscriber/build/lib/examples_rclpy_minimal_subscriber
[5.909s] copying examples_rclpy_minimal_subscriber/subscriber_member_function.py -> /home/vboxuser/ros2_ws/src/build/examples_rclpy_minimal_subscriber/build/lib/examples_rclpy_minimal_subscriber
[5.909s] copying examples_rclpy_minimal_subscriber/__init__.py -> /home/vboxuser/ros2_ws/src/build/examples_rclpy_minimal_subscriber/build/lib/examples_rclpy_minimal_subscriber
[5.909s] running install
[5.909s] running install_lib
[5.909s] creating /home/vboxuser/ros2_ws/src/install/examples_rclpy_minimal_subscriber/lib/python3.10/site-packages/examples_rclpy_minimal_subscriber
[5.909s] copying /home/vboxuser/ros2_ws/src/build/examples_rclpy_minimal_subscriber/build/lib/examples_rclpy_minimal_subscriber/subscriber_lambda.py -> /home/vboxuser/ros2_ws/src/install/examples_rclpy_minimal_subscriber/lib/python3.10/site-packages/examples_rclpy_minimal_subscriber
[5.909s] copying /home/vboxuser/ros2_ws/src/build/examples_rclpy_minimal_subscriber/build/lib/examples_rclpy_minimal_subscriber/subscriber_old_school.py -> /home/vboxuser/ros2_ws/src/install/examples_rclpy_minimal_subscriber/lib/python3.10/site-packages/examples_rclpy_minimal_subscriber
[5.909s] copying /home/vboxuser/ros2_ws/src/build/examples_rclpy_minimal_subscriber/build/lib/examples_rclpy_minimal_subscriber/subscriber_member_function.py -> /home/vboxuser/ros2_ws/src/install/examples_rclpy_minimal_subscriber/lib/python3.10/site-packages/examples_rclpy_minimal_subscriber
[5.910s] copying /home/vboxuser/ros2_ws/src/build/examples_rclpy_minimal_subscriber/build/lib/examples_rclpy_minimal_subscriber/__init__.py -> /home/vboxuser/ros2_ws/src/install/examples_rclpy_minimal_subscriber/lib/python3.10/site-packages/examples_rclpy_minimal_subscriber
[5.910s] byte-compiling /home/vboxuser/ros2_ws/src/install/examples_rclpy_minimal_subscriber/lib/python3.10/site-packages/examples_rclpy_minimal_subscriber/subscriber_lambda.py to subscriber_lambda.cpython-310.pyc
[5.910s] byte-compiling /home/vboxuser/ros2_ws/src/install/examples_rclpy_minimal_subscriber/lib/python3.10/site-packages/examples_rclpy_minimal_subscriber/subscriber_old_school.py to subscriber_old_school.cpython-310.pyc
[5.940s] byte-compiling /home/vboxuser/ros2_ws/src/install/examples_rclpy_minimal_subscriber/lib/python3.10/site-packages/examples_rclpy_minimal_subscriber/subscriber_member_function.py to subscriber_member_function.cpython-310.pyc
[5.941s] byte-compiling /home/vboxuser/ros2_ws/src/install/examples_rclpy_minimal_subscriber/lib/python3.10/site-packages/examples_rclpy_minimal_subscriber/__init__.py to __init__.cpython-310.pyc
[5.941s] running install_data
[5.941s] creating /home/vboxuser/ros2_ws/src/install/examples_rclpy_minimal_subscriber/share/ament_index
[5.941s] creating /home/vboxuser/ros2_ws/src/install/examples_rclpy_minimal_subscriber/share/ament_index/resource_index
[5.941s] creating /home/vboxuser/ros2_ws/src/install/examples_rclpy_minimal_subscriber/share/ament_index/resource_index/packages
[5.941s] copying resource/examples_rclpy_minimal_subscriber -> /home/vboxuser/ros2_ws/src/install/examples_rclpy_minimal_subscriber/share/ament_index/resource_index/packages
[5.941s] copying package.xml -> /home/vboxuser/ros2_ws/src/install/examples_rclpy_minimal_subscriber/share/examples_rclpy_minimal_subscriber
[5.941s] running install_egg_info
[5.941s] Copying ../../../../build/examples_rclpy_minimal_subscriber/examples_rclpy_minimal_subscriber.egg-info to /home/vboxuser/ros2_ws/src/install/examples_rclpy_minimal_subscriber/lib/python3.10/site-packages/examples_rclpy_minimal_subscriber-0.18.2-py3.10.egg-info
[5.942s] running install_scripts
[5.948s] Installing subscriber_lambda script to /home/vboxuser/ros2_ws/src/install/examples_rclpy_minimal_subscriber/lib/examples_rclpy_minimal_subscriber
[5.949s] Installing subscriber_member_function script to /home/vboxuser/ros2_ws/src/install/examples_rclpy_minimal_subscriber/lib/examples_rclpy_minimal_subscriber
[5.951s] Installing subscriber_old_school script to /home/vboxuser/ros2_ws/src/install/examples_rclpy_minimal_subscriber/lib/examples_rclpy_minimal_subscriber
[5.954s] writing list of installed files to '/home/vboxuser/ros2_ws/src/build/examples_rclpy_minimal_subscriber/install.log'
[6.023s] Invoked command in '/home/vboxuser/ros2_ws/src/examples/rclpy/topics/minimal_subscriber' returned '0': PYTHONPATH=/home/vboxuser/ros2_ws/src/build/examples_rclpy_minimal_subscriber/prefix_override:/usr/lib/python3/dist-packages/colcon_core/task/python/colcon_distutils_commands:/home/vboxuser/ros2_ws/src/install/examples_rclpy_minimal_subscriber/lib/python3.10/site-packages:${PYTHONPATH} /usr/bin/python3 -W ignore:setup.py install is deprecated -W ignore:easy_install command is deprecated setup.py egg_info --egg-base ../../../../build/examples_rclpy_minimal_subscriber build --build-base /home/vboxuser/ros2_ws/src/build/examples_rclpy_minimal_subscriber/build install --record /home/vboxuser/ros2_ws/src/build/examples_rclpy_minimal_subscriber/install.log --single-version-externally-managed install_data
