[0.765s] Invoking command in '/home/vboxuser/ros2_ws/build/bq769x2_i2c_ros': /usr/bin/cmake --build /home/vboxuser/ros2_ws/build/bq769x2_i2c_ros -- -j4 -l4
[11.082s] [100%] Built target bq769x2_node
[11.138s] Invoked command in '/home/vboxuser/ros2_ws/build/bq769x2_i2c_ros' returned '0': /usr/bin/cmake --build /home/vboxuser/ros2_ws/build/bq769x2_i2c_ros -- -j4 -l4
[11.199s] Invoking command in '/home/vboxuser/ros2_ws/build/bq769x2_i2c_ros': /usr/bin/cmake --install /home/vboxuser/ros2_ws/build/bq769x2_i2c_ros
[11.278s] -- Install configuration: ""
[11.278s] -- Up-to-date: /home/vboxuser/ros2_ws/install/bq769x2_i2c_ros/lib/bq769x2_i2c_ros/bq769x2_node
[11.279s] -- Up-to-date: /home/vboxuser/ros2_ws/install/bq769x2_i2c_ros/share/ament_index/resource_index/package_run_dependencies/bq769x2_i2c_ros
[11.279s] -- Up-to-date: /home/vboxuser/ros2_ws/install/bq769x2_i2c_ros/share/ament_index/resource_index/parent_prefix_path/bq769x2_i2c_ros
[11.279s] -- Up-to-date: /home/vboxuser/ros2_ws/install/bq769x2_i2c_ros/share/bq769x2_i2c_ros/environment/ament_prefix_path.dsv
[11.279s] -- Up-to-date: /home/vboxuser/ros2_ws/install/bq769x2_i2c_ros/share/bq769x2_i2c_ros/environment/path.dsv
[11.281s] -- Up-to-date: /home/vboxuser/ros2_ws/install/bq769x2_i2c_ros/share/bq769x2_i2c_ros/local_setup.bash
[11.281s] -- Up-to-date: /home/vboxuser/ros2_ws/install/bq769x2_i2c_ros/share/bq769x2_i2c_ros/local_setup.sh
[11.282s] -- Up-to-date: /home/vboxuser/ros2_ws/install/bq769x2_i2c_ros/share/bq769x2_i2c_ros/local_setup.zsh
[11.282s] -- Up-to-date: /home/vboxuser/ros2_ws/install/bq769x2_i2c_ros/share/bq769x2_i2c_ros/local_setup.dsv
[11.282s] -- Installing: /home/vboxuser/ros2_ws/install/bq769x2_i2c_ros/share/bq769x2_i2c_ros/package.dsv
[11.282s] -- Up-to-date: /home/vboxuser/ros2_ws/install/bq769x2_i2c_ros/share/ament_index/resource_index/packages/bq769x2_i2c_ros
[11.283s] -- Up-to-date: /home/vboxuser/ros2_ws/install/bq769x2_i2c_ros/share/bq769x2_i2c_ros/cmake/bq769x2_i2c_rosConfig.cmake
[11.283s] -- Up-to-date: /home/vboxuser/ros2_ws/install/bq769x2_i2c_ros/share/bq769x2_i2c_ros/cmake/bq769x2_i2c_rosConfig-version.cmake
[11.283s] -- Up-to-date: /home/vboxuser/ros2_ws/install/bq769x2_i2c_ros/share/bq769x2_i2c_ros/package.xml
[11.512s] Invoked command in '/home/vboxuser/ros2_ws/build/bq769x2_i2c_ros' returned '0': /usr/bin/cmake --install /home/vboxuser/ros2_ws/build/bq769x2_i2c_ros
