[1.964s] Invoking command in '/home/vboxuser/ros2_ws/build/turtlesim': CMAKE_PREFIX_PATH=${CMAKE_PREFIX_PATH}:/opt/ros/iron:/home/vboxuser/ros2_iron/install/rqt_bag_plugins:/home/vboxuser/ros2_iron/install/rqt_bag:/home/vboxuser/ros2_iron/install/rosbag2_examples_py:/home/vboxuser/ros2_iron/install/launch_testing_examples:/home/vboxuser/ros2_iron/install/ros2bag:/home/vboxuser/ros2_iron/install/tracetools_test:/home/vboxuser/ros2_iron/install/tracetools_launch:/home/vboxuser/ros2_iron/install/topic_monitor:/home/vboxuser/ros2_iron/install/tf2_tools:/home/vboxuser/ros2_iron/install/examples_tf2_py:/home/vboxuser/ros2_iron/install/tf2_ros_py:/home/vboxuser/ros2_iron/install/examples_rclpy_pointcloud_publisher:/home/vboxuser/ros2_iron/install/sensor_msgs_py:/home/vboxuser/ros2_iron/install/quality_of_service_demo_py:/home/vboxuser/ros2_iron/install/rqt_plot:/home/vboxuser/ros2_iron/install/ros2doctor:/home/vboxuser/ros2_iron/install/lifecycle_py:/home/vboxuser/ros2_iron/install/examples_rclpy_minimal_subscriber:/home/vboxuser/ros2_iron/install/examples_rclpy_minimal_service:/home/vboxuser/ros2_iron/install/examples_rclpy_minimal_publisher:/home/vboxuser/ros2_iron/install/examples_rclpy_minimal_client:/home/vboxuser/ros2_iron/install/examples_rclpy_executors:/home/vboxuser/ros2_iron/install/demo_nodes_py:/home/vboxuser/ros2_iron/install/rqt:/home/vboxuser/ros2_iron/install/ros2component:/home/vboxuser/ros2_iron/install/sros2:/home/vboxuser/ros2_iron/install/rqt_topic:/home/vboxuser/ros2_iron/install/rqt_srv:/home/vboxuser/ros2_iron/install/rqt_shell:/home/vboxuser/ros2_iron/install/rqt_service_caller:/home/vboxuser/ros2_iron/install/rqt_reconfigure:/home/vboxuser/ros2_iron/install/rqt_py_console:/home/vboxuser/ros2_iron/install/rqt_publisher:/home/vboxuser/ros2_iron/install/rqt_action:/home/vboxuser/ros2_iron/install/rqt_msg:/home/vboxuser/ros2_iron/install/rqt_console:/home/vboxuser/ros2_iron/install/rqt_graph:/home/vboxuser/ros2_iron/install/rqt_gui_py:/home/vboxuser/ros2_iron/install/rqt_gui:/home/vboxuser/ros2_iron/install/ros2trace:/home/vboxuser/ros2_iron/install/ros2topic:/home/vboxuser/ros2_iron/install/ros2test:/home/vboxuser/ros2_iron/install/ros2param:/home/vboxuser/ros2_iron/install/ros2lifecycle:/home/vboxuser/ros2_iron/install/ros2service:/home/vboxuser/ros2_iron/install/ros2run:/home/vboxuser/ros2_iron/install/ros2launch:/home/vboxuser/ros2_iron/install/ros2pkg:/home/vboxuser/ros2_iron/install/ros2node:/home/vboxuser/ros2_iron/install/ros2multicast:/home/vboxuser/ros2_iron/install/ros2interface:/home/vboxuser/ros2_iron/install/ros2action:/home/vboxuser/ros2_iron/install/ros2cli:/home/vboxuser/ros2_iron/install/launch_testing_ros:/home/vboxuser/ros2_iron/install/launch_ros:/home/vboxuser/ros2_iron/install/examples_rclpy_minimal_action_server:/home/vboxuser/ros2_iron/install/examples_rclpy_minimal_action_client:/home/vboxuser/ros2_iron/install/examples_rclpy_guard_conditions:/home/vboxuser/ros2_iron/install/action_tutorials_py:/home/vboxuser/ros2_iron/install/ament_uncrustify:/home/vboxuser/ros2_iron/install/tracetools_trace:/home/vboxuser/ros2_iron/install/tracetools_read:/home/vboxuser/ros2_iron/install/test_tracetools_launch:/home/vboxuser/ros2_iron/install/test_ros2trace:/home/vboxuser/ros2_iron/install/test_launch_ros:/home/vboxuser/ros2_iron/install/rpyutils:/home/vboxuser/ros2_iron/install/rosidl_runtime_py:/home/vboxuser/ros2_iron/install/rosidl_pycommon:/home/vboxuser/ros2_iron/install/rosidl_cli:/home/vboxuser/ros2_iron/install/launch_pytest:/home/vboxuser/ros2_iron/install/launch_testing:/home/vboxuser/ros2_iron/install/launch_yaml:/home/vboxuser/ros2_iron/install/launch_xml:/home/vboxuser/ros2_iron/install/launch:/home/vboxuser/ros2_iron/install/osrf_pycommon:/home/vboxuser/ros2_iron/install/domain_coordinator:/home/vboxuser/ros2_iron/install/ament_xmllint:/home/vboxuser/ros2_iron/install/ament_pyflakes:/home/vboxuser/ros2_iron/install/ament_pycodestyle:/home/vboxuser/ros2_iron/install/ament_pep257:/home/vboxuser/ros2_iron/install/ament_pclint:/home/vboxuser/ros2_iron/install/ament_package:/home/vboxuser/ros2_iron/install/ament_mypy:/home/vboxuser/ros2_iron/install/ament_lint_cmake:/home/vboxuser/ros2_iron/install/ament_flake8:/home/vboxuser/ros2_iron/install/ament_copyright:/home/vboxuser/ros2_iron/install/ament_lint:/home/vboxuser/ros2_iron/install/ament_index_python:/home/vboxuser/ros2_iron/install/ament_cpplint:/home/vboxuser/ros2_iron/install/ament_cppcheck:/home/vboxuser/ros2_iron/install/ament_clang_tidy:/home/vboxuser/ros2_iron/install/ament_clang_format /usr/bin/cmake --build /home/vboxuser/ros2_ws/build/turtlesim -- -j4 -l4
[2.693s] [  0%] Built target turtlesim__rosidl_generator_type_description
[3.114s] [  0%] Built target ament_cmake_python_copy_turtlesim
[3.654s] [ 23%] Built target turtlesim__rosidl_generator_c
[5.823s] running egg_info
[5.832s] writing turtlesim.egg-info/PKG-INFO
[5.832s] writing dependency_links to turtlesim.egg-info/dependency_links.txt
[5.835s] writing top-level names to turtlesim.egg-info/top_level.txt
[5.847s] reading manifest file 'turtlesim.egg-info/SOURCES.txt'
[5.852s] writing manifest file 'turtlesim.egg-info/SOURCES.txt'
[6.046s] [ 23%] Built target ament_cmake_python_build_turtlesim_egg
[6.481s] [ 32%] Built target turtlesim__rosidl_typesupport_introspection_c
[6.769s] [ 41%] Built target turtlesim__rosidl_typesupport_c
[7.154s] [ 50%] Built target turtlesim__rosidl_typesupport_fastrtps_c
[7.293s] [ 51%] Built target turtlesim__cpp
[7.488s] [ 59%] Built target turtlesim__rosidl_typesupport_cpp
[7.700s] [ 67%] Built target turtlesim__rosidl_typesupport_introspection_cpp
[7.857s] [ 69%] Built target turtle_teleop_key
[8.081s] [ 70%] Built target draw_square
[8.243s] [ 72%] Built target mimic
[8.558s] [ 78%] Built target turtlesim_node
[8.884s] [ 86%] Built target turtlesim__rosidl_typesupport_fastrtps_cpp
[9.050s] [ 86%] Built target turtlesim
[9.304s] [ 86%] Built target turtlesim__py
[9.600s] [ 94%] Built target turtlesim__rosidl_generator_py
[9.856s] [ 96%] Built target turtlesim__rosidl_typesupport_fastrtps_c__pyext
[10.117s] [ 98%] Built target turtlesim__rosidl_typesupport_c__pyext
[10.293s] [100%] Built target turtlesim__rosidl_typesupport_introspection_c__pyext
[10.371s] Invoked command in '/home/vboxuser/ros2_ws/build/turtlesim' returned '0': CMAKE_PREFIX_PATH=${CMAKE_PREFIX_PATH}:/opt/ros/iron:/home/vboxuser/ros2_iron/install/rqt_bag_plugins:/home/vboxuser/ros2_iron/install/rqt_bag:/home/vboxuser/ros2_iron/install/rosbag2_examples_py:/home/vboxuser/ros2_iron/install/launch_testing_examples:/home/vboxuser/ros2_iron/install/ros2bag:/home/vboxuser/ros2_iron/install/tracetools_test:/home/vboxuser/ros2_iron/install/tracetools_launch:/home/vboxuser/ros2_iron/install/topic_monitor:/home/vboxuser/ros2_iron/install/tf2_tools:/home/vboxuser/ros2_iron/install/examples_tf2_py:/home/vboxuser/ros2_iron/install/tf2_ros_py:/home/vboxuser/ros2_iron/install/examples_rclpy_pointcloud_publisher:/home/vboxuser/ros2_iron/install/sensor_msgs_py:/home/vboxuser/ros2_iron/install/quality_of_service_demo_py:/home/vboxuser/ros2_iron/install/rqt_plot:/home/vboxuser/ros2_iron/install/ros2doctor:/home/vboxuser/ros2_iron/install/lifecycle_py:/home/vboxuser/ros2_iron/install/examples_rclpy_minimal_subscriber:/home/vboxuser/ros2_iron/install/examples_rclpy_minimal_service:/home/vboxuser/ros2_iron/install/examples_rclpy_minimal_publisher:/home/vboxuser/ros2_iron/install/examples_rclpy_minimal_client:/home/vboxuser/ros2_iron/install/examples_rclpy_executors:/home/vboxuser/ros2_iron/install/demo_nodes_py:/home/vboxuser/ros2_iron/install/rqt:/home/vboxuser/ros2_iron/install/ros2component:/home/vboxuser/ros2_iron/install/sros2:/home/vboxuser/ros2_iron/install/rqt_topic:/home/vboxuser/ros2_iron/install/rqt_srv:/home/vboxuser/ros2_iron/install/rqt_shell:/home/vboxuser/ros2_iron/install/rqt_service_caller:/home/vboxuser/ros2_iron/install/rqt_reconfigure:/home/vboxuser/ros2_iron/install/rqt_py_console:/home/vboxuser/ros2_iron/install/rqt_publisher:/home/vboxuser/ros2_iron/install/rqt_action:/home/vboxuser/ros2_iron/install/rqt_msg:/home/vboxuser/ros2_iron/install/rqt_console:/home/vboxuser/ros2_iron/install/rqt_graph:/home/vboxuser/ros2_iron/install/rqt_gui_py:/home/vboxuser/ros2_iron/install/rqt_gui:/home/vboxuser/ros2_iron/install/ros2trace:/home/vboxuser/ros2_iron/install/ros2topic:/home/vboxuser/ros2_iron/install/ros2test:/home/vboxuser/ros2_iron/install/ros2param:/home/vboxuser/ros2_iron/install/ros2lifecycle:/home/vboxuser/ros2_iron/install/ros2service:/home/vboxuser/ros2_iron/install/ros2run:/home/vboxuser/ros2_iron/install/ros2launch:/home/vboxuser/ros2_iron/install/ros2pkg:/home/vboxuser/ros2_iron/install/ros2node:/home/vboxuser/ros2_iron/install/ros2multicast:/home/vboxuser/ros2_iron/install/ros2interface:/home/vboxuser/ros2_iron/install/ros2action:/home/vboxuser/ros2_iron/install/ros2cli:/home/vboxuser/ros2_iron/install/launch_testing_ros:/home/vboxuser/ros2_iron/install/launch_ros:/home/vboxuser/ros2_iron/install/examples_rclpy_minimal_action_server:/home/vboxuser/ros2_iron/install/examples_rclpy_minimal_action_client:/home/vboxuser/ros2_iron/install/examples_rclpy_guard_conditions:/home/vboxuser/ros2_iron/install/action_tutorials_py:/home/vboxuser/ros2_iron/install/ament_uncrustify:/home/vboxuser/ros2_iron/install/tracetools_trace:/home/vboxuser/ros2_iron/install/tracetools_read:/home/vboxuser/ros2_iron/install/test_tracetools_launch:/home/vboxuser/ros2_iron/install/test_ros2trace:/home/vboxuser/ros2_iron/install/test_launch_ros:/home/vboxuser/ros2_iron/install/rpyutils:/home/vboxuser/ros2_iron/install/rosidl_runtime_py:/home/vboxuser/ros2_iron/install/rosidl_pycommon:/home/vboxuser/ros2_iron/install/rosidl_cli:/home/vboxuser/ros2_iron/install/launch_pytest:/home/vboxuser/ros2_iron/install/launch_testing:/home/vboxuser/ros2_iron/install/launch_yaml:/home/vboxuser/ros2_iron/install/launch_xml:/home/vboxuser/ros2_iron/install/launch:/home/vboxuser/ros2_iron/install/osrf_pycommon:/home/vboxuser/ros2_iron/install/domain_coordinator:/home/vboxuser/ros2_iron/install/ament_xmllint:/home/vboxuser/ros2_iron/install/ament_pyflakes:/home/vboxuser/ros2_iron/install/ament_pycodestyle:/home/vboxuser/ros2_iron/install/ament_pep257:/home/vboxuser/ros2_iron/install/ament_pclint:/home/vboxuser/ros2_iron/install/ament_package:/home/vboxuser/ros2_iron/install/ament_mypy:/home/vboxuser/ros2_iron/install/ament_lint_cmake:/home/vboxuser/ros2_iron/install/ament_flake8:/home/vboxuser/ros2_iron/install/ament_copyright:/home/vboxuser/ros2_iron/install/ament_lint:/home/vboxuser/ros2_iron/install/ament_index_python:/home/vboxuser/ros2_iron/install/ament_cpplint:/home/vboxuser/ros2_iron/install/ament_cppcheck:/home/vboxuser/ros2_iron/install/ament_clang_tidy:/home/vboxuser/ros2_iron/install/ament_clang_format /usr/bin/cmake --build /home/vboxuser/ros2_ws/build/turtlesim -- -j4 -l4
[10.411s] Invoking command in '/home/vboxuser/ros2_ws/build/turtlesim': CMAKE_PREFIX_PATH=${CMAKE_PREFIX_PATH}:/opt/ros/iron:/home/vboxuser/ros2_iron/install/rqt_bag_plugins:/home/vboxuser/ros2_iron/install/rqt_bag:/home/vboxuser/ros2_iron/install/rosbag2_examples_py:/home/vboxuser/ros2_iron/install/launch_testing_examples:/home/vboxuser/ros2_iron/install/ros2bag:/home/vboxuser/ros2_iron/install/tracetools_test:/home/vboxuser/ros2_iron/install/tracetools_launch:/home/vboxuser/ros2_iron/install/topic_monitor:/home/vboxuser/ros2_iron/install/tf2_tools:/home/vboxuser/ros2_iron/install/examples_tf2_py:/home/vboxuser/ros2_iron/install/tf2_ros_py:/home/vboxuser/ros2_iron/install/examples_rclpy_pointcloud_publisher:/home/vboxuser/ros2_iron/install/sensor_msgs_py:/home/vboxuser/ros2_iron/install/quality_of_service_demo_py:/home/vboxuser/ros2_iron/install/rqt_plot:/home/vboxuser/ros2_iron/install/ros2doctor:/home/vboxuser/ros2_iron/install/lifecycle_py:/home/vboxuser/ros2_iron/install/examples_rclpy_minimal_subscriber:/home/vboxuser/ros2_iron/install/examples_rclpy_minimal_service:/home/vboxuser/ros2_iron/install/examples_rclpy_minimal_publisher:/home/vboxuser/ros2_iron/install/examples_rclpy_minimal_client:/home/vboxuser/ros2_iron/install/examples_rclpy_executors:/home/vboxuser/ros2_iron/install/demo_nodes_py:/home/vboxuser/ros2_iron/install/rqt:/home/vboxuser/ros2_iron/install/ros2component:/home/vboxuser/ros2_iron/install/sros2:/home/vboxuser/ros2_iron/install/rqt_topic:/home/vboxuser/ros2_iron/install/rqt_srv:/home/vboxuser/ros2_iron/install/rqt_shell:/home/vboxuser/ros2_iron/install/rqt_service_caller:/home/vboxuser/ros2_iron/install/rqt_reconfigure:/home/vboxuser/ros2_iron/install/rqt_py_console:/home/vboxuser/ros2_iron/install/rqt_publisher:/home/vboxuser/ros2_iron/install/rqt_action:/home/vboxuser/ros2_iron/install/rqt_msg:/home/vboxuser/ros2_iron/install/rqt_console:/home/vboxuser/ros2_iron/install/rqt_graph:/home/vboxuser/ros2_iron/install/rqt_gui_py:/home/vboxuser/ros2_iron/install/rqt_gui:/home/vboxuser/ros2_iron/install/ros2trace:/home/vboxuser/ros2_iron/install/ros2topic:/home/vboxuser/ros2_iron/install/ros2test:/home/vboxuser/ros2_iron/install/ros2param:/home/vboxuser/ros2_iron/install/ros2lifecycle:/home/vboxuser/ros2_iron/install/ros2service:/home/vboxuser/ros2_iron/install/ros2run:/home/vboxuser/ros2_iron/install/ros2launch:/home/vboxuser/ros2_iron/install/ros2pkg:/home/vboxuser/ros2_iron/install/ros2node:/home/vboxuser/ros2_iron/install/ros2multicast:/home/vboxuser/ros2_iron/install/ros2interface:/home/vboxuser/ros2_iron/install/ros2action:/home/vboxuser/ros2_iron/install/ros2cli:/home/vboxuser/ros2_iron/install/launch_testing_ros:/home/vboxuser/ros2_iron/install/launch_ros:/home/vboxuser/ros2_iron/install/examples_rclpy_minimal_action_server:/home/vboxuser/ros2_iron/install/examples_rclpy_minimal_action_client:/home/vboxuser/ros2_iron/install/examples_rclpy_guard_conditions:/home/vboxuser/ros2_iron/install/action_tutorials_py:/home/vboxuser/ros2_iron/install/ament_uncrustify:/home/vboxuser/ros2_iron/install/tracetools_trace:/home/vboxuser/ros2_iron/install/tracetools_read:/home/vboxuser/ros2_iron/install/test_tracetools_launch:/home/vboxuser/ros2_iron/install/test_ros2trace:/home/vboxuser/ros2_iron/install/test_launch_ros:/home/vboxuser/ros2_iron/install/rpyutils:/home/vboxuser/ros2_iron/install/rosidl_runtime_py:/home/vboxuser/ros2_iron/install/rosidl_pycommon:/home/vboxuser/ros2_iron/install/rosidl_cli:/home/vboxuser/ros2_iron/install/launch_pytest:/home/vboxuser/ros2_iron/install/launch_testing:/home/vboxuser/ros2_iron/install/launch_yaml:/home/vboxuser/ros2_iron/install/launch_xml:/home/vboxuser/ros2_iron/install/launch:/home/vboxuser/ros2_iron/install/osrf_pycommon:/home/vboxuser/ros2_iron/install/domain_coordinator:/home/vboxuser/ros2_iron/install/ament_xmllint:/home/vboxuser/ros2_iron/install/ament_pyflakes:/home/vboxuser/ros2_iron/install/ament_pycodestyle:/home/vboxuser/ros2_iron/install/ament_pep257:/home/vboxuser/ros2_iron/install/ament_pclint:/home/vboxuser/ros2_iron/install/ament_package:/home/vboxuser/ros2_iron/install/ament_mypy:/home/vboxuser/ros2_iron/install/ament_lint_cmake:/home/vboxuser/ros2_iron/install/ament_flake8:/home/vboxuser/ros2_iron/install/ament_copyright:/home/vboxuser/ros2_iron/install/ament_lint:/home/vboxuser/ros2_iron/install/ament_index_python:/home/vboxuser/ros2_iron/install/ament_cpplint:/home/vboxuser/ros2_iron/install/ament_cppcheck:/home/vboxuser/ros2_iron/install/ament_clang_tidy:/home/vboxuser/ros2_iron/install/ament_clang_format /usr/bin/cmake --install /home/vboxuser/ros2_ws/build/turtlesim
[10.486s] -- Install configuration: ""
[10.487s] -- Up-to-date: /home/vboxuser/ros2_ws/install/turtlesim/share/ament_index/resource_index/rosidl_interfaces/turtlesim
[10.488s] -- Up-to-date: /home/vboxuser/ros2_ws/install/turtlesim/share/turtlesim/action/RotateAbsolute.json
[10.489s] -- Up-to-date: /home/vboxuser/ros2_ws/install/turtlesim/share/turtlesim/msg/Color.json
[10.490s] -- Up-to-date: /home/vboxuser/ros2_ws/install/turtlesim/share/turtlesim/msg/Pose.json
[10.492s] -- Up-to-date: /home/vboxuser/ros2_ws/install/turtlesim/share/turtlesim/srv/Kill.json
[10.494s] -- Up-to-date: /home/vboxuser/ros2_ws/install/turtlesim/share/turtlesim/srv/SetPen.json
[10.495s] -- Up-to-date: /home/vboxuser/ros2_ws/install/turtlesim/share/turtlesim/srv/Spawn.json
[10.495s] -- Up-to-date: /home/vboxuser/ros2_ws/install/turtlesim/share/turtlesim/srv/TeleportAbsolute.json
[10.498s] -- Up-to-date: /home/vboxuser/ros2_ws/install/turtlesim/share/turtlesim/srv/TeleportRelative.json
[10.499s] -- Up-to-date: /home/vboxuser/ros2_ws/install/turtlesim/include/turtlesim/turtlesim
[10.499s] -- Up-to-date: /home/vboxuser/ros2_ws/install/turtlesim/include/turtlesim/turtlesim/action
[10.499s] -- Up-to-date: /home/vboxuser/ros2_ws/install/turtlesim/include/turtlesim/turtlesim/action/rotate_absolute.h
[10.500s] -- Up-to-date: /home/vboxuser/ros2_ws/install/turtlesim/include/turtlesim/turtlesim/action/detail
[10.500s] -- Up-to-date: /home/vboxuser/ros2_ws/install/turtlesim/include/turtlesim/turtlesim/action/detail/rotate_absolute__struct.h
[10.500s] -- Up-to-date: /home/vboxuser/ros2_ws/install/turtlesim/include/turtlesim/turtlesim/action/detail/rotate_absolute__functions.h
[10.501s] -- Up-to-date: /home/vboxuser/ros2_ws/install/turtlesim/include/turtlesim/turtlesim/action/detail/rotate_absolute__description.c
[10.501s] -- Up-to-date: /home/vboxuser/ros2_ws/install/turtlesim/include/turtlesim/turtlesim/action/detail/rotate_absolute__functions.c
[10.501s] -- Installing: /home/vboxuser/ros2_ws/install/turtlesim/include/turtlesim/turtlesim/action/detail/rotate_absolute__type_support.c
[10.501s] -- Up-to-date: /home/vboxuser/ros2_ws/install/turtlesim/include/turtlesim/turtlesim/action/detail/rotate_absolute__type_support.h
[10.502s] -- Up-to-date: /home/vboxuser/ros2_ws/install/turtlesim/include/turtlesim/turtlesim/srv
[10.502s] -- Up-to-date: /home/vboxuser/ros2_ws/install/turtlesim/include/turtlesim/turtlesim/srv/teleport_absolute.h
[10.503s] -- Up-to-date: /home/vboxuser/ros2_ws/install/turtlesim/include/turtlesim/turtlesim/srv/teleport_relative.h
[10.504s] -- Up-to-date: /home/vboxuser/ros2_ws/install/turtlesim/include/turtlesim/turtlesim/srv/spawn.h
[10.504s] -- Up-to-date: /home/vboxuser/ros2_ws/install/turtlesim/include/turtlesim/turtlesim/srv/detail
[10.504s] -- Up-to-date: /home/vboxuser/ros2_ws/install/turtlesim/include/turtlesim/turtlesim/srv/detail/teleport_relative__description.c
[10.505s] -- Up-to-date: /home/vboxuser/ros2_ws/install/turtlesim/include/turtlesim/turtlesim/srv/detail/teleport_relative__functions.c
[10.509s] -- Up-to-date: /home/vboxuser/ros2_ws/install/turtlesim/include/turtlesim/turtlesim/srv/detail/teleport_absolute__functions.h
[10.510s] -- Up-to-date: /home/vboxuser/ros2_ws/install/turtlesim/include/turtlesim/turtlesim/srv/detail/set_pen__functions.c
[10.510s] -- Up-to-date: /home/vboxuser/ros2_ws/install/turtlesim/include/turtlesim/turtlesim/srv/detail/kill__functions.c
[10.510s] -- Up-to-date: /home/vboxuser/ros2_ws/install/turtlesim/include/turtlesim/turtlesim/srv/detail/kill__struct.h
[10.511s] -- Up-to-date: /home/vboxuser/ros2_ws/install/turtlesim/include/turtlesim/turtlesim/srv/detail/teleport_absolute__functions.c
[10.511s] -- Up-to-date: /home/vboxuser/ros2_ws/install/turtlesim/include/turtlesim/turtlesim/srv/detail/teleport_relative__type_support.h
[10.511s] -- Installing: /home/vboxuser/ros2_ws/install/turtlesim/include/turtlesim/turtlesim/srv/detail/spawn__type_support.c
[10.524s] -- Up-to-date: /home/vboxuser/ros2_ws/install/turtlesim/include/turtlesim/turtlesim/srv/detail/set_pen__struct.h
[10.525s] -- Installing: /home/vboxuser/ros2_ws/install/turtlesim/include/turtlesim/turtlesim/srv/detail/teleport_absolute__type_support.c
[10.529s] -- Up-to-date: /home/vboxuser/ros2_ws/install/turtlesim/include/turtlesim/turtlesim/srv/detail/teleport_absolute__type_support.h
[10.529s] -- Installing: /home/vboxuser/ros2_ws/install/turtlesim/include/turtlesim/turtlesim/srv/detail/teleport_relative__type_support.c
[10.532s] -- Up-to-date: /home/vboxuser/ros2_ws/install/turtlesim/include/turtlesim/turtlesim/srv/detail/set_pen__description.c
[10.534s] -- Up-to-date: /home/vboxuser/ros2_ws/install/turtlesim/include/turtlesim/turtlesim/srv/detail/set_pen__functions.h
[10.534s] -- Up-to-date: /home/vboxuser/ros2_ws/install/turtlesim/include/turtlesim/turtlesim/srv/detail/set_pen__type_support.h
[10.534s] -- Up-to-date: /home/vboxuser/ros2_ws/install/turtlesim/include/turtlesim/turtlesim/srv/detail/spawn__description.c
[10.535s] -- Up-to-date: /home/vboxuser/ros2_ws/install/turtlesim/include/turtlesim/turtlesim/srv/detail/kill__functions.h
[10.535s] -- Installing: /home/vboxuser/ros2_ws/install/turtlesim/include/turtlesim/turtlesim/srv/detail/set_pen__type_support.c
[10.543s] -- Installing: /home/vboxuser/ros2_ws/install/turtlesim/include/turtlesim/turtlesim/srv/detail/kill__type_support.c
[10.549s] -- Up-to-date: /home/vboxuser/ros2_ws/install/turtlesim/include/turtlesim/turtlesim/srv/detail/teleport_absolute__description.c
[10.551s] -- Up-to-date: /home/vboxuser/ros2_ws/install/turtlesim/include/turtlesim/turtlesim/srv/detail/kill__description.c
[10.551s] -- Up-to-date: /home/vboxuser/ros2_ws/install/turtlesim/include/turtlesim/turtlesim/srv/detail/spawn__functions.h
[10.552s] -- Up-to-date: /home/vboxuser/ros2_ws/install/turtlesim/include/turtlesim/turtlesim/srv/detail/teleport_relative__struct.h
[10.552s] -- Up-to-date: /home/vboxuser/ros2_ws/install/turtlesim/include/turtlesim/turtlesim/srv/detail/teleport_absolute__struct.h
[10.552s] -- Up-to-date: /home/vboxuser/ros2_ws/install/turtlesim/include/turtlesim/turtlesim/srv/detail/spawn__type_support.h
[10.552s] -- Up-to-date: /home/vboxuser/ros2_ws/install/turtlesim/include/turtlesim/turtlesim/srv/detail/spawn__struct.h
[10.552s] -- Up-to-date: /home/vboxuser/ros2_ws/install/turtlesim/include/turtlesim/turtlesim/srv/detail/kill__type_support.h
[10.552s] -- Up-to-date: /home/vboxuser/ros2_ws/install/turtlesim/include/turtlesim/turtlesim/srv/detail/spawn__functions.c
[10.553s] -- Up-to-date: /home/vboxuser/ros2_ws/install/turtlesim/include/turtlesim/turtlesim/srv/detail/teleport_relative__functions.h
[10.553s] -- Up-to-date: /home/vboxuser/ros2_ws/install/turtlesim/include/turtlesim/turtlesim/srv/kill.h
[10.556s] -- Up-to-date: /home/vboxuser/ros2_ws/install/turtlesim/include/turtlesim/turtlesim/srv/set_pen.h
[10.556s] -- Up-to-date: /home/vboxuser/ros2_ws/install/turtlesim/include/turtlesim/turtlesim/msg
[10.561s] -- Up-to-date: /home/vboxuser/ros2_ws/install/turtlesim/include/turtlesim/turtlesim/msg/rosidl_generator_c__visibility_control.h
[10.562s] -- Up-to-date: /home/vboxuser/ros2_ws/install/turtlesim/include/turtlesim/turtlesim/msg/color.h
[10.562s] -- Up-to-date: /home/vboxuser/ros2_ws/install/turtlesim/include/turtlesim/turtlesim/msg/detail
[10.562s] -- Up-to-date: /home/vboxuser/ros2_ws/install/turtlesim/include/turtlesim/turtlesim/msg/detail/color__functions.c
[10.563s] -- Up-to-date: /home/vboxuser/ros2_ws/install/turtlesim/include/turtlesim/turtlesim/msg/detail/color__type_support.h
[10.563s] -- Up-to-date: /home/vboxuser/ros2_ws/install/turtlesim/include/turtlesim/turtlesim/msg/detail/pose__struct.h
[10.563s] -- Up-to-date: /home/vboxuser/ros2_ws/install/turtlesim/include/turtlesim/turtlesim/msg/detail/pose__functions.c
[10.563s] -- Up-to-date: /home/vboxuser/ros2_ws/install/turtlesim/include/turtlesim/turtlesim/msg/detail/color__functions.h
[10.563s] -- Installing: /home/vboxuser/ros2_ws/install/turtlesim/include/turtlesim/turtlesim/msg/detail/pose__type_support.c
[10.563s] -- Up-to-date: /home/vboxuser/ros2_ws/install/turtlesim/include/turtlesim/turtlesim/msg/detail/pose__type_support.h
[10.563s] -- Up-to-date: /home/vboxuser/ros2_ws/install/turtlesim/include/turtlesim/turtlesim/msg/detail/pose__functions.h
[10.563s] -- Up-to-date: /home/vboxuser/ros2_ws/install/turtlesim/include/turtlesim/turtlesim/msg/detail/color__description.c
[10.563s] -- Up-to-date: /home/vboxuser/ros2_ws/install/turtlesim/include/turtlesim/turtlesim/msg/detail/pose__description.c
[10.564s] -- Installing: /home/vboxuser/ros2_ws/install/turtlesim/include/turtlesim/turtlesim/msg/detail/color__type_support.c
[10.564s] -- Up-to-date: /home/vboxuser/ros2_ws/install/turtlesim/include/turtlesim/turtlesim/msg/detail/color__struct.h
[10.564s] -- Up-to-date: /home/vboxuser/ros2_ws/install/turtlesim/include/turtlesim/turtlesim/msg/pose.h
[10.564s] -- Up-to-date: /home/vboxuser/ros2_ws/install/turtlesim/share/turtlesim/environment/library_path.sh
[10.564s] -- Up-to-date: /home/vboxuser/ros2_ws/install/turtlesim/share/turtlesim/environment/library_path.dsv
[10.624s] -- Up-to-date: /home/vboxuser/ros2_ws/install/turtlesim/lib/libturtlesim__rosidl_generator_c.so
[10.627s] -- Up-to-date: /home/vboxuser/ros2_ws/install/turtlesim/include/turtlesim/turtlesim
[10.628s] -- Up-to-date: /home/vboxuser/ros2_ws/install/turtlesim/include/turtlesim/turtlesim/action
[10.628s] -- Up-to-date: /home/vboxuser/ros2_ws/install/turtlesim/include/turtlesim/turtlesim/action/detail
[10.628s] -- Up-to-date: /home/vboxuser/ros2_ws/install/turtlesim/include/turtlesim/turtlesim/action/detail/rotate_absolute__rosidl_typesupport_fastrtps_c.h
[10.628s] -- Up-to-date: /home/vboxuser/ros2_ws/install/turtlesim/include/turtlesim/turtlesim/srv
[10.630s] -- Up-to-date: /home/vboxuser/ros2_ws/install/turtlesim/include/turtlesim/turtlesim/srv/detail
[10.631s] -- Up-to-date: /home/vboxuser/ros2_ws/install/turtlesim/include/turtlesim/turtlesim/srv/detail/kill__rosidl_typesupport_fastrtps_c.h
[10.631s] -- Up-to-date: /home/vboxuser/ros2_ws/install/turtlesim/include/turtlesim/turtlesim/srv/detail/teleport_absolute__rosidl_typesupport_fastrtps_c.h
[10.631s] -- Up-to-date: /home/vboxuser/ros2_ws/install/turtlesim/include/turtlesim/turtlesim/srv/detail/teleport_relative__rosidl_typesupport_fastrtps_c.h
[10.632s] -- Up-to-date: /home/vboxuser/ros2_ws/install/turtlesim/include/turtlesim/turtlesim/srv/detail/set_pen__rosidl_typesupport_fastrtps_c.h
[10.632s] -- Up-to-date: /home/vboxuser/ros2_ws/install/turtlesim/include/turtlesim/turtlesim/srv/detail/spawn__rosidl_typesupport_fastrtps_c.h
[10.632s] -- Up-to-date: /home/vboxuser/ros2_ws/install/turtlesim/include/turtlesim/turtlesim/msg
[10.632s] -- Up-to-date: /home/vboxuser/ros2_ws/install/turtlesim/include/turtlesim/turtlesim/msg/rosidl_typesupport_fastrtps_c__visibility_control.h
[10.635s] -- Up-to-date: /home/vboxuser/ros2_ws/install/turtlesim/include/turtlesim/turtlesim/msg/detail
[10.635s] -- Up-to-date: /home/vboxuser/ros2_ws/install/turtlesim/include/turtlesim/turtlesim/msg/detail/pose__rosidl_typesupport_fastrtps_c.h
[10.636s] -- Up-to-date: /home/vboxuser/ros2_ws/install/turtlesim/include/turtlesim/turtlesim/msg/detail/color__rosidl_typesupport_fastrtps_c.h
[10.659s] -- Up-to-date: /home/vboxuser/ros2_ws/install/turtlesim/lib/libturtlesim__rosidl_typesupport_fastrtps_c.so
[10.662s] -- Up-to-date: /home/vboxuser/ros2_ws/install/turtlesim/include/turtlesim/turtlesim
[10.662s] -- Up-to-date: /home/vboxuser/ros2_ws/install/turtlesim/include/turtlesim/turtlesim/action
[10.662s] -- Up-to-date: /home/vboxuser/ros2_ws/install/turtlesim/include/turtlesim/turtlesim/action/detail
[10.663s] -- Up-to-date: /home/vboxuser/ros2_ws/install/turtlesim/include/turtlesim/turtlesim/action/detail/rotate_absolute__struct.hpp
[10.663s] -- Up-to-date: /home/vboxuser/ros2_ws/install/turtlesim/include/turtlesim/turtlesim/action/detail/rotate_absolute__builder.hpp
[10.663s] -- Up-to-date: /home/vboxuser/ros2_ws/install/turtlesim/include/turtlesim/turtlesim/action/detail/rotate_absolute__traits.hpp
[10.663s] -- Up-to-date: /home/vboxuser/ros2_ws/install/turtlesim/include/turtlesim/turtlesim/action/rotate_absolute.hpp
[10.664s] -- Up-to-date: /home/vboxuser/ros2_ws/install/turtlesim/include/turtlesim/turtlesim/srv
[10.666s] -- Up-to-date: /home/vboxuser/ros2_ws/install/turtlesim/include/turtlesim/turtlesim/srv/set_pen.hpp
[10.667s] -- Up-to-date: /home/vboxuser/ros2_ws/install/turtlesim/include/turtlesim/turtlesim/srv/spawn.hpp
[10.669s] -- Up-to-date: /home/vboxuser/ros2_ws/install/turtlesim/include/turtlesim/turtlesim/srv/detail
[10.669s] -- Up-to-date: /home/vboxuser/ros2_ws/install/turtlesim/include/turtlesim/turtlesim/srv/detail/teleport_relative__traits.hpp
[10.672s] -- Up-to-date: /home/vboxuser/ros2_ws/install/turtlesim/include/turtlesim/turtlesim/srv/detail/kill__traits.hpp
[10.672s] -- Up-to-date: /home/vboxuser/ros2_ws/install/turtlesim/include/turtlesim/turtlesim/srv/detail/teleport_absolute__struct.hpp
[10.674s] -- Up-to-date: /home/vboxuser/ros2_ws/install/turtlesim/include/turtlesim/turtlesim/srv/detail/set_pen__builder.hpp
[10.674s] -- Up-to-date: /home/vboxuser/ros2_ws/install/turtlesim/include/turtlesim/turtlesim/srv/detail/teleport_relative__struct.hpp
[10.674s] -- Up-to-date: /home/vboxuser/ros2_ws/install/turtlesim/include/turtlesim/turtlesim/srv/detail/spawn__struct.hpp
[10.674s] -- Up-to-date: /home/vboxuser/ros2_ws/install/turtlesim/include/turtlesim/turtlesim/srv/detail/teleport_relative__builder.hpp
[10.676s] -- Up-to-date: /home/vboxuser/ros2_ws/install/turtlesim/include/turtlesim/turtlesim/srv/detail/teleport_absolute__traits.hpp
[10.677s] -- Up-to-date: /home/vboxuser/ros2_ws/install/turtlesim/include/turtlesim/turtlesim/srv/detail/spawn__traits.hpp
[10.679s] -- Up-to-date: /home/vboxuser/ros2_ws/install/turtlesim/include/turtlesim/turtlesim/srv/detail/set_pen__struct.hpp
[10.681s] -- Up-to-date: /home/vboxuser/ros2_ws/install/turtlesim/include/turtlesim/turtlesim/srv/detail/kill__struct.hpp
[10.681s] -- Up-to-date: /home/vboxuser/ros2_ws/install/turtlesim/include/turtlesim/turtlesim/srv/detail/kill__builder.hpp
[10.681s] -- Up-to-date: /home/vboxuser/ros2_ws/install/turtlesim/include/turtlesim/turtlesim/srv/detail/set_pen__traits.hpp
[10.682s] -- Up-to-date: /home/vboxuser/ros2_ws/install/turtlesim/include/turtlesim/turtlesim/srv/detail/teleport_absolute__builder.hpp
[10.682s] -- Up-to-date: /home/vboxuser/ros2_ws/install/turtlesim/include/turtlesim/turtlesim/srv/detail/spawn__builder.hpp
[10.682s] -- Up-to-date: /home/vboxuser/ros2_ws/install/turtlesim/include/turtlesim/turtlesim/srv/teleport_relative.hpp
[10.682s] -- Up-to-date: /home/vboxuser/ros2_ws/install/turtlesim/include/turtlesim/turtlesim/srv/teleport_absolute.hpp
[10.682s] -- Up-to-date: /home/vboxuser/ros2_ws/install/turtlesim/include/turtlesim/turtlesim/srv/kill.hpp
[10.682s] -- Up-to-date: /home/vboxuser/ros2_ws/install/turtlesim/include/turtlesim/turtlesim/msg
[10.683s] -- Up-to-date: /home/vboxuser/ros2_ws/install/turtlesim/include/turtlesim/turtlesim/msg/pose.hpp
[10.683s] -- Up-to-date: /home/vboxuser/ros2_ws/install/turtlesim/include/turtlesim/turtlesim/msg/color.hpp
[10.683s] -- Up-to-date: /home/vboxuser/ros2_ws/install/turtlesim/include/turtlesim/turtlesim/msg/detail
[10.683s] -- Up-to-date: /home/vboxuser/ros2_ws/install/turtlesim/include/turtlesim/turtlesim/msg/detail/color__struct.hpp
[10.683s] -- Up-to-date: /home/vboxuser/ros2_ws/install/turtlesim/include/turtlesim/turtlesim/msg/detail/pose__traits.hpp
[10.685s] -- Up-to-date: /home/vboxuser/ros2_ws/install/turtlesim/include/turtlesim/turtlesim/msg/detail/color__builder.hpp
[10.688s] -- Up-to-date: /home/vboxuser/ros2_ws/install/turtlesim/include/turtlesim/turtlesim/msg/detail/pose__struct.hpp
[10.689s] -- Up-to-date: /home/vboxuser/ros2_ws/install/turtlesim/include/turtlesim/turtlesim/msg/detail/pose__builder.hpp
[10.689s] -- Up-to-date: /home/vboxuser/ros2_ws/install/turtlesim/include/turtlesim/turtlesim/msg/detail/color__traits.hpp
[10.689s] -- Up-to-date: /home/vboxuser/ros2_ws/install/turtlesim/include/turtlesim/turtlesim
[10.689s] -- Up-to-date: /home/vboxuser/ros2_ws/install/turtlesim/include/turtlesim/turtlesim/action
[10.689s] -- Up-to-date: /home/vboxuser/ros2_ws/install/turtlesim/include/turtlesim/turtlesim/action/detail
[10.690s] -- Up-to-date: /home/vboxuser/ros2_ws/install/turtlesim/include/turtlesim/turtlesim/action/detail/dds_fastrtps
[10.690s] -- Up-to-date: /home/vboxuser/ros2_ws/install/turtlesim/include/turtlesim/turtlesim/action/detail/rotate_absolute__rosidl_typesupport_fastrtps_cpp.hpp
[10.690s] -- Up-to-date: /home/vboxuser/ros2_ws/install/turtlesim/include/turtlesim/turtlesim/srv
[10.690s] -- Up-to-date: /home/vboxuser/ros2_ws/install/turtlesim/include/turtlesim/turtlesim/srv/detail
[10.690s] -- Up-to-date: /home/vboxuser/ros2_ws/install/turtlesim/include/turtlesim/turtlesim/srv/detail/dds_fastrtps
[10.691s] -- Up-to-date: /home/vboxuser/ros2_ws/install/turtlesim/include/turtlesim/turtlesim/srv/detail/teleport_absolute__rosidl_typesupport_fastrtps_cpp.hpp
[10.691s] -- Up-to-date: /home/vboxuser/ros2_ws/install/turtlesim/include/turtlesim/turtlesim/srv/detail/spawn__rosidl_typesupport_fastrtps_cpp.hpp
[10.693s] -- Up-to-date: /home/vboxuser/ros2_ws/install/turtlesim/include/turtlesim/turtlesim/srv/detail/set_pen__rosidl_typesupport_fastrtps_cpp.hpp
[10.694s] -- Up-to-date: /home/vboxuser/ros2_ws/install/turtlesim/include/turtlesim/turtlesim/srv/detail/kill__rosidl_typesupport_fastrtps_cpp.hpp
[10.694s] -- Up-to-date: /home/vboxuser/ros2_ws/install/turtlesim/include/turtlesim/turtlesim/srv/detail/teleport_relative__rosidl_typesupport_fastrtps_cpp.hpp
[10.694s] -- Up-to-date: /home/vboxuser/ros2_ws/install/turtlesim/include/turtlesim/turtlesim/msg
[10.694s] -- Up-to-date: /home/vboxuser/ros2_ws/install/turtlesim/include/turtlesim/turtlesim/msg/rosidl_typesupport_fastrtps_cpp__visibility_control.h
[10.694s] -- Up-to-date: /home/vboxuser/ros2_ws/install/turtlesim/include/turtlesim/turtlesim/msg/detail
[10.694s] -- Up-to-date: /home/vboxuser/ros2_ws/install/turtlesim/include/turtlesim/turtlesim/msg/detail/color__rosidl_typesupport_fastrtps_cpp.hpp
[10.695s] -- Up-to-date: /home/vboxuser/ros2_ws/install/turtlesim/include/turtlesim/turtlesim/msg/detail/dds_fastrtps
[10.696s] -- Up-to-date: /home/vboxuser/ros2_ws/install/turtlesim/include/turtlesim/turtlesim/msg/detail/pose__rosidl_typesupport_fastrtps_cpp.hpp
[10.713s] -- Up-to-date: /home/vboxuser/ros2_ws/install/turtlesim/lib/libturtlesim__rosidl_typesupport_fastrtps_cpp.so
[10.715s] -- Up-to-date: /home/vboxuser/ros2_ws/install/turtlesim/include/turtlesim/turtlesim
[10.715s] -- Up-to-date: /home/vboxuser/ros2_ws/install/turtlesim/include/turtlesim/turtlesim/action
[10.716s] -- Up-to-date: /home/vboxuser/ros2_ws/install/turtlesim/include/turtlesim/turtlesim/action/detail
[10.716s] -- Up-to-date: /home/vboxuser/ros2_ws/install/turtlesim/include/turtlesim/turtlesim/action/detail/rotate_absolute__rosidl_typesupport_introspection_c.h
[10.716s] -- Installing: /home/vboxuser/ros2_ws/install/turtlesim/include/turtlesim/turtlesim/action/detail/rotate_absolute__type_support.c
[10.721s] -- Up-to-date: /home/vboxuser/ros2_ws/install/turtlesim/include/turtlesim/turtlesim/srv
[10.723s] -- Up-to-date: /home/vboxuser/ros2_ws/install/turtlesim/include/turtlesim/turtlesim/srv/detail
[10.723s] -- Up-to-date: /home/vboxuser/ros2_ws/install/turtlesim/include/turtlesim/turtlesim/srv/detail/kill__rosidl_typesupport_introspection_c.h
[10.724s] -- Up-to-date: /home/vboxuser/ros2_ws/install/turtlesim/include/turtlesim/turtlesim/srv/detail/teleport_relative__rosidl_typesupport_introspection_c.h
[10.724s] -- Installing: /home/vboxuser/ros2_ws/install/turtlesim/include/turtlesim/turtlesim/srv/detail/spawn__type_support.c
[10.762s] -- Installing: /home/vboxuser/ros2_ws/install/turtlesim/include/turtlesim/turtlesim/srv/detail/teleport_absolute__type_support.c
[10.767s] -- Installing: /home/vboxuser/ros2_ws/install/turtlesim/include/turtlesim/turtlesim/srv/detail/teleport_relative__type_support.c
[10.773s] -- Up-to-date: /home/vboxuser/ros2_ws/install/turtlesim/include/turtlesim/turtlesim/srv/detail/spawn__rosidl_typesupport_introspection_c.h
[10.773s] -- Installing: /home/vboxuser/ros2_ws/install/turtlesim/include/turtlesim/turtlesim/srv/detail/set_pen__type_support.c
[10.778s] -- Installing: /home/vboxuser/ros2_ws/install/turtlesim/include/turtlesim/turtlesim/srv/detail/kill__type_support.c
[10.784s] -- Up-to-date: /home/vboxuser/ros2_ws/install/turtlesim/include/turtlesim/turtlesim/srv/detail/set_pen__rosidl_typesupport_introspection_c.h
[10.785s] -- Up-to-date: /home/vboxuser/ros2_ws/install/turtlesim/include/turtlesim/turtlesim/srv/detail/teleport_absolute__rosidl_typesupport_introspection_c.h
[10.786s] -- Up-to-date: /home/vboxuser/ros2_ws/install/turtlesim/include/turtlesim/turtlesim/msg
[10.786s] -- Up-to-date: /home/vboxuser/ros2_ws/install/turtlesim/include/turtlesim/turtlesim/msg/detail
[10.786s] -- Up-to-date: /home/vboxuser/ros2_ws/install/turtlesim/include/turtlesim/turtlesim/msg/detail/color__rosidl_typesupport_introspection_c.h
[10.786s] -- Installing: /home/vboxuser/ros2_ws/install/turtlesim/include/turtlesim/turtlesim/msg/detail/pose__type_support.c
[10.787s] -- Installing: /home/vboxuser/ros2_ws/install/turtlesim/include/turtlesim/turtlesim/msg/detail/color__type_support.c
[10.804s] -- Up-to-date: /home/vboxuser/ros2_ws/install/turtlesim/include/turtlesim/turtlesim/msg/detail/pose__rosidl_typesupport_introspection_c.h
[10.804s] -- Up-to-date: /home/vboxuser/ros2_ws/install/turtlesim/include/turtlesim/turtlesim/msg/rosidl_typesupport_introspection_c__visibility_control.h
[10.821s] -- Up-to-date: /home/vboxuser/ros2_ws/install/turtlesim/lib/libturtlesim__rosidl_typesupport_introspection_c.so
[10.829s] -- Up-to-date: /home/vboxuser/ros2_ws/install/turtlesim/lib/libturtlesim__rosidl_typesupport_c.so
[10.832s] -- Up-to-date: /home/vboxuser/ros2_ws/install/turtlesim/include/turtlesim/turtlesim
[10.833s] -- Up-to-date: /home/vboxuser/ros2_ws/install/turtlesim/include/turtlesim/turtlesim/action
[10.833s] -- Up-to-date: /home/vboxuser/ros2_ws/install/turtlesim/include/turtlesim/turtlesim/action/detail
[10.836s] -- Up-to-date: /home/vboxuser/ros2_ws/install/turtlesim/include/turtlesim/turtlesim/action/detail/rotate_absolute__rosidl_typesupport_introspection_cpp.hpp
[10.836s] -- Up-to-date: /home/vboxuser/ros2_ws/install/turtlesim/include/turtlesim/turtlesim/action/detail/rotate_absolute__type_support.cpp
[10.837s] -- Up-to-date: /home/vboxuser/ros2_ws/install/turtlesim/include/turtlesim/turtlesim/srv
[10.837s] -- Up-to-date: /home/vboxuser/ros2_ws/install/turtlesim/include/turtlesim/turtlesim/srv/detail
[10.837s] -- Up-to-date: /home/vboxuser/ros2_ws/install/turtlesim/include/turtlesim/turtlesim/srv/detail/spawn__type_support.cpp
[10.837s] -- Up-to-date: /home/vboxuser/ros2_ws/install/turtlesim/include/turtlesim/turtlesim/srv/detail/teleport_relative__type_support.cpp
[10.837s] -- Up-to-date: /home/vboxuser/ros2_ws/install/turtlesim/include/turtlesim/turtlesim/srv/detail/teleport_absolute__type_support.cpp
[10.838s] -- Up-to-date: /home/vboxuser/ros2_ws/install/turtlesim/include/turtlesim/turtlesim/srv/detail/teleport_relative__rosidl_typesupport_introspection_cpp.hpp
[10.840s] -- Up-to-date: /home/vboxuser/ros2_ws/install/turtlesim/include/turtlesim/turtlesim/srv/detail/set_pen__type_support.cpp
[10.841s] -- Up-to-date: /home/vboxuser/ros2_ws/install/turtlesim/include/turtlesim/turtlesim/srv/detail/set_pen__rosidl_typesupport_introspection_cpp.hpp
[10.841s] -- Up-to-date: /home/vboxuser/ros2_ws/install/turtlesim/include/turtlesim/turtlesim/srv/detail/kill__rosidl_typesupport_introspection_cpp.hpp
[10.841s] -- Up-to-date: /home/vboxuser/ros2_ws/install/turtlesim/include/turtlesim/turtlesim/srv/detail/teleport_absolute__rosidl_typesupport_introspection_cpp.hpp
[10.841s] -- Up-to-date: /home/vboxuser/ros2_ws/install/turtlesim/include/turtlesim/turtlesim/srv/detail/kill__type_support.cpp
[10.841s] -- Up-to-date: /home/vboxuser/ros2_ws/install/turtlesim/include/turtlesim/turtlesim/srv/detail/spawn__rosidl_typesupport_introspection_cpp.hpp
[10.842s] -- Up-to-date: /home/vboxuser/ros2_ws/install/turtlesim/include/turtlesim/turtlesim/msg
[10.842s] -- Up-to-date: /home/vboxuser/ros2_ws/install/turtlesim/include/turtlesim/turtlesim/msg/detail
[10.843s] -- Up-to-date: /home/vboxuser/ros2_ws/install/turtlesim/include/turtlesim/turtlesim/msg/detail/color__type_support.cpp
[10.843s] -- Up-to-date: /home/vboxuser/ros2_ws/install/turtlesim/include/turtlesim/turtlesim/msg/detail/pose__type_support.cpp
[10.843s] -- Up-to-date: /home/vboxuser/ros2_ws/install/turtlesim/include/turtlesim/turtlesim/msg/detail/pose__rosidl_typesupport_introspection_cpp.hpp
[10.843s] -- Up-to-date: /home/vboxuser/ros2_ws/install/turtlesim/include/turtlesim/turtlesim/msg/detail/color__rosidl_typesupport_introspection_cpp.hpp
[10.866s] -- Up-to-date: /home/vboxuser/ros2_ws/install/turtlesim/lib/libturtlesim__rosidl_typesupport_introspection_cpp.so
[10.908s] -- Up-to-date: /home/vboxuser/ros2_ws/install/turtlesim/lib/libturtlesim__rosidl_typesupport_cpp.so
[10.909s] -- Up-to-date: /home/vboxuser/ros2_ws/install/turtlesim/share/turtlesim/environment/pythonpath.sh
[10.909s] -- Up-to-date: /home/vboxuser/ros2_ws/install/turtlesim/share/turtlesim/environment/pythonpath.dsv
[10.909s] -- Up-to-date: /home/vboxuser/ros2_ws/install/turtlesim/lib/python3.10/site-packages/turtlesim-1.6.1-py3.10.egg-info
[10.912s] -- Installing: /home/vboxuser/ros2_ws/install/turtlesim/lib/python3.10/site-packages/turtlesim-1.6.1-py3.10.egg-info/top_level.txt
[10.912s] -- Installing: /home/vboxuser/ros2_ws/install/turtlesim/lib/python3.10/site-packages/turtlesim-1.6.1-py3.10.egg-info/SOURCES.txt
[10.913s] -- Installing: /home/vboxuser/ros2_ws/install/turtlesim/lib/python3.10/site-packages/turtlesim-1.6.1-py3.10.egg-info/PKG-INFO
[10.913s] -- Installing: /home/vboxuser/ros2_ws/install/turtlesim/lib/python3.10/site-packages/turtlesim-1.6.1-py3.10.egg-info/dependency_links.txt
[10.913s] -- Up-to-date: /home/vboxuser/ros2_ws/install/turtlesim/lib/python3.10/site-packages/turtlesim
[10.913s] -- Up-to-date: /home/vboxuser/ros2_ws/install/turtlesim/lib/python3.10/site-packages/turtlesim/action
[10.913s] -- Up-to-date: /home/vboxuser/ros2_ws/install/turtlesim/lib/python3.10/site-packages/turtlesim/action/_rotate_absolute.py
[10.914s] -- Up-to-date: /home/vboxuser/ros2_ws/install/turtlesim/lib/python3.10/site-packages/turtlesim/action/_rotate_absolute_s.c
[10.914s] -- Up-to-date: /home/vboxuser/ros2_ws/install/turtlesim/lib/python3.10/site-packages/turtlesim/action/__init__.py
[10.914s] -- Up-to-date: /home/vboxuser/ros2_ws/install/turtlesim/lib/python3.10/site-packages/turtlesim/srv
[10.937s] -- Up-to-date: /home/vboxuser/ros2_ws/install/turtlesim/lib/python3.10/site-packages/turtlesim/srv/_spawn_s.c
[10.938s] -- Up-to-date: /home/vboxuser/ros2_ws/install/turtlesim/lib/python3.10/site-packages/turtlesim/srv/_teleport_relative.py
[10.939s] -- Up-to-date: /home/vboxuser/ros2_ws/install/turtlesim/lib/python3.10/site-packages/turtlesim/srv/_kill_s.c
[10.939s] -- Up-to-date: /home/vboxuser/ros2_ws/install/turtlesim/lib/python3.10/site-packages/turtlesim/srv/_set_pen.py
[10.939s] -- Up-to-date: /home/vboxuser/ros2_ws/install/turtlesim/lib/python3.10/site-packages/turtlesim/srv/_set_pen_s.c
[10.939s] -- Up-to-date: /home/vboxuser/ros2_ws/install/turtlesim/lib/python3.10/site-packages/turtlesim/srv/__init__.py
[10.940s] -- Up-to-date: /home/vboxuser/ros2_ws/install/turtlesim/lib/python3.10/site-packages/turtlesim/srv/_spawn.py
[10.940s] -- Up-to-date: /home/vboxuser/ros2_ws/install/turtlesim/lib/python3.10/site-packages/turtlesim/srv/_teleport_absolute_s.c
[10.941s] -- Up-to-date: /home/vboxuser/ros2_ws/install/turtlesim/lib/python3.10/site-packages/turtlesim/srv/_kill.py
[10.942s] -- Up-to-date: /home/vboxuser/ros2_ws/install/turtlesim/lib/python3.10/site-packages/turtlesim/srv/_teleport_absolute.py
[10.942s] -- Up-to-date: /home/vboxuser/ros2_ws/install/turtlesim/lib/python3.10/site-packages/turtlesim/srv/_teleport_relative_s.c
[10.943s] -- Up-to-date: /home/vboxuser/ros2_ws/install/turtlesim/lib/python3.10/site-packages/turtlesim/_turtlesim_s.ep.rosidl_typesupport_introspection_c.c
[10.943s] -- Up-to-date: /home/vboxuser/ros2_ws/install/turtlesim/lib/python3.10/site-packages/turtlesim/turtlesim_s__rosidl_typesupport_c.cpython-310-x86_64-linux-gnu.so
[10.943s] -- Up-to-date: /home/vboxuser/ros2_ws/install/turtlesim/lib/python3.10/site-packages/turtlesim/msg
[10.943s] -- Up-to-date: /home/vboxuser/ros2_ws/install/turtlesim/lib/python3.10/site-packages/turtlesim/msg/_pose_s.c
[10.944s] -- Up-to-date: /home/vboxuser/ros2_ws/install/turtlesim/lib/python3.10/site-packages/turtlesim/msg/_color_s.c
[10.944s] -- Up-to-date: /home/vboxuser/ros2_ws/install/turtlesim/lib/python3.10/site-packages/turtlesim/msg/_color.py
[10.944s] -- Up-to-date: /home/vboxuser/ros2_ws/install/turtlesim/lib/python3.10/site-packages/turtlesim/msg/__init__.py
[10.944s] -- Up-to-date: /home/vboxuser/ros2_ws/install/turtlesim/lib/python3.10/site-packages/turtlesim/msg/_pose.py
[10.945s] -- Up-to-date: /home/vboxuser/ros2_ws/install/turtlesim/lib/python3.10/site-packages/turtlesim/_turtlesim_s.ep.rosidl_typesupport_fastrtps_c.c
[10.945s] -- Up-to-date: /home/vboxuser/ros2_ws/install/turtlesim/lib/python3.10/site-packages/turtlesim/turtlesim_s__rosidl_typesupport_introspection_c.cpython-310-x86_64-linux-gnu.so
[10.945s] -- Up-to-date: /home/vboxuser/ros2_ws/install/turtlesim/lib/python3.10/site-packages/turtlesim/__init__.py
[10.945s] -- Up-to-date: /home/vboxuser/ros2_ws/install/turtlesim/lib/python3.10/site-packages/turtlesim/_turtlesim_s.ep.rosidl_typesupport_c.c
[10.945s] -- Up-to-date: /home/vboxuser/ros2_ws/install/turtlesim/lib/python3.10/site-packages/turtlesim/libturtlesim__rosidl_generator_py.so
[10.946s] -- Up-to-date: /home/vboxuser/ros2_ws/install/turtlesim/lib/python3.10/site-packages/turtlesim/turtlesim_s__rosidl_typesupport_fastrtps_c.cpython-310-x86_64-linux-gnu.so
[11.762s] Listing '/home/vboxuser/ros2_ws/install/turtlesim/lib/python3.10/site-packages/turtlesim'...
[11.762s] Listing '/home/vboxuser/ros2_ws/install/turtlesim/lib/python3.10/site-packages/turtlesim/action'...
[11.762s] Listing '/home/vboxuser/ros2_ws/install/turtlesim/lib/python3.10/site-packages/turtlesim/msg'...
[11.763s] Listing '/home/vboxuser/ros2_ws/install/turtlesim/lib/python3.10/site-packages/turtlesim/srv'...
[11.812s] -- Up-to-date: /home/vboxuser/ros2_ws/install/turtlesim/lib/python3.10/site-packages/turtlesim/turtlesim_s__rosidl_typesupport_fastrtps_c.cpython-310-x86_64-linux-gnu.so
[11.821s] -- Up-to-date: /home/vboxuser/ros2_ws/install/turtlesim/lib/python3.10/site-packages/turtlesim/turtlesim_s__rosidl_typesupport_introspection_c.cpython-310-x86_64-linux-gnu.so
[11.846s] -- Up-to-date: /home/vboxuser/ros2_ws/install/turtlesim/lib/python3.10/site-packages/turtlesim/turtlesim_s__rosidl_typesupport_c.cpython-310-x86_64-linux-gnu.so
[11.852s] -- Up-to-date: /home/vboxuser/ros2_ws/install/turtlesim/lib/libturtlesim__rosidl_generator_py.so
[11.853s] -- Up-to-date: /home/vboxuser/ros2_ws/install/turtlesim/share/turtlesim/action/RotateAbsolute.idl
[11.853s] -- Up-to-date: /home/vboxuser/ros2_ws/install/turtlesim/share/turtlesim/msg/Color.idl
[11.853s] -- Up-to-date: /home/vboxuser/ros2_ws/install/turtlesim/share/turtlesim/msg/Pose.idl
[11.853s] -- Up-to-date: /home/vboxuser/ros2_ws/install/turtlesim/share/turtlesim/srv/Kill.idl
[11.854s] -- Up-to-date: /home/vboxuser/ros2_ws/install/turtlesim/share/turtlesim/srv/SetPen.idl
[11.858s] -- Up-to-date: /home/vboxuser/ros2_ws/install/turtlesim/share/turtlesim/srv/Spawn.idl
[11.861s] -- Up-to-date: /home/vboxuser/ros2_ws/install/turtlesim/share/turtlesim/srv/TeleportAbsolute.idl
[11.861s] -- Up-to-date: /home/vboxuser/ros2_ws/install/turtlesim/share/turtlesim/srv/TeleportRelative.idl
[11.862s] -- Up-to-date: /home/vboxuser/ros2_ws/install/turtlesim/share/turtlesim/action/RotateAbsolute.action
[11.862s] -- Up-to-date: /home/vboxuser/ros2_ws/install/turtlesim/share/turtlesim/msg/Color.msg
[11.862s] -- Up-to-date: /home/vboxuser/ros2_ws/install/turtlesim/share/turtlesim/msg/Pose.msg
[11.862s] -- Up-to-date: /home/vboxuser/ros2_ws/install/turtlesim/share/turtlesim/srv/Kill.srv
[11.862s] -- Up-to-date: /home/vboxuser/ros2_ws/install/turtlesim/share/turtlesim/srv/Kill_Request.msg
[11.863s] -- Up-to-date: /home/vboxuser/ros2_ws/install/turtlesim/share/turtlesim/srv/Kill_Response.msg
[11.863s] -- Up-to-date: /home/vboxuser/ros2_ws/install/turtlesim/share/turtlesim/srv/SetPen.srv
[11.863s] -- Up-to-date: /home/vboxuser/ros2_ws/install/turtlesim/share/turtlesim/srv/SetPen_Request.msg
[11.863s] -- Up-to-date: /home/vboxuser/ros2_ws/install/turtlesim/share/turtlesim/srv/SetPen_Response.msg
[11.864s] -- Up-to-date: /home/vboxuser/ros2_ws/install/turtlesim/share/turtlesim/srv/Spawn.srv
[11.864s] -- Up-to-date: /home/vboxuser/ros2_ws/install/turtlesim/share/turtlesim/srv/Spawn_Request.msg
[11.865s] -- Up-to-date: /home/vboxuser/ros2_ws/install/turtlesim/share/turtlesim/srv/Spawn_Response.msg
[11.869s] -- Up-to-date: /home/vboxuser/ros2_ws/install/turtlesim/share/turtlesim/srv/TeleportAbsolute.srv
[11.870s] -- Up-to-date: /home/vboxuser/ros2_ws/install/turtlesim/share/turtlesim/srv/TeleportAbsolute_Request.msg
[11.871s] -- Up-to-date: /home/vboxuser/ros2_ws/install/turtlesim/share/turtlesim/srv/TeleportAbsolute_Response.msg
[11.872s] -- Up-to-date: /home/vboxuser/ros2_ws/install/turtlesim/share/turtlesim/srv/TeleportRelative.srv
[11.872s] -- Up-to-date: /home/vboxuser/ros2_ws/install/turtlesim/share/turtlesim/srv/TeleportRelative_Request.msg
[11.873s] -- Up-to-date: /home/vboxuser/ros2_ws/install/turtlesim/share/turtlesim/srv/TeleportRelative_Response.msg
[11.917s] -- Up-to-date: /home/vboxuser/ros2_ws/install/turtlesim/lib/turtlesim/turtlesim_node
[12.003s] -- Up-to-date: /home/vboxuser/ros2_ws/install/turtlesim/lib/turtlesim/turtle_teleop_key
[12.048s] -- Up-to-date: /home/vboxuser/ros2_ws/install/turtlesim/lib/turtlesim/draw_square
[12.101s] -- Up-to-date: /home/vboxuser/ros2_ws/install/turtlesim/lib/turtlesim/mimic
[12.102s] -- Up-to-date: /home/vboxuser/ros2_ws/install/turtlesim/share/turtlesim/images
[12.102s] -- Up-to-date: /home/vboxuser/ros2_ws/install/turtlesim/share/turtlesim/images/iron.png
[12.104s] -- Up-to-date: /home/vboxuser/ros2_ws/install/turtlesim/share/turtlesim/images/dashing.png
[12.104s] -- Up-to-date: /home/vboxuser/ros2_ws/install/turtlesim/share/turtlesim/images/eloquent.png
[12.105s] -- Up-to-date: /home/vboxuser/ros2_ws/install/turtlesim/share/turtlesim/images/humble.png
[12.106s] -- Up-to-date: /home/vboxuser/ros2_ws/install/turtlesim/share/turtlesim/images/bouncy.png
[12.106s] -- Up-to-date: /home/vboxuser/ros2_ws/install/turtlesim/share/turtlesim/images/ardent.png
[12.108s] -- Up-to-date: /home/vboxuser/ros2_ws/install/turtlesim/share/turtlesim/images/rolling.png
[12.109s] -- Up-to-date: /home/vboxuser/ros2_ws/install/turtlesim/share/turtlesim/images/foxy.png
[12.109s] -- Up-to-date: /home/vboxuser/ros2_ws/install/turtlesim/share/turtlesim/images/galactic.png
[12.109s] -- Up-to-date: /home/vboxuser/ros2_ws/install/turtlesim/share/turtlesim/images/crystal.png
[12.109s] -- Up-to-date: /home/vboxuser/ros2_ws/install/turtlesim/share/turtlesim/launch
[12.109s] -- Up-to-date: /home/vboxuser/ros2_ws/install/turtlesim/share/turtlesim/launch/multisim.launch.py
[12.109s] -- Up-to-date: /home/vboxuser/ros2_ws/install/turtlesim/share/ament_index/resource_index/package_run_dependencies/turtlesim
[12.110s] -- Up-to-date: /home/vboxuser/ros2_ws/install/turtlesim/share/ament_index/resource_index/parent_prefix_path/turtlesim
[12.110s] -- Up-to-date: /home/vboxuser/ros2_ws/install/turtlesim/share/turtlesim/environment/ament_prefix_path.dsv
[12.110s] -- Up-to-date: /home/vboxuser/ros2_ws/install/turtlesim/share/turtlesim/environment/path.dsv
[12.110s] -- Up-to-date: /home/vboxuser/ros2_ws/install/turtlesim/share/turtlesim/local_setup.bash
[12.110s] -- Up-to-date: /home/vboxuser/ros2_ws/install/turtlesim/share/turtlesim/local_setup.sh
[12.111s] -- Up-to-date: /home/vboxuser/ros2_ws/install/turtlesim/share/turtlesim/local_setup.zsh
[12.111s] -- Up-to-date: /home/vboxuser/ros2_ws/install/turtlesim/share/turtlesim/local_setup.dsv
[12.111s] -- Installing: /home/vboxuser/ros2_ws/install/turtlesim/share/turtlesim/package.dsv
[12.111s] -- Up-to-date: /home/vboxuser/ros2_ws/install/turtlesim/share/ament_index/resource_index/packages/turtlesim
[12.125s] -- Up-to-date: /home/vboxuser/ros2_ws/install/turtlesim/share/turtlesim/cmake/export_turtlesim__rosidl_generator_cExport.cmake
[12.126s] -- Up-to-date: /home/vboxuser/ros2_ws/install/turtlesim/share/turtlesim/cmake/export_turtlesim__rosidl_generator_cExport-noconfig.cmake
[12.131s] -- Up-to-date: /home/vboxuser/ros2_ws/install/turtlesim/share/turtlesim/cmake/export_turtlesim__rosidl_typesupport_fastrtps_cExport.cmake
[12.131s] -- Up-to-date: /home/vboxuser/ros2_ws/install/turtlesim/share/turtlesim/cmake/export_turtlesim__rosidl_typesupport_fastrtps_cExport-noconfig.cmake
[12.140s] -- Up-to-date: /home/vboxuser/ros2_ws/install/turtlesim/share/turtlesim/cmake/export_turtlesim__rosidl_generator_cppExport.cmake
[12.148s] -- Up-to-date: /home/vboxuser/ros2_ws/install/turtlesim/share/turtlesim/cmake/export_turtlesim__rosidl_typesupport_fastrtps_cppExport.cmake
[12.149s] -- Up-to-date: /home/vboxuser/ros2_ws/install/turtlesim/share/turtlesim/cmake/export_turtlesim__rosidl_typesupport_fastrtps_cppExport-noconfig.cmake
[12.151s] -- Up-to-date: /home/vboxuser/ros2_ws/install/turtlesim/share/turtlesim/cmake/turtlesim__rosidl_typesupport_introspection_cExport.cmake
[12.152s] -- Up-to-date: /home/vboxuser/ros2_ws/install/turtlesim/share/turtlesim/cmake/turtlesim__rosidl_typesupport_introspection_cExport-noconfig.cmake
[12.158s] -- Up-to-date: /home/vboxuser/ros2_ws/install/turtlesim/share/turtlesim/cmake/turtlesim__rosidl_typesupport_cExport.cmake
[12.159s] -- Up-to-date: /home/vboxuser/ros2_ws/install/turtlesim/share/turtlesim/cmake/turtlesim__rosidl_typesupport_cExport-noconfig.cmake
[12.171s] -- Up-to-date: /home/vboxuser/ros2_ws/install/turtlesim/share/turtlesim/cmake/turtlesim__rosidl_typesupport_introspection_cppExport.cmake
[12.171s] -- Up-to-date: /home/vboxuser/ros2_ws/install/turtlesim/share/turtlesim/cmake/turtlesim__rosidl_typesupport_introspection_cppExport-noconfig.cmake
[12.179s] -- Up-to-date: /home/vboxuser/ros2_ws/install/turtlesim/share/turtlesim/cmake/turtlesim__rosidl_typesupport_cppExport.cmake
[12.184s] -- Up-to-date: /home/vboxuser/ros2_ws/install/turtlesim/share/turtlesim/cmake/turtlesim__rosidl_typesupport_cppExport-noconfig.cmake
[12.188s] -- Up-to-date: /home/vboxuser/ros2_ws/install/turtlesim/share/turtlesim/cmake/export_turtlesim__rosidl_generator_pyExport.cmake
[12.189s] -- Up-to-date: /home/vboxuser/ros2_ws/install/turtlesim/share/turtlesim/cmake/export_turtlesim__rosidl_generator_pyExport-noconfig.cmake
[12.189s] -- Up-to-date: /home/vboxuser/ros2_ws/install/turtlesim/share/turtlesim/cmake/rosidl_cmake-extras.cmake
[12.189s] -- Up-to-date: /home/vboxuser/ros2_ws/install/turtlesim/share/turtlesim/cmake/ament_cmake_export_dependencies-extras.cmake
[12.189s] -- Up-to-date: /home/vboxuser/ros2_ws/install/turtlesim/share/turtlesim/cmake/ament_cmake_export_include_directories-extras.cmake
[12.190s] -- Up-to-date: /home/vboxuser/ros2_ws/install/turtlesim/share/turtlesim/cmake/ament_cmake_export_libraries-extras.cmake
[12.190s] -- Up-to-date: /home/vboxuser/ros2_ws/install/turtlesim/share/turtlesim/cmake/ament_cmake_export_targets-extras.cmake
[12.191s] -- Up-to-date: /home/vboxuser/ros2_ws/install/turtlesim/share/turtlesim/cmake/rosidl_cmake_export_typesupport_targets-extras.cmake
[12.192s] -- Up-to-date: /home/vboxuser/ros2_ws/install/turtlesim/share/turtlesim/cmake/rosidl_cmake_export_typesupport_libraries-extras.cmake
[12.192s] -- Up-to-date: /home/vboxuser/ros2_ws/install/turtlesim/share/turtlesim/cmake/turtlesimConfig.cmake
[12.192s] -- Up-to-date: /home/vboxuser/ros2_ws/install/turtlesim/share/turtlesim/cmake/turtlesimConfig-version.cmake
[12.193s] -- Up-to-date: /home/vboxuser/ros2_ws/install/turtlesim/share/turtlesim/package.xml
[12.227s] Invoked command in '/home/vboxuser/ros2_ws/build/turtlesim' returned '0': CMAKE_PREFIX_PATH=${CMAKE_PREFIX_PATH}:/opt/ros/iron:/home/vboxuser/ros2_iron/install/rqt_bag_plugins:/home/vboxuser/ros2_iron/install/rqt_bag:/home/vboxuser/ros2_iron/install/rosbag2_examples_py:/home/vboxuser/ros2_iron/install/launch_testing_examples:/home/vboxuser/ros2_iron/install/ros2bag:/home/vboxuser/ros2_iron/install/tracetools_test:/home/vboxuser/ros2_iron/install/tracetools_launch:/home/vboxuser/ros2_iron/install/topic_monitor:/home/vboxuser/ros2_iron/install/tf2_tools:/home/vboxuser/ros2_iron/install/examples_tf2_py:/home/vboxuser/ros2_iron/install/tf2_ros_py:/home/vboxuser/ros2_iron/install/examples_rclpy_pointcloud_publisher:/home/vboxuser/ros2_iron/install/sensor_msgs_py:/home/vboxuser/ros2_iron/install/quality_of_service_demo_py:/home/vboxuser/ros2_iron/install/rqt_plot:/home/vboxuser/ros2_iron/install/ros2doctor:/home/vboxuser/ros2_iron/install/lifecycle_py:/home/vboxuser/ros2_iron/install/examples_rclpy_minimal_subscriber:/home/vboxuser/ros2_iron/install/examples_rclpy_minimal_service:/home/vboxuser/ros2_iron/install/examples_rclpy_minimal_publisher:/home/vboxuser/ros2_iron/install/examples_rclpy_minimal_client:/home/vboxuser/ros2_iron/install/examples_rclpy_executors:/home/vboxuser/ros2_iron/install/demo_nodes_py:/home/vboxuser/ros2_iron/install/rqt:/home/vboxuser/ros2_iron/install/ros2component:/home/vboxuser/ros2_iron/install/sros2:/home/vboxuser/ros2_iron/install/rqt_topic:/home/vboxuser/ros2_iron/install/rqt_srv:/home/vboxuser/ros2_iron/install/rqt_shell:/home/vboxuser/ros2_iron/install/rqt_service_caller:/home/vboxuser/ros2_iron/install/rqt_reconfigure:/home/vboxuser/ros2_iron/install/rqt_py_console:/home/vboxuser/ros2_iron/install/rqt_publisher:/home/vboxuser/ros2_iron/install/rqt_action:/home/vboxuser/ros2_iron/install/rqt_msg:/home/vboxuser/ros2_iron/install/rqt_console:/home/vboxuser/ros2_iron/install/rqt_graph:/home/vboxuser/ros2_iron/install/rqt_gui_py:/home/vboxuser/ros2_iron/install/rqt_gui:/home/vboxuser/ros2_iron/install/ros2trace:/home/vboxuser/ros2_iron/install/ros2topic:/home/vboxuser/ros2_iron/install/ros2test:/home/vboxuser/ros2_iron/install/ros2param:/home/vboxuser/ros2_iron/install/ros2lifecycle:/home/vboxuser/ros2_iron/install/ros2service:/home/vboxuser/ros2_iron/install/ros2run:/home/vboxuser/ros2_iron/install/ros2launch:/home/vboxuser/ros2_iron/install/ros2pkg:/home/vboxuser/ros2_iron/install/ros2node:/home/vboxuser/ros2_iron/install/ros2multicast:/home/vboxuser/ros2_iron/install/ros2interface:/home/vboxuser/ros2_iron/install/ros2action:/home/vboxuser/ros2_iron/install/ros2cli:/home/vboxuser/ros2_iron/install/launch_testing_ros:/home/vboxuser/ros2_iron/install/launch_ros:/home/vboxuser/ros2_iron/install/examples_rclpy_minimal_action_server:/home/vboxuser/ros2_iron/install/examples_rclpy_minimal_action_client:/home/vboxuser/ros2_iron/install/examples_rclpy_guard_conditions:/home/vboxuser/ros2_iron/install/action_tutorials_py:/home/vboxuser/ros2_iron/install/ament_uncrustify:/home/vboxuser/ros2_iron/install/tracetools_trace:/home/vboxuser/ros2_iron/install/tracetools_read:/home/vboxuser/ros2_iron/install/test_tracetools_launch:/home/vboxuser/ros2_iron/install/test_ros2trace:/home/vboxuser/ros2_iron/install/test_launch_ros:/home/vboxuser/ros2_iron/install/rpyutils:/home/vboxuser/ros2_iron/install/rosidl_runtime_py:/home/vboxuser/ros2_iron/install/rosidl_pycommon:/home/vboxuser/ros2_iron/install/rosidl_cli:/home/vboxuser/ros2_iron/install/launch_pytest:/home/vboxuser/ros2_iron/install/launch_testing:/home/vboxuser/ros2_iron/install/launch_yaml:/home/vboxuser/ros2_iron/install/launch_xml:/home/vboxuser/ros2_iron/install/launch:/home/vboxuser/ros2_iron/install/osrf_pycommon:/home/vboxuser/ros2_iron/install/domain_coordinator:/home/vboxuser/ros2_iron/install/ament_xmllint:/home/vboxuser/ros2_iron/install/ament_pyflakes:/home/vboxuser/ros2_iron/install/ament_pycodestyle:/home/vboxuser/ros2_iron/install/ament_pep257:/home/vboxuser/ros2_iron/install/ament_pclint:/home/vboxuser/ros2_iron/install/ament_package:/home/vboxuser/ros2_iron/install/ament_mypy:/home/vboxuser/ros2_iron/install/ament_lint_cmake:/home/vboxuser/ros2_iron/install/ament_flake8:/home/vboxuser/ros2_iron/install/ament_copyright:/home/vboxuser/ros2_iron/install/ament_lint:/home/vboxuser/ros2_iron/install/ament_index_python:/home/vboxuser/ros2_iron/install/ament_cpplint:/home/vboxuser/ros2_iron/install/ament_cppcheck:/home/vboxuser/ros2_iron/install/ament_clang_tidy:/home/vboxuser/ros2_iron/install/ament_clang_format /usr/bin/cmake --install /home/vboxuser/ros2_ws/build/turtlesim
