[1.147s] Invoking command in '/home/vboxuser/ros2_ws/build/bq769x2_i2c_ros': /usr/bin/cmake --build /home/vboxuser/ros2_ws/build/bq769x2_i2c_ros -- -j4 -l4
[6.628s] [100%] Built target bq769x2_node
[6.686s] Invoked command in '/home/vboxuser/ros2_ws/build/bq769x2_i2c_ros' returned '0': /usr/bin/cmake --build /home/vboxuser/ros2_ws/build/bq769x2_i2c_ros -- -j4 -l4
[6.918s] Invoking command in '/home/vboxuser/ros2_ws/build/bq769x2_i2c_ros': /usr/bin/cmake --install /home/vboxuser/ros2_ws/build/bq769x2_i2c_ros
[7.002s] -- Install configuration: ""
[7.061s] -- Up-to-date: /home/vboxuser/ros2_ws/install/bq769x2_i2c_ros/lib/bq769x2_i2c_ros/bq769x2_node
[7.066s] -- Up-to-date: /home/vboxuser/ros2_ws/install/bq769x2_i2c_ros/share/ament_index/resource_index/package_run_dependencies/bq769x2_i2c_ros
[7.067s] -- Up-to-date: /home/vboxuser/ros2_ws/install/bq769x2_i2c_ros/share/ament_index/resource_index/parent_prefix_path/bq769x2_i2c_ros
[7.068s] -- Up-to-date: /home/vboxuser/ros2_ws/install/bq769x2_i2c_ros/share/bq769x2_i2c_ros/environment/ament_prefix_path.sh
[7.068s] -- Up-to-date: /home/vboxuser/ros2_ws/install/bq769x2_i2c_ros/share/bq769x2_i2c_ros/environment/ament_prefix_path.dsv
[7.073s] -- Up-to-date: /home/vboxuser/ros2_ws/install/bq769x2_i2c_ros/share/bq769x2_i2c_ros/environment/path.sh
[7.073s] -- Up-to-date: /home/vboxuser/ros2_ws/install/bq769x2_i2c_ros/share/bq769x2_i2c_ros/environment/path.dsv
[7.073s] -- Up-to-date: /home/vboxuser/ros2_ws/install/bq769x2_i2c_ros/share/bq769x2_i2c_ros/local_setup.bash
[7.074s] -- Up-to-date: /home/vboxuser/ros2_ws/install/bq769x2_i2c_ros/share/bq769x2_i2c_ros/local_setup.sh
[7.074s] -- Up-to-date: /home/vboxuser/ros2_ws/install/bq769x2_i2c_ros/share/bq769x2_i2c_ros/local_setup.zsh
[7.074s] -- Up-to-date: /home/vboxuser/ros2_ws/install/bq769x2_i2c_ros/share/bq769x2_i2c_ros/local_setup.dsv
[7.074s] -- Installing: /home/vboxuser/ros2_ws/install/bq769x2_i2c_ros/share/bq769x2_i2c_ros/package.dsv
[7.200s] -- Up-to-date: /home/vboxuser/ros2_ws/install/bq769x2_i2c_ros/share/ament_index/resource_index/packages/bq769x2_i2c_ros
[7.222s] -- Up-to-date: /home/vboxuser/ros2_ws/install/bq769x2_i2c_ros/share/bq769x2_i2c_ros/cmake/bq769x2_i2c_rosConfig.cmake
[7.224s] -- Up-to-date: /home/vboxuser/ros2_ws/install/bq769x2_i2c_ros/share/bq769x2_i2c_ros/cmake/bq769x2_i2c_rosConfig-version.cmake
[7.245s] -- Up-to-date: /home/vboxuser/ros2_ws/install/bq769x2_i2c_ros/share/bq769x2_i2c_ros/package.xml
[7.667s] Invoked command in '/home/vboxuser/ros2_ws/build/bq769x2_i2c_ros' returned '0': /usr/bin/cmake --install /home/vboxuser/ros2_ws/build/bq769x2_i2c_ros
