[0.182s] Invoking command in '/home/vboxuser/ros2_ws/build/examples_rclcpp_minimal_subscriber': /usr/bin/cmake --build /home/vboxuser/ros2_ws/build/examples_rclcpp_minimal_subscriber -- -j4 -l4
[0.584s] [ 12%] Built target subscriber_member_function
[0.584s] [ 16%] Built target subscriber_member_function_with_type_adapter
[0.658s] [ 25%] Built target subscriber_lambda
[0.658s] [ 33%] Built target subscriber_member_function_with_topic_statistics
[0.836s] [ 41%] Built target subscriber_member_function_with_unique_network_flow_endpoints
[0.840s] [ 50%] Built target subscriber_not_composable
[0.900s] [ 58%] Built target subscriber_content_filtering
[0.962s] [ 75%] Built target wait_set_subscriber_library
[1.083s] [ 83%] Built target time_triggered_wait_set_subscriber
[1.131s] [ 91%] Built target wait_set_subscriber
[1.144s] [100%] Built target static_wait_set_subscriber
[2.063s] Invoked command in '/home/vboxuser/ros2_ws/build/examples_rclcpp_minimal_subscriber' returned '0': /usr/bin/cmake --build /home/vboxuser/ros2_ws/build/examples_rclcpp_minimal_subscriber -- -j4 -l4
[2.082s] Invoking command in '/home/vboxuser/ros2_ws/build/examples_rclcpp_minimal_subscriber': /usr/bin/cmake --install /home/vboxuser/ros2_ws/build/examples_rclcpp_minimal_subscriber
[2.145s] -- Install configuration: ""
[2.187s] -- Up-to-date: /home/vboxuser/ros2_ws/install/examples_rclcpp_minimal_subscriber/lib/examples_rclcpp_minimal_subscriber/wait_set_subscriber
[2.270s] -- Up-to-date: /home/vboxuser/ros2_ws/install/examples_rclcpp_minimal_subscriber/lib/examples_rclcpp_minimal_subscriber/static_wait_set_subscriber
[2.370s] -- Up-to-date: /home/vboxuser/ros2_ws/install/examples_rclcpp_minimal_subscriber/lib/examples_rclcpp_minimal_subscriber/time_triggered_wait_set_subscriber
[2.461s] -- Up-to-date: /home/vboxuser/ros2_ws/install/examples_rclcpp_minimal_subscriber/lib/libwait_set_subscriber_library.so
[2.541s] -- Up-to-date: /home/vboxuser/ros2_ws/install/examples_rclcpp_minimal_subscriber/lib/examples_rclcpp_minimal_subscriber/subscriber_lambda
[2.706s] -- Up-to-date: /home/vboxuser/ros2_ws/install/examples_rclcpp_minimal_subscriber/lib/examples_rclcpp_minimal_subscriber/subscriber_member_function
[2.806s] -- Up-to-date: /home/vboxuser/ros2_ws/install/examples_rclcpp_minimal_subscriber/lib/examples_rclcpp_minimal_subscriber/subscriber_member_function_with_topic_statistics
[2.865s] -- Up-to-date: /home/vboxuser/ros2_ws/install/examples_rclcpp_minimal_subscriber/lib/examples_rclcpp_minimal_subscriber/subscriber_member_function_with_type_adapter
[2.933s] -- Up-to-date: /home/vboxuser/ros2_ws/install/examples_rclcpp_minimal_subscriber/lib/examples_rclcpp_minimal_subscriber/subscriber_member_function_with_unique_network_flow_endpoints
[3.001s] -- Up-to-date: /home/vboxuser/ros2_ws/install/examples_rclcpp_minimal_subscriber/lib/examples_rclcpp_minimal_subscriber/subscriber_not_composable
[3.034s] -- Up-to-date: /home/vboxuser/ros2_ws/install/examples_rclcpp_minimal_subscriber/lib/examples_rclcpp_minimal_subscriber/subscriber_content_filtering
[3.038s] -- Up-to-date: /home/vboxuser/ros2_ws/install/examples_rclcpp_minimal_subscriber/share/ament_index/resource_index/package_run_dependencies/examples_rclcpp_minimal_subscriber
[3.038s] -- Up-to-date: /home/vboxuser/ros2_ws/install/examples_rclcpp_minimal_subscriber/share/ament_index/resource_index/parent_prefix_path/examples_rclcpp_minimal_subscriber
[3.038s] -- Up-to-date: /home/vboxuser/ros2_ws/install/examples_rclcpp_minimal_subscriber/share/examples_rclcpp_minimal_subscriber/environment/ament_prefix_path.dsv
[3.038s] -- Up-to-date: /home/vboxuser/ros2_ws/install/examples_rclcpp_minimal_subscriber/share/examples_rclcpp_minimal_subscriber/environment/path.dsv
[3.039s] -- Up-to-date: /home/vboxuser/ros2_ws/install/examples_rclcpp_minimal_subscriber/share/examples_rclcpp_minimal_subscriber/local_setup.bash
[3.039s] -- Up-to-date: /home/vboxuser/ros2_ws/install/examples_rclcpp_minimal_subscriber/share/examples_rclcpp_minimal_subscriber/local_setup.sh
[3.039s] -- Up-to-date: /home/vboxuser/ros2_ws/install/examples_rclcpp_minimal_subscriber/share/examples_rclcpp_minimal_subscriber/local_setup.zsh
[3.039s] -- Up-to-date: /home/vboxuser/ros2_ws/install/examples_rclcpp_minimal_subscriber/share/examples_rclcpp_minimal_subscriber/local_setup.dsv
[3.039s] -- Installing: /home/vboxuser/ros2_ws/install/examples_rclcpp_minimal_subscriber/share/examples_rclcpp_minimal_subscriber/package.dsv
[3.077s] -- Up-to-date: /home/vboxuser/ros2_ws/install/examples_rclcpp_minimal_subscriber/share/ament_index/resource_index/packages/examples_rclcpp_minimal_subscriber
[3.077s] -- Up-to-date: /home/vboxuser/ros2_ws/install/examples_rclcpp_minimal_subscriber/share/ament_index/resource_index/rclcpp_components/examples_rclcpp_minimal_subscriber
[3.080s] -- Up-to-date: /home/vboxuser/ros2_ws/install/examples_rclcpp_minimal_subscriber/share/examples_rclcpp_minimal_subscriber/cmake/examples_rclcpp_minimal_subscriberConfig.cmake
[3.081s] -- Up-to-date: /home/vboxuser/ros2_ws/install/examples_rclcpp_minimal_subscriber/share/examples_rclcpp_minimal_subscriber/cmake/examples_rclcpp_minimal_subscriberConfig-version.cmake
[3.081s] -- Up-to-date: /home/vboxuser/ros2_ws/install/examples_rclcpp_minimal_subscriber/share/examples_rclcpp_minimal_subscriber/package.xml
[3.816s] Invoked command in '/home/vboxuser/ros2_ws/build/examples_rclcpp_minimal_subscriber' returned '0': /usr/bin/cmake --install /home/vboxuser/ros2_ws/build/examples_rclcpp_minimal_subscriber
