[7.471s] Invoking command in '/home/vboxuser/ros2_ws/src/examples/rclpy/executors': PYTHONPATH=/home/vboxuser/ros2_ws/build/examples_rclpy_executors/prefix_override:/usr/lib/python3/dist-packages/colcon_core/task/python/colcon_distutils_commands:/home/vboxuser/ros2_ws/install/examples_rclpy_executors/lib/python3.10/site-packages:${PYTHONPATH} /usr/bin/python3 -W ignore:setup.py install is deprecated -W ignore:easy_install command is deprecated setup.py egg_info --egg-base ../../../../build/examples_rclpy_executors build --build-base /home/vboxuser/ros2_ws/build/examples_rclpy_executors/build install --record /home/vboxuser/ros2_ws/build/examples_rclpy_executors/install.log --single-version-externally-managed install_data
[8.906s] running egg_info
[8.907s] writing ../../../../build/examples_rclpy_executors/examples_rclpy_executors.egg-info/PKG-INFO
[8.956s] writing dependency_links to ../../../../build/examples_rclpy_executors/examples_rclpy_executors.egg-info/dependency_links.txt
[8.956s] writing entry points to ../../../../build/examples_rclpy_executors/examples_rclpy_executors.egg-info/entry_points.txt
[8.957s] writing requirements to ../../../../build/examples_rclpy_executors/examples_rclpy_executors.egg-info/requires.txt
[8.957s] writing top-level names to ../../../../build/examples_rclpy_executors/examples_rclpy_executors.egg-info/top_level.txt
[8.957s] reading manifest file '../../../../build/examples_rclpy_executors/examples_rclpy_executors.egg-info/SOURCES.txt'
[8.957s] writing manifest file '../../../../build/examples_rclpy_executors/examples_rclpy_executors.egg-info/SOURCES.txt'
[8.973s] running build
[8.973s] running build_py
[8.973s] running install
[9.004s] running install_lib
[9.004s] running install_data
[9.005s] running install_egg_info
[9.005s] removing '/home/vboxuser/ros2_ws/install/examples_rclpy_executors/lib/python3.10/site-packages/examples_rclpy_executors-0.18.2-py3.10.egg-info' (and everything under it)
[9.005s] Copying ../../../../build/examples_rclpy_executors/examples_rclpy_executors.egg-info to /home/vboxuser/ros2_ws/install/examples_rclpy_executors/lib/python3.10/site-packages/examples_rclpy_executors-0.18.2-py3.10.egg-info
[9.005s] running install_scripts
[9.258s] Installing callback_group script to /home/vboxuser/ros2_ws/install/examples_rclpy_executors/lib/examples_rclpy_executors
[9.283s] Installing composed script to /home/vboxuser/ros2_ws/install/examples_rclpy_executors/lib/examples_rclpy_executors
[9.283s] Installing custom_callback_group script to /home/vboxuser/ros2_ws/install/examples_rclpy_executors/lib/examples_rclpy_executors
[9.284s] Installing custom_executor script to /home/vboxuser/ros2_ws/install/examples_rclpy_executors/lib/examples_rclpy_executors
[9.284s] Installing listener script to /home/vboxuser/ros2_ws/install/examples_rclpy_executors/lib/examples_rclpy_executors
[9.285s] Installing talker script to /home/vboxuser/ros2_ws/install/examples_rclpy_executors/lib/examples_rclpy_executors
[9.285s] writing list of installed files to '/home/vboxuser/ros2_ws/build/examples_rclpy_executors/install.log'
[10.962s] Invoked command in '/home/vboxuser/ros2_ws/src/examples/rclpy/executors' returned '0': PYTHONPATH=/home/vboxuser/ros2_ws/build/examples_rclpy_executors/prefix_override:/usr/lib/python3/dist-packages/colcon_core/task/python/colcon_distutils_commands:/home/vboxuser/ros2_ws/install/examples_rclpy_executors/lib/python3.10/site-packages:${PYTHONPATH} /usr/bin/python3 -W ignore:setup.py install is deprecated -W ignore:easy_install command is deprecated setup.py egg_info --egg-base ../../../../build/examples_rclpy_executors build --build-base /home/vboxuser/ros2_ws/build/examples_rclpy_executors/build install --record /home/vboxuser/ros2_ws/build/examples_rclpy_executors/install.log --single-version-externally-managed install_data
