[1.802s] Invoking command in '/home/vboxuser/ros2_ws/build/vesc_msgs': CMAKE_PREFIX_PATH=${CMAKE_PREFIX_PATH}:/home/vboxuser/ros2_ws/install/read_rosbag:/home/vboxuser/ros2_ws/install/py_pubsub:/home/vboxuser/ros2_ws/install/launch_testing_examples:/home/vboxuser/ros2_ws/install/examples_rclpy_pointcloud_publisher:/home/vboxuser/ros2_ws/install/examples_rclpy_minimal_subscriber:/home/vboxuser/ros2_ws/install/examples_rclpy_minimal_service:/home/vboxuser/ros2_ws/install/examples_rclpy_minimal_publisher:/home/vboxuser/ros2_ws/install/examples_rclpy_minimal_client:/home/vboxuser/ros2_ws/install/examples_rclpy_minimal_action_server:/home/vboxuser/ros2_ws/install/examples_rclpy_minimal_action_client:/home/vboxuser/ros2_ws/install/examples_rclpy_guard_conditions:/home/vboxuser/ros2_ws/install/examples_rclpy_executors:/home/vboxuser/ros2_ws/install/bms_visualizer:/opt/ros/iron:/home/vboxuser/ros2_iron/install/rqt_bag_plugins:/home/vboxuser/ros2_iron/install/rqt_bag:/home/vboxuser/ros2_iron/install/rosbag2_examples_py:/home/vboxuser/ros2_iron/install/launch_testing_examples:/home/vboxuser/ros2_iron/install/ros2bag:/home/vboxuser/ros2_iron/install/tracetools_test:/home/vboxuser/ros2_iron/install/tracetools_launch:/home/vboxuser/ros2_iron/install/topic_monitor:/home/vboxuser/ros2_iron/install/tf2_tools:/home/vboxuser/ros2_iron/install/examples_tf2_py:/home/vboxuser/ros2_iron/install/tf2_ros_py:/home/vboxuser/ros2_iron/install/examples_rclpy_pointcloud_publisher:/home/vboxuser/ros2_iron/install/sensor_msgs_py:/home/vboxuser/ros2_iron/install/quality_of_service_demo_py:/home/vboxuser/ros2_iron/install/rqt_plot:/home/vboxuser/ros2_iron/install/ros2doctor:/home/vboxuser/ros2_iron/install/lifecycle_py:/home/vboxuser/ros2_iron/install/examples_rclpy_minimal_subscriber:/home/vboxuser/ros2_iron/install/examples_rclpy_minimal_service:/home/vboxuser/ros2_iron/install/examples_rclpy_minimal_publisher:/home/vboxuser/ros2_iron/install/examples_rclpy_minimal_client:/home/vboxuser/ros2_iron/install/examples_rclpy_executors:/home/vboxuser/ros2_iron/install/demo_nodes_py:/home/vboxuser/ros2_iron/install/rqt:/home/vboxuser/ros2_iron/install/ros2component:/home/vboxuser/ros2_iron/install/sros2:/home/vboxuser/ros2_iron/install/rqt_topic:/home/vboxuser/ros2_iron/install/rqt_srv:/home/vboxuser/ros2_iron/install/rqt_shell:/home/vboxuser/ros2_iron/install/rqt_service_caller:/home/vboxuser/ros2_iron/install/rqt_reconfigure:/home/vboxuser/ros2_iron/install/rqt_py_console:/home/vboxuser/ros2_iron/install/rqt_publisher:/home/vboxuser/ros2_iron/install/rqt_action:/home/vboxuser/ros2_iron/install/rqt_msg:/home/vboxuser/ros2_iron/install/rqt_console:/home/vboxuser/ros2_iron/install/rqt_graph:/home/vboxuser/ros2_iron/install/rqt_gui_py:/home/vboxuser/ros2_iron/install/rqt_gui:/home/vboxuser/ros2_iron/install/ros2trace:/home/vboxuser/ros2_iron/install/ros2topic:/home/vboxuser/ros2_iron/install/ros2test:/home/vboxuser/ros2_iron/install/ros2param:/home/vboxuser/ros2_iron/install/ros2lifecycle:/home/vboxuser/ros2_iron/install/ros2service:/home/vboxuser/ros2_iron/install/ros2run:/home/vboxuser/ros2_iron/install/ros2launch:/home/vboxuser/ros2_iron/install/ros2pkg:/home/vboxuser/ros2_iron/install/ros2node:/home/vboxuser/ros2_iron/install/ros2multicast:/home/vboxuser/ros2_iron/install/ros2interface:/home/vboxuser/ros2_iron/install/ros2action:/home/vboxuser/ros2_iron/install/ros2cli:/home/vboxuser/ros2_iron/install/launch_testing_ros:/home/vboxuser/ros2_iron/install/launch_ros:/home/vboxuser/ros2_iron/install/examples_rclpy_minimal_action_server:/home/vboxuser/ros2_iron/install/examples_rclpy_minimal_action_client:/home/vboxuser/ros2_iron/install/examples_rclpy_guard_conditions:/home/vboxuser/ros2_iron/install/action_tutorials_py:/home/vboxuser/ros2_iron/install/ament_uncrustify:/home/vboxuser/ros2_iron/install/tracetools_trace:/home/vboxuser/ros2_iron/install/tracetools_read:/home/vboxuser/ros2_iron/install/test_tracetools_launch:/home/vboxuser/ros2_iron/install/test_ros2trace:/home/vboxuser/ros2_iron/install/test_launch_ros:/home/vboxuser/ros2_iron/install/rpyutils:/home/vboxuser/ros2_iron/install/rosidl_runtime_py:/home/vboxuser/ros2_iron/install/rosidl_pycommon:/home/vboxuser/ros2_iron/install/rosidl_cli:/home/vboxuser/ros2_iron/install/launch_pytest:/home/vboxuser/ros2_iron/install/launch_testing:/home/vboxuser/ros2_iron/install/launch_yaml:/home/vboxuser/ros2_iron/install/launch_xml:/home/vboxuser/ros2_iron/install/launch:/home/vboxuser/ros2_iron/install/osrf_pycommon:/home/vboxuser/ros2_iron/install/domain_coordinator:/home/vboxuser/ros2_iron/install/ament_xmllint:/home/vboxuser/ros2_iron/install/ament_pyflakes:/home/vboxuser/ros2_iron/install/ament_pycodestyle:/home/vboxuser/ros2_iron/install/ament_pep257:/home/vboxuser/ros2_iron/install/ament_pclint:/home/vboxuser/ros2_iron/install/ament_package:/home/vboxuser/ros2_iron/install/ament_mypy:/home/vboxuser/ros2_iron/install/ament_lint_cmake:/home/vboxuser/ros2_iron/install/ament_flake8:/home/vboxuser/ros2_iron/install/ament_copyright:/home/vboxuser/ros2_iron/install/ament_lint:/home/vboxuser/ros2_iron/install/ament_index_python:/home/vboxuser/ros2_iron/install/ament_cpplint:/home/vboxuser/ros2_iron/install/ament_cppcheck:/home/vboxuser/ros2_iron/install/ament_clang_tidy:/home/vboxuser/ros2_iron/install/ament_clang_format /usr/bin/cmake --build /home/vboxuser/ros2_ws/build/vesc_msgs -- -j4 -l4
[2.337s] [  0%] Built target ament_cmake_python_copy_vesc_msgs
[2.337s] [  1%] Built target vesc_msgs__rosidl_generator_type_description
[2.585s] [  3%] Built target vesc_msgs__cpp
[2.690s] [ 25%] Built target vesc_msgs__rosidl_generator_c
[3.145s] [ 34%] Built target vesc_msgs__rosidl_typesupport_fastrtps_cpp
[3.148s] [ 43%] Built target vesc_msgs__rosidl_typesupport_c
[3.157s] [ 53%] Built target vesc_msgs__rosidl_typesupport_introspection_cpp
[3.513s] [ 62%] Built target vesc_msgs__rosidl_typesupport_introspection_c
[3.538s] [ 71%] Built target vesc_msgs__rosidl_typesupport_fastrtps_c
[3.637s] [ 81%] Built target vesc_msgs__rosidl_typesupport_cpp
[3.957s] [ 81%] Built target vesc_msgs
[4.420s] [ 82%] Built target vesc_msgs__py
[4.639s] [ 90%] Built target vesc_msgs__rosidl_generator_py
[5.047s] [ 93%] Built target vesc_msgs__rosidl_typesupport_introspection_c__pyext
[5.183s] [ 96%] Built target vesc_msgs__rosidl_typesupport_fastrtps_c__pyext
[5.251s] [100%] Built target vesc_msgs__rosidl_typesupport_c__pyext
[5.704s] running egg_info
[5.711s] writing vesc_msgs.egg-info/PKG-INFO
[5.711s] writing dependency_links to vesc_msgs.egg-info/dependency_links.txt
[5.716s] writing top-level names to vesc_msgs.egg-info/top_level.txt
[5.735s] reading manifest file 'vesc_msgs.egg-info/SOURCES.txt'
[5.735s] writing manifest file 'vesc_msgs.egg-info/SOURCES.txt'
[5.881s] [100%] Built target ament_cmake_python_build_vesc_msgs_egg
[6.017s] Invoked command in '/home/vboxuser/ros2_ws/build/vesc_msgs' returned '0': CMAKE_PREFIX_PATH=${CMAKE_PREFIX_PATH}:/home/vboxuser/ros2_ws/install/read_rosbag:/home/vboxuser/ros2_ws/install/py_pubsub:/home/vboxuser/ros2_ws/install/launch_testing_examples:/home/vboxuser/ros2_ws/install/examples_rclpy_pointcloud_publisher:/home/vboxuser/ros2_ws/install/examples_rclpy_minimal_subscriber:/home/vboxuser/ros2_ws/install/examples_rclpy_minimal_service:/home/vboxuser/ros2_ws/install/examples_rclpy_minimal_publisher:/home/vboxuser/ros2_ws/install/examples_rclpy_minimal_client:/home/vboxuser/ros2_ws/install/examples_rclpy_minimal_action_server:/home/vboxuser/ros2_ws/install/examples_rclpy_minimal_action_client:/home/vboxuser/ros2_ws/install/examples_rclpy_guard_conditions:/home/vboxuser/ros2_ws/install/examples_rclpy_executors:/home/vboxuser/ros2_ws/install/bms_visualizer:/opt/ros/iron:/home/vboxuser/ros2_iron/install/rqt_bag_plugins:/home/vboxuser/ros2_iron/install/rqt_bag:/home/vboxuser/ros2_iron/install/rosbag2_examples_py:/home/vboxuser/ros2_iron/install/launch_testing_examples:/home/vboxuser/ros2_iron/install/ros2bag:/home/vboxuser/ros2_iron/install/tracetools_test:/home/vboxuser/ros2_iron/install/tracetools_launch:/home/vboxuser/ros2_iron/install/topic_monitor:/home/vboxuser/ros2_iron/install/tf2_tools:/home/vboxuser/ros2_iron/install/examples_tf2_py:/home/vboxuser/ros2_iron/install/tf2_ros_py:/home/vboxuser/ros2_iron/install/examples_rclpy_pointcloud_publisher:/home/vboxuser/ros2_iron/install/sensor_msgs_py:/home/vboxuser/ros2_iron/install/quality_of_service_demo_py:/home/vboxuser/ros2_iron/install/rqt_plot:/home/vboxuser/ros2_iron/install/ros2doctor:/home/vboxuser/ros2_iron/install/lifecycle_py:/home/vboxuser/ros2_iron/install/examples_rclpy_minimal_subscriber:/home/vboxuser/ros2_iron/install/examples_rclpy_minimal_service:/home/vboxuser/ros2_iron/install/examples_rclpy_minimal_publisher:/home/vboxuser/ros2_iron/install/examples_rclpy_minimal_client:/home/vboxuser/ros2_iron/install/examples_rclpy_executors:/home/vboxuser/ros2_iron/install/demo_nodes_py:/home/vboxuser/ros2_iron/install/rqt:/home/vboxuser/ros2_iron/install/ros2component:/home/vboxuser/ros2_iron/install/sros2:/home/vboxuser/ros2_iron/install/rqt_topic:/home/vboxuser/ros2_iron/install/rqt_srv:/home/vboxuser/ros2_iron/install/rqt_shell:/home/vboxuser/ros2_iron/install/rqt_service_caller:/home/vboxuser/ros2_iron/install/rqt_reconfigure:/home/vboxuser/ros2_iron/install/rqt_py_console:/home/vboxuser/ros2_iron/install/rqt_publisher:/home/vboxuser/ros2_iron/install/rqt_action:/home/vboxuser/ros2_iron/install/rqt_msg:/home/vboxuser/ros2_iron/install/rqt_console:/home/vboxuser/ros2_iron/install/rqt_graph:/home/vboxuser/ros2_iron/install/rqt_gui_py:/home/vboxuser/ros2_iron/install/rqt_gui:/home/vboxuser/ros2_iron/install/ros2trace:/home/vboxuser/ros2_iron/install/ros2topic:/home/vboxuser/ros2_iron/install/ros2test:/home/vboxuser/ros2_iron/install/ros2param:/home/vboxuser/ros2_iron/install/ros2lifecycle:/home/vboxuser/ros2_iron/install/ros2service:/home/vboxuser/ros2_iron/install/ros2run:/home/vboxuser/ros2_iron/install/ros2launch:/home/vboxuser/ros2_iron/install/ros2pkg:/home/vboxuser/ros2_iron/install/ros2node:/home/vboxuser/ros2_iron/install/ros2multicast:/home/vboxuser/ros2_iron/install/ros2interface:/home/vboxuser/ros2_iron/install/ros2action:/home/vboxuser/ros2_iron/install/ros2cli:/home/vboxuser/ros2_iron/install/launch_testing_ros:/home/vboxuser/ros2_iron/install/launch_ros:/home/vboxuser/ros2_iron/install/examples_rclpy_minimal_action_server:/home/vboxuser/ros2_iron/install/examples_rclpy_minimal_action_client:/home/vboxuser/ros2_iron/install/examples_rclpy_guard_conditions:/home/vboxuser/ros2_iron/install/action_tutorials_py:/home/vboxuser/ros2_iron/install/ament_uncrustify:/home/vboxuser/ros2_iron/install/tracetools_trace:/home/vboxuser/ros2_iron/install/tracetools_read:/home/vboxuser/ros2_iron/install/test_tracetools_launch:/home/vboxuser/ros2_iron/install/test_ros2trace:/home/vboxuser/ros2_iron/install/test_launch_ros:/home/vboxuser/ros2_iron/install/rpyutils:/home/vboxuser/ros2_iron/install/rosidl_runtime_py:/home/vboxuser/ros2_iron/install/rosidl_pycommon:/home/vboxuser/ros2_iron/install/rosidl_cli:/home/vboxuser/ros2_iron/install/launch_pytest:/home/vboxuser/ros2_iron/install/launch_testing:/home/vboxuser/ros2_iron/install/launch_yaml:/home/vboxuser/ros2_iron/install/launch_xml:/home/vboxuser/ros2_iron/install/launch:/home/vboxuser/ros2_iron/install/osrf_pycommon:/home/vboxuser/ros2_iron/install/domain_coordinator:/home/vboxuser/ros2_iron/install/ament_xmllint:/home/vboxuser/ros2_iron/install/ament_pyflakes:/home/vboxuser/ros2_iron/install/ament_pycodestyle:/home/vboxuser/ros2_iron/install/ament_pep257:/home/vboxuser/ros2_iron/install/ament_pclint:/home/vboxuser/ros2_iron/install/ament_package:/home/vboxuser/ros2_iron/install/ament_mypy:/home/vboxuser/ros2_iron/install/ament_lint_cmake:/home/vboxuser/ros2_iron/install/ament_flake8:/home/vboxuser/ros2_iron/install/ament_copyright:/home/vboxuser/ros2_iron/install/ament_lint:/home/vboxuser/ros2_iron/install/ament_index_python:/home/vboxuser/ros2_iron/install/ament_cpplint:/home/vboxuser/ros2_iron/install/ament_cppcheck:/home/vboxuser/ros2_iron/install/ament_clang_tidy:/home/vboxuser/ros2_iron/install/ament_clang_format /usr/bin/cmake --build /home/vboxuser/ros2_ws/build/vesc_msgs -- -j4 -l4
[6.018s] Invoking command in '/home/vboxuser/ros2_ws/build/vesc_msgs': CMAKE_PREFIX_PATH=${CMAKE_PREFIX_PATH}:/home/vboxuser/ros2_ws/install/read_rosbag:/home/vboxuser/ros2_ws/install/py_pubsub:/home/vboxuser/ros2_ws/install/launch_testing_examples:/home/vboxuser/ros2_ws/install/examples_rclpy_pointcloud_publisher:/home/vboxuser/ros2_ws/install/examples_rclpy_minimal_subscriber:/home/vboxuser/ros2_ws/install/examples_rclpy_minimal_service:/home/vboxuser/ros2_ws/install/examples_rclpy_minimal_publisher:/home/vboxuser/ros2_ws/install/examples_rclpy_minimal_client:/home/vboxuser/ros2_ws/install/examples_rclpy_minimal_action_server:/home/vboxuser/ros2_ws/install/examples_rclpy_minimal_action_client:/home/vboxuser/ros2_ws/install/examples_rclpy_guard_conditions:/home/vboxuser/ros2_ws/install/examples_rclpy_executors:/home/vboxuser/ros2_ws/install/bms_visualizer:/opt/ros/iron:/home/vboxuser/ros2_iron/install/rqt_bag_plugins:/home/vboxuser/ros2_iron/install/rqt_bag:/home/vboxuser/ros2_iron/install/rosbag2_examples_py:/home/vboxuser/ros2_iron/install/launch_testing_examples:/home/vboxuser/ros2_iron/install/ros2bag:/home/vboxuser/ros2_iron/install/tracetools_test:/home/vboxuser/ros2_iron/install/tracetools_launch:/home/vboxuser/ros2_iron/install/topic_monitor:/home/vboxuser/ros2_iron/install/tf2_tools:/home/vboxuser/ros2_iron/install/examples_tf2_py:/home/vboxuser/ros2_iron/install/tf2_ros_py:/home/vboxuser/ros2_iron/install/examples_rclpy_pointcloud_publisher:/home/vboxuser/ros2_iron/install/sensor_msgs_py:/home/vboxuser/ros2_iron/install/quality_of_service_demo_py:/home/vboxuser/ros2_iron/install/rqt_plot:/home/vboxuser/ros2_iron/install/ros2doctor:/home/vboxuser/ros2_iron/install/lifecycle_py:/home/vboxuser/ros2_iron/install/examples_rclpy_minimal_subscriber:/home/vboxuser/ros2_iron/install/examples_rclpy_minimal_service:/home/vboxuser/ros2_iron/install/examples_rclpy_minimal_publisher:/home/vboxuser/ros2_iron/install/examples_rclpy_minimal_client:/home/vboxuser/ros2_iron/install/examples_rclpy_executors:/home/vboxuser/ros2_iron/install/demo_nodes_py:/home/vboxuser/ros2_iron/install/rqt:/home/vboxuser/ros2_iron/install/ros2component:/home/vboxuser/ros2_iron/install/sros2:/home/vboxuser/ros2_iron/install/rqt_topic:/home/vboxuser/ros2_iron/install/rqt_srv:/home/vboxuser/ros2_iron/install/rqt_shell:/home/vboxuser/ros2_iron/install/rqt_service_caller:/home/vboxuser/ros2_iron/install/rqt_reconfigure:/home/vboxuser/ros2_iron/install/rqt_py_console:/home/vboxuser/ros2_iron/install/rqt_publisher:/home/vboxuser/ros2_iron/install/rqt_action:/home/vboxuser/ros2_iron/install/rqt_msg:/home/vboxuser/ros2_iron/install/rqt_console:/home/vboxuser/ros2_iron/install/rqt_graph:/home/vboxuser/ros2_iron/install/rqt_gui_py:/home/vboxuser/ros2_iron/install/rqt_gui:/home/vboxuser/ros2_iron/install/ros2trace:/home/vboxuser/ros2_iron/install/ros2topic:/home/vboxuser/ros2_iron/install/ros2test:/home/vboxuser/ros2_iron/install/ros2param:/home/vboxuser/ros2_iron/install/ros2lifecycle:/home/vboxuser/ros2_iron/install/ros2service:/home/vboxuser/ros2_iron/install/ros2run:/home/vboxuser/ros2_iron/install/ros2launch:/home/vboxuser/ros2_iron/install/ros2pkg:/home/vboxuser/ros2_iron/install/ros2node:/home/vboxuser/ros2_iron/install/ros2multicast:/home/vboxuser/ros2_iron/install/ros2interface:/home/vboxuser/ros2_iron/install/ros2action:/home/vboxuser/ros2_iron/install/ros2cli:/home/vboxuser/ros2_iron/install/launch_testing_ros:/home/vboxuser/ros2_iron/install/launch_ros:/home/vboxuser/ros2_iron/install/examples_rclpy_minimal_action_server:/home/vboxuser/ros2_iron/install/examples_rclpy_minimal_action_client:/home/vboxuser/ros2_iron/install/examples_rclpy_guard_conditions:/home/vboxuser/ros2_iron/install/action_tutorials_py:/home/vboxuser/ros2_iron/install/ament_uncrustify:/home/vboxuser/ros2_iron/install/tracetools_trace:/home/vboxuser/ros2_iron/install/tracetools_read:/home/vboxuser/ros2_iron/install/test_tracetools_launch:/home/vboxuser/ros2_iron/install/test_ros2trace:/home/vboxuser/ros2_iron/install/test_launch_ros:/home/vboxuser/ros2_iron/install/rpyutils:/home/vboxuser/ros2_iron/install/rosidl_runtime_py:/home/vboxuser/ros2_iron/install/rosidl_pycommon:/home/vboxuser/ros2_iron/install/rosidl_cli:/home/vboxuser/ros2_iron/install/launch_pytest:/home/vboxuser/ros2_iron/install/launch_testing:/home/vboxuser/ros2_iron/install/launch_yaml:/home/vboxuser/ros2_iron/install/launch_xml:/home/vboxuser/ros2_iron/install/launch:/home/vboxuser/ros2_iron/install/osrf_pycommon:/home/vboxuser/ros2_iron/install/domain_coordinator:/home/vboxuser/ros2_iron/install/ament_xmllint:/home/vboxuser/ros2_iron/install/ament_pyflakes:/home/vboxuser/ros2_iron/install/ament_pycodestyle:/home/vboxuser/ros2_iron/install/ament_pep257:/home/vboxuser/ros2_iron/install/ament_pclint:/home/vboxuser/ros2_iron/install/ament_package:/home/vboxuser/ros2_iron/install/ament_mypy:/home/vboxuser/ros2_iron/install/ament_lint_cmake:/home/vboxuser/ros2_iron/install/ament_flake8:/home/vboxuser/ros2_iron/install/ament_copyright:/home/vboxuser/ros2_iron/install/ament_lint:/home/vboxuser/ros2_iron/install/ament_index_python:/home/vboxuser/ros2_iron/install/ament_cpplint:/home/vboxuser/ros2_iron/install/ament_cppcheck:/home/vboxuser/ros2_iron/install/ament_clang_tidy:/home/vboxuser/ros2_iron/install/ament_clang_format /usr/bin/cmake --install /home/vboxuser/ros2_ws/build/vesc_msgs
[6.108s] -- Install configuration: ""
[6.110s] -- Up-to-date: /home/vboxuser/ros2_ws/install/vesc_msgs/share/ament_index/resource_index/rosidl_interfaces/vesc_msgs
[6.111s] -- Up-to-date: /home/vboxuser/ros2_ws/install/vesc_msgs/share/vesc_msgs/msg/VescState.json
[6.112s] -- Up-to-date: /home/vboxuser/ros2_ws/install/vesc_msgs/share/vesc_msgs/msg/VescStateStamped.json
[6.112s] -- Up-to-date: /home/vboxuser/ros2_ws/install/vesc_msgs/share/vesc_msgs/msg/VescImu.json
[6.113s] -- Up-to-date: /home/vboxuser/ros2_ws/install/vesc_msgs/share/vesc_msgs/msg/VescImuStamped.json
[6.113s] -- Up-to-date: /home/vboxuser/ros2_ws/install/vesc_msgs/include/vesc_msgs/vesc_msgs
[6.117s] -- Up-to-date: /home/vboxuser/ros2_ws/install/vesc_msgs/include/vesc_msgs/vesc_msgs/msg
[6.117s] -- Up-to-date: /home/vboxuser/ros2_ws/install/vesc_msgs/include/vesc_msgs/vesc_msgs/msg/vesc_imu.h
[6.117s] -- Up-to-date: /home/vboxuser/ros2_ws/install/vesc_msgs/include/vesc_msgs/vesc_msgs/msg/rosidl_generator_c__visibility_control.h
[6.117s] -- Up-to-date: /home/vboxuser/ros2_ws/install/vesc_msgs/include/vesc_msgs/vesc_msgs/msg/vesc_state_stamped.h
[6.117s] -- Up-to-date: /home/vboxuser/ros2_ws/install/vesc_msgs/include/vesc_msgs/vesc_msgs/msg/detail
[6.117s] -- Up-to-date: /home/vboxuser/ros2_ws/install/vesc_msgs/include/vesc_msgs/vesc_msgs/msg/detail/vesc_state_stamped__functions.c
[6.117s] -- Up-to-date: /home/vboxuser/ros2_ws/install/vesc_msgs/include/vesc_msgs/vesc_msgs/msg/detail/vesc_imu_stamped__type_support.h
[6.118s] -- Up-to-date: /home/vboxuser/ros2_ws/install/vesc_msgs/include/vesc_msgs/vesc_msgs/msg/detail/vesc_imu_stamped__functions.h
[6.118s] -- Up-to-date: /home/vboxuser/ros2_ws/install/vesc_msgs/include/vesc_msgs/vesc_msgs/msg/detail/vesc_imu__type_support.h
[6.118s] -- Up-to-date: /home/vboxuser/ros2_ws/install/vesc_msgs/include/vesc_msgs/vesc_msgs/msg/detail/vesc_imu__description.c
[6.118s] -- Up-to-date: /home/vboxuser/ros2_ws/install/vesc_msgs/include/vesc_msgs/vesc_msgs/msg/detail/vesc_imu__functions.h
[6.118s] -- Up-to-date: /home/vboxuser/ros2_ws/install/vesc_msgs/include/vesc_msgs/vesc_msgs/msg/detail/vesc_state_stamped__description.c
[6.118s] -- Up-to-date: /home/vboxuser/ros2_ws/install/vesc_msgs/include/vesc_msgs/vesc_msgs/msg/detail/vesc_imu_stamped__struct.h
[6.118s] -- Up-to-date: /home/vboxuser/ros2_ws/install/vesc_msgs/include/vesc_msgs/vesc_msgs/msg/detail/vesc_imu_stamped__description.c
[6.171s] -- Up-to-date: /home/vboxuser/ros2_ws/install/vesc_msgs/include/vesc_msgs/vesc_msgs/msg/detail/vesc_state__type_support.h
[6.172s] -- Up-to-date: /home/vboxuser/ros2_ws/install/vesc_msgs/include/vesc_msgs/vesc_msgs/msg/detail/vesc_state_stamped__type_support.h
[6.172s] -- Installing: /home/vboxuser/ros2_ws/install/vesc_msgs/include/vesc_msgs/vesc_msgs/msg/detail/vesc_state__type_support.c
[6.172s] -- Up-to-date: /home/vboxuser/ros2_ws/install/vesc_msgs/include/vesc_msgs/vesc_msgs/msg/detail/vesc_state_stamped__functions.h
[6.172s] -- Up-to-date: /home/vboxuser/ros2_ws/install/vesc_msgs/include/vesc_msgs/vesc_msgs/msg/detail/vesc_imu_stamped__functions.c
[6.172s] -- Installing: /home/vboxuser/ros2_ws/install/vesc_msgs/include/vesc_msgs/vesc_msgs/msg/detail/vesc_state_stamped__type_support.c
[6.172s] -- Up-to-date: /home/vboxuser/ros2_ws/install/vesc_msgs/include/vesc_msgs/vesc_msgs/msg/detail/vesc_imu__struct.h
[6.172s] -- Up-to-date: /home/vboxuser/ros2_ws/install/vesc_msgs/include/vesc_msgs/vesc_msgs/msg/detail/vesc_state__functions.h
[6.173s] -- Up-to-date: /home/vboxuser/ros2_ws/install/vesc_msgs/include/vesc_msgs/vesc_msgs/msg/detail/vesc_state__struct.h
[6.173s] -- Up-to-date: /home/vboxuser/ros2_ws/install/vesc_msgs/include/vesc_msgs/vesc_msgs/msg/detail/vesc_state__description.c
[6.173s] -- Installing: /home/vboxuser/ros2_ws/install/vesc_msgs/include/vesc_msgs/vesc_msgs/msg/detail/vesc_imu_stamped__type_support.c
[6.173s] -- Up-to-date: /home/vboxuser/ros2_ws/install/vesc_msgs/include/vesc_msgs/vesc_msgs/msg/detail/vesc_state_stamped__struct.h
[6.173s] -- Up-to-date: /home/vboxuser/ros2_ws/install/vesc_msgs/include/vesc_msgs/vesc_msgs/msg/detail/vesc_state__functions.c
[6.173s] -- Up-to-date: /home/vboxuser/ros2_ws/install/vesc_msgs/include/vesc_msgs/vesc_msgs/msg/detail/vesc_imu__functions.c
[6.173s] -- Installing: /home/vboxuser/ros2_ws/install/vesc_msgs/include/vesc_msgs/vesc_msgs/msg/detail/vesc_imu__type_support.c
[6.173s] -- Up-to-date: /home/vboxuser/ros2_ws/install/vesc_msgs/include/vesc_msgs/vesc_msgs/msg/vesc_imu_stamped.h
[6.173s] -- Up-to-date: /home/vboxuser/ros2_ws/install/vesc_msgs/include/vesc_msgs/vesc_msgs/msg/vesc_state.h
[6.174s] -- Up-to-date: /home/vboxuser/ros2_ws/install/vesc_msgs/share/vesc_msgs/environment/library_path.sh
[6.174s] -- Up-to-date: /home/vboxuser/ros2_ws/install/vesc_msgs/share/vesc_msgs/environment/library_path.dsv
[6.174s] -- Up-to-date: /home/vboxuser/ros2_ws/install/vesc_msgs/lib/libvesc_msgs__rosidl_generator_c.so
[6.174s] -- Up-to-date: /home/vboxuser/ros2_ws/install/vesc_msgs/include/vesc_msgs/vesc_msgs
[6.174s] -- Up-to-date: /home/vboxuser/ros2_ws/install/vesc_msgs/include/vesc_msgs/vesc_msgs/msg
[6.174s] -- Up-to-date: /home/vboxuser/ros2_ws/install/vesc_msgs/include/vesc_msgs/vesc_msgs/msg/detail
[6.174s] -- Up-to-date: /home/vboxuser/ros2_ws/install/vesc_msgs/include/vesc_msgs/vesc_msgs/msg/detail/vesc_imu__rosidl_typesupport_introspection_c.h
[6.174s] -- Up-to-date: /home/vboxuser/ros2_ws/install/vesc_msgs/include/vesc_msgs/vesc_msgs/msg/detail/vesc_state__rosidl_typesupport_introspection_c.h
[6.175s] -- Up-to-date: /home/vboxuser/ros2_ws/install/vesc_msgs/include/vesc_msgs/vesc_msgs/msg/detail/vesc_state_stamped__rosidl_typesupport_introspection_c.h
[6.175s] -- Installing: /home/vboxuser/ros2_ws/install/vesc_msgs/include/vesc_msgs/vesc_msgs/msg/detail/vesc_state__type_support.c
[6.175s] -- Installing: /home/vboxuser/ros2_ws/install/vesc_msgs/include/vesc_msgs/vesc_msgs/msg/detail/vesc_state_stamped__type_support.c
[6.183s] -- Installing: /home/vboxuser/ros2_ws/install/vesc_msgs/include/vesc_msgs/vesc_msgs/msg/detail/vesc_imu_stamped__type_support.c
[6.183s] -- Up-to-date: /home/vboxuser/ros2_ws/install/vesc_msgs/include/vesc_msgs/vesc_msgs/msg/detail/vesc_imu_stamped__rosidl_typesupport_introspection_c.h
[6.184s] -- Installing: /home/vboxuser/ros2_ws/install/vesc_msgs/include/vesc_msgs/vesc_msgs/msg/detail/vesc_imu__type_support.c
[6.215s] -- Up-to-date: /home/vboxuser/ros2_ws/install/vesc_msgs/include/vesc_msgs/vesc_msgs/msg/rosidl_typesupport_introspection_c__visibility_control.h
[6.216s] -- Up-to-date: /home/vboxuser/ros2_ws/install/vesc_msgs/lib/libvesc_msgs__rosidl_typesupport_introspection_c.so
[6.216s] -- Up-to-date: /home/vboxuser/ros2_ws/install/vesc_msgs/include/vesc_msgs/vesc_msgs
[6.216s] -- Up-to-date: /home/vboxuser/ros2_ws/install/vesc_msgs/include/vesc_msgs/vesc_msgs/msg
[6.216s] -- Up-to-date: /home/vboxuser/ros2_ws/install/vesc_msgs/include/vesc_msgs/vesc_msgs/msg/rosidl_typesupport_fastrtps_c__visibility_control.h
[6.216s] -- Up-to-date: /home/vboxuser/ros2_ws/install/vesc_msgs/include/vesc_msgs/vesc_msgs/msg/detail
[6.217s] -- Up-to-date: /home/vboxuser/ros2_ws/install/vesc_msgs/include/vesc_msgs/vesc_msgs/msg/detail/vesc_imu_stamped__rosidl_typesupport_fastrtps_c.h
[6.217s] -- Up-to-date: /home/vboxuser/ros2_ws/install/vesc_msgs/include/vesc_msgs/vesc_msgs/msg/detail/vesc_imu__rosidl_typesupport_fastrtps_c.h
[6.217s] -- Up-to-date: /home/vboxuser/ros2_ws/install/vesc_msgs/include/vesc_msgs/vesc_msgs/msg/detail/vesc_state_stamped__rosidl_typesupport_fastrtps_c.h
[6.217s] -- Up-to-date: /home/vboxuser/ros2_ws/install/vesc_msgs/include/vesc_msgs/vesc_msgs/msg/detail/vesc_state__rosidl_typesupport_fastrtps_c.h
[6.217s] -- Up-to-date: /home/vboxuser/ros2_ws/install/vesc_msgs/lib/libvesc_msgs__rosidl_typesupport_fastrtps_c.so
[6.217s] -- Up-to-date: /home/vboxuser/ros2_ws/install/vesc_msgs/lib/libvesc_msgs__rosidl_typesupport_c.so
[6.217s] -- Up-to-date: /home/vboxuser/ros2_ws/install/vesc_msgs/include/vesc_msgs/vesc_msgs
[6.217s] -- Up-to-date: /home/vboxuser/ros2_ws/install/vesc_msgs/include/vesc_msgs/vesc_msgs/msg
[6.218s] -- Up-to-date: /home/vboxuser/ros2_ws/install/vesc_msgs/include/vesc_msgs/vesc_msgs/msg/vesc_imu_stamped.hpp
[6.218s] -- Up-to-date: /home/vboxuser/ros2_ws/install/vesc_msgs/include/vesc_msgs/vesc_msgs/msg/vesc_imu.hpp
[6.218s] -- Up-to-date: /home/vboxuser/ros2_ws/install/vesc_msgs/include/vesc_msgs/vesc_msgs/msg/vesc_state.hpp
[6.218s] -- Up-to-date: /home/vboxuser/ros2_ws/install/vesc_msgs/include/vesc_msgs/vesc_msgs/msg/detail
[6.218s] -- Up-to-date: /home/vboxuser/ros2_ws/install/vesc_msgs/include/vesc_msgs/vesc_msgs/msg/detail/vesc_imu__builder.hpp
[6.218s] -- Up-to-date: /home/vboxuser/ros2_ws/install/vesc_msgs/include/vesc_msgs/vesc_msgs/msg/detail/vesc_imu_stamped__builder.hpp
[6.218s] -- Up-to-date: /home/vboxuser/ros2_ws/install/vesc_msgs/include/vesc_msgs/vesc_msgs/msg/detail/vesc_imu_stamped__struct.hpp
[6.218s] -- Up-to-date: /home/vboxuser/ros2_ws/install/vesc_msgs/include/vesc_msgs/vesc_msgs/msg/detail/vesc_imu__struct.hpp
[6.218s] -- Up-to-date: /home/vboxuser/ros2_ws/install/vesc_msgs/include/vesc_msgs/vesc_msgs/msg/detail/vesc_state__struct.hpp
[6.219s] -- Up-to-date: /home/vboxuser/ros2_ws/install/vesc_msgs/include/vesc_msgs/vesc_msgs/msg/detail/vesc_state_stamped__builder.hpp
[6.219s] -- Up-to-date: /home/vboxuser/ros2_ws/install/vesc_msgs/include/vesc_msgs/vesc_msgs/msg/detail/vesc_state_stamped__traits.hpp
[6.225s] -- Up-to-date: /home/vboxuser/ros2_ws/install/vesc_msgs/include/vesc_msgs/vesc_msgs/msg/detail/vesc_imu_stamped__traits.hpp
[6.225s] -- Up-to-date: /home/vboxuser/ros2_ws/install/vesc_msgs/include/vesc_msgs/vesc_msgs/msg/detail/vesc_imu__traits.hpp
[6.226s] -- Up-to-date: /home/vboxuser/ros2_ws/install/vesc_msgs/include/vesc_msgs/vesc_msgs/msg/detail/vesc_state__builder.hpp
[6.226s] -- Up-to-date: /home/vboxuser/ros2_ws/install/vesc_msgs/include/vesc_msgs/vesc_msgs/msg/detail/vesc_state__traits.hpp
[6.226s] -- Up-to-date: /home/vboxuser/ros2_ws/install/vesc_msgs/include/vesc_msgs/vesc_msgs/msg/detail/vesc_state_stamped__struct.hpp
[6.239s] -- Up-to-date: /home/vboxuser/ros2_ws/install/vesc_msgs/include/vesc_msgs/vesc_msgs/msg/vesc_state_stamped.hpp
[6.240s] -- Up-to-date: /home/vboxuser/ros2_ws/install/vesc_msgs/include/vesc_msgs/vesc_msgs
[6.243s] -- Up-to-date: /home/vboxuser/ros2_ws/install/vesc_msgs/include/vesc_msgs/vesc_msgs/msg
[6.243s] -- Up-to-date: /home/vboxuser/ros2_ws/install/vesc_msgs/include/vesc_msgs/vesc_msgs/msg/detail
[6.244s] -- Up-to-date: /home/vboxuser/ros2_ws/install/vesc_msgs/include/vesc_msgs/vesc_msgs/msg/detail/vesc_state_stamped__type_support.cpp
[6.244s] -- Up-to-date: /home/vboxuser/ros2_ws/install/vesc_msgs/include/vesc_msgs/vesc_msgs/msg/detail/vesc_state__type_support.cpp
[6.244s] -- Up-to-date: /home/vboxuser/ros2_ws/install/vesc_msgs/include/vesc_msgs/vesc_msgs/msg/detail/vesc_state__rosidl_typesupport_introspection_cpp.hpp
[6.244s] -- Up-to-date: /home/vboxuser/ros2_ws/install/vesc_msgs/include/vesc_msgs/vesc_msgs/msg/detail/vesc_imu_stamped__rosidl_typesupport_introspection_cpp.hpp
[6.244s] -- Up-to-date: /home/vboxuser/ros2_ws/install/vesc_msgs/include/vesc_msgs/vesc_msgs/msg/detail/vesc_imu_stamped__type_support.cpp
[6.244s] -- Up-to-date: /home/vboxuser/ros2_ws/install/vesc_msgs/include/vesc_msgs/vesc_msgs/msg/detail/vesc_imu__rosidl_typesupport_introspection_cpp.hpp
[6.244s] -- Up-to-date: /home/vboxuser/ros2_ws/install/vesc_msgs/include/vesc_msgs/vesc_msgs/msg/detail/vesc_state_stamped__rosidl_typesupport_introspection_cpp.hpp
[6.245s] -- Up-to-date: /home/vboxuser/ros2_ws/install/vesc_msgs/include/vesc_msgs/vesc_msgs/msg/detail/vesc_imu__type_support.cpp
[6.245s] -- Up-to-date: /home/vboxuser/ros2_ws/install/vesc_msgs/lib/libvesc_msgs__rosidl_typesupport_introspection_cpp.so
[6.245s] -- Up-to-date: /home/vboxuser/ros2_ws/install/vesc_msgs/include/vesc_msgs/vesc_msgs
[6.245s] -- Up-to-date: /home/vboxuser/ros2_ws/install/vesc_msgs/include/vesc_msgs/vesc_msgs/msg
[6.245s] -- Up-to-date: /home/vboxuser/ros2_ws/install/vesc_msgs/include/vesc_msgs/vesc_msgs/msg/rosidl_typesupport_fastrtps_cpp__visibility_control.h
[6.245s] -- Up-to-date: /home/vboxuser/ros2_ws/install/vesc_msgs/include/vesc_msgs/vesc_msgs/msg/detail
[6.245s] -- Up-to-date: /home/vboxuser/ros2_ws/install/vesc_msgs/include/vesc_msgs/vesc_msgs/msg/detail/vesc_state_stamped__rosidl_typesupport_fastrtps_cpp.hpp
[6.245s] -- Up-to-date: /home/vboxuser/ros2_ws/install/vesc_msgs/include/vesc_msgs/vesc_msgs/msg/detail/vesc_state__rosidl_typesupport_fastrtps_cpp.hpp
[6.245s] -- Up-to-date: /home/vboxuser/ros2_ws/install/vesc_msgs/include/vesc_msgs/vesc_msgs/msg/detail/dds_fastrtps
[6.246s] -- Up-to-date: /home/vboxuser/ros2_ws/install/vesc_msgs/include/vesc_msgs/vesc_msgs/msg/detail/vesc_imu__rosidl_typesupport_fastrtps_cpp.hpp
[6.246s] -- Up-to-date: /home/vboxuser/ros2_ws/install/vesc_msgs/include/vesc_msgs/vesc_msgs/msg/detail/vesc_imu_stamped__rosidl_typesupport_fastrtps_cpp.hpp
[6.246s] -- Up-to-date: /home/vboxuser/ros2_ws/install/vesc_msgs/lib/libvesc_msgs__rosidl_typesupport_fastrtps_cpp.so
[6.246s] -- Up-to-date: /home/vboxuser/ros2_ws/install/vesc_msgs/lib/libvesc_msgs__rosidl_typesupport_cpp.so
[6.246s] -- Up-to-date: /home/vboxuser/ros2_ws/install/vesc_msgs/share/vesc_msgs/environment/pythonpath.sh
[6.246s] -- Up-to-date: /home/vboxuser/ros2_ws/install/vesc_msgs/share/vesc_msgs/environment/pythonpath.dsv
[6.246s] -- Up-to-date: /home/vboxuser/ros2_ws/install/vesc_msgs/lib/python3.10/site-packages/vesc_msgs-1.1.0-py3.10.egg-info
[6.247s] -- Installing: /home/vboxuser/ros2_ws/install/vesc_msgs/lib/python3.10/site-packages/vesc_msgs-1.1.0-py3.10.egg-info/top_level.txt
[6.247s] -- Installing: /home/vboxuser/ros2_ws/install/vesc_msgs/lib/python3.10/site-packages/vesc_msgs-1.1.0-py3.10.egg-info/SOURCES.txt
[6.247s] -- Installing: /home/vboxuser/ros2_ws/install/vesc_msgs/lib/python3.10/site-packages/vesc_msgs-1.1.0-py3.10.egg-info/PKG-INFO
[6.247s] -- Installing: /home/vboxuser/ros2_ws/install/vesc_msgs/lib/python3.10/site-packages/vesc_msgs-1.1.0-py3.10.egg-info/dependency_links.txt
[6.247s] -- Up-to-date: /home/vboxuser/ros2_ws/install/vesc_msgs/lib/python3.10/site-packages/vesc_msgs
[6.247s] -- Up-to-date: /home/vboxuser/ros2_ws/install/vesc_msgs/lib/python3.10/site-packages/vesc_msgs/libvesc_msgs__rosidl_generator_py.so
[6.247s] -- Up-to-date: /home/vboxuser/ros2_ws/install/vesc_msgs/lib/python3.10/site-packages/vesc_msgs/_vesc_msgs_s.ep.rosidl_typesupport_introspection_c.c
[6.248s] -- Up-to-date: /home/vboxuser/ros2_ws/install/vesc_msgs/lib/python3.10/site-packages/vesc_msgs/_vesc_msgs_s.ep.rosidl_typesupport_c.c
[6.248s] -- Up-to-date: /home/vboxuser/ros2_ws/install/vesc_msgs/lib/python3.10/site-packages/vesc_msgs/vesc_msgs_s__rosidl_typesupport_introspection_c.cpython-310-x86_64-linux-gnu.so
[6.248s] -- Up-to-date: /home/vboxuser/ros2_ws/install/vesc_msgs/lib/python3.10/site-packages/vesc_msgs/_vesc_msgs_s.ep.rosidl_typesupport_fastrtps_c.c
[6.248s] -- Up-to-date: /home/vboxuser/ros2_ws/install/vesc_msgs/lib/python3.10/site-packages/vesc_msgs/vesc_msgs_s__rosidl_typesupport_fastrtps_c.cpython-310-x86_64-linux-gnu.so
[6.248s] -- Up-to-date: /home/vboxuser/ros2_ws/install/vesc_msgs/lib/python3.10/site-packages/vesc_msgs/vesc_msgs_s__rosidl_typesupport_c.cpython-310-x86_64-linux-gnu.so
[6.357s] -- Up-to-date: /home/vboxuser/ros2_ws/install/vesc_msgs/lib/python3.10/site-packages/vesc_msgs/msg
[6.360s] -- Up-to-date: /home/vboxuser/ros2_ws/install/vesc_msgs/lib/python3.10/site-packages/vesc_msgs/msg/_vesc_state_s.c
[6.364s] -- Up-to-date: /home/vboxuser/ros2_ws/install/vesc_msgs/lib/python3.10/site-packages/vesc_msgs/msg/_vesc_state_stamped_s.c
[6.366s] -- Up-to-date: /home/vboxuser/ros2_ws/install/vesc_msgs/lib/python3.10/site-packages/vesc_msgs/msg/_vesc_imu.py
[6.366s] -- Up-to-date: /home/vboxuser/ros2_ws/install/vesc_msgs/lib/python3.10/site-packages/vesc_msgs/msg/_vesc_imu_s.c
[6.366s] -- Up-to-date: /home/vboxuser/ros2_ws/install/vesc_msgs/lib/python3.10/site-packages/vesc_msgs/msg/_vesc_imu_stamped.py
[6.367s] -- Up-to-date: /home/vboxuser/ros2_ws/install/vesc_msgs/lib/python3.10/site-packages/vesc_msgs/msg/_vesc_state_stamped.py
[6.367s] -- Up-to-date: /home/vboxuser/ros2_ws/install/vesc_msgs/lib/python3.10/site-packages/vesc_msgs/msg/_vesc_state.py
[6.367s] -- Up-to-date: /home/vboxuser/ros2_ws/install/vesc_msgs/lib/python3.10/site-packages/vesc_msgs/msg/__init__.py
[6.368s] -- Up-to-date: /home/vboxuser/ros2_ws/install/vesc_msgs/lib/python3.10/site-packages/vesc_msgs/msg/_vesc_imu_stamped_s.c
[6.368s] -- Up-to-date: /home/vboxuser/ros2_ws/install/vesc_msgs/lib/python3.10/site-packages/vesc_msgs/__init__.py
[7.169s] Listing '/home/vboxuser/ros2_ws/install/vesc_msgs/lib/python3.10/site-packages/vesc_msgs'...
[7.169s] Listing '/home/vboxuser/ros2_ws/install/vesc_msgs/lib/python3.10/site-packages/vesc_msgs/msg'...
[7.223s] -- Up-to-date: /home/vboxuser/ros2_ws/install/vesc_msgs/lib/python3.10/site-packages/vesc_msgs/vesc_msgs_s__rosidl_typesupport_introspection_c.cpython-310-x86_64-linux-gnu.so
[7.226s] -- Up-to-date: /home/vboxuser/ros2_ws/install/vesc_msgs/lib/python3.10/site-packages/vesc_msgs/vesc_msgs_s__rosidl_typesupport_fastrtps_c.cpython-310-x86_64-linux-gnu.so
[7.226s] -- Up-to-date: /home/vboxuser/ros2_ws/install/vesc_msgs/lib/python3.10/site-packages/vesc_msgs/vesc_msgs_s__rosidl_typesupport_c.cpython-310-x86_64-linux-gnu.so
[7.226s] -- Up-to-date: /home/vboxuser/ros2_ws/install/vesc_msgs/lib/libvesc_msgs__rosidl_generator_py.so
[7.229s] -- Up-to-date: /home/vboxuser/ros2_ws/install/vesc_msgs/share/vesc_msgs/msg/VescState.idl
[7.234s] -- Up-to-date: /home/vboxuser/ros2_ws/install/vesc_msgs/share/vesc_msgs/msg/VescStateStamped.idl
[7.236s] -- Up-to-date: /home/vboxuser/ros2_ws/install/vesc_msgs/share/vesc_msgs/msg/VescImu.idl
[7.236s] -- Up-to-date: /home/vboxuser/ros2_ws/install/vesc_msgs/share/vesc_msgs/msg/VescImuStamped.idl
[7.236s] -- Up-to-date: /home/vboxuser/ros2_ws/install/vesc_msgs/share/vesc_msgs/msg/VescState.msg
[7.236s] -- Up-to-date: /home/vboxuser/ros2_ws/install/vesc_msgs/share/vesc_msgs/msg/VescStateStamped.msg
[7.236s] -- Up-to-date: /home/vboxuser/ros2_ws/install/vesc_msgs/share/vesc_msgs/msg/VescImu.msg
[7.236s] -- Up-to-date: /home/vboxuser/ros2_ws/install/vesc_msgs/share/vesc_msgs/msg/VescImuStamped.msg
[7.236s] -- Up-to-date: /home/vboxuser/ros2_ws/install/vesc_msgs/share/ament_index/resource_index/package_run_dependencies/vesc_msgs
[7.237s] -- Up-to-date: /home/vboxuser/ros2_ws/install/vesc_msgs/share/ament_index/resource_index/parent_prefix_path/vesc_msgs
[7.237s] -- Up-to-date: /home/vboxuser/ros2_ws/install/vesc_msgs/share/vesc_msgs/environment/ament_prefix_path.dsv
[7.237s] -- Up-to-date: /home/vboxuser/ros2_ws/install/vesc_msgs/share/vesc_msgs/environment/path.dsv
[7.237s] -- Up-to-date: /home/vboxuser/ros2_ws/install/vesc_msgs/share/vesc_msgs/local_setup.bash
[7.237s] -- Up-to-date: /home/vboxuser/ros2_ws/install/vesc_msgs/share/vesc_msgs/local_setup.sh
[7.237s] -- Up-to-date: /home/vboxuser/ros2_ws/install/vesc_msgs/share/vesc_msgs/local_setup.zsh
[7.237s] -- Up-to-date: /home/vboxuser/ros2_ws/install/vesc_msgs/share/vesc_msgs/local_setup.dsv
[7.237s] -- Installing: /home/vboxuser/ros2_ws/install/vesc_msgs/share/vesc_msgs/package.dsv
[7.237s] -- Up-to-date: /home/vboxuser/ros2_ws/install/vesc_msgs/share/ament_index/resource_index/packages/vesc_msgs
[7.237s] -- Up-to-date: /home/vboxuser/ros2_ws/install/vesc_msgs/share/vesc_msgs/cmake/export_vesc_msgs__rosidl_generator_cExport.cmake
[7.238s] -- Up-to-date: /home/vboxuser/ros2_ws/install/vesc_msgs/share/vesc_msgs/cmake/export_vesc_msgs__rosidl_generator_cExport-noconfig.cmake
[7.238s] -- Up-to-date: /home/vboxuser/ros2_ws/install/vesc_msgs/share/vesc_msgs/cmake/vesc_msgs__rosidl_typesupport_introspection_cExport.cmake
[7.238s] -- Up-to-date: /home/vboxuser/ros2_ws/install/vesc_msgs/share/vesc_msgs/cmake/vesc_msgs__rosidl_typesupport_introspection_cExport-noconfig.cmake
[7.238s] -- Up-to-date: /home/vboxuser/ros2_ws/install/vesc_msgs/share/vesc_msgs/cmake/export_vesc_msgs__rosidl_typesupport_fastrtps_cExport.cmake
[7.238s] -- Up-to-date: /home/vboxuser/ros2_ws/install/vesc_msgs/share/vesc_msgs/cmake/export_vesc_msgs__rosidl_typesupport_fastrtps_cExport-noconfig.cmake
[7.238s] -- Up-to-date: /home/vboxuser/ros2_ws/install/vesc_msgs/share/vesc_msgs/cmake/vesc_msgs__rosidl_typesupport_cExport.cmake
[7.238s] -- Up-to-date: /home/vboxuser/ros2_ws/install/vesc_msgs/share/vesc_msgs/cmake/vesc_msgs__rosidl_typesupport_cExport-noconfig.cmake
[7.238s] -- Up-to-date: /home/vboxuser/ros2_ws/install/vesc_msgs/share/vesc_msgs/cmake/export_vesc_msgs__rosidl_generator_cppExport.cmake
[7.238s] -- Up-to-date: /home/vboxuser/ros2_ws/install/vesc_msgs/share/vesc_msgs/cmake/vesc_msgs__rosidl_typesupport_introspection_cppExport.cmake
[7.238s] -- Up-to-date: /home/vboxuser/ros2_ws/install/vesc_msgs/share/vesc_msgs/cmake/vesc_msgs__rosidl_typesupport_introspection_cppExport-noconfig.cmake
[7.239s] -- Up-to-date: /home/vboxuser/ros2_ws/install/vesc_msgs/share/vesc_msgs/cmake/export_vesc_msgs__rosidl_typesupport_fastrtps_cppExport.cmake
[7.239s] -- Up-to-date: /home/vboxuser/ros2_ws/install/vesc_msgs/share/vesc_msgs/cmake/export_vesc_msgs__rosidl_typesupport_fastrtps_cppExport-noconfig.cmake
[7.239s] -- Up-to-date: /home/vboxuser/ros2_ws/install/vesc_msgs/share/vesc_msgs/cmake/vesc_msgs__rosidl_typesupport_cppExport.cmake
[7.239s] -- Up-to-date: /home/vboxuser/ros2_ws/install/vesc_msgs/share/vesc_msgs/cmake/vesc_msgs__rosidl_typesupport_cppExport-noconfig.cmake
[7.239s] -- Up-to-date: /home/vboxuser/ros2_ws/install/vesc_msgs/share/vesc_msgs/cmake/export_vesc_msgs__rosidl_generator_pyExport.cmake
[7.239s] -- Up-to-date: /home/vboxuser/ros2_ws/install/vesc_msgs/share/vesc_msgs/cmake/export_vesc_msgs__rosidl_generator_pyExport-noconfig.cmake
[7.239s] -- Up-to-date: /home/vboxuser/ros2_ws/install/vesc_msgs/share/vesc_msgs/cmake/rosidl_cmake-extras.cmake
[7.239s] -- Up-to-date: /home/vboxuser/ros2_ws/install/vesc_msgs/share/vesc_msgs/cmake/ament_cmake_export_dependencies-extras.cmake
[7.239s] -- Up-to-date: /home/vboxuser/ros2_ws/install/vesc_msgs/share/vesc_msgs/cmake/ament_cmake_export_include_directories-extras.cmake
[7.239s] -- Up-to-date: /home/vboxuser/ros2_ws/install/vesc_msgs/share/vesc_msgs/cmake/ament_cmake_export_libraries-extras.cmake
[7.239s] -- Up-to-date: /home/vboxuser/ros2_ws/install/vesc_msgs/share/vesc_msgs/cmake/ament_cmake_export_targets-extras.cmake
[7.240s] -- Up-to-date: /home/vboxuser/ros2_ws/install/vesc_msgs/share/vesc_msgs/cmake/rosidl_cmake_export_typesupport_targets-extras.cmake
[7.240s] -- Up-to-date: /home/vboxuser/ros2_ws/install/vesc_msgs/share/vesc_msgs/cmake/rosidl_cmake_export_typesupport_libraries-extras.cmake
[7.257s] -- Up-to-date: /home/vboxuser/ros2_ws/install/vesc_msgs/share/vesc_msgs/cmake/vesc_msgsConfig.cmake
[7.258s] -- Up-to-date: /home/vboxuser/ros2_ws/install/vesc_msgs/share/vesc_msgs/cmake/vesc_msgsConfig-version.cmake
[7.259s] -- Up-to-date: /home/vboxuser/ros2_ws/install/vesc_msgs/share/vesc_msgs/package.xml
[7.415s] Invoked command in '/home/vboxuser/ros2_ws/build/vesc_msgs' returned '0': CMAKE_PREFIX_PATH=${CMAKE_PREFIX_PATH}:/home/vboxuser/ros2_ws/install/read_rosbag:/home/vboxuser/ros2_ws/install/py_pubsub:/home/vboxuser/ros2_ws/install/launch_testing_examples:/home/vboxuser/ros2_ws/install/examples_rclpy_pointcloud_publisher:/home/vboxuser/ros2_ws/install/examples_rclpy_minimal_subscriber:/home/vboxuser/ros2_ws/install/examples_rclpy_minimal_service:/home/vboxuser/ros2_ws/install/examples_rclpy_minimal_publisher:/home/vboxuser/ros2_ws/install/examples_rclpy_minimal_client:/home/vboxuser/ros2_ws/install/examples_rclpy_minimal_action_server:/home/vboxuser/ros2_ws/install/examples_rclpy_minimal_action_client:/home/vboxuser/ros2_ws/install/examples_rclpy_guard_conditions:/home/vboxuser/ros2_ws/install/examples_rclpy_executors:/home/vboxuser/ros2_ws/install/bms_visualizer:/opt/ros/iron:/home/vboxuser/ros2_iron/install/rqt_bag_plugins:/home/vboxuser/ros2_iron/install/rqt_bag:/home/vboxuser/ros2_iron/install/rosbag2_examples_py:/home/vboxuser/ros2_iron/install/launch_testing_examples:/home/vboxuser/ros2_iron/install/ros2bag:/home/vboxuser/ros2_iron/install/tracetools_test:/home/vboxuser/ros2_iron/install/tracetools_launch:/home/vboxuser/ros2_iron/install/topic_monitor:/home/vboxuser/ros2_iron/install/tf2_tools:/home/vboxuser/ros2_iron/install/examples_tf2_py:/home/vboxuser/ros2_iron/install/tf2_ros_py:/home/vboxuser/ros2_iron/install/examples_rclpy_pointcloud_publisher:/home/vboxuser/ros2_iron/install/sensor_msgs_py:/home/vboxuser/ros2_iron/install/quality_of_service_demo_py:/home/vboxuser/ros2_iron/install/rqt_plot:/home/vboxuser/ros2_iron/install/ros2doctor:/home/vboxuser/ros2_iron/install/lifecycle_py:/home/vboxuser/ros2_iron/install/examples_rclpy_minimal_subscriber:/home/vboxuser/ros2_iron/install/examples_rclpy_minimal_service:/home/vboxuser/ros2_iron/install/examples_rclpy_minimal_publisher:/home/vboxuser/ros2_iron/install/examples_rclpy_minimal_client:/home/vboxuser/ros2_iron/install/examples_rclpy_executors:/home/vboxuser/ros2_iron/install/demo_nodes_py:/home/vboxuser/ros2_iron/install/rqt:/home/vboxuser/ros2_iron/install/ros2component:/home/vboxuser/ros2_iron/install/sros2:/home/vboxuser/ros2_iron/install/rqt_topic:/home/vboxuser/ros2_iron/install/rqt_srv:/home/vboxuser/ros2_iron/install/rqt_shell:/home/vboxuser/ros2_iron/install/rqt_service_caller:/home/vboxuser/ros2_iron/install/rqt_reconfigure:/home/vboxuser/ros2_iron/install/rqt_py_console:/home/vboxuser/ros2_iron/install/rqt_publisher:/home/vboxuser/ros2_iron/install/rqt_action:/home/vboxuser/ros2_iron/install/rqt_msg:/home/vboxuser/ros2_iron/install/rqt_console:/home/vboxuser/ros2_iron/install/rqt_graph:/home/vboxuser/ros2_iron/install/rqt_gui_py:/home/vboxuser/ros2_iron/install/rqt_gui:/home/vboxuser/ros2_iron/install/ros2trace:/home/vboxuser/ros2_iron/install/ros2topic:/home/vboxuser/ros2_iron/install/ros2test:/home/vboxuser/ros2_iron/install/ros2param:/home/vboxuser/ros2_iron/install/ros2lifecycle:/home/vboxuser/ros2_iron/install/ros2service:/home/vboxuser/ros2_iron/install/ros2run:/home/vboxuser/ros2_iron/install/ros2launch:/home/vboxuser/ros2_iron/install/ros2pkg:/home/vboxuser/ros2_iron/install/ros2node:/home/vboxuser/ros2_iron/install/ros2multicast:/home/vboxuser/ros2_iron/install/ros2interface:/home/vboxuser/ros2_iron/install/ros2action:/home/vboxuser/ros2_iron/install/ros2cli:/home/vboxuser/ros2_iron/install/launch_testing_ros:/home/vboxuser/ros2_iron/install/launch_ros:/home/vboxuser/ros2_iron/install/examples_rclpy_minimal_action_server:/home/vboxuser/ros2_iron/install/examples_rclpy_minimal_action_client:/home/vboxuser/ros2_iron/install/examples_rclpy_guard_conditions:/home/vboxuser/ros2_iron/install/action_tutorials_py:/home/vboxuser/ros2_iron/install/ament_uncrustify:/home/vboxuser/ros2_iron/install/tracetools_trace:/home/vboxuser/ros2_iron/install/tracetools_read:/home/vboxuser/ros2_iron/install/test_tracetools_launch:/home/vboxuser/ros2_iron/install/test_ros2trace:/home/vboxuser/ros2_iron/install/test_launch_ros:/home/vboxuser/ros2_iron/install/rpyutils:/home/vboxuser/ros2_iron/install/rosidl_runtime_py:/home/vboxuser/ros2_iron/install/rosidl_pycommon:/home/vboxuser/ros2_iron/install/rosidl_cli:/home/vboxuser/ros2_iron/install/launch_pytest:/home/vboxuser/ros2_iron/install/launch_testing:/home/vboxuser/ros2_iron/install/launch_yaml:/home/vboxuser/ros2_iron/install/launch_xml:/home/vboxuser/ros2_iron/install/launch:/home/vboxuser/ros2_iron/install/osrf_pycommon:/home/vboxuser/ros2_iron/install/domain_coordinator:/home/vboxuser/ros2_iron/install/ament_xmllint:/home/vboxuser/ros2_iron/install/ament_pyflakes:/home/vboxuser/ros2_iron/install/ament_pycodestyle:/home/vboxuser/ros2_iron/install/ament_pep257:/home/vboxuser/ros2_iron/install/ament_pclint:/home/vboxuser/ros2_iron/install/ament_package:/home/vboxuser/ros2_iron/install/ament_mypy:/home/vboxuser/ros2_iron/install/ament_lint_cmake:/home/vboxuser/ros2_iron/install/ament_flake8:/home/vboxuser/ros2_iron/install/ament_copyright:/home/vboxuser/ros2_iron/install/ament_lint:/home/vboxuser/ros2_iron/install/ament_index_python:/home/vboxuser/ros2_iron/install/ament_cpplint:/home/vboxuser/ros2_iron/install/ament_cppcheck:/home/vboxuser/ros2_iron/install/ament_clang_tidy:/home/vboxuser/ros2_iron/install/ament_clang_format /usr/bin/cmake --install /home/vboxuser/ros2_ws/build/vesc_msgs
