running egg_info
creating ../../../../build/bms_visualizer/bms_visualizer.egg-info
writing ../../../../build/bms_visualizer/bms_visualizer.egg-info/PKG-INFO
writing dependency_links to ../../../../build/bms_visualizer/bms_visualizer.egg-info/dependency_links.txt
writing entry points to ../../../../build/bms_visualizer/bms_visualizer.egg-info/entry_points.txt
writing requirements to ../../../../build/bms_visualizer/bms_visualizer.egg-info/requires.txt
writing top-level names to ../../../../build/bms_visualizer/bms_visualizer.egg-info/top_level.txt
writing manifest file '../../../../build/bms_visualizer/bms_visualizer.egg-info/SOURCES.txt'
reading manifest file '../../../../build/bms_visualizer/bms_visualizer.egg-info/SOURCES.txt'
writing manifest file '../../../../build/bms_visualizer/bms_visualizer.egg-info/SOURCES.txt'
running build
running build_py
creating /home/vboxuser/ros2_ws/build/bms_visualizer/build
creating /home/vboxuser/ros2_ws/build/bms_visualizer/build/lib
creating /home/vboxuser/ros2_ws/build/bms_visualizer/build/lib/bms_visualizer
copying bms_visualizer/bms_visualizer_node.py -> /home/vboxuser/ros2_ws/build/bms_visualizer/build/lib/bms_visualizer
copying bms_visualizer/__init__.py -> /home/vboxuser/ros2_ws/build/bms_visualizer/build/lib/bms_visualizer
copying bms_visualizer/bms_window.py -> /home/vboxuser/ros2_ws/build/bms_visualizer/build/lib/bms_visualizer
running install
running install_lib
creating /home/vboxuser/ros2_ws/install/bms_visualizer/lib/python3.10/site-packages/bms_visualizer
copying /home/vboxuser/ros2_ws/build/bms_visualizer/build/lib/bms_visualizer/bms_visualizer_node.py -> /home/vboxuser/ros2_ws/install/bms_visualizer/lib/python3.10/site-packages/bms_visualizer
copying /home/vboxuser/ros2_ws/build/bms_visualizer/build/lib/bms_visualizer/__init__.py -> /home/vboxuser/ros2_ws/install/bms_visualizer/lib/python3.10/site-packages/bms_visualizer
copying /home/vboxuser/ros2_ws/build/bms_visualizer/build/lib/bms_visualizer/bms_window.py -> /home/vboxuser/ros2_ws/install/bms_visualizer/lib/python3.10/site-packages/bms_visualizer
byte-compiling /home/vboxuser/ros2_ws/install/bms_visualizer/lib/python3.10/site-packages/bms_visualizer/bms_visualizer_node.py to bms_visualizer_node.cpython-310.pyc
byte-compiling /home/vboxuser/ros2_ws/install/bms_visualizer/lib/python3.10/site-packages/bms_visualizer/__init__.py to __init__.cpython-310.pyc
byte-compiling /home/vboxuser/ros2_ws/install/bms_visualizer/lib/python3.10/site-packages/bms_visualizer/bms_window.py to bms_window.cpython-310.pyc
running install_data
creating /home/vboxuser/ros2_ws/install/bms_visualizer/share/ament_index
creating /home/vboxuser/ros2_ws/install/bms_visualizer/share/ament_index/resource_index
creating /home/vboxuser/ros2_ws/install/bms_visualizer/share/ament_index/resource_index/packages
copying resource/bms_visualizer -> /home/vboxuser/ros2_ws/install/bms_visualizer/share/ament_index/resource_index/packages
copying package.xml -> /home/vboxuser/ros2_ws/install/bms_visualizer/share/bms_visualizer
running install_egg_info
Copying ../../../../build/bms_visualizer/bms_visualizer.egg-info to /home/vboxuser/ros2_ws/install/bms_visualizer/lib/python3.10/site-packages/bms_visualizer-0.0.0-py3.10.egg-info
running install_scripts
Installing bms_visualizer_node script to /home/vboxuser/ros2_ws/install/bms_visualizer/lib/bms_visualizer
writing list of installed files to '/home/vboxuser/ros2_ws/build/bms_visualizer/install.log'
