[3.716s] Invoking command in '/home/vboxuser/ros2_ws/src/BMS_BQ769X2/src/bms_visualizer': PYTHONPATH=/home/vboxuser/ros2_ws/build/bms_visualizer/prefix_override:/usr/lib/python3/dist-packages/colcon_core/task/python/colcon_distutils_commands:/home/vboxuser/ros2_ws/install/bms_visualizer/lib/python3.10/site-packages:${PYTHONPATH} /usr/bin/python3 -W ignore:setup.py install is deprecated -W ignore:easy_install command is deprecated setup.py egg_info --egg-base ../../../../build/bms_visualizer build --build-base /home/vboxuser/ros2_ws/build/bms_visualizer/build install --record /home/vboxuser/ros2_ws/build/bms_visualizer/install.log --single-version-externally-managed install_data
[4.482s] running egg_info
[4.482s] creating ../../../../build/bms_visualizer/bms_visualizer.egg-info
[4.482s] writing ../../../../build/bms_visualizer/bms_visualizer.egg-info/PKG-INFO
[4.482s] writing dependency_links to ../../../../build/bms_visualizer/bms_visualizer.egg-info/dependency_links.txt
[4.483s] writing entry points to ../../../../build/bms_visualizer/bms_visualizer.egg-info/entry_points.txt
[4.483s] writing requirements to ../../../../build/bms_visualizer/bms_visualizer.egg-info/requires.txt
[4.483s] writing top-level names to ../../../../build/bms_visualizer/bms_visualizer.egg-info/top_level.txt
[4.483s] writing manifest file '../../../../build/bms_visualizer/bms_visualizer.egg-info/SOURCES.txt'
[4.483s] reading manifest file '../../../../build/bms_visualizer/bms_visualizer.egg-info/SOURCES.txt'
[4.487s] writing manifest file '../../../../build/bms_visualizer/bms_visualizer.egg-info/SOURCES.txt'
[4.500s] running build
[4.506s] running build_py
[4.506s] creating /home/vboxuser/ros2_ws/build/bms_visualizer/build
[4.506s] creating /home/vboxuser/ros2_ws/build/bms_visualizer/build/lib
[4.506s] creating /home/vboxuser/ros2_ws/build/bms_visualizer/build/lib/bms_visualizer
[4.506s] copying bms_visualizer/bms_visualizer_node.py -> /home/vboxuser/ros2_ws/build/bms_visualizer/build/lib/bms_visualizer
[4.506s] copying bms_visualizer/__init__.py -> /home/vboxuser/ros2_ws/build/bms_visualizer/build/lib/bms_visualizer
[4.507s] copying bms_visualizer/bms_window.py -> /home/vboxuser/ros2_ws/build/bms_visualizer/build/lib/bms_visualizer
[4.507s] running install
[4.507s] running install_lib
[4.507s] creating /home/vboxuser/ros2_ws/install/bms_visualizer/lib/python3.10/site-packages/bms_visualizer
[4.508s] copying /home/vboxuser/ros2_ws/build/bms_visualizer/build/lib/bms_visualizer/bms_visualizer_node.py -> /home/vboxuser/ros2_ws/install/bms_visualizer/lib/python3.10/site-packages/bms_visualizer
[4.508s] copying /home/vboxuser/ros2_ws/build/bms_visualizer/build/lib/bms_visualizer/__init__.py -> /home/vboxuser/ros2_ws/install/bms_visualizer/lib/python3.10/site-packages/bms_visualizer
[4.508s] copying /home/vboxuser/ros2_ws/build/bms_visualizer/build/lib/bms_visualizer/bms_window.py -> /home/vboxuser/ros2_ws/install/bms_visualizer/lib/python3.10/site-packages/bms_visualizer
[4.508s] byte-compiling /home/vboxuser/ros2_ws/install/bms_visualizer/lib/python3.10/site-packages/bms_visualizer/bms_visualizer_node.py to bms_visualizer_node.cpython-310.pyc
[4.508s] byte-compiling /home/vboxuser/ros2_ws/install/bms_visualizer/lib/python3.10/site-packages/bms_visualizer/__init__.py to __init__.cpython-310.pyc
[4.508s] byte-compiling /home/vboxuser/ros2_ws/install/bms_visualizer/lib/python3.10/site-packages/bms_visualizer/bms_window.py to bms_window.cpython-310.pyc
[4.509s] running install_data
[4.509s] creating /home/vboxuser/ros2_ws/install/bms_visualizer/share/ament_index
[4.509s] creating /home/vboxuser/ros2_ws/install/bms_visualizer/share/ament_index/resource_index
[4.509s] creating /home/vboxuser/ros2_ws/install/bms_visualizer/share/ament_index/resource_index/packages
[4.509s] copying resource/bms_visualizer -> /home/vboxuser/ros2_ws/install/bms_visualizer/share/ament_index/resource_index/packages
[4.509s] copying package.xml -> /home/vboxuser/ros2_ws/install/bms_visualizer/share/bms_visualizer
[4.509s] running install_egg_info
[4.510s] Copying ../../../../build/bms_visualizer/bms_visualizer.egg-info to /home/vboxuser/ros2_ws/install/bms_visualizer/lib/python3.10/site-packages/bms_visualizer-0.0.0-py3.10.egg-info
[4.510s] running install_scripts
[4.571s] Installing bms_visualizer_node script to /home/vboxuser/ros2_ws/install/bms_visualizer/lib/bms_visualizer
[4.576s] writing list of installed files to '/home/vboxuser/ros2_ws/build/bms_visualizer/install.log'
[4.626s] Invoked command in '/home/vboxuser/ros2_ws/src/BMS_BQ769X2/src/bms_visualizer' returned '0': PYTHONPATH=/home/vboxuser/ros2_ws/build/bms_visualizer/prefix_override:/usr/lib/python3/dist-packages/colcon_core/task/python/colcon_distutils_commands:/home/vboxuser/ros2_ws/install/bms_visualizer/lib/python3.10/site-packages:${PYTHONPATH} /usr/bin/python3 -W ignore:setup.py install is deprecated -W ignore:easy_install command is deprecated setup.py egg_info --egg-base ../../../../build/bms_visualizer build --build-base /home/vboxuser/ros2_ws/build/bms_visualizer/build install --record /home/vboxuser/ros2_ws/build/bms_visualizer/install.log --single-version-externally-managed install_data
