[0.125s] Invoking command in '/home/vboxuser/ros2_ws/build/io_context': AMENT_PREFIX_PATH=/home/vboxuser/ros2_ws/install/asio_cmake_module:${AMENT_PREFIX_PATH} CMAKE_PREFIX_PATH=/home/vboxuser/ros2_ws/install/asio_cmake_module:/opt/ros/iron /usr/bin/cmake --build /home/vboxuser/ros2_ws/build/io_context -- -j4 -l4
[0.426s] [ 33%] Built target io_context
[0.426s] [ 55%] Built target gtest_main
[0.437s] [ 77%] Built target gtest
[0.594s] [100%] Built target test_io_context
[0.670s] Invoked command in '/home/vboxuser/ros2_ws/build/io_context' returned '0': AMENT_PREFIX_PATH=/home/vboxuser/ros2_ws/install/asio_cmake_module:${AMENT_PREFIX_PATH} CMAKE_PREFIX_PATH=/home/vboxuser/ros2_ws/install/asio_cmake_module:/opt/ros/iron /usr/bin/cmake --build /home/vboxuser/ros2_ws/build/io_context -- -j4 -l4
[0.726s] Invoking command in '/home/vboxuser/ros2_ws/build/io_context': AMENT_PREFIX_PATH=/home/vboxuser/ros2_ws/install/asio_cmake_module:${AMENT_PREFIX_PATH} CMAKE_PREFIX_PATH=/home/vboxuser/ros2_ws/install/asio_cmake_module:/opt/ros/iron /usr/bin/cmake --install /home/vboxuser/ros2_ws/build/io_context
[0.755s] -- Install configuration: ""
[0.759s] -- Up-to-date: /home/vboxuser/ros2_ws/install/io_context/include
[0.762s] -- Up-to-date: /home/vboxuser/ros2_ws/install/io_context/include/io_context
[0.763s] -- Up-to-date: /home/vboxuser/ros2_ws/install/io_context/include/io_context/common.hpp
[0.763s] -- Up-to-date: /home/vboxuser/ros2_ws/install/io_context/include/io_context/io_context.hpp
[0.763s] -- Up-to-date: /home/vboxuser/ros2_ws/install/io_context/include/msg_converters
[0.766s] -- Up-to-date: /home/vboxuser/ros2_ws/install/io_context/include/msg_converters/converters.hpp
[0.770s] -- Up-to-date: /home/vboxuser/ros2_ws/install/io_context/include/msg_converters/udp_msgs.hpp
[0.771s] -- Up-to-date: /home/vboxuser/ros2_ws/install/io_context/include/msg_converters/std_msgs.hpp
[0.772s] -- Up-to-date: /home/vboxuser/ros2_ws/install/io_context/share/io_context/environment/library_path.sh
[0.772s] -- Up-to-date: /home/vboxuser/ros2_ws/install/io_context/share/io_context/environment/library_path.dsv
[0.794s] -- Up-to-date: /home/vboxuser/ros2_ws/install/io_context/lib/libio_context.so
[0.795s] -- Up-to-date: /home/vboxuser/ros2_ws/install/io_context/share/ament_index/resource_index/package_run_dependencies/io_context
[0.804s] -- Up-to-date: /home/vboxuser/ros2_ws/install/io_context/share/ament_index/resource_index/parent_prefix_path/io_context
[0.816s] -- Up-to-date: /home/vboxuser/ros2_ws/install/io_context/share/io_context/environment/ament_prefix_path.dsv
[0.850s] -- Up-to-date: /home/vboxuser/ros2_ws/install/io_context/share/io_context/environment/path.dsv
[0.851s] -- Up-to-date: /home/vboxuser/ros2_ws/install/io_context/share/io_context/local_setup.bash
[0.851s] -- Up-to-date: /home/vboxuser/ros2_ws/install/io_context/share/io_context/local_setup.sh
[0.851s] -- Up-to-date: /home/vboxuser/ros2_ws/install/io_context/share/io_context/local_setup.zsh
[0.851s] -- Up-to-date: /home/vboxuser/ros2_ws/install/io_context/share/io_context/local_setup.dsv
[0.851s] -- Installing: /home/vboxuser/ros2_ws/install/io_context/share/io_context/package.dsv
[0.852s] -- Up-to-date: /home/vboxuser/ros2_ws/install/io_context/share/ament_index/resource_index/packages/io_context
[0.852s] -- Up-to-date: /home/vboxuser/ros2_ws/install/io_context/share/io_context/cmake/ament_cmake_export_dependencies-extras.cmake
[0.856s] -- Up-to-date: /home/vboxuser/ros2_ws/install/io_context/share/io_context/cmake/ament_cmake_export_include_directories-extras.cmake
[0.857s] -- Up-to-date: /home/vboxuser/ros2_ws/install/io_context/share/io_context/cmake/ament_cmake_export_libraries-extras.cmake
[0.857s] -- Up-to-date: /home/vboxuser/ros2_ws/install/io_context/share/io_context/cmake/io_context-extras.cmake
[0.857s] -- Up-to-date: /home/vboxuser/ros2_ws/install/io_context/share/io_context/cmake/io_contextConfig.cmake
[0.857s] -- Up-to-date: /home/vboxuser/ros2_ws/install/io_context/share/io_context/cmake/io_contextConfig-version.cmake
[0.859s] -- Up-to-date: /home/vboxuser/ros2_ws/install/io_context/share/io_context/package.xml
[0.868s] Invoked command in '/home/vboxuser/ros2_ws/build/io_context' returned '0': AMENT_PREFIX_PATH=/home/vboxuser/ros2_ws/install/asio_cmake_module:${AMENT_PREFIX_PATH} CMAKE_PREFIX_PATH=/home/vboxuser/ros2_ws/install/asio_cmake_module:/opt/ros/iron /usr/bin/cmake --install /home/vboxuser/ros2_ws/build/io_context
