[4.863s] Invoking command in '/home/vboxuser/ros2_ws/src/read_rosbag': PYTHONPATH=/home/vboxuser/ros2_ws/build/read_rosbag/prefix_override:/usr/lib/python3/dist-packages/colcon_core/task/python/colcon_distutils_commands:/home/vboxuser/ros2_ws/install/read_rosbag/lib/python3.10/site-packages:${PYTHONPATH} /usr/bin/python3 -W ignore:setup.py install is deprecated -W ignore:easy_install command is deprecated setup.py egg_info --egg-base ../../build/read_rosbag build --build-base /home/vboxuser/ros2_ws/build/read_rosbag/build install --record /home/vboxuser/ros2_ws/build/read_rosbag/install.log --single-version-externally-managed install_data
[7.630s] running egg_info
[7.642s] writing ../../build/read_rosbag/read_rosbag.egg-info/PKG-INFO
[7.642s] writing dependency_links to ../../build/read_rosbag/read_rosbag.egg-info/dependency_links.txt
[7.643s] writing entry points to ../../build/read_rosbag/read_rosbag.egg-info/entry_points.txt
[7.646s] writing requirements to ../../build/read_rosbag/read_rosbag.egg-info/requires.txt
[7.646s] writing top-level names to ../../build/read_rosbag/read_rosbag.egg-info/top_level.txt
[7.655s] reading manifest file '../../build/read_rosbag/read_rosbag.egg-info/SOURCES.txt'
[7.656s] adding license file 'LICENSE'
[7.666s] writing manifest file '../../build/read_rosbag/read_rosbag.egg-info/SOURCES.txt'
[7.666s] running build
[7.666s] running build_py
[7.666s] running install
[7.672s] running install_lib
[7.698s] running install_data
[7.702s] running install_egg_info
[7.716s] removing '/home/vboxuser/ros2_ws/install/read_rosbag/lib/python3.10/site-packages/read_rosbag-0.0.0-py3.10.egg-info' (and everything under it)
[7.721s] Copying ../../build/read_rosbag/read_rosbag.egg-info to /home/vboxuser/ros2_ws/install/read_rosbag/lib/python3.10/site-packages/read_rosbag-0.0.0-py3.10.egg-info
[7.730s] running install_scripts
[7.923s] Installing load_rosbag script to /home/vboxuser/ros2_ws/install/read_rosbag/lib/read_rosbag
[7.924s] writing list of installed files to '/home/vboxuser/ros2_ws/build/read_rosbag/install.log'
[8.059s] Invoked command in '/home/vboxuser/ros2_ws/src/read_rosbag' returned '0': PYTHONPATH=/home/vboxuser/ros2_ws/build/read_rosbag/prefix_override:/usr/lib/python3/dist-packages/colcon_core/task/python/colcon_distutils_commands:/home/vboxuser/ros2_ws/install/read_rosbag/lib/python3.10/site-packages:${PYTHONPATH} /usr/bin/python3 -W ignore:setup.py install is deprecated -W ignore:easy_install command is deprecated setup.py egg_info --egg-base ../../build/read_rosbag build --build-base /home/vboxuser/ros2_ws/build/read_rosbag/build install --record /home/vboxuser/ros2_ws/build/read_rosbag/install.log --single-version-externally-managed install_data
