[4.890s] Invoking command in '/home/vboxuser/ros2_ws/src/read_rosbag': PYTHONPATH=/home/vboxuser/ros2_ws/build/read_rosbag/prefix_override:/usr/lib/python3/dist-packages/colcon_core/task/python/colcon_distutils_commands:/home/vboxuser/ros2_ws/install/read_rosbag/lib/python3.10/site-packages:${PYTHONPATH} /usr/bin/python3 -W ignore:setup.py install is deprecated -W ignore:easy_install command is deprecated setup.py egg_info --egg-base ../../build/read_rosbag build --build-base /home/vboxuser/ros2_ws/build/read_rosbag/build install --record /home/vboxuser/ros2_ws/build/read_rosbag/install.log --single-version-externally-managed install_data
[6.395s] running egg_info
[6.399s] writing ../../build/read_rosbag/read_rosbag.egg-info/PKG-INFO
[6.405s] writing dependency_links to ../../build/read_rosbag/read_rosbag.egg-info/dependency_links.txt
[6.405s] writing entry points to ../../build/read_rosbag/read_rosbag.egg-info/entry_points.txt
[6.405s] writing requirements to ../../build/read_rosbag/read_rosbag.egg-info/requires.txt
[6.406s] writing top-level names to ../../build/read_rosbag/read_rosbag.egg-info/top_level.txt
[6.414s] reading manifest file '../../build/read_rosbag/read_rosbag.egg-info/SOURCES.txt'
[6.424s] adding license file 'LICENSE'
[6.424s] writing manifest file '../../build/read_rosbag/read_rosbag.egg-info/SOURCES.txt'
[6.424s] running build
[6.425s] running build_py
[6.434s] running install
[6.434s] running install_lib
[6.438s] running install_data
[6.439s] running install_egg_info
[6.448s] removing '/home/vboxuser/ros2_ws/install/read_rosbag/lib/python3.10/site-packages/read_rosbag-0.0.0-py3.10.egg-info' (and everything under it)
[6.455s] Copying ../../build/read_rosbag/read_rosbag.egg-info to /home/vboxuser/ros2_ws/install/read_rosbag/lib/python3.10/site-packages/read_rosbag-0.0.0-py3.10.egg-info
[6.491s] running install_scripts
[6.720s] Installing load_rosbag script to /home/vboxuser/ros2_ws/install/read_rosbag/lib/read_rosbag
[6.724s] writing list of installed files to '/home/vboxuser/ros2_ws/build/read_rosbag/install.log'
[6.958s] Invoked command in '/home/vboxuser/ros2_ws/src/read_rosbag' returned '0': PYTHONPATH=/home/vboxuser/ros2_ws/build/read_rosbag/prefix_override:/usr/lib/python3/dist-packages/colcon_core/task/python/colcon_distutils_commands:/home/vboxuser/ros2_ws/install/read_rosbag/lib/python3.10/site-packages:${PYTHONPATH} /usr/bin/python3 -W ignore:setup.py install is deprecated -W ignore:easy_install command is deprecated setup.py egg_info --egg-base ../../build/read_rosbag build --build-base /home/vboxuser/ros2_ws/build/read_rosbag/build install --record /home/vboxuser/ros2_ws/build/read_rosbag/install.log --single-version-externally-managed install_data
