[0.198s] Invoking command in '/home/vboxuser/ros2_ws/build/udp_driver': AMENT_PREFIX_PATH=/home/vboxuser/ros2_ws/install/io_context:/home/vboxuser/ros2_ws/install/asio_cmake_module CMAKE_PREFIX_PATH=/home/vboxuser/ros2_ws/install/io_context:/home/vboxuser/ros2_ws/install/asio_cmake_module LD_LIBRARY_PATH=/home/vboxuser/ros2_ws/install/io_context/lib /usr/bin/cmake --build /home/vboxuser/ros2_ws/build/udp_driver -- -j4 -l4
[0.773s] [ 12%] Built target udp_driver
[0.961s] [ 20%] Built target gtest_main
[1.123s] [ 29%] Built target gtest
[1.380s] [ 41%] Built target udp_driver_nodes
[1.614s] [ 50%] Built target udp_sender_node_exe
[1.983s] [ 58%] Built target test_udp_socket
[2.347s] [ 66%] Built target test_udp_data
[2.702s] [ 75%] Built target test_udp_driver
[2.921s] [ 83%] Built target test_udp_driver_nodes
[3.227s] [ 91%] Built target udp_bridge_node_exe
[3.413s] [100%] Built target udp_receiver_node_exe
[3.467s] Invoked command in '/home/vboxuser/ros2_ws/build/udp_driver' returned '0': AMENT_PREFIX_PATH=/home/vboxuser/ros2_ws/install/io_context:/home/vboxuser/ros2_ws/install/asio_cmake_module CMAKE_PREFIX_PATH=/home/vboxuser/ros2_ws/install/io_context:/home/vboxuser/ros2_ws/install/asio_cmake_module LD_LIBRARY_PATH=/home/vboxuser/ros2_ws/install/io_context/lib /usr/bin/cmake --build /home/vboxuser/ros2_ws/build/udp_driver -- -j4 -l4
[3.482s] Invoking command in '/home/vboxuser/ros2_ws/build/udp_driver': AMENT_PREFIX_PATH=/home/vboxuser/ros2_ws/install/io_context:/home/vboxuser/ros2_ws/install/asio_cmake_module CMAKE_PREFIX_PATH=/home/vboxuser/ros2_ws/install/io_context:/home/vboxuser/ros2_ws/install/asio_cmake_module LD_LIBRARY_PATH=/home/vboxuser/ros2_ws/install/io_context/lib /usr/bin/cmake --install /home/vboxuser/ros2_ws/build/udp_driver
[3.507s] -- Install configuration: ""
[3.507s] -- Up-to-date: /home/vboxuser/ros2_ws/install/udp_driver/lib/udp_driver/udp_receiver_node_exe
[3.508s] -- Up-to-date: /home/vboxuser/ros2_ws/install/udp_driver/lib/udp_driver/udp_sender_node_exe
[3.518s] -- Up-to-date: /home/vboxuser/ros2_ws/install/udp_driver/include
[3.518s] -- Up-to-date: /home/vboxuser/ros2_ws/install/udp_driver/include/udp_driver
[3.518s] -- Up-to-date: /home/vboxuser/ros2_ws/install/udp_driver/include/udp_driver/udp_socket.hpp
[3.518s] -- Up-to-date: /home/vboxuser/ros2_ws/install/udp_driver/include/udp_driver/udp_driver.hpp
[3.518s] -- Up-to-date: /home/vboxuser/ros2_ws/install/udp_driver/include/udp_driver/udp_receiver_node.hpp
[3.519s] -- Up-to-date: /home/vboxuser/ros2_ws/install/udp_driver/include/udp_driver/visibility_control.hpp
[3.519s] -- Up-to-date: /home/vboxuser/ros2_ws/install/udp_driver/include/udp_driver/udp_sender_node.hpp
[3.519s] -- Up-to-date: /home/vboxuser/ros2_ws/install/udp_driver/share/udp_driver/environment/library_path.sh
[3.519s] -- Up-to-date: /home/vboxuser/ros2_ws/install/udp_driver/share/udp_driver/environment/library_path.dsv
[3.526s] -- Up-to-date: /home/vboxuser/ros2_ws/install/udp_driver/lib/libudp_driver.so
[3.527s] -- Up-to-date: /home/vboxuser/ros2_ws/install/udp_driver/lib/libudp_driver_nodes.so
[3.527s] -- Up-to-date: /home/vboxuser/ros2_ws/install/udp_driver/lib/udp_driver/udp_bridge_node_exe
[3.527s] -- Up-to-date: /home/vboxuser/ros2_ws/install/udp_driver/share/ament_index/resource_index/package_run_dependencies/udp_driver
[3.527s] -- Up-to-date: /home/vboxuser/ros2_ws/install/udp_driver/share/ament_index/resource_index/parent_prefix_path/udp_driver
[3.527s] -- Up-to-date: /home/vboxuser/ros2_ws/install/udp_driver/share/udp_driver/environment/ament_prefix_path.dsv
[3.527s] -- Up-to-date: /home/vboxuser/ros2_ws/install/udp_driver/share/udp_driver/environment/path.dsv
[3.528s] -- Up-to-date: /home/vboxuser/ros2_ws/install/udp_driver/share/udp_driver/local_setup.bash
[3.528s] -- Up-to-date: /home/vboxuser/ros2_ws/install/udp_driver/share/udp_driver/local_setup.sh
[3.528s] -- Up-to-date: /home/vboxuser/ros2_ws/install/udp_driver/share/udp_driver/local_setup.zsh
[3.535s] -- Up-to-date: /home/vboxuser/ros2_ws/install/udp_driver/share/udp_driver/local_setup.dsv
[3.535s] -- Installing: /home/vboxuser/ros2_ws/install/udp_driver/share/udp_driver/package.dsv
[3.536s] -- Up-to-date: /home/vboxuser/ros2_ws/install/udp_driver/share/ament_index/resource_index/packages/udp_driver
[3.536s] -- Up-to-date: /home/vboxuser/ros2_ws/install/udp_driver/share/ament_index/resource_index/rclcpp_components/udp_driver
[3.536s] -- Up-to-date: /home/vboxuser/ros2_ws/install/udp_driver/share/udp_driver/cmake/ament_cmake_export_dependencies-extras.cmake
[3.536s] -- Up-to-date: /home/vboxuser/ros2_ws/install/udp_driver/share/udp_driver/cmake/ament_cmake_export_include_directories-extras.cmake
[3.538s] -- Up-to-date: /home/vboxuser/ros2_ws/install/udp_driver/share/udp_driver/cmake/ament_cmake_export_libraries-extras.cmake
[3.555s] -- Up-to-date: /home/vboxuser/ros2_ws/install/udp_driver/share/udp_driver/cmake/udp_driver-extras.cmake
[3.555s] -- Up-to-date: /home/vboxuser/ros2_ws/install/udp_driver/share/udp_driver/cmake/udp_driverConfig.cmake
[3.556s] -- Up-to-date: /home/vboxuser/ros2_ws/install/udp_driver/share/udp_driver/cmake/udp_driverConfig-version.cmake
[3.557s] -- Up-to-date: /home/vboxuser/ros2_ws/install/udp_driver/share/udp_driver/package.xml
[3.558s] Invoked command in '/home/vboxuser/ros2_ws/build/udp_driver' returned '0': AMENT_PREFIX_PATH=/home/vboxuser/ros2_ws/install/io_context:/home/vboxuser/ros2_ws/install/asio_cmake_module CMAKE_PREFIX_PATH=/home/vboxuser/ros2_ws/install/io_context:/home/vboxuser/ros2_ws/install/asio_cmake_module LD_LIBRARY_PATH=/home/vboxuser/ros2_ws/install/io_context/lib /usr/bin/cmake --install /home/vboxuser/ros2_ws/build/udp_driver
