[0.235s] Invoking command in '/home/vboxuser/ros2_ws/build/asio_cmake_module': /usr/bin/cmake --build /home/vboxuser/ros2_ws/build/asio_cmake_module -- -j4 -l4
[2.155s] Invoked command in '/home/vboxuser/ros2_ws/build/asio_cmake_module' returned '0': /usr/bin/cmake --build /home/vboxuser/ros2_ws/build/asio_cmake_module -- -j4 -l4
[2.196s] Invoking command in '/home/vboxuser/ros2_ws/build/asio_cmake_module': /usr/bin/cmake --install /home/vboxuser/ros2_ws/build/asio_cmake_module
[2.216s] -- Install configuration: ""
[2.226s] -- Up-to-date: /home/vboxuser/ros2_ws/install/asio_cmake_module/share/ament_index/resource_index/package_run_dependencies/asio_cmake_module
[2.226s] -- Up-to-date: /home/vboxuser/ros2_ws/install/asio_cmake_module/share/ament_index/resource_index/parent_prefix_path/asio_cmake_module
[2.226s] -- Up-to-date: /home/vboxuser/ros2_ws/install/asio_cmake_module/share/asio_cmake_module/environment/ament_prefix_path.dsv
[2.226s] -- Up-to-date: /home/vboxuser/ros2_ws/install/asio_cmake_module/share/asio_cmake_module/environment/path.dsv
[2.226s] -- Up-to-date: /home/vboxuser/ros2_ws/install/asio_cmake_module/share/asio_cmake_module/local_setup.bash
[2.226s] -- Up-to-date: /home/vboxuser/ros2_ws/install/asio_cmake_module/share/asio_cmake_module/local_setup.sh
[2.226s] -- Up-to-date: /home/vboxuser/ros2_ws/install/asio_cmake_module/share/asio_cmake_module/local_setup.zsh
[2.226s] -- Up-to-date: /home/vboxuser/ros2_ws/install/asio_cmake_module/share/asio_cmake_module/local_setup.dsv
[2.226s] -- Installing: /home/vboxuser/ros2_ws/install/asio_cmake_module/share/asio_cmake_module/package.dsv
[2.251s] -- Up-to-date: /home/vboxuser/ros2_ws/install/asio_cmake_module/share/ament_index/resource_index/packages/asio_cmake_module
[2.251s] -- Up-to-date: /home/vboxuser/ros2_ws/install/asio_cmake_module/share/asio_cmake_module/cmake/asio_cmake_module-extras.cmake
[2.251s] -- Up-to-date: /home/vboxuser/ros2_ws/install/asio_cmake_module/share/asio_cmake_module/cmake/asio_cmake_moduleConfig.cmake
[2.251s] -- Up-to-date: /home/vboxuser/ros2_ws/install/asio_cmake_module/share/asio_cmake_module/cmake/asio_cmake_moduleConfig-version.cmake
[2.251s] -- Up-to-date: /home/vboxuser/ros2_ws/install/asio_cmake_module/share/asio_cmake_module/package.xml
[2.251s] -- Up-to-date: /home/vboxuser/ros2_ws/install/asio_cmake_module/share/asio_cmake_module/cmake
[2.251s] -- Up-to-date: /home/vboxuser/ros2_ws/install/asio_cmake_module/share/asio_cmake_module/cmake/Modules
[2.252s] -- Up-to-date: /home/vboxuser/ros2_ws/install/asio_cmake_module/share/asio_cmake_module/cmake/Modules/FindASIO.cmake
[2.257s] Invoked command in '/home/vboxuser/ros2_ws/build/asio_cmake_module' returned '0': /usr/bin/cmake --install /home/vboxuser/ros2_ws/build/asio_cmake_module
